[0.005s] Invoking command in '/home/zhr/YOPO-ROS2/Controller/build/uav_utils': AMENT_PREFIX_PATH=/home/zhr/YOPO-ROS2/Controller/install/cmake_utils:${AMENT_PREFIX_PATH} CMAKE_PREFIX_PATH=/home/zhr/YOPO-ROS2/Controller/install/cmake_utils:/opt/ros/jazzy/opt/gz_math_vendor:/opt/ros/jazzy/opt/gz_utils_vendor:/opt/ros/jazzy/opt/gz_cmake_vendor:/opt/ros/jazzy DEBUGINFOD_URLS=https://debuginfod.ubuntu.com /usr/bin/cmake --build /home/zhr/YOPO-ROS2/Controller/build/uav_utils -- -j32 -l32
[0.018s] -- Found ament_cmake: 2.5.5 (/opt/ros/jazzy/share/ament_cmake/cmake)
[0.143s] -- Found rclcpp: 28.1.16 (/opt/ros/jazzy/share/rclcpp/cmake)
[0.154s] -- Found rosidl_generator_c: 4.6.7 (/opt/ros/jazzy/share/rosidl_generator_c/cmake)
[0.158s] -- Found rosidl_generator_cpp: 4.6.7 (/opt/ros/jazzy/share/rosidl_generator_cpp/cmake)
[0.163s] -- Using all available rosidl_typesupport_c: rosidl_typesupport_fastrtps_c;rosidl_typesupport_introspection_c
[0.172s] -- Using all available rosidl_typesupport_cpp: rosidl_typesupport_fastrtps_cpp;rosidl_typesupport_introspection_cpp
[0.198s] -- Found rmw_implementation_cmake: 7.3.3 (/opt/ros/jazzy/share/rmw_implementation_cmake/cmake)
[0.199s] -- Found rmw_fastrtps_cpp: 8.4.3 (/opt/ros/jazzy/share/rmw_fastrtps_cpp/cmake)
[0.232s] -- Using RMW implementation 'rmw_fastrtps_cpp' as default
[0.265s] -- Found rclpy: 7.1.9 (/opt/ros/jazzy/share/rclpy/cmake)
[0.265s] -- Found cmake_utils: 0.0.0 (/home/zhr/YOPO-ROS2/Controller/install/cmake_utils/share/cmake_utils/cmake)
[0.266s] -- Found geometry_msgs: 5.3.6 (/opt/ros/jazzy/share/geometry_msgs/cmake)
[0.281s] -- Found nav_msgs: 5.3.6 (/opt/ros/jazzy/share/nav_msgs/cmake)
[0.294s] -- Found sensor_msgs: 5.3.6 (/opt/ros/jazzy/share/sensor_msgs/cmake)
[0.352s] -- Configuring done (0.3s)
[0.354s] -- Generating done (0.0s)
[0.356s] -- Build files have been written to: /home/zhr/YOPO-ROS2/Controller/build/uav_utils
[0.370s] Invoked command in '/home/zhr/YOPO-ROS2/Controller/build/uav_utils' returned '0': AMENT_PREFIX_PATH=/home/zhr/YOPO-ROS2/Controller/install/cmake_utils:${AMENT_PREFIX_PATH} CMAKE_PREFIX_PATH=/home/zhr/YOPO-ROS2/Controller/install/cmake_utils:/opt/ros/jazzy/opt/gz_math_vendor:/opt/ros/jazzy/opt/gz_utils_vendor:/opt/ros/jazzy/opt/gz_cmake_vendor:/opt/ros/jazzy DEBUGINFOD_URLS=https://debuginfod.ubuntu.com /usr/bin/cmake --build /home/zhr/YOPO-ROS2/Controller/build/uav_utils -- -j32 -l32
[0.371s] Invoking command in '/home/zhr/YOPO-ROS2/Controller/build/uav_utils': AMENT_PREFIX_PATH=/home/zhr/YOPO-ROS2/Controller/install/cmake_utils:${AMENT_PREFIX_PATH} CMAKE_PREFIX_PATH=/home/zhr/YOPO-ROS2/Controller/install/cmake_utils:/opt/ros/jazzy/opt/gz_math_vendor:/opt/ros/jazzy/opt/gz_utils_vendor:/opt/ros/jazzy/opt/gz_cmake_vendor:/opt/ros/jazzy DEBUGINFOD_URLS=https://debuginfod.ubuntu.com /usr/bin/cmake --install /home/zhr/YOPO-ROS2/Controller/build/uav_utils
[0.374s] -- Install configuration: ""
[0.374s] -- Up-to-date: /home/zhr/YOPO-ROS2/Controller/install/uav_utils/include/uav_utils
[0.374s] -- Up-to-date: /home/zhr/YOPO-ROS2/Controller/install/uav_utils/include/uav_utils/geometry_utils.h
[0.374s] -- Up-to-date: /home/zhr/YOPO-ROS2/Controller/install/uav_utils/include/uav_utils/utils.h
[0.374s] -- Up-to-date: /home/zhr/YOPO-ROS2/Controller/install/uav_utils/include/uav_utils/converters.h
[0.374s] -- Up-to-date: /home/zhr/YOPO-ROS2/Controller/install/uav_utils/share/ament_index/resource_index/package_run_dependencies/uav_utils
[0.374s] -- Up-to-date: /home/zhr/YOPO-ROS2/Controller/install/uav_utils/share/ament_index/resource_index/parent_prefix_path/uav_utils
[0.374s] -- Up-to-date: /home/zhr/YOPO-ROS2/Controller/install/uav_utils/share/uav_utils/environment/ament_prefix_path.sh
[0.374s] -- Up-to-date: /home/zhr/YOPO-ROS2/Controller/install/uav_utils/share/uav_utils/environment/ament_prefix_path.dsv
[0.374s] -- Up-to-date: /home/zhr/YOPO-ROS2/Controller/install/uav_utils/share/uav_utils/environment/path.sh
[0.374s] -- Up-to-date: /home/zhr/YOPO-ROS2/Controller/install/uav_utils/share/uav_utils/environment/path.dsv
[0.374s] -- Up-to-date: /home/zhr/YOPO-ROS2/Controller/install/uav_utils/share/uav_utils/local_setup.bash
[0.375s] -- Installing: /home/zhr/YOPO-ROS2/Controller/install/uav_utils/share/uav_utils/local_setup.sh
[0.375s] -- Up-to-date: /home/zhr/YOPO-ROS2/Controller/install/uav_utils/share/uav_utils/local_setup.zsh
[0.375s] -- Installing: /home/zhr/YOPO-ROS2/Controller/install/uav_utils/share/uav_utils/local_setup.dsv
[0.375s] -- Installing: /home/zhr/YOPO-ROS2/Controller/install/uav_utils/share/uav_utils/package.dsv
[0.375s] -- Up-to-date: /home/zhr/YOPO-ROS2/Controller/install/uav_utils/share/ament_index/resource_index/packages/uav_utils
[0.375s] -- Up-to-date: /home/zhr/YOPO-ROS2/Controller/install/uav_utils/share/uav_utils/cmake/ament_cmake_export_dependencies-extras.cmake
[0.375s] -- Up-to-date: /home/zhr/YOPO-ROS2/Controller/install/uav_utils/share/uav_utils/cmake/ament_cmake_export_include_directories-extras.cmake
[0.375s] -- Installing: /home/zhr/YOPO-ROS2/Controller/install/uav_utils/share/uav_utils/cmake/uav_utilsConfig.cmake
[0.375s] -- Up-to-date: /home/zhr/YOPO-ROS2/Controller/install/uav_utils/share/uav_utils/cmake/uav_utilsConfig-version.cmake
[0.375s] -- Up-to-date: /home/zhr/YOPO-ROS2/Controller/install/uav_utils/share/uav_utils/package.xml
[0.376s] Invoked command in '/home/zhr/YOPO-ROS2/Controller/build/uav_utils' returned '0': AMENT_PREFIX_PATH=/home/zhr/YOPO-ROS2/Controller/install/cmake_utils:${AMENT_PREFIX_PATH} CMAKE_PREFIX_PATH=/home/zhr/YOPO-ROS2/Controller/install/cmake_utils:/opt/ros/jazzy/opt/gz_math_vendor:/opt/ros/jazzy/opt/gz_utils_vendor:/opt/ros/jazzy/opt/gz_cmake_vendor:/opt/ros/jazzy DEBUGINFOD_URLS=https://debuginfod.ubuntu.com /usr/bin/cmake --install /home/zhr/YOPO-ROS2/Controller/build/uav_utils
