-- Found ament_cmake: 2.5.5 (/opt/ros/jazzy/share/ament_cmake/cmake)
-- Override CMake install command with custom implementation using symlinks instead of copying resources
-- Found rclcpp: 28.1.16 (/opt/ros/jazzy/share/rclcpp/cmake)
-- Found rosidl_generator_c: 4.6.7 (/opt/ros/jazzy/share/rosidl_generator_c/cmake)
-- Found rosidl_generator_cpp: 4.6.7 (/opt/ros/jazzy/share/rosidl_generator_cpp/cmake)
-- Using all available rosidl_typesupport_c: rosidl_typesupport_fastrtps_c;rosidl_typesupport_introspection_c
-- Using all available rosidl_typesupport_cpp: rosidl_typesupport_fastrtps_cpp;rosidl_typesupport_introspection_cpp
-- Found rmw_implementation_cmake: 7.3.3 (/opt/ros/jazzy/share/rmw_implementation_cmake/cmake)
-- Found rmw_fastrtps_cpp: 8.4.3 (/opt/ros/jazzy/share/rmw_fastrtps_cpp/cmake)
-- Using RMW implementation 'rmw_fastrtps_cpp' as default
-- Found nav_msgs: 5.3.6 (/opt/ros/jazzy/share/nav_msgs/cmake)
-- Found quadrotor_msgs: 0.0.0 (/home/zhr/YOPO-ROS2/Controller/install/quadrotor_msgs/share/quadrotor_msgs/cmake)
-- Found tf2: 0.36.19 (/opt/ros/jazzy/share/tf2/cmake)
-- Found tf2_ros: 0.36.19 (/opt/ros/jazzy/share/tf2_ros/cmake)
-- Found tf2_geometry_msgs: 0.36.19 (/opt/ros/jazzy/share/tf2_geometry_msgs/cmake)
-- Found eigen3_cmake_module: 0.3.0 (/opt/ros/jazzy/share/eigen3_cmake_module/cmake)
-- Ensuring Eigen3 include directory is part of orocos-kdl CMake target
-- Found cmake_utils: 0.0.0 (/home/zhr/YOPO-ROS2/Controller/install/cmake_utils/share/cmake_utils/cmake)
-- Found mavros_msgs: 1.16.0 (/home/zhr/YOPO-ROS2/Controller/install/mavros_msgs/share/mavros_msgs/cmake)
-- Found sensor_msgs: 5.3.6 (/opt/ros/jazzy/share/sensor_msgs/cmake)
-- Found ament_lint_auto: 0.17.4 (/opt/ros/jazzy/share/ament_lint_auto/cmake)
-- Configuring done (0.4s)
-- Generating done (0.0s)
-- Build files have been written to: /home/zhr/YOPO-ROS2/Controller/build/so3_control
[ 22%] Built target SO3Control
[ 44%] Built target control_example
[ 66%] Built target so3_control_node
[100%] Built target network_control_node
-- Install configuration: "Release"
-- Execute custom install script
-- Up-to-date symlink: /home/zhr/YOPO-ROS2/Controller/install/so3_control/lib/libSO3Control.a
-- Up-to-date symlink: /home/zhr/YOPO-ROS2/Controller/install/so3_control/lib/so3_control/so3_control_node
-- Up-to-date symlink: /home/zhr/YOPO-ROS2/Controller/install/so3_control/lib/so3_control/control_example
-- Up-to-date symlink: /home/zhr/YOPO-ROS2/Controller/install/so3_control/lib/so3_control/network_control_node
-- Up-to-date symlink: /home/zhr/YOPO-ROS2/Controller/install/so3_control/include/so3_control/HGDO.h
-- Up-to-date symlink: /home/zhr/YOPO-ROS2/Controller/install/so3_control/include/so3_control/NetworkControl.h
-- Up-to-date symlink: /home/zhr/YOPO-ROS2/Controller/install/so3_control/include/so3_control/SO3Control.h
-- Up-to-date symlink: /home/zhr/YOPO-ROS2/Controller/install/so3_control/include/so3_control/mavros_interface.h
-- Up-to-date symlink: /home/zhr/YOPO-ROS2/Controller/install/so3_control/share/so3_control/launch/controller_network.launch
-- Up-to-date symlink: /home/zhr/YOPO-ROS2/Controller/install/so3_control/share/so3_control/launch/controller_network.launch.py
-- Up-to-date symlink: /home/zhr/YOPO-ROS2/Controller/install/so3_control/share/so3_control/launch/so3_control.launch.py
-- Up-to-date symlink: /home/zhr/YOPO-ROS2/Controller/install/so3_control/share/so3_control/config/corrections_hummingbird.yaml
-- Up-to-date symlink: /home/zhr/YOPO-ROS2/Controller/install/so3_control/share/so3_control/config/corrections_pelican.yaml
-- Up-to-date symlink: /home/zhr/YOPO-ROS2/Controller/install/so3_control/share/so3_control/config/gains.yaml
-- Up-to-date symlink: /home/zhr/YOPO-ROS2/Controller/install/so3_control/share/so3_control/config/gains_hummingbird.yaml
-- Up-to-date symlink: /home/zhr/YOPO-ROS2/Controller/install/so3_control/share/so3_control/config/gains_pelican.yaml
-- Up-to-date symlink: /home/zhr/YOPO-ROS2/Controller/install/so3_control/share/so3_control/logger/log_plot.py
-- Up-to-date symlink: /home/zhr/YOPO-ROS2/Controller/install/so3_control/share/so3_control/environment/library_path.sh
-- Up-to-date symlink: /home/zhr/YOPO-ROS2/Controller/install/so3_control/share/so3_control/environment/library_path.dsv
-- Up-to-date symlink: /home/zhr/YOPO-ROS2/Controller/install/so3_control/share/ament_index/resource_index/package_run_dependencies/so3_control
-- Up-to-date symlink: /home/zhr/YOPO-ROS2/Controller/install/so3_control/share/ament_index/resource_index/parent_prefix_path/so3_control
-- Up-to-date symlink: /home/zhr/YOPO-ROS2/Controller/install/so3_control/share/so3_control/environment/ament_prefix_path.sh
-- Up-to-date symlink: /home/zhr/YOPO-ROS2/Controller/install/so3_control/share/so3_control/environment/ament_prefix_path.dsv
-- Up-to-date symlink: /home/zhr/YOPO-ROS2/Controller/install/so3_control/share/so3_control/environment/path.sh
-- Up-to-date symlink: /home/zhr/YOPO-ROS2/Controller/install/so3_control/share/so3_control/environment/path.dsv
-- Up-to-date symlink: /home/zhr/YOPO-ROS2/Controller/install/so3_control/share/so3_control/local_setup.bash
-- Up-to-date symlink: /home/zhr/YOPO-ROS2/Controller/install/so3_control/share/so3_control/local_setup.sh
-- Up-to-date symlink: /home/zhr/YOPO-ROS2/Controller/install/so3_control/share/so3_control/local_setup.zsh
-- Up-to-date symlink: /home/zhr/YOPO-ROS2/Controller/install/so3_control/share/so3_control/local_setup.dsv
-- Symlinking: /home/zhr/YOPO-ROS2/Controller/install/so3_control/share/so3_control/package.dsv
-- Up-to-date symlink: /home/zhr/YOPO-ROS2/Controller/install/so3_control/share/ament_index/resource_index/packages/so3_control
-- Up-to-date symlink: /home/zhr/YOPO-ROS2/Controller/install/so3_control/share/so3_control/cmake/ament_cmake_export_dependencies-extras.cmake
-- Up-to-date symlink: /home/zhr/YOPO-ROS2/Controller/install/so3_control/share/so3_control/cmake/ament_cmake_export_include_directories-extras.cmake
-- Up-to-date symlink: /home/zhr/YOPO-ROS2/Controller/install/so3_control/share/so3_control/cmake/ament_cmake_export_libraries-extras.cmake
-- Up-to-date symlink: /home/zhr/YOPO-ROS2/Controller/install/so3_control/share/so3_control/cmake/so3_controlConfig.cmake
-- Up-to-date symlink: /home/zhr/YOPO-ROS2/Controller/install/so3_control/share/so3_control/cmake/so3_controlConfig-version.cmake
-- Up-to-date symlink: /home/zhr/YOPO-ROS2/Controller/install/so3_control/share/so3_control/package.xml
