[0.007s] Invoking command in '/home/zhr/YOPO-ROS2/Controller/build/so3_control': AMENT_PREFIX_PATH=/home/zhr/YOPO-ROS2/Controller/install/quadrotor_msgs:/home/zhr/YOPO-ROS2/Controller/install/mavros_msgs:/home/zhr/YOPO-ROS2/Controller/install/cmake_utils:${AMENT_PREFIX_PATH} CMAKE_PREFIX_PATH=/home/zhr/YOPO-ROS2/Controller/install/quadrotor_msgs:/home/zhr/YOPO-ROS2/Controller/install/mavros_msgs:/home/zhr/YOPO-ROS2/Controller/install/cmake_utils:/opt/ros/jazzy/opt/gz_math_vendor:/opt/ros/jazzy/opt/gz_utils_vendor:/opt/ros/jazzy/opt/gz_cmake_vendor:/opt/ros/jazzy DEBUGINFOD_URLS=https://debuginfod.ubuntu.com LD_LIBRARY_PATH=/home/zhr/YOPO-ROS2/Controller/install/quadrotor_msgs/lib:/home/zhr/YOPO-ROS2/Controller/install/mavros_msgs/lib:${LD_LIBRARY_PATH} PYTHONPATH=/home/zhr/YOPO-ROS2/Controller/install/quadrotor_msgs/lib/python3.12/site-packages:/home/zhr/YOPO-ROS2/Controller/install/mavros_msgs/lib/python3.12/site-packages:${PYTHONPATH} /usr/bin/cmake /home/zhr/YOPO-ROS2/Controller/src/so3_control -DCMAKE_INSTALL_PREFIX=/home/zhr/YOPO-ROS2/Controller/install/so3_control
[0.013s] -- Found ament_cmake: 2.5.5 (/opt/ros/jazzy/share/ament_cmake/cmake)
[0.120s] -- Override CMake install command with custom implementation using symlinks instead of copying resources
[0.123s] -- Found rclcpp: 28.1.16 (/opt/ros/jazzy/share/rclcpp/cmake)
[0.136s] -- Found rosidl_generator_c: 4.6.7 (/opt/ros/jazzy/share/rosidl_generator_c/cmake)
[0.140s] -- Found rosidl_generator_cpp: 4.6.7 (/opt/ros/jazzy/share/rosidl_generator_cpp/cmake)
[0.145s] -- Using all available rosidl_typesupport_c: rosidl_typesupport_fastrtps_c;rosidl_typesupport_introspection_c
[0.150s] -- Using all available rosidl_typesupport_cpp: rosidl_typesupport_fastrtps_cpp;rosidl_typesupport_introspection_cpp
[0.178s] -- Found rmw_implementation_cmake: 7.3.3 (/opt/ros/jazzy/share/rmw_implementation_cmake/cmake)
[0.179s] -- Found rmw_fastrtps_cpp: 8.4.3 (/opt/ros/jazzy/share/rmw_fastrtps_cpp/cmake)
[0.215s] -- Using RMW implementation 'rmw_fastrtps_cpp' as default
[0.250s] -- Found nav_msgs: 5.3.6 (/opt/ros/jazzy/share/nav_msgs/cmake)
[0.280s] -- Found quadrotor_msgs: 0.0.0 (/home/zhr/YOPO-ROS2/Controller/install/quadrotor_msgs/share/quadrotor_msgs/cmake)
[0.298s] -- Found tf2: 0.36.19 (/opt/ros/jazzy/share/tf2/cmake)
[0.300s] -- Found tf2_ros: 0.36.19 (/opt/ros/jazzy/share/tf2_ros/cmake)
[0.354s] -- Found tf2_geometry_msgs: 0.36.19 (/opt/ros/jazzy/share/tf2_geometry_msgs/cmake)
[0.356s] -- Found eigen3_cmake_module: 0.3.0 (/opt/ros/jazzy/share/eigen3_cmake_module/cmake)
[0.357s] -- Ensuring Eigen3 include directory is part of orocos-kdl CMake target
[0.358s] -- Found cmake_utils: 0.0.0 (/home/zhr/YOPO-ROS2/Controller/install/cmake_utils/share/cmake_utils/cmake)
[0.358s] -- Found mavros_msgs: 1.16.0 (/home/zhr/YOPO-ROS2/Controller/install/mavros_msgs/share/mavros_msgs/cmake)
[0.374s] -- Found sensor_msgs: 5.3.6 (/opt/ros/jazzy/share/sensor_msgs/cmake)
[0.392s] -- Found ament_lint_auto: 0.17.4 (/opt/ros/jazzy/share/ament_lint_auto/cmake)
[0.441s] -- Configuring done (0.4s)
[0.454s] -- Generating done (0.0s)
[0.458s] -- Build files have been written to: /home/zhr/YOPO-ROS2/Controller/build/so3_control
[0.464s] Invoked command in '/home/zhr/YOPO-ROS2/Controller/build/so3_control' returned '0': AMENT_PREFIX_PATH=/home/zhr/YOPO-ROS2/Controller/install/quadrotor_msgs:/home/zhr/YOPO-ROS2/Controller/install/mavros_msgs:/home/zhr/YOPO-ROS2/Controller/install/cmake_utils:${AMENT_PREFIX_PATH} CMAKE_PREFIX_PATH=/home/zhr/YOPO-ROS2/Controller/install/quadrotor_msgs:/home/zhr/YOPO-ROS2/Controller/install/mavros_msgs:/home/zhr/YOPO-ROS2/Controller/install/cmake_utils:/opt/ros/jazzy/opt/gz_math_vendor:/opt/ros/jazzy/opt/gz_utils_vendor:/opt/ros/jazzy/opt/gz_cmake_vendor:/opt/ros/jazzy DEBUGINFOD_URLS=https://debuginfod.ubuntu.com LD_LIBRARY_PATH=/home/zhr/YOPO-ROS2/Controller/install/quadrotor_msgs/lib:/home/zhr/YOPO-ROS2/Controller/install/mavros_msgs/lib:${LD_LIBRARY_PATH} PYTHONPATH=/home/zhr/YOPO-ROS2/Controller/install/quadrotor_msgs/lib/python3.12/site-packages:/home/zhr/YOPO-ROS2/Controller/install/mavros_msgs/lib/python3.12/site-packages:${PYTHONPATH} /usr/bin/cmake /home/zhr/YOPO-ROS2/Controller/src/so3_control -DCMAKE_INSTALL_PREFIX=/home/zhr/YOPO-ROS2/Controller/install/so3_control
[0.465s] Invoking command in '/home/zhr/YOPO-ROS2/Controller/build/so3_control': AMENT_PREFIX_PATH=/home/zhr/YOPO-ROS2/Controller/install/quadrotor_msgs:/home/zhr/YOPO-ROS2/Controller/install/mavros_msgs:/home/zhr/YOPO-ROS2/Controller/install/cmake_utils:${AMENT_PREFIX_PATH} CMAKE_PREFIX_PATH=/home/zhr/YOPO-ROS2/Controller/install/quadrotor_msgs:/home/zhr/YOPO-ROS2/Controller/install/mavros_msgs:/home/zhr/YOPO-ROS2/Controller/install/cmake_utils:/opt/ros/jazzy/opt/gz_math_vendor:/opt/ros/jazzy/opt/gz_utils_vendor:/opt/ros/jazzy/opt/gz_cmake_vendor:/opt/ros/jazzy DEBUGINFOD_URLS=https://debuginfod.ubuntu.com LD_LIBRARY_PATH=/home/zhr/YOPO-ROS2/Controller/install/quadrotor_msgs/lib:/home/zhr/YOPO-ROS2/Controller/install/mavros_msgs/lib:${LD_LIBRARY_PATH} PYTHONPATH=/home/zhr/YOPO-ROS2/Controller/install/quadrotor_msgs/lib/python3.12/site-packages:/home/zhr/YOPO-ROS2/Controller/install/mavros_msgs/lib/python3.12/site-packages:${PYTHONPATH} /usr/bin/cmake --build /home/zhr/YOPO-ROS2/Controller/build/so3_control -- -j32 -l32
[0.493s] [ 22%] Built target SO3Control
[0.496s] [ 44%] Built target control_example
[0.507s] [ 66%] Built target so3_control_node
[0.511s] [100%] Built target network_control_node
[0.517s] Invoked command in '/home/zhr/YOPO-ROS2/Controller/build/so3_control' returned '0': AMENT_PREFIX_PATH=/home/zhr/YOPO-ROS2/Controller/install/quadrotor_msgs:/home/zhr/YOPO-ROS2/Controller/install/mavros_msgs:/home/zhr/YOPO-ROS2/Controller/install/cmake_utils:${AMENT_PREFIX_PATH} CMAKE_PREFIX_PATH=/home/zhr/YOPO-ROS2/Controller/install/quadrotor_msgs:/home/zhr/YOPO-ROS2/Controller/install/mavros_msgs:/home/zhr/YOPO-ROS2/Controller/install/cmake_utils:/opt/ros/jazzy/opt/gz_math_vendor:/opt/ros/jazzy/opt/gz_utils_vendor:/opt/ros/jazzy/opt/gz_cmake_vendor:/opt/ros/jazzy DEBUGINFOD_URLS=https://debuginfod.ubuntu.com LD_LIBRARY_PATH=/home/zhr/YOPO-ROS2/Controller/install/quadrotor_msgs/lib:/home/zhr/YOPO-ROS2/Controller/install/mavros_msgs/lib:${LD_LIBRARY_PATH} PYTHONPATH=/home/zhr/YOPO-ROS2/Controller/install/quadrotor_msgs/lib/python3.12/site-packages:/home/zhr/YOPO-ROS2/Controller/install/mavros_msgs/lib/python3.12/site-packages:${PYTHONPATH} /usr/bin/cmake --build /home/zhr/YOPO-ROS2/Controller/build/so3_control -- -j32 -l32
[0.517s] Invoking command in '/home/zhr/YOPO-ROS2/Controller/build/so3_control': AMENT_PREFIX_PATH=/home/zhr/YOPO-ROS2/Controller/install/quadrotor_msgs:/home/zhr/YOPO-ROS2/Controller/install/mavros_msgs:/home/zhr/YOPO-ROS2/Controller/install/cmake_utils:${AMENT_PREFIX_PATH} CMAKE_PREFIX_PATH=/home/zhr/YOPO-ROS2/Controller/install/quadrotor_msgs:/home/zhr/YOPO-ROS2/Controller/install/mavros_msgs:/home/zhr/YOPO-ROS2/Controller/install/cmake_utils:/opt/ros/jazzy/opt/gz_math_vendor:/opt/ros/jazzy/opt/gz_utils_vendor:/opt/ros/jazzy/opt/gz_cmake_vendor:/opt/ros/jazzy DEBUGINFOD_URLS=https://debuginfod.ubuntu.com LD_LIBRARY_PATH=/home/zhr/YOPO-ROS2/Controller/install/quadrotor_msgs/lib:/home/zhr/YOPO-ROS2/Controller/install/mavros_msgs/lib:${LD_LIBRARY_PATH} PYTHONPATH=/home/zhr/YOPO-ROS2/Controller/install/quadrotor_msgs/lib/python3.12/site-packages:/home/zhr/YOPO-ROS2/Controller/install/mavros_msgs/lib/python3.12/site-packages:${PYTHONPATH} /usr/bin/cmake --install /home/zhr/YOPO-ROS2/Controller/build/so3_control
[0.522s] -- Install configuration: "Release"
[0.522s] -- Execute custom install script
[0.522s] -- Up-to-date symlink: /home/zhr/YOPO-ROS2/Controller/install/so3_control/lib/libSO3Control.a
[0.522s] -- Up-to-date symlink: /home/zhr/YOPO-ROS2/Controller/install/so3_control/lib/so3_control/so3_control_node
[0.523s] -- Up-to-date symlink: /home/zhr/YOPO-ROS2/Controller/install/so3_control/lib/so3_control/control_example
[0.523s] -- Up-to-date symlink: /home/zhr/YOPO-ROS2/Controller/install/so3_control/lib/so3_control/network_control_node
[0.523s] -- Up-to-date symlink: /home/zhr/YOPO-ROS2/Controller/install/so3_control/include/so3_control/HGDO.h
[0.523s] -- Up-to-date symlink: /home/zhr/YOPO-ROS2/Controller/install/so3_control/include/so3_control/NetworkControl.h
[0.523s] -- Up-to-date symlink: /home/zhr/YOPO-ROS2/Controller/install/so3_control/include/so3_control/SO3Control.h
[0.523s] -- Up-to-date symlink: /home/zhr/YOPO-ROS2/Controller/install/so3_control/include/so3_control/mavros_interface.h
[0.523s] -- Up-to-date symlink: /home/zhr/YOPO-ROS2/Controller/install/so3_control/share/so3_control/launch/controller_network.launch
[0.523s] -- Up-to-date symlink: /home/zhr/YOPO-ROS2/Controller/install/so3_control/share/so3_control/launch/controller_network.launch.py
[0.523s] -- Up-to-date symlink: /home/zhr/YOPO-ROS2/Controller/install/so3_control/share/so3_control/launch/so3_control.launch.py
[0.523s] -- Up-to-date symlink: /home/zhr/YOPO-ROS2/Controller/install/so3_control/share/so3_control/config/corrections_hummingbird.yaml
[0.523s] -- Up-to-date symlink: /home/zhr/YOPO-ROS2/Controller/install/so3_control/share/so3_control/config/corrections_pelican.yaml
[0.523s] -- Up-to-date symlink: /home/zhr/YOPO-ROS2/Controller/install/so3_control/share/so3_control/config/gains.yaml
[0.523s] -- Up-to-date symlink: /home/zhr/YOPO-ROS2/Controller/install/so3_control/share/so3_control/config/gains_hummingbird.yaml
[0.523s] -- Up-to-date symlink: /home/zhr/YOPO-ROS2/Controller/install/so3_control/share/so3_control/config/gains_pelican.yaml
[0.523s] -- Up-to-date symlink: /home/zhr/YOPO-ROS2/Controller/install/so3_control/share/so3_control/logger/log_plot.py
[0.523s] -- Up-to-date symlink: /home/zhr/YOPO-ROS2/Controller/install/so3_control/share/so3_control/environment/library_path.sh
[0.523s] -- Up-to-date symlink: /home/zhr/YOPO-ROS2/Controller/install/so3_control/share/so3_control/environment/library_path.dsv
[0.523s] -- Up-to-date symlink: /home/zhr/YOPO-ROS2/Controller/install/so3_control/share/ament_index/resource_index/package_run_dependencies/so3_control
[0.524s] -- Up-to-date symlink: /home/zhr/YOPO-ROS2/Controller/install/so3_control/share/ament_index/resource_index/parent_prefix_path/so3_control
[0.524s] -- Up-to-date symlink: /home/zhr/YOPO-ROS2/Controller/install/so3_control/share/so3_control/environment/ament_prefix_path.sh
[0.524s] -- Up-to-date symlink: /home/zhr/YOPO-ROS2/Controller/install/so3_control/share/so3_control/environment/ament_prefix_path.dsv
[0.524s] -- Up-to-date symlink: /home/zhr/YOPO-ROS2/Controller/install/so3_control/share/so3_control/environment/path.sh
[0.524s] -- Up-to-date symlink: /home/zhr/YOPO-ROS2/Controller/install/so3_control/share/so3_control/environment/path.dsv
[0.524s] -- Up-to-date symlink: /home/zhr/YOPO-ROS2/Controller/install/so3_control/share/so3_control/local_setup.bash
[0.524s] -- Up-to-date symlink: /home/zhr/YOPO-ROS2/Controller/install/so3_control/share/so3_control/local_setup.sh
[0.524s] -- Up-to-date symlink: /home/zhr/YOPO-ROS2/Controller/install/so3_control/share/so3_control/local_setup.zsh
[0.524s] -- Up-to-date symlink: /home/zhr/YOPO-ROS2/Controller/install/so3_control/share/so3_control/local_setup.dsv
[0.524s] -- Symlinking: /home/zhr/YOPO-ROS2/Controller/install/so3_control/share/so3_control/package.dsv
[0.529s] -- Up-to-date symlink: /home/zhr/YOPO-ROS2/Controller/install/so3_control/share/ament_index/resource_index/packages/so3_control
[0.529s] -- Up-to-date symlink: /home/zhr/YOPO-ROS2/Controller/install/so3_control/share/so3_control/cmake/ament_cmake_export_dependencies-extras.cmake
[0.529s] -- Up-to-date symlink: /home/zhr/YOPO-ROS2/Controller/install/so3_control/share/so3_control/cmake/ament_cmake_export_include_directories-extras.cmake
[0.529s] -- Up-to-date symlink: /home/zhr/YOPO-ROS2/Controller/install/so3_control/share/so3_control/cmake/ament_cmake_export_libraries-extras.cmake
[0.529s] -- Up-to-date symlink: /home/zhr/YOPO-ROS2/Controller/install/so3_control/share/so3_control/cmake/so3_controlConfig.cmake
[0.529s] -- Up-to-date symlink: /home/zhr/YOPO-ROS2/Controller/install/so3_control/share/so3_control/cmake/so3_controlConfig-version.cmake
[0.529s] -- Up-to-date symlink: /home/zhr/YOPO-ROS2/Controller/install/so3_control/share/so3_control/package.xml
[0.530s] Invoked command in '/home/zhr/YOPO-ROS2/Controller/build/so3_control' returned '0': AMENT_PREFIX_PATH=/home/zhr/YOPO-ROS2/Controller/install/quadrotor_msgs:/home/zhr/YOPO-ROS2/Controller/install/mavros_msgs:/home/zhr/YOPO-ROS2/Controller/install/cmake_utils:${AMENT_PREFIX_PATH} CMAKE_PREFIX_PATH=/home/zhr/YOPO-ROS2/Controller/install/quadrotor_msgs:/home/zhr/YOPO-ROS2/Controller/install/mavros_msgs:/home/zhr/YOPO-ROS2/Controller/install/cmake_utils:/opt/ros/jazzy/opt/gz_math_vendor:/opt/ros/jazzy/opt/gz_utils_vendor:/opt/ros/jazzy/opt/gz_cmake_vendor:/opt/ros/jazzy DEBUGINFOD_URLS=https://debuginfod.ubuntu.com LD_LIBRARY_PATH=/home/zhr/YOPO-ROS2/Controller/install/quadrotor_msgs/lib:/home/zhr/YOPO-ROS2/Controller/install/mavros_msgs/lib:${LD_LIBRARY_PATH} PYTHONPATH=/home/zhr/YOPO-ROS2/Controller/install/quadrotor_msgs/lib/python3.12/site-packages:/home/zhr/YOPO-ROS2/Controller/install/mavros_msgs/lib/python3.12/site-packages:${PYTHONPATH} /usr/bin/cmake --install /home/zhr/YOPO-ROS2/Controller/build/so3_control
