[0.003s] Invoking command in '/home/zhr/YOPO-ROS2/Controller/build/uav_utils': AMENT_PREFIX_PATH=/home/zhr/YOPO-ROS2/Controller/install/cmake_utils:${AMENT_PREFIX_PATH} CMAKE_PREFIX_PATH=/home/zhr/YOPO-ROS2/Controller/install/cmake_utils:/opt/ros/jazzy/opt/gz_math_vendor:/opt/ros/jazzy/opt/gz_utils_vendor:/opt/ros/jazzy/opt/gz_cmake_vendor:/opt/ros/jazzy DEBUGINFOD_URLS=https://debuginfod.ubuntu.com /usr/bin/cmake /home/zhr/YOPO-ROS2/Controller/src/utils/uav_utils -DCMAKE_INSTALL_PREFIX=/home/zhr/YOPO-ROS2/Controller/install/uav_utils
[0.031s] -- The C compiler identification is GNU 13.3.0
[0.059s] -- The CXX compiler identification is GNU 13.3.0
[0.066s] -- Detecting C compiler ABI info
[0.113s] -- Detecting C compiler ABI info - done
[0.117s] -- Check for working C compiler: /usr/bin/cc - skipped
[0.118s] -- Detecting C compile features
[0.118s] -- Detecting C compile features - done
[0.122s] -- Detecting CXX compiler ABI info
[0.165s] -- Detecting CXX compiler ABI info - done
[0.169s] -- Check for working CXX compiler: /usr/bin/c++ - skipped
[0.169s] -- Detecting CXX compile features
[0.170s] -- Detecting CXX compile features - done
[0.171s] -- Found ament_cmake: 2.5.5 (/opt/ros/jazzy/share/ament_cmake/cmake)
[0.242s] -- Found Python3: /usr/bin/python3 (found version "3.12.3") found components: Interpreter 
[0.290s] -- Found rclcpp: 28.1.16 (/opt/ros/jazzy/share/rclcpp/cmake)
[0.311s] -- Found rosidl_generator_c: 4.6.7 (/opt/ros/jazzy/share/rosidl_generator_c/cmake)
[0.318s] -- Found rosidl_generator_cpp: 4.6.7 (/opt/ros/jazzy/share/rosidl_generator_cpp/cmake)
[0.324s] -- Using all available rosidl_typesupport_c: rosidl_typesupport_fastrtps_c;rosidl_typesupport_introspection_c
[0.333s] -- Using all available rosidl_typesupport_cpp: rosidl_typesupport_fastrtps_cpp;rosidl_typesupport_introspection_cpp
[0.376s] -- Found rmw_implementation_cmake: 7.3.3 (/opt/ros/jazzy/share/rmw_implementation_cmake/cmake)
[0.378s] -- Found rmw_fastrtps_cpp: 8.4.3 (/opt/ros/jazzy/share/rmw_fastrtps_cpp/cmake)
[0.418s] -- Found OpenSSL: /usr/lib/x86_64-linux-gnu/libcrypto.so (found version "3.0.13")  
[0.430s] -- Found FastRTPS: /opt/ros/jazzy/include (Required is at least version "2.13") 
[0.443s] -- Using RMW implementation 'rmw_fastrtps_cpp' as default
[0.489s] -- Found rclpy: 7.1.9 (/opt/ros/jazzy/share/rclpy/cmake)
[0.489s] -- Found cmake_utils: 0.0.0 (/home/zhr/YOPO-ROS2/Controller/install/cmake_utils/share/cmake_utils/cmake)
[0.492s] -- Found geometry_msgs: 5.3.6 (/opt/ros/jazzy/share/geometry_msgs/cmake)
[0.508s] -- Found nav_msgs: 5.3.6 (/opt/ros/jazzy/share/nav_msgs/cmake)
[0.523s] -- Found sensor_msgs: 5.3.6 (/opt/ros/jazzy/share/sensor_msgs/cmake)
[0.589s] -- Configuring done (0.6s)
[0.591s] -- Generating done (0.0s)
[0.592s] -- Build files have been written to: /home/zhr/YOPO-ROS2/Controller/build/uav_utils
[0.599s] Invoked command in '/home/zhr/YOPO-ROS2/Controller/build/uav_utils' returned '0': AMENT_PREFIX_PATH=/home/zhr/YOPO-ROS2/Controller/install/cmake_utils:${AMENT_PREFIX_PATH} CMAKE_PREFIX_PATH=/home/zhr/YOPO-ROS2/Controller/install/cmake_utils:/opt/ros/jazzy/opt/gz_math_vendor:/opt/ros/jazzy/opt/gz_utils_vendor:/opt/ros/jazzy/opt/gz_cmake_vendor:/opt/ros/jazzy DEBUGINFOD_URLS=https://debuginfod.ubuntu.com /usr/bin/cmake /home/zhr/YOPO-ROS2/Controller/src/utils/uav_utils -DCMAKE_INSTALL_PREFIX=/home/zhr/YOPO-ROS2/Controller/install/uav_utils
[0.600s] Invoking command in '/home/zhr/YOPO-ROS2/Controller/build/uav_utils': AMENT_PREFIX_PATH=/home/zhr/YOPO-ROS2/Controller/install/cmake_utils:${AMENT_PREFIX_PATH} CMAKE_PREFIX_PATH=/home/zhr/YOPO-ROS2/Controller/install/cmake_utils:/opt/ros/jazzy/opt/gz_math_vendor:/opt/ros/jazzy/opt/gz_utils_vendor:/opt/ros/jazzy/opt/gz_cmake_vendor:/opt/ros/jazzy DEBUGINFOD_URLS=https://debuginfod.ubuntu.com /usr/bin/cmake --build /home/zhr/YOPO-ROS2/Controller/build/uav_utils -- -j32 -l32
[0.621s] Invoked command in '/home/zhr/YOPO-ROS2/Controller/build/uav_utils' returned '0': AMENT_PREFIX_PATH=/home/zhr/YOPO-ROS2/Controller/install/cmake_utils:${AMENT_PREFIX_PATH} CMAKE_PREFIX_PATH=/home/zhr/YOPO-ROS2/Controller/install/cmake_utils:/opt/ros/jazzy/opt/gz_math_vendor:/opt/ros/jazzy/opt/gz_utils_vendor:/opt/ros/jazzy/opt/gz_cmake_vendor:/opt/ros/jazzy DEBUGINFOD_URLS=https://debuginfod.ubuntu.com /usr/bin/cmake --build /home/zhr/YOPO-ROS2/Controller/build/uav_utils -- -j32 -l32
[0.622s] Invoking command in '/home/zhr/YOPO-ROS2/Controller/build/uav_utils': AMENT_PREFIX_PATH=/home/zhr/YOPO-ROS2/Controller/install/cmake_utils:${AMENT_PREFIX_PATH} CMAKE_PREFIX_PATH=/home/zhr/YOPO-ROS2/Controller/install/cmake_utils:/opt/ros/jazzy/opt/gz_math_vendor:/opt/ros/jazzy/opt/gz_utils_vendor:/opt/ros/jazzy/opt/gz_cmake_vendor:/opt/ros/jazzy DEBUGINFOD_URLS=https://debuginfod.ubuntu.com /usr/bin/cmake --install /home/zhr/YOPO-ROS2/Controller/build/uav_utils
[0.625s] -- Install configuration: ""
[0.625s] -- Installing: /home/zhr/YOPO-ROS2/Controller/install/uav_utils/include/uav_utils
[0.625s] -- Installing: /home/zhr/YOPO-ROS2/Controller/install/uav_utils/include/uav_utils/geometry_utils.h
[0.625s] -- Installing: /home/zhr/YOPO-ROS2/Controller/install/uav_utils/include/uav_utils/utils.h
[0.625s] -- Installing: /home/zhr/YOPO-ROS2/Controller/install/uav_utils/include/uav_utils/converters.h
[0.625s] -- Installing: /home/zhr/YOPO-ROS2/Controller/install/uav_utils/share/uav_utils/environment/library_path.sh
[0.625s] -- Installing: /home/zhr/YOPO-ROS2/Controller/install/uav_utils/share/uav_utils/environment/library_path.dsv
[0.625s] -- Installing: /home/zhr/YOPO-ROS2/Controller/install/uav_utils/share/ament_index/resource_index/package_run_dependencies/uav_utils
[0.625s] -- Installing: /home/zhr/YOPO-ROS2/Controller/install/uav_utils/share/ament_index/resource_index/parent_prefix_path/uav_utils
[0.625s] -- Installing: /home/zhr/YOPO-ROS2/Controller/install/uav_utils/share/uav_utils/environment/ament_prefix_path.sh
[0.625s] -- Installing: /home/zhr/YOPO-ROS2/Controller/install/uav_utils/share/uav_utils/environment/ament_prefix_path.dsv
[0.625s] -- Installing: /home/zhr/YOPO-ROS2/Controller/install/uav_utils/share/uav_utils/environment/path.sh
[0.625s] -- Installing: /home/zhr/YOPO-ROS2/Controller/install/uav_utils/share/uav_utils/environment/path.dsv
[0.625s] -- Installing: /home/zhr/YOPO-ROS2/Controller/install/uav_utils/share/uav_utils/local_setup.bash
[0.625s] -- Installing: /home/zhr/YOPO-ROS2/Controller/install/uav_utils/share/uav_utils/local_setup.sh
[0.626s] -- Installing: /home/zhr/YOPO-ROS2/Controller/install/uav_utils/share/uav_utils/local_setup.zsh
[0.626s] -- Installing: /home/zhr/YOPO-ROS2/Controller/install/uav_utils/share/uav_utils/local_setup.dsv
[0.626s] -- Installing: /home/zhr/YOPO-ROS2/Controller/install/uav_utils/share/uav_utils/package.dsv
[0.626s] -- Installing: /home/zhr/YOPO-ROS2/Controller/install/uav_utils/share/ament_index/resource_index/packages/uav_utils
[0.626s] -- Installing: /home/zhr/YOPO-ROS2/Controller/install/uav_utils/share/uav_utils/cmake/ament_cmake_export_dependencies-extras.cmake
[0.626s] -- Installing: /home/zhr/YOPO-ROS2/Controller/install/uav_utils/share/uav_utils/cmake/ament_cmake_export_include_directories-extras.cmake
[0.626s] -- Installing: /home/zhr/YOPO-ROS2/Controller/install/uav_utils/share/uav_utils/cmake/ament_cmake_export_libraries-extras.cmake
[0.626s] -- Installing: /home/zhr/YOPO-ROS2/Controller/install/uav_utils/share/uav_utils/cmake/uav_utilsConfig.cmake
[0.626s] -- Installing: /home/zhr/YOPO-ROS2/Controller/install/uav_utils/share/uav_utils/cmake/uav_utilsConfig-version.cmake
[0.626s] -- Installing: /home/zhr/YOPO-ROS2/Controller/install/uav_utils/share/uav_utils/package.xml
[0.627s] Invoked command in '/home/zhr/YOPO-ROS2/Controller/build/uav_utils' returned '0': AMENT_PREFIX_PATH=/home/zhr/YOPO-ROS2/Controller/install/cmake_utils:${AMENT_PREFIX_PATH} CMAKE_PREFIX_PATH=/home/zhr/YOPO-ROS2/Controller/install/cmake_utils:/opt/ros/jazzy/opt/gz_math_vendor:/opt/ros/jazzy/opt/gz_utils_vendor:/opt/ros/jazzy/opt/gz_cmake_vendor:/opt/ros/jazzy DEBUGINFOD_URLS=https://debuginfod.ubuntu.com /usr/bin/cmake --install /home/zhr/YOPO-ROS2/Controller/build/uav_utils
