[0.005s] Invoking command in '/home/zhr/YOPO-ROS2/Controller/build/uav_utils': AMENT_PREFIX_PATH=/home/zhr/YOPO-ROS2/Controller/install/cmake_utils:${AMENT_PREFIX_PATH} CMAKE_PREFIX_PATH=/home/zhr/YOPO-ROS2/Controller/install/cmake_utils:/opt/ros/jazzy/opt/gz_math_vendor:/opt/ros/jazzy/opt/gz_utils_vendor:/opt/ros/jazzy/opt/gz_cmake_vendor:/opt/ros/jazzy CONDA_PROMPT_MODIFIER=(base) DEBUGINFOD_URLS=https://debuginfod.ubuntu.com /usr/bin/cmake --build /home/zhr/YOPO-ROS2/Controller/build/uav_utils -- -j32 -l32
[0.023s] Invoked command in '/home/zhr/YOPO-ROS2/Controller/build/uav_utils' returned '0': AMENT_PREFIX_PATH=/home/zhr/YOPO-ROS2/Controller/install/cmake_utils:${AMENT_PREFIX_PATH} CMAKE_PREFIX_PATH=/home/zhr/YOPO-ROS2/Controller/install/cmake_utils:/opt/ros/jazzy/opt/gz_math_vendor:/opt/ros/jazzy/opt/gz_utils_vendor:/opt/ros/jazzy/opt/gz_cmake_vendor:/opt/ros/jazzy CONDA_PROMPT_MODIFIER=(base) DEBUGINFOD_URLS=https://debuginfod.ubuntu.com /usr/bin/cmake --build /home/zhr/YOPO-ROS2/Controller/build/uav_utils -- -j32 -l32
[0.024s] Invoking command in '/home/zhr/YOPO-ROS2/Controller/build/uav_utils': AMENT_PREFIX_PATH=/home/zhr/YOPO-ROS2/Controller/install/cmake_utils:${AMENT_PREFIX_PATH} CMAKE_PREFIX_PATH=/home/zhr/YOPO-ROS2/Controller/install/cmake_utils:/opt/ros/jazzy/opt/gz_math_vendor:/opt/ros/jazzy/opt/gz_utils_vendor:/opt/ros/jazzy/opt/gz_cmake_vendor:/opt/ros/jazzy CONDA_PROMPT_MODIFIER=(base) DEBUGINFOD_URLS=https://debuginfod.ubuntu.com /usr/bin/cmake --install /home/zhr/YOPO-ROS2/Controller/build/uav_utils
[0.027s] -- Install configuration: ""
[0.027s] -- Up-to-date: /home/zhr/YOPO-ROS2/Controller/install/uav_utils/include/uav_utils
[0.027s] -- Up-to-date: /home/zhr/YOPO-ROS2/Controller/install/uav_utils/include/uav_utils/geometry_utils.h
[0.027s] -- Up-to-date: /home/zhr/YOPO-ROS2/Controller/install/uav_utils/include/uav_utils/utils.h
[0.027s] -- Up-to-date: /home/zhr/YOPO-ROS2/Controller/install/uav_utils/include/uav_utils/converters.h
[0.027s] -- Up-to-date: /home/zhr/YOPO-ROS2/Controller/install/uav_utils/share/ament_index/resource_index/package_run_dependencies/uav_utils
[0.027s] -- Up-to-date: /home/zhr/YOPO-ROS2/Controller/install/uav_utils/share/ament_index/resource_index/parent_prefix_path/uav_utils
[0.027s] -- Up-to-date: /home/zhr/YOPO-ROS2/Controller/install/uav_utils/share/uav_utils/environment/ament_prefix_path.sh
[0.027s] -- Up-to-date: /home/zhr/YOPO-ROS2/Controller/install/uav_utils/share/uav_utils/environment/ament_prefix_path.dsv
[0.027s] -- Up-to-date: /home/zhr/YOPO-ROS2/Controller/install/uav_utils/share/uav_utils/environment/path.sh
[0.027s] -- Up-to-date: /home/zhr/YOPO-ROS2/Controller/install/uav_utils/share/uav_utils/environment/path.dsv
[0.027s] -- Up-to-date: /home/zhr/YOPO-ROS2/Controller/install/uav_utils/share/uav_utils/local_setup.bash
[0.027s] -- Up-to-date: /home/zhr/YOPO-ROS2/Controller/install/uav_utils/share/uav_utils/local_setup.sh
[0.027s] -- Up-to-date: /home/zhr/YOPO-ROS2/Controller/install/uav_utils/share/uav_utils/local_setup.zsh
[0.027s] -- Up-to-date: /home/zhr/YOPO-ROS2/Controller/install/uav_utils/share/uav_utils/local_setup.dsv
[0.027s] -- Installing: /home/zhr/YOPO-ROS2/Controller/install/uav_utils/share/uav_utils/package.dsv
[0.027s] -- Up-to-date: /home/zhr/YOPO-ROS2/Controller/install/uav_utils/share/ament_index/resource_index/packages/uav_utils
[0.027s] -- Up-to-date: /home/zhr/YOPO-ROS2/Controller/install/uav_utils/share/uav_utils/cmake/ament_cmake_export_dependencies-extras.cmake
[0.027s] -- Up-to-date: /home/zhr/YOPO-ROS2/Controller/install/uav_utils/share/uav_utils/cmake/ament_cmake_export_include_directories-extras.cmake
[0.027s] -- Up-to-date: /home/zhr/YOPO-ROS2/Controller/install/uav_utils/share/uav_utils/cmake/uav_utilsConfig.cmake
[0.027s] -- Up-to-date: /home/zhr/YOPO-ROS2/Controller/install/uav_utils/share/uav_utils/cmake/uav_utilsConfig-version.cmake
[0.027s] -- Up-to-date: /home/zhr/YOPO-ROS2/Controller/install/uav_utils/share/uav_utils/package.xml
[0.028s] Invoked command in '/home/zhr/YOPO-ROS2/Controller/build/uav_utils' returned '0': AMENT_PREFIX_PATH=/home/zhr/YOPO-ROS2/Controller/install/cmake_utils:${AMENT_PREFIX_PATH} CMAKE_PREFIX_PATH=/home/zhr/YOPO-ROS2/Controller/install/cmake_utils:/opt/ros/jazzy/opt/gz_math_vendor:/opt/ros/jazzy/opt/gz_utils_vendor:/opt/ros/jazzy/opt/gz_cmake_vendor:/opt/ros/jazzy CONDA_PROMPT_MODIFIER=(base) DEBUGINFOD_URLS=https://debuginfod.ubuntu.com /usr/bin/cmake --install /home/zhr/YOPO-ROS2/Controller/build/uav_utils
