-- Install configuration: ""
-- Execute custom install script
-- Up-to-date symlink: /home/zhr/YOPO-ROS2/Controller/install/cmake_utils/share/ament_index/resource_index/package_run_dependencies/cmake_utils
-- Up-to-date symlink: /home/zhr/YOPO-ROS2/Controller/install/cmake_utils/share/ament_index/resource_index/parent_prefix_path/cmake_utils
-- Up-to-date symlink: /home/zhr/YOPO-ROS2/Controller/install/cmake_utils/share/cmake_utils/environment/ament_prefix_path.sh
-- Up-to-date symlink: /home/zhr/YOPO-ROS2/Controller/install/cmake_utils/share/cmake_utils/environment/ament_prefix_path.dsv
-- Up-to-date symlink: /home/zhr/YOPO-ROS2/Controller/install/cmake_utils/share/cmake_utils/environment/path.sh
-- Up-to-date symlink: /home/zhr/YOPO-ROS2/Controller/install/cmake_utils/share/cmake_utils/environment/path.dsv
-- Up-to-date symlink: /home/zhr/YOPO-ROS2/Controller/install/cmake_utils/share/cmake_utils/local_setup.bash
-- Up-to-date symlink: /home/zhr/YOPO-ROS2/Controller/install/cmake_utils/share/cmake_utils/local_setup.sh
-- Up-to-date symlink: /home/zhr/YOPO-ROS2/Controller/install/cmake_utils/share/cmake_utils/local_setup.zsh
-- Up-to-date symlink: /home/zhr/YOPO-ROS2/Controller/install/cmake_utils/share/cmake_utils/local_setup.dsv
-- Symlinking: /home/zhr/YOPO-ROS2/Controller/install/cmake_utils/share/cmake_utils/package.dsv
-- Up-to-date symlink: /home/zhr/YOPO-ROS2/Controller/install/cmake_utils/share/ament_index/resource_index/packages/cmake_utils
-- Up-to-date symlink: /home/zhr/YOPO-ROS2/Controller/install/cmake_utils/share/cmake_utils/cmake/arch.cmake
-- Up-to-date symlink: /home/zhr/YOPO-ROS2/Controller/install/cmake_utils/share/cmake_utils/cmake/cmake_modules.cmake
-- Up-to-date symlink: /home/zhr/YOPO-ROS2/Controller/install/cmake_utils/share/cmake_utils/cmake/color.cmake
-- Up-to-date symlink: /home/zhr/YOPO-ROS2/Controller/install/cmake_utils/share/cmake_utils/cmake/cmake_utilsConfig.cmake
-- Up-to-date symlink: /home/zhr/YOPO-ROS2/Controller/install/cmake_utils/share/cmake_utils/cmake/cmake_utilsConfig-version.cmake
-- Up-to-date symlink: /home/zhr/YOPO-ROS2/Controller/install/cmake_utils/share/cmake_utils/package.xml
-- Up-to-date symlink: /home/zhr/YOPO-ROS2/Controller/install/cmake_utils/share/cmake_utils/cmake/arch.cmake
-- Up-to-date symlink: /home/zhr/YOPO-ROS2/Controller/install/cmake_utils/share/cmake_utils/cmake/cmake_modules.cmake
-- Up-to-date symlink: /home/zhr/YOPO-ROS2/Controller/install/cmake_utils/share/cmake_utils/cmake/color.cmake
