[  1%] Built target mavros_msgs__rosidl_generator_type_description
[  1%] Built target ament_cmake_python_copy_mavros_msgs
[  3%] Built target mavros_msgs__cpp
[ 25%] Built target mavros_msgs__rosidl_generator_c
[ 54%] Built target mavros_msgs__rosidl_typesupport_c
[ 54%] Built target mavros_msgs__rosidl_typesupport_fastrtps_c
[ 54%] Built target mavros_msgs__rosidl_typesupport_introspection_c
[ 62%] Built target mavros_msgs__rosidl_typesupport_cpp
[ 71%] Built target mavros_msgs__rosidl_typesupport_introspection_cpp
[ 81%] Built target mavros_msgs__rosidl_typesupport_fastrtps_cpp
[ 81%] Built target mavros_msgs
[ 82%] Built target mavros_msgs__py
[ 90%] Built target mavros_msgs__rosidl_generator_py
[ 98%] Built target mavros_msgs_s__rosidl_typesupport_c
[ 98%] Built target mavros_msgs_s__rosidl_typesupport_fastrtps_c
[100%] Built target mavros_msgs_s__rosidl_typesupport_introspection_c
running egg_info
writing mavros_msgs.egg-info/PKG-INFO
writing dependency_links to mavros_msgs.egg-info/dependency_links.txt
writing top-level names to mavros_msgs.egg-info/top_level.txt
reading manifest file 'mavros_msgs.egg-info/SOURCES.txt'
writing manifest file 'mavros_msgs.egg-info/SOURCES.txt'
[100%] Built target ament_cmake_python_build_mavros_msgs_egg
-- Install configuration: ""
-- Up-to-date: /home/zhr/YOPO-ROS2/Controller/install/mavros_msgs/share/ament_index/resource_index/rosidl_interfaces/mavros_msgs
-- Up-to-date: /home/zhr/YOPO-ROS2/Controller/install/mavros_msgs/share/mavros_msgs/msg/AttitudeTarget.json
-- Up-to-date: /home/zhr/YOPO-ROS2/Controller/install/mavros_msgs/share/mavros_msgs/msg/State.json
-- Up-to-date: /home/zhr/YOPO-ROS2/Controller/install/mavros_msgs/share/mavros_msgs/srv/CommandBool.json
-- Up-to-date: /home/zhr/YOPO-ROS2/Controller/install/mavros_msgs/share/mavros_msgs/srv/SetMode.json
-- Up-to-date: /home/zhr/YOPO-ROS2/Controller/install/mavros_msgs/include/mavros_msgs/mavros_msgs
-- Up-to-date: /home/zhr/YOPO-ROS2/Controller/install/mavros_msgs/include/mavros_msgs/mavros_msgs/msg
-- Up-to-date: /home/zhr/YOPO-ROS2/Controller/install/mavros_msgs/include/mavros_msgs/mavros_msgs/msg/detail
-- Up-to-date: /home/zhr/YOPO-ROS2/Controller/install/mavros_msgs/include/mavros_msgs/mavros_msgs/msg/detail/attitude_target__type_support.c
-- Up-to-date: /home/zhr/YOPO-ROS2/Controller/install/mavros_msgs/include/mavros_msgs/mavros_msgs/msg/detail/state__functions.h
-- Up-to-date: /home/zhr/YOPO-ROS2/Controller/install/mavros_msgs/include/mavros_msgs/mavros_msgs/msg/detail/state__functions.c
-- Up-to-date: /home/zhr/YOPO-ROS2/Controller/install/mavros_msgs/include/mavros_msgs/mavros_msgs/msg/detail/attitude_target__description.c
-- Up-to-date: /home/zhr/YOPO-ROS2/Controller/install/mavros_msgs/include/mavros_msgs/mavros_msgs/msg/detail/state__description.c
-- Up-to-date: /home/zhr/YOPO-ROS2/Controller/install/mavros_msgs/include/mavros_msgs/mavros_msgs/msg/detail/attitude_target__struct.h
-- Up-to-date: /home/zhr/YOPO-ROS2/Controller/install/mavros_msgs/include/mavros_msgs/mavros_msgs/msg/detail/state__type_support.c
-- Up-to-date: /home/zhr/YOPO-ROS2/Controller/install/mavros_msgs/include/mavros_msgs/mavros_msgs/msg/detail/state__struct.h
-- Up-to-date: /home/zhr/YOPO-ROS2/Controller/install/mavros_msgs/include/mavros_msgs/mavros_msgs/msg/detail/state__type_support.h
-- Up-to-date: /home/zhr/YOPO-ROS2/Controller/install/mavros_msgs/include/mavros_msgs/mavros_msgs/msg/detail/attitude_target__functions.h
-- Up-to-date: /home/zhr/YOPO-ROS2/Controller/install/mavros_msgs/include/mavros_msgs/mavros_msgs/msg/detail/attitude_target__type_support.h
-- Up-to-date: /home/zhr/YOPO-ROS2/Controller/install/mavros_msgs/include/mavros_msgs/mavros_msgs/msg/detail/attitude_target__functions.c
-- Up-to-date: /home/zhr/YOPO-ROS2/Controller/install/mavros_msgs/include/mavros_msgs/mavros_msgs/msg/attitude_target.h
-- Up-to-date: /home/zhr/YOPO-ROS2/Controller/install/mavros_msgs/include/mavros_msgs/mavros_msgs/msg/state.h
-- Up-to-date: /home/zhr/YOPO-ROS2/Controller/install/mavros_msgs/include/mavros_msgs/mavros_msgs/msg/rosidl_generator_c__visibility_control.h
-- Up-to-date: /home/zhr/YOPO-ROS2/Controller/install/mavros_msgs/include/mavros_msgs/mavros_msgs/srv
-- Up-to-date: /home/zhr/YOPO-ROS2/Controller/install/mavros_msgs/include/mavros_msgs/mavros_msgs/srv/detail
-- Up-to-date: /home/zhr/YOPO-ROS2/Controller/install/mavros_msgs/include/mavros_msgs/mavros_msgs/srv/detail/set_mode__description.c
-- Up-to-date: /home/zhr/YOPO-ROS2/Controller/install/mavros_msgs/include/mavros_msgs/mavros_msgs/srv/detail/set_mode__struct.h
-- Up-to-date: /home/zhr/YOPO-ROS2/Controller/install/mavros_msgs/include/mavros_msgs/mavros_msgs/srv/detail/command_bool__functions.c
-- Up-to-date: /home/zhr/YOPO-ROS2/Controller/install/mavros_msgs/include/mavros_msgs/mavros_msgs/srv/detail/set_mode__functions.h
-- Up-to-date: /home/zhr/YOPO-ROS2/Controller/install/mavros_msgs/include/mavros_msgs/mavros_msgs/srv/detail/command_bool__type_support.c
-- Up-to-date: /home/zhr/YOPO-ROS2/Controller/install/mavros_msgs/include/mavros_msgs/mavros_msgs/srv/detail/command_bool__type_support.h
-- Up-to-date: /home/zhr/YOPO-ROS2/Controller/install/mavros_msgs/include/mavros_msgs/mavros_msgs/srv/detail/command_bool__struct.h
-- Up-to-date: /home/zhr/YOPO-ROS2/Controller/install/mavros_msgs/include/mavros_msgs/mavros_msgs/srv/detail/set_mode__functions.c
-- Up-to-date: /home/zhr/YOPO-ROS2/Controller/install/mavros_msgs/include/mavros_msgs/mavros_msgs/srv/detail/command_bool__description.c
-- Up-to-date: /home/zhr/YOPO-ROS2/Controller/install/mavros_msgs/include/mavros_msgs/mavros_msgs/srv/detail/set_mode__type_support.h
-- Up-to-date: /home/zhr/YOPO-ROS2/Controller/install/mavros_msgs/include/mavros_msgs/mavros_msgs/srv/detail/set_mode__type_support.c
-- Up-to-date: /home/zhr/YOPO-ROS2/Controller/install/mavros_msgs/include/mavros_msgs/mavros_msgs/srv/detail/command_bool__functions.h
-- Up-to-date: /home/zhr/YOPO-ROS2/Controller/install/mavros_msgs/include/mavros_msgs/mavros_msgs/srv/command_bool.h
-- Up-to-date: /home/zhr/YOPO-ROS2/Controller/install/mavros_msgs/include/mavros_msgs/mavros_msgs/srv/set_mode.h
-- Up-to-date: /home/zhr/YOPO-ROS2/Controller/install/mavros_msgs/share/mavros_msgs/environment/library_path.sh
-- Up-to-date: /home/zhr/YOPO-ROS2/Controller/install/mavros_msgs/share/mavros_msgs/environment/library_path.dsv
-- Up-to-date: /home/zhr/YOPO-ROS2/Controller/install/mavros_msgs/lib/libmavros_msgs__rosidl_generator_c.so
-- Up-to-date: /home/zhr/YOPO-ROS2/Controller/install/mavros_msgs/include/mavros_msgs/mavros_msgs
-- Up-to-date: /home/zhr/YOPO-ROS2/Controller/install/mavros_msgs/include/mavros_msgs/mavros_msgs/msg
-- Up-to-date: /home/zhr/YOPO-ROS2/Controller/install/mavros_msgs/include/mavros_msgs/mavros_msgs/msg/rosidl_typesupport_fastrtps_c__visibility_control.h
-- Up-to-date: /home/zhr/YOPO-ROS2/Controller/install/mavros_msgs/include/mavros_msgs/mavros_msgs/msg/detail
-- Up-to-date: /home/zhr/YOPO-ROS2/Controller/install/mavros_msgs/include/mavros_msgs/mavros_msgs/msg/detail/state__rosidl_typesupport_fastrtps_c.h
-- Up-to-date: /home/zhr/YOPO-ROS2/Controller/install/mavros_msgs/include/mavros_msgs/mavros_msgs/msg/detail/attitude_target__rosidl_typesupport_fastrtps_c.h
-- Up-to-date: /home/zhr/YOPO-ROS2/Controller/install/mavros_msgs/include/mavros_msgs/mavros_msgs/srv
-- Up-to-date: /home/zhr/YOPO-ROS2/Controller/install/mavros_msgs/include/mavros_msgs/mavros_msgs/srv/detail
-- Up-to-date: /home/zhr/YOPO-ROS2/Controller/install/mavros_msgs/include/mavros_msgs/mavros_msgs/srv/detail/command_bool__rosidl_typesupport_fastrtps_c.h
-- Up-to-date: /home/zhr/YOPO-ROS2/Controller/install/mavros_msgs/include/mavros_msgs/mavros_msgs/srv/detail/set_mode__rosidl_typesupport_fastrtps_c.h
-- Up-to-date: /home/zhr/YOPO-ROS2/Controller/install/mavros_msgs/lib/libmavros_msgs__rosidl_typesupport_fastrtps_c.so
-- Up-to-date: /home/zhr/YOPO-ROS2/Controller/install/mavros_msgs/include/mavros_msgs/mavros_msgs
-- Up-to-date: /home/zhr/YOPO-ROS2/Controller/install/mavros_msgs/include/mavros_msgs/mavros_msgs/msg
-- Up-to-date: /home/zhr/YOPO-ROS2/Controller/install/mavros_msgs/include/mavros_msgs/mavros_msgs/msg/state.hpp
-- Up-to-date: /home/zhr/YOPO-ROS2/Controller/install/mavros_msgs/include/mavros_msgs/mavros_msgs/msg/detail
-- Up-to-date: /home/zhr/YOPO-ROS2/Controller/install/mavros_msgs/include/mavros_msgs/mavros_msgs/msg/detail/attitude_target__builder.hpp
-- Up-to-date: /home/zhr/YOPO-ROS2/Controller/install/mavros_msgs/include/mavros_msgs/mavros_msgs/msg/detail/state__struct.hpp
-- Up-to-date: /home/zhr/YOPO-ROS2/Controller/install/mavros_msgs/include/mavros_msgs/mavros_msgs/msg/detail/state__traits.hpp
-- Up-to-date: /home/zhr/YOPO-ROS2/Controller/install/mavros_msgs/include/mavros_msgs/mavros_msgs/msg/detail/state__type_support.hpp
-- Up-to-date: /home/zhr/YOPO-ROS2/Controller/install/mavros_msgs/include/mavros_msgs/mavros_msgs/msg/detail/attitude_target__type_support.hpp
-- Up-to-date: /home/zhr/YOPO-ROS2/Controller/install/mavros_msgs/include/mavros_msgs/mavros_msgs/msg/detail/state__builder.hpp
-- Up-to-date: /home/zhr/YOPO-ROS2/Controller/install/mavros_msgs/include/mavros_msgs/mavros_msgs/msg/detail/attitude_target__struct.hpp
-- Up-to-date: /home/zhr/YOPO-ROS2/Controller/install/mavros_msgs/include/mavros_msgs/mavros_msgs/msg/detail/attitude_target__traits.hpp
-- Up-to-date: /home/zhr/YOPO-ROS2/Controller/install/mavros_msgs/include/mavros_msgs/mavros_msgs/msg/attitude_target.hpp
-- Up-to-date: /home/zhr/YOPO-ROS2/Controller/install/mavros_msgs/include/mavros_msgs/mavros_msgs/msg/rosidl_generator_cpp__visibility_control.hpp
-- Up-to-date: /home/zhr/YOPO-ROS2/Controller/install/mavros_msgs/include/mavros_msgs/mavros_msgs/srv
-- Up-to-date: /home/zhr/YOPO-ROS2/Controller/install/mavros_msgs/include/mavros_msgs/mavros_msgs/srv/set_mode.hpp
-- Up-to-date: /home/zhr/YOPO-ROS2/Controller/install/mavros_msgs/include/mavros_msgs/mavros_msgs/srv/command_bool.hpp
-- Up-to-date: /home/zhr/YOPO-ROS2/Controller/install/mavros_msgs/include/mavros_msgs/mavros_msgs/srv/detail
-- Up-to-date: /home/zhr/YOPO-ROS2/Controller/install/mavros_msgs/include/mavros_msgs/mavros_msgs/srv/detail/command_bool__struct.hpp
-- Up-to-date: /home/zhr/YOPO-ROS2/Controller/install/mavros_msgs/include/mavros_msgs/mavros_msgs/srv/detail/set_mode__type_support.hpp
-- Up-to-date: /home/zhr/YOPO-ROS2/Controller/install/mavros_msgs/include/mavros_msgs/mavros_msgs/srv/detail/set_mode__builder.hpp
-- Up-to-date: /home/zhr/YOPO-ROS2/Controller/install/mavros_msgs/include/mavros_msgs/mavros_msgs/srv/detail/set_mode__struct.hpp
-- Up-to-date: /home/zhr/YOPO-ROS2/Controller/install/mavros_msgs/include/mavros_msgs/mavros_msgs/srv/detail/set_mode__traits.hpp
-- Up-to-date: /home/zhr/YOPO-ROS2/Controller/install/mavros_msgs/include/mavros_msgs/mavros_msgs/srv/detail/command_bool__builder.hpp
-- Up-to-date: /home/zhr/YOPO-ROS2/Controller/install/mavros_msgs/include/mavros_msgs/mavros_msgs/srv/detail/command_bool__traits.hpp
-- Up-to-date: /home/zhr/YOPO-ROS2/Controller/install/mavros_msgs/include/mavros_msgs/mavros_msgs/srv/detail/command_bool__type_support.hpp
-- Up-to-date: /home/zhr/YOPO-ROS2/Controller/install/mavros_msgs/include/mavros_msgs/mavros_msgs
-- Up-to-date: /home/zhr/YOPO-ROS2/Controller/install/mavros_msgs/include/mavros_msgs/mavros_msgs/msg
-- Up-to-date: /home/zhr/YOPO-ROS2/Controller/install/mavros_msgs/include/mavros_msgs/mavros_msgs/msg/detail
-- Up-to-date: /home/zhr/YOPO-ROS2/Controller/install/mavros_msgs/include/mavros_msgs/mavros_msgs/msg/detail/dds_fastrtps
-- Up-to-date: /home/zhr/YOPO-ROS2/Controller/install/mavros_msgs/include/mavros_msgs/mavros_msgs/msg/detail/state__rosidl_typesupport_fastrtps_cpp.hpp
-- Up-to-date: /home/zhr/YOPO-ROS2/Controller/install/mavros_msgs/include/mavros_msgs/mavros_msgs/msg/detail/attitude_target__rosidl_typesupport_fastrtps_cpp.hpp
-- Up-to-date: /home/zhr/YOPO-ROS2/Controller/install/mavros_msgs/include/mavros_msgs/mavros_msgs/msg/rosidl_typesupport_fastrtps_cpp__visibility_control.h
-- Up-to-date: /home/zhr/YOPO-ROS2/Controller/install/mavros_msgs/include/mavros_msgs/mavros_msgs/srv
-- Up-to-date: /home/zhr/YOPO-ROS2/Controller/install/mavros_msgs/include/mavros_msgs/mavros_msgs/srv/detail
-- Up-to-date: /home/zhr/YOPO-ROS2/Controller/install/mavros_msgs/include/mavros_msgs/mavros_msgs/srv/detail/command_bool__rosidl_typesupport_fastrtps_cpp.hpp
-- Up-to-date: /home/zhr/YOPO-ROS2/Controller/install/mavros_msgs/include/mavros_msgs/mavros_msgs/srv/detail/dds_fastrtps
-- Up-to-date: /home/zhr/YOPO-ROS2/Controller/install/mavros_msgs/include/mavros_msgs/mavros_msgs/srv/detail/set_mode__rosidl_typesupport_fastrtps_cpp.hpp
-- Up-to-date: /home/zhr/YOPO-ROS2/Controller/install/mavros_msgs/lib/libmavros_msgs__rosidl_typesupport_fastrtps_cpp.so
-- Up-to-date: /home/zhr/YOPO-ROS2/Controller/install/mavros_msgs/include/mavros_msgs/mavros_msgs
-- Up-to-date: /home/zhr/YOPO-ROS2/Controller/install/mavros_msgs/include/mavros_msgs/mavros_msgs/msg
-- Up-to-date: /home/zhr/YOPO-ROS2/Controller/install/mavros_msgs/include/mavros_msgs/mavros_msgs/msg/detail
-- Up-to-date: /home/zhr/YOPO-ROS2/Controller/install/mavros_msgs/include/mavros_msgs/mavros_msgs/msg/detail/attitude_target__type_support.c
-- Up-to-date: /home/zhr/YOPO-ROS2/Controller/install/mavros_msgs/include/mavros_msgs/mavros_msgs/msg/detail/state__rosidl_typesupport_introspection_c.h
-- Up-to-date: /home/zhr/YOPO-ROS2/Controller/install/mavros_msgs/include/mavros_msgs/mavros_msgs/msg/detail/attitude_target__rosidl_typesupport_introspection_c.h
-- Up-to-date: /home/zhr/YOPO-ROS2/Controller/install/mavros_msgs/include/mavros_msgs/mavros_msgs/msg/detail/state__type_support.c
-- Up-to-date: /home/zhr/YOPO-ROS2/Controller/install/mavros_msgs/include/mavros_msgs/mavros_msgs/msg/rosidl_typesupport_introspection_c__visibility_control.h
-- Up-to-date: /home/zhr/YOPO-ROS2/Controller/install/mavros_msgs/include/mavros_msgs/mavros_msgs/srv
-- Up-to-date: /home/zhr/YOPO-ROS2/Controller/install/mavros_msgs/include/mavros_msgs/mavros_msgs/srv/detail
-- Up-to-date: /home/zhr/YOPO-ROS2/Controller/install/mavros_msgs/include/mavros_msgs/mavros_msgs/srv/detail/command_bool__rosidl_typesupport_introspection_c.h
-- Up-to-date: /home/zhr/YOPO-ROS2/Controller/install/mavros_msgs/include/mavros_msgs/mavros_msgs/srv/detail/command_bool__type_support.c
-- Up-to-date: /home/zhr/YOPO-ROS2/Controller/install/mavros_msgs/include/mavros_msgs/mavros_msgs/srv/detail/set_mode__rosidl_typesupport_introspection_c.h
-- Up-to-date: /home/zhr/YOPO-ROS2/Controller/install/mavros_msgs/include/mavros_msgs/mavros_msgs/srv/detail/set_mode__type_support.c
-- Up-to-date: /home/zhr/YOPO-ROS2/Controller/install/mavros_msgs/lib/libmavros_msgs__rosidl_typesupport_introspection_c.so
-- Up-to-date: /home/zhr/YOPO-ROS2/Controller/install/mavros_msgs/lib/libmavros_msgs__rosidl_typesupport_c.so
-- Up-to-date: /home/zhr/YOPO-ROS2/Controller/install/mavros_msgs/include/mavros_msgs/mavros_msgs
-- Up-to-date: /home/zhr/YOPO-ROS2/Controller/install/mavros_msgs/include/mavros_msgs/mavros_msgs/msg
-- Up-to-date: /home/zhr/YOPO-ROS2/Controller/install/mavros_msgs/include/mavros_msgs/mavros_msgs/msg/detail
-- Up-to-date: /home/zhr/YOPO-ROS2/Controller/install/mavros_msgs/include/mavros_msgs/mavros_msgs/msg/detail/state__rosidl_typesupport_introspection_cpp.hpp
-- Up-to-date: /home/zhr/YOPO-ROS2/Controller/install/mavros_msgs/include/mavros_msgs/mavros_msgs/msg/detail/state__type_support.cpp
-- Up-to-date: /home/zhr/YOPO-ROS2/Controller/install/mavros_msgs/include/mavros_msgs/mavros_msgs/msg/detail/attitude_target__rosidl_typesupport_introspection_cpp.hpp
-- Up-to-date: /home/zhr/YOPO-ROS2/Controller/install/mavros_msgs/include/mavros_msgs/mavros_msgs/msg/detail/attitude_target__type_support.cpp
-- Up-to-date: /home/zhr/YOPO-ROS2/Controller/install/mavros_msgs/include/mavros_msgs/mavros_msgs/srv
-- Up-to-date: /home/zhr/YOPO-ROS2/Controller/install/mavros_msgs/include/mavros_msgs/mavros_msgs/srv/detail
-- Up-to-date: /home/zhr/YOPO-ROS2/Controller/install/mavros_msgs/include/mavros_msgs/mavros_msgs/srv/detail/command_bool__rosidl_typesupport_introspection_cpp.hpp
-- Up-to-date: /home/zhr/YOPO-ROS2/Controller/install/mavros_msgs/include/mavros_msgs/mavros_msgs/srv/detail/set_mode__rosidl_typesupport_introspection_cpp.hpp
-- Up-to-date: /home/zhr/YOPO-ROS2/Controller/install/mavros_msgs/include/mavros_msgs/mavros_msgs/srv/detail/set_mode__type_support.cpp
-- Up-to-date: /home/zhr/YOPO-ROS2/Controller/install/mavros_msgs/include/mavros_msgs/mavros_msgs/srv/detail/command_bool__type_support.cpp
-- Up-to-date: /home/zhr/YOPO-ROS2/Controller/install/mavros_msgs/lib/libmavros_msgs__rosidl_typesupport_introspection_cpp.so
-- Up-to-date: /home/zhr/YOPO-ROS2/Controller/install/mavros_msgs/lib/libmavros_msgs__rosidl_typesupport_cpp.so
-- Up-to-date: /home/zhr/YOPO-ROS2/Controller/install/mavros_msgs/share/mavros_msgs/environment/pythonpath.sh
-- Up-to-date: /home/zhr/YOPO-ROS2/Controller/install/mavros_msgs/share/mavros_msgs/environment/pythonpath.dsv
-- Up-to-date: /home/zhr/YOPO-ROS2/Controller/install/mavros_msgs/lib/python3.12/site-packages/mavros_msgs-1.16.0-py3.12.egg-info
-- Installing: /home/zhr/YOPO-ROS2/Controller/install/mavros_msgs/lib/python3.12/site-packages/mavros_msgs-1.16.0-py3.12.egg-info/PKG-INFO
-- Installing: /home/zhr/YOPO-ROS2/Controller/install/mavros_msgs/lib/python3.12/site-packages/mavros_msgs-1.16.0-py3.12.egg-info/top_level.txt
-- Installing: /home/zhr/YOPO-ROS2/Controller/install/mavros_msgs/lib/python3.12/site-packages/mavros_msgs-1.16.0-py3.12.egg-info/SOURCES.txt
-- Installing: /home/zhr/YOPO-ROS2/Controller/install/mavros_msgs/lib/python3.12/site-packages/mavros_msgs-1.16.0-py3.12.egg-info/dependency_links.txt
-- Up-to-date: /home/zhr/YOPO-ROS2/Controller/install/mavros_msgs/lib/python3.12/site-packages/mavros_msgs
-- Up-to-date: /home/zhr/YOPO-ROS2/Controller/install/mavros_msgs/lib/python3.12/site-packages/mavros_msgs/mavros_msgs_s__rosidl_typesupport_c.so
-- Up-to-date: /home/zhr/YOPO-ROS2/Controller/install/mavros_msgs/lib/python3.12/site-packages/mavros_msgs/msg
-- Up-to-date: /home/zhr/YOPO-ROS2/Controller/install/mavros_msgs/lib/python3.12/site-packages/mavros_msgs/msg/_attitude_target.py
-- Up-to-date: /home/zhr/YOPO-ROS2/Controller/install/mavros_msgs/lib/python3.12/site-packages/mavros_msgs/msg/__init__.py
-- Up-to-date: /home/zhr/YOPO-ROS2/Controller/install/mavros_msgs/lib/python3.12/site-packages/mavros_msgs/msg/_state.py
-- Up-to-date: /home/zhr/YOPO-ROS2/Controller/install/mavros_msgs/lib/python3.12/site-packages/mavros_msgs/msg/_attitude_target_s.c
-- Up-to-date: /home/zhr/YOPO-ROS2/Controller/install/mavros_msgs/lib/python3.12/site-packages/mavros_msgs/msg/_state_s.c
-- Up-to-date: /home/zhr/YOPO-ROS2/Controller/install/mavros_msgs/lib/python3.12/site-packages/mavros_msgs/__init__.py
-- Up-to-date: /home/zhr/YOPO-ROS2/Controller/install/mavros_msgs/lib/python3.12/site-packages/mavros_msgs/srv
-- Up-to-date: /home/zhr/YOPO-ROS2/Controller/install/mavros_msgs/lib/python3.12/site-packages/mavros_msgs/srv/_command_bool.py
-- Up-to-date: /home/zhr/YOPO-ROS2/Controller/install/mavros_msgs/lib/python3.12/site-packages/mavros_msgs/srv/__init__.py
-- Up-to-date: /home/zhr/YOPO-ROS2/Controller/install/mavros_msgs/lib/python3.12/site-packages/mavros_msgs/srv/_command_bool_s.c
-- Up-to-date: /home/zhr/YOPO-ROS2/Controller/install/mavros_msgs/lib/python3.12/site-packages/mavros_msgs/srv/_set_mode.py
-- Up-to-date: /home/zhr/YOPO-ROS2/Controller/install/mavros_msgs/lib/python3.12/site-packages/mavros_msgs/srv/_set_mode_s.c
-- Up-to-date: /home/zhr/YOPO-ROS2/Controller/install/mavros_msgs/lib/python3.12/site-packages/mavros_msgs/_mavros_msgs_s.ep.rosidl_typesupport_introspection_c.c
-- Up-to-date: /home/zhr/YOPO-ROS2/Controller/install/mavros_msgs/lib/python3.12/site-packages/mavros_msgs/mavros_msgs_s__rosidl_typesupport_fastrtps_c.so
-- Up-to-date: /home/zhr/YOPO-ROS2/Controller/install/mavros_msgs/lib/python3.12/site-packages/mavros_msgs/_mavros_msgs_s.ep.rosidl_typesupport_fastrtps_c.c
-- Up-to-date: /home/zhr/YOPO-ROS2/Controller/install/mavros_msgs/lib/python3.12/site-packages/mavros_msgs/mavros_msgs_s__rosidl_typesupport_introspection_c.so
-- Up-to-date: /home/zhr/YOPO-ROS2/Controller/install/mavros_msgs/lib/python3.12/site-packages/mavros_msgs/_mavros_msgs_s.ep.rosidl_typesupport_c.c
Listing '/home/zhr/YOPO-ROS2/Controller/install/mavros_msgs/lib/python3.12/site-packages/mavros_msgs'...
Listing '/home/zhr/YOPO-ROS2/Controller/install/mavros_msgs/lib/python3.12/site-packages/mavros_msgs/msg'...
Listing '/home/zhr/YOPO-ROS2/Controller/install/mavros_msgs/lib/python3.12/site-packages/mavros_msgs/srv'...
-- Up-to-date: /home/zhr/YOPO-ROS2/Controller/install/mavros_msgs/lib/python3.12/site-packages/mavros_msgs/mavros_msgs_s__rosidl_typesupport_fastrtps_c.so
-- Up-to-date: /home/zhr/YOPO-ROS2/Controller/install/mavros_msgs/lib/python3.12/site-packages/mavros_msgs/mavros_msgs_s__rosidl_typesupport_introspection_c.so
-- Up-to-date: /home/zhr/YOPO-ROS2/Controller/install/mavros_msgs/lib/python3.12/site-packages/mavros_msgs/mavros_msgs_s__rosidl_typesupport_c.so
-- Up-to-date: /home/zhr/YOPO-ROS2/Controller/install/mavros_msgs/lib/libmavros_msgs__rosidl_generator_py.so
-- Up-to-date: /home/zhr/YOPO-ROS2/Controller/install/mavros_msgs/share/mavros_msgs/msg/AttitudeTarget.idl
-- Up-to-date: /home/zhr/YOPO-ROS2/Controller/install/mavros_msgs/share/mavros_msgs/msg/State.idl
-- Up-to-date: /home/zhr/YOPO-ROS2/Controller/install/mavros_msgs/share/mavros_msgs/srv/CommandBool.idl
-- Up-to-date: /home/zhr/YOPO-ROS2/Controller/install/mavros_msgs/share/mavros_msgs/srv/SetMode.idl
-- Up-to-date: /home/zhr/YOPO-ROS2/Controller/install/mavros_msgs/share/mavros_msgs/msg/AttitudeTarget.msg
-- Up-to-date: /home/zhr/YOPO-ROS2/Controller/install/mavros_msgs/share/mavros_msgs/msg/State.msg
-- Up-to-date: /home/zhr/YOPO-ROS2/Controller/install/mavros_msgs/share/mavros_msgs/srv/CommandBool.srv
-- Up-to-date: /home/zhr/YOPO-ROS2/Controller/install/mavros_msgs/share/mavros_msgs/srv/SetMode.srv
-- Up-to-date: /home/zhr/YOPO-ROS2/Controller/install/mavros_msgs/share/ament_index/resource_index/package_run_dependencies/mavros_msgs
-- Up-to-date: /home/zhr/YOPO-ROS2/Controller/install/mavros_msgs/share/ament_index/resource_index/parent_prefix_path/mavros_msgs
-- Up-to-date: /home/zhr/YOPO-ROS2/Controller/install/mavros_msgs/share/mavros_msgs/environment/ament_prefix_path.sh
-- Up-to-date: /home/zhr/YOPO-ROS2/Controller/install/mavros_msgs/share/mavros_msgs/environment/ament_prefix_path.dsv
-- Up-to-date: /home/zhr/YOPO-ROS2/Controller/install/mavros_msgs/share/mavros_msgs/environment/path.sh
-- Up-to-date: /home/zhr/YOPO-ROS2/Controller/install/mavros_msgs/share/mavros_msgs/environment/path.dsv
-- Up-to-date: /home/zhr/YOPO-ROS2/Controller/install/mavros_msgs/share/mavros_msgs/local_setup.bash
-- Up-to-date: /home/zhr/YOPO-ROS2/Controller/install/mavros_msgs/share/mavros_msgs/local_setup.sh
-- Up-to-date: /home/zhr/YOPO-ROS2/Controller/install/mavros_msgs/share/mavros_msgs/local_setup.zsh
-- Up-to-date: /home/zhr/YOPO-ROS2/Controller/install/mavros_msgs/share/mavros_msgs/local_setup.dsv
-- Installing: /home/zhr/YOPO-ROS2/Controller/install/mavros_msgs/share/mavros_msgs/package.dsv
-- Up-to-date: /home/zhr/YOPO-ROS2/Controller/install/mavros_msgs/share/ament_index/resource_index/packages/mavros_msgs
-- Up-to-date: /home/zhr/YOPO-ROS2/Controller/install/mavros_msgs/share/mavros_msgs/cmake/export_mavros_msgs__rosidl_generator_cExport.cmake
-- Up-to-date: /home/zhr/YOPO-ROS2/Controller/install/mavros_msgs/share/mavros_msgs/cmake/export_mavros_msgs__rosidl_generator_cExport-noconfig.cmake
-- Up-to-date: /home/zhr/YOPO-ROS2/Controller/install/mavros_msgs/share/mavros_msgs/cmake/export_mavros_msgs__rosidl_typesupport_fastrtps_cExport.cmake
-- Up-to-date: /home/zhr/YOPO-ROS2/Controller/install/mavros_msgs/share/mavros_msgs/cmake/export_mavros_msgs__rosidl_typesupport_fastrtps_cExport-noconfig.cmake
-- Up-to-date: /home/zhr/YOPO-ROS2/Controller/install/mavros_msgs/share/mavros_msgs/cmake/export_mavros_msgs__rosidl_generator_cppExport.cmake
-- Up-to-date: /home/zhr/YOPO-ROS2/Controller/install/mavros_msgs/share/mavros_msgs/cmake/export_mavros_msgs__rosidl_typesupport_fastrtps_cppExport.cmake
-- Up-to-date: /home/zhr/YOPO-ROS2/Controller/install/mavros_msgs/share/mavros_msgs/cmake/export_mavros_msgs__rosidl_typesupport_fastrtps_cppExport-noconfig.cmake
-- Up-to-date: /home/zhr/YOPO-ROS2/Controller/install/mavros_msgs/share/mavros_msgs/cmake/mavros_msgs__rosidl_typesupport_introspection_cExport.cmake
-- Up-to-date: /home/zhr/YOPO-ROS2/Controller/install/mavros_msgs/share/mavros_msgs/cmake/mavros_msgs__rosidl_typesupport_introspection_cExport-noconfig.cmake
-- Up-to-date: /home/zhr/YOPO-ROS2/Controller/install/mavros_msgs/share/mavros_msgs/cmake/mavros_msgs__rosidl_typesupport_cExport.cmake
-- Up-to-date: /home/zhr/YOPO-ROS2/Controller/install/mavros_msgs/share/mavros_msgs/cmake/mavros_msgs__rosidl_typesupport_cExport-noconfig.cmake
-- Up-to-date: /home/zhr/YOPO-ROS2/Controller/install/mavros_msgs/share/mavros_msgs/cmake/mavros_msgs__rosidl_typesupport_introspection_cppExport.cmake
-- Up-to-date: /home/zhr/YOPO-ROS2/Controller/install/mavros_msgs/share/mavros_msgs/cmake/mavros_msgs__rosidl_typesupport_introspection_cppExport-noconfig.cmake
-- Up-to-date: /home/zhr/YOPO-ROS2/Controller/install/mavros_msgs/share/mavros_msgs/cmake/mavros_msgs__rosidl_typesupport_cppExport.cmake
-- Up-to-date: /home/zhr/YOPO-ROS2/Controller/install/mavros_msgs/share/mavros_msgs/cmake/mavros_msgs__rosidl_typesupport_cppExport-noconfig.cmake
-- Up-to-date: /home/zhr/YOPO-ROS2/Controller/install/mavros_msgs/share/mavros_msgs/cmake/export_mavros_msgs__rosidl_generator_pyExport.cmake
-- Up-to-date: /home/zhr/YOPO-ROS2/Controller/install/mavros_msgs/share/mavros_msgs/cmake/export_mavros_msgs__rosidl_generator_pyExport-noconfig.cmake
-- Up-to-date: /home/zhr/YOPO-ROS2/Controller/install/mavros_msgs/share/mavros_msgs/cmake/rosidl_cmake-extras.cmake
-- Up-to-date: /home/zhr/YOPO-ROS2/Controller/install/mavros_msgs/share/mavros_msgs/cmake/ament_cmake_export_dependencies-extras.cmake
-- Up-to-date: /home/zhr/YOPO-ROS2/Controller/install/mavros_msgs/share/mavros_msgs/cmake/ament_cmake_export_include_directories-extras.cmake
-- Up-to-date: /home/zhr/YOPO-ROS2/Controller/install/mavros_msgs/share/mavros_msgs/cmake/ament_cmake_export_libraries-extras.cmake
-- Up-to-date: /home/zhr/YOPO-ROS2/Controller/install/mavros_msgs/share/mavros_msgs/cmake/ament_cmake_export_targets-extras.cmake
-- Up-to-date: /home/zhr/YOPO-ROS2/Controller/install/mavros_msgs/share/mavros_msgs/cmake/rosidl_cmake_export_typesupport_targets-extras.cmake
-- Up-to-date: /home/zhr/YOPO-ROS2/Controller/install/mavros_msgs/share/mavros_msgs/cmake/rosidl_cmake_export_typesupport_libraries-extras.cmake
-- Up-to-date: /home/zhr/YOPO-ROS2/Controller/install/mavros_msgs/share/mavros_msgs/cmake/mavros_msgsConfig.cmake
-- Up-to-date: /home/zhr/YOPO-ROS2/Controller/install/mavros_msgs/share/mavros_msgs/cmake/mavros_msgsConfig-version.cmake
-- Up-to-date: /home/zhr/YOPO-ROS2/Controller/install/mavros_msgs/share/mavros_msgs/package.xml
