[0.044s] DEBUG:colcon:Command line arguments: ['/usr/bin/colcon', 'build']
[0.044s] DEBUG:colcon:Parsed command line arguments: Namespace(log_base=None, log_level=None, verb_name='build', build_base='build', install_base='install', merge_install=False, symlink_install=False, test_result_base=None, continue_on_error=False, executor='parallel', parallel_workers=32, event_handlers=None, ignore_user_meta=False, metas=['./colcon.meta'], base_paths=['.'], packages_ignore=None, packages_ignore_regex=None, paths=None, packages_up_to=None, packages_up_to_regex=None, packages_above=None, packages_above_and_dependencies=None, packages_above_depth=None, packages_select_by_dep=None, packages_skip_by_dep=None, packages_skip_up_to=None, packages_select_build_failed=False, packages_skip_build_finished=False, packages_select_test_failures=False, packages_skip_test_passed=False, packages_select=None, packages_skip=None, packages_select_regex=None, packages_skip_regex=None, packages_start=None, packages_end=None, allow_overriding=[], cmake_args=None, cmake_target=None, cmake_target_skip_unavailable=False, cmake_clean_cache=False, cmake_clean_first=False, cmake_force_configure=False, ament_cmake_args=None, catkin_cmake_args=None, catkin_skip_building_tests=False, verb_parser=<colcon_defaults.argument_parser.defaults.DefaultArgumentsDecorator object at 0x7691e55458b0>, verb_extension=<colcon_core.verb.build.BuildVerb object at 0x7691e5693080>, main=<bound method BuildVerb.main of <colcon_core.verb.build.BuildVerb object at 0x7691e5693080>>)
[0.060s] Level 1:colcon.colcon_core.package_discovery:discover_packages(colcon_meta) check parameters
[0.060s] Level 1:colcon.colcon_core.package_discovery:discover_packages(recursive) check parameters
[0.060s] Level 1:colcon.colcon_core.package_discovery:discover_packages(ignore) check parameters
[0.060s] Level 1:colcon.colcon_core.package_discovery:discover_packages(path) check parameters
[0.060s] Level 1:colcon.colcon_core.package_discovery:discover_packages(colcon_meta) discover
[0.060s] Level 1:colcon.colcon_core.package_discovery:discover_packages(recursive) discover
[0.060s] INFO:colcon.colcon_core.package_discovery:Crawling recursively for packages in '/home/zhr/YOPO-ROS2/Simulator'
[0.060s] Level 1:colcon.colcon_core.package_identification:_identify(.) by extensions ['ignore', 'ignore_ament_install']
[0.061s] Level 1:colcon.colcon_core.package_identification:_identify(.) by extension 'ignore'
[0.061s] Level 1:colcon.colcon_core.package_identification:_identify(.) by extension 'ignore_ament_install'
[0.061s] Level 1:colcon.colcon_core.package_identification:_identify(.) by extensions ['colcon_pkg']
[0.061s] Level 1:colcon.colcon_core.package_identification:_identify(.) by extension 'colcon_pkg'
[0.061s] Level 1:colcon.colcon_core.package_identification:_identify(.) by extensions ['colcon_meta']
[0.061s] Level 1:colcon.colcon_core.package_identification:_identify(.) by extension 'colcon_meta'
[0.061s] Level 1:colcon.colcon_core.package_identification:_identify(.) by extensions ['ros']
[0.061s] Level 1:colcon.colcon_core.package_identification:_identify(.) by extension 'ros'
[0.073s] Level 1:colcon.colcon_core.package_identification:_identify(.) by extensions ['cmake', 'python']
[0.073s] Level 1:colcon.colcon_core.package_identification:_identify(.) by extension 'cmake'
[0.073s] Level 1:colcon.colcon_core.package_identification:_identify(.) by extension 'python'
[0.073s] Level 1:colcon.colcon_core.package_identification:_identify(.) by extensions ['python_setup_py']
[0.073s] Level 1:colcon.colcon_core.package_identification:_identify(.) by extension 'python_setup_py'
[0.073s] Level 1:colcon.colcon_core.package_identification:_identify(build) by extensions ['ignore', 'ignore_ament_install']
[0.073s] Level 1:colcon.colcon_core.package_identification:_identify(build) by extension 'ignore'
[0.073s] Level 1:colcon.colcon_core.package_identification:_identify(build) ignored
[0.073s] Level 1:colcon.colcon_core.package_identification:_identify(install) by extensions ['ignore', 'ignore_ament_install']
[0.073s] Level 1:colcon.colcon_core.package_identification:_identify(install) by extension 'ignore'
[0.073s] Level 1:colcon.colcon_core.package_identification:_identify(install) ignored
[0.073s] Level 1:colcon.colcon_core.package_identification:_identify(log) by extensions ['ignore', 'ignore_ament_install']
[0.073s] Level 1:colcon.colcon_core.package_identification:_identify(log) by extension 'ignore'
[0.074s] Level 1:colcon.colcon_core.package_identification:_identify(log) ignored
[0.074s] Level 1:colcon.colcon_core.package_identification:_identify(src) by extensions ['ignore', 'ignore_ament_install']
[0.074s] Level 1:colcon.colcon_core.package_identification:_identify(src) by extension 'ignore'
[0.074s] Level 1:colcon.colcon_core.package_identification:_identify(src) by extension 'ignore_ament_install'
[0.074s] Level 1:colcon.colcon_core.package_identification:_identify(src) by extensions ['colcon_pkg']
[0.074s] Level 1:colcon.colcon_core.package_identification:_identify(src) by extension 'colcon_pkg'
[0.074s] Level 1:colcon.colcon_core.package_identification:_identify(src) by extensions ['colcon_meta']
[0.074s] Level 1:colcon.colcon_core.package_identification:_identify(src) by extension 'colcon_meta'
[0.074s] Level 1:colcon.colcon_core.package_identification:_identify(src) by extensions ['ros']
[0.074s] Level 1:colcon.colcon_core.package_identification:_identify(src) by extension 'ros'
[0.076s] DEBUG:colcon.colcon_core.package_identification:Package 'src' with type 'ros.ament_cmake' and name 'sensor_simulator'
[0.076s] Level 1:colcon.colcon_core.package_discovery:discover_packages(recursive) using defaults
[0.076s] Level 1:colcon.colcon_core.package_discovery:discover_packages(ignore) discover
[0.076s] Level 1:colcon.colcon_core.package_discovery:discover_packages(ignore) using defaults
[0.076s] Level 1:colcon.colcon_core.package_discovery:discover_packages(path) discover
[0.076s] Level 1:colcon.colcon_core.package_discovery:discover_packages(path) using defaults
[0.084s] Level 1:colcon.colcon_core.package_discovery:discover_packages(prefix_path) check parameters
[0.084s] Level 1:colcon.colcon_core.package_discovery:discover_packages(prefix_path) discover
[0.085s] DEBUG:colcon.colcon_installed_package_information.package_discovery:Found 287 installed packages in /opt/ros/jazzy
[0.086s] Level 1:colcon.colcon_core.package_discovery:discover_packages(prefix_path) using defaults
[0.102s] Level 5:colcon.colcon_core.verb:set package 'sensor_simulator' build argument 'cmake_args' from command line to 'None'
[0.102s] Level 5:colcon.colcon_core.verb:set package 'sensor_simulator' build argument 'cmake_target' from command line to 'None'
[0.102s] Level 5:colcon.colcon_core.verb:set package 'sensor_simulator' build argument 'cmake_target_skip_unavailable' from command line to 'False'
[0.102s] Level 5:colcon.colcon_core.verb:set package 'sensor_simulator' build argument 'cmake_clean_cache' from command line to 'False'
[0.102s] Level 5:colcon.colcon_core.verb:set package 'sensor_simulator' build argument 'cmake_clean_first' from command line to 'False'
[0.102s] Level 5:colcon.colcon_core.verb:set package 'sensor_simulator' build argument 'cmake_force_configure' from command line to 'False'
[0.102s] Level 5:colcon.colcon_core.verb:set package 'sensor_simulator' build argument 'ament_cmake_args' from command line to 'None'
[0.102s] Level 5:colcon.colcon_core.verb:set package 'sensor_simulator' build argument 'catkin_cmake_args' from command line to 'None'
[0.102s] Level 5:colcon.colcon_core.verb:set package 'sensor_simulator' build argument 'catkin_skip_building_tests' from command line to 'False'
[0.102s] DEBUG:colcon.colcon_core.verb:Building package 'sensor_simulator' with the following arguments: {'ament_cmake_args': None, 'build_base': '/home/zhr/YOPO-ROS2/Simulator/build/sensor_simulator', 'catkin_cmake_args': None, 'catkin_skip_building_tests': False, 'cmake_args': None, 'cmake_clean_cache': False, 'cmake_clean_first': False, 'cmake_force_configure': False, 'cmake_target': None, 'cmake_target_skip_unavailable': False, 'install_base': '/home/zhr/YOPO-ROS2/Simulator/install/sensor_simulator', 'merge_install': False, 'path': '/home/zhr/YOPO-ROS2/Simulator/src', 'symlink_install': False, 'test_result_base': None}
[0.102s] INFO:colcon.colcon_core.executor:Executing jobs using 'parallel' executor
[0.102s] DEBUG:colcon.colcon_parallel_executor.executor.parallel:run_until_complete
[0.103s] INFO:colcon.colcon_ros.task.ament_cmake.build:Building ROS package in '/home/zhr/YOPO-ROS2/Simulator/src' with build type 'ament_cmake'
[0.103s] INFO:colcon.colcon_cmake.task.cmake.build:Building CMake package in '/home/zhr/YOPO-ROS2/Simulator/src'
[0.103s] INFO:colcon.colcon_core.plugin_system:Skipping extension 'colcon_core.shell.bat': Not used on non-Windows systems
[0.103s] INFO:colcon.colcon_core.shell:Skip shell extension 'powershell' for command environment: Not usable outside of PowerShell
[0.103s] DEBUG:colcon.colcon_core.shell:Skip shell extension 'dsv' for command environment
[0.107s] DEBUG:colcon.colcon_core.event_handler.log_command:Invoking command in '/home/zhr/YOPO-ROS2/Simulator/build/sensor_simulator': CMAKE_PREFIX_PATH=${CMAKE_PREFIX_PATH}:/opt/ros/jazzy DEBUGINFOD_URLS=https://debuginfod.ubuntu.com /usr/bin/cmake /home/zhr/YOPO-ROS2/Simulator/src -DCMAKE_INSTALL_PREFIX=/home/zhr/YOPO-ROS2/Simulator/install/sensor_simulator
[2.770s] DEBUG:colcon.colcon_core.event_handler.log_command:Invoked command in '/home/zhr/YOPO-ROS2/Simulator/build/sensor_simulator' returned '0': CMAKE_PREFIX_PATH=${CMAKE_PREFIX_PATH}:/opt/ros/jazzy DEBUGINFOD_URLS=https://debuginfod.ubuntu.com /usr/bin/cmake /home/zhr/YOPO-ROS2/Simulator/src -DCMAKE_INSTALL_PREFIX=/home/zhr/YOPO-ROS2/Simulator/install/sensor_simulator
[2.771s] DEBUG:colcon.colcon_core.event_handler.log_command:Invoking command in '/home/zhr/YOPO-ROS2/Simulator/build/sensor_simulator': CMAKE_PREFIX_PATH=${CMAKE_PREFIX_PATH}:/opt/ros/jazzy DEBUGINFOD_URLS=https://debuginfod.ubuntu.com /usr/bin/cmake --build /home/zhr/YOPO-ROS2/Simulator/build/sensor_simulator -- -j32 -l32
[23.435s] DEBUG:colcon.colcon_core.event_handler.log_command:Invoked command in '/home/zhr/YOPO-ROS2/Simulator/build/sensor_simulator' returned '0': CMAKE_PREFIX_PATH=${CMAKE_PREFIX_PATH}:/opt/ros/jazzy DEBUGINFOD_URLS=https://debuginfod.ubuntu.com /usr/bin/cmake --build /home/zhr/YOPO-ROS2/Simulator/build/sensor_simulator -- -j32 -l32
[23.439s] DEBUG:colcon.colcon_core.event_handler.log_command:Invoking command in '/home/zhr/YOPO-ROS2/Simulator/build/sensor_simulator': CMAKE_PREFIX_PATH=${CMAKE_PREFIX_PATH}:/opt/ros/jazzy DEBUGINFOD_URLS=https://debuginfod.ubuntu.com /usr/bin/cmake --install /home/zhr/YOPO-ROS2/Simulator/build/sensor_simulator
[23.446s] Level 1:colcon.colcon_core.environment:create_environment_scripts_only(sensor_simulator)
[23.446s] DEBUG:colcon.colcon_core.event_handler.log_command:Invoked command in '/home/zhr/YOPO-ROS2/Simulator/build/sensor_simulator' returned '0': CMAKE_PREFIX_PATH=${CMAKE_PREFIX_PATH}:/opt/ros/jazzy DEBUGINFOD_URLS=https://debuginfod.ubuntu.com /usr/bin/cmake --install /home/zhr/YOPO-ROS2/Simulator/build/sensor_simulator
[23.447s] Level 1:colcon.colcon_core.environment:checking '/home/zhr/YOPO-ROS2/Simulator/install/sensor_simulator' for CMake module files
[23.447s] Level 1:colcon.colcon_core.environment:checking '/home/zhr/YOPO-ROS2/Simulator/install/sensor_simulator' for CMake config files
[23.447s] Level 1:colcon.colcon_core.shell:create_environment_hook('sensor_simulator', 'cmake_prefix_path')
[23.447s] INFO:colcon.colcon_core.shell:Creating environment hook '/home/zhr/YOPO-ROS2/Simulator/install/sensor_simulator/share/sensor_simulator/hook/cmake_prefix_path.ps1'
[23.448s] INFO:colcon.colcon_core.shell:Creating environment descriptor '/home/zhr/YOPO-ROS2/Simulator/install/sensor_simulator/share/sensor_simulator/hook/cmake_prefix_path.dsv'
[23.448s] INFO:colcon.colcon_core.shell:Creating environment hook '/home/zhr/YOPO-ROS2/Simulator/install/sensor_simulator/share/sensor_simulator/hook/cmake_prefix_path.sh'
[23.448s] Level 1:colcon.colcon_core.environment:checking '/home/zhr/YOPO-ROS2/Simulator/install/sensor_simulator/lib'
[23.448s] Level 1:colcon.colcon_core.environment:checking '/home/zhr/YOPO-ROS2/Simulator/install/sensor_simulator/bin'
[23.448s] Level 1:colcon.colcon_core.environment:checking '/home/zhr/YOPO-ROS2/Simulator/install/sensor_simulator/lib/pkgconfig/sensor_simulator.pc'
[23.448s] Level 1:colcon.colcon_core.environment:checking '/home/zhr/YOPO-ROS2/Simulator/install/sensor_simulator/lib/python3.12/site-packages'
[23.449s] Level 1:colcon.colcon_core.environment:checking '/home/zhr/YOPO-ROS2/Simulator/install/sensor_simulator/bin'
[23.449s] INFO:colcon.colcon_core.shell:Creating package script '/home/zhr/YOPO-ROS2/Simulator/install/sensor_simulator/share/sensor_simulator/package.ps1'
[23.449s] INFO:colcon.colcon_core.shell:Creating package descriptor '/home/zhr/YOPO-ROS2/Simulator/install/sensor_simulator/share/sensor_simulator/package.dsv'
[23.449s] INFO:colcon.colcon_core.shell:Creating package script '/home/zhr/YOPO-ROS2/Simulator/install/sensor_simulator/share/sensor_simulator/package.sh'
[23.449s] INFO:colcon.colcon_core.shell:Creating package script '/home/zhr/YOPO-ROS2/Simulator/install/sensor_simulator/share/sensor_simulator/package.bash'
[23.450s] INFO:colcon.colcon_core.shell:Creating package script '/home/zhr/YOPO-ROS2/Simulator/install/sensor_simulator/share/sensor_simulator/package.zsh'
[23.450s] Level 1:colcon.colcon_core.environment:create_file_with_runtime_dependencies(/home/zhr/YOPO-ROS2/Simulator/install/sensor_simulator/share/colcon-core/packages/sensor_simulator)
[23.450s] Level 1:colcon.colcon_core.environment:create_environment_scripts_only(sensor_simulator)
[23.450s] Level 1:colcon.colcon_core.environment:checking '/home/zhr/YOPO-ROS2/Simulator/install/sensor_simulator' for CMake module files
[23.450s] Level 1:colcon.colcon_core.environment:checking '/home/zhr/YOPO-ROS2/Simulator/install/sensor_simulator' for CMake config files
[23.451s] Level 1:colcon.colcon_core.shell:create_environment_hook('sensor_simulator', 'cmake_prefix_path')
[23.451s] INFO:colcon.colcon_core.shell:Creating environment hook '/home/zhr/YOPO-ROS2/Simulator/install/sensor_simulator/share/sensor_simulator/hook/cmake_prefix_path.ps1'
[23.451s] INFO:colcon.colcon_core.shell:Creating environment descriptor '/home/zhr/YOPO-ROS2/Simulator/install/sensor_simulator/share/sensor_simulator/hook/cmake_prefix_path.dsv'
[23.451s] INFO:colcon.colcon_core.shell:Creating environment hook '/home/zhr/YOPO-ROS2/Simulator/install/sensor_simulator/share/sensor_simulator/hook/cmake_prefix_path.sh'
[23.451s] Level 1:colcon.colcon_core.environment:checking '/home/zhr/YOPO-ROS2/Simulator/install/sensor_simulator/lib'
[23.451s] Level 1:colcon.colcon_core.environment:checking '/home/zhr/YOPO-ROS2/Simulator/install/sensor_simulator/bin'
[23.451s] Level 1:colcon.colcon_core.environment:checking '/home/zhr/YOPO-ROS2/Simulator/install/sensor_simulator/lib/pkgconfig/sensor_simulator.pc'
[23.451s] Level 1:colcon.colcon_core.environment:checking '/home/zhr/YOPO-ROS2/Simulator/install/sensor_simulator/lib/python3.12/site-packages'
[23.451s] Level 1:colcon.colcon_core.environment:checking '/home/zhr/YOPO-ROS2/Simulator/install/sensor_simulator/bin'
[23.451s] INFO:colcon.colcon_core.shell:Creating package script '/home/zhr/YOPO-ROS2/Simulator/install/sensor_simulator/share/sensor_simulator/package.ps1'
[23.452s] INFO:colcon.colcon_core.shell:Creating package descriptor '/home/zhr/YOPO-ROS2/Simulator/install/sensor_simulator/share/sensor_simulator/package.dsv'
[23.452s] INFO:colcon.colcon_core.shell:Creating package script '/home/zhr/YOPO-ROS2/Simulator/install/sensor_simulator/share/sensor_simulator/package.sh'
[23.452s] INFO:colcon.colcon_core.shell:Creating package script '/home/zhr/YOPO-ROS2/Simulator/install/sensor_simulator/share/sensor_simulator/package.bash'
[23.452s] INFO:colcon.colcon_core.shell:Creating package script '/home/zhr/YOPO-ROS2/Simulator/install/sensor_simulator/share/sensor_simulator/package.zsh'
[23.453s] Level 1:colcon.colcon_core.environment:create_file_with_runtime_dependencies(/home/zhr/YOPO-ROS2/Simulator/install/sensor_simulator/share/colcon-core/packages/sensor_simulator)
[23.453s] DEBUG:colcon.colcon_parallel_executor.executor.parallel:closing loop
[23.453s] DEBUG:colcon.colcon_parallel_executor.executor.parallel:loop closed
[23.453s] DEBUG:colcon.colcon_parallel_executor.executor.parallel:run_until_complete finished with '0'
[23.453s] DEBUG:colcon.colcon_core.event_reactor:joining thread
[23.455s] INFO:colcon.colcon_core.plugin_system:Skipping extension 'colcon_notification.desktop_notification.terminal_notifier': Not used on non-Darwin systems
[23.455s] INFO:colcon.colcon_core.plugin_system:Skipping extension 'colcon_notification.desktop_notification.win32': Not used on non-Windows systems
[23.455s] INFO:colcon.colcon_notification.desktop_notification:Sending desktop notification using 'notify2'
[23.469s] DEBUG:colcon.colcon_core.event_reactor:joined thread
[23.469s] INFO:colcon.colcon_core.shell:Creating prefix script '/home/zhr/YOPO-ROS2/Simulator/install/local_setup.ps1'
[23.470s] INFO:colcon.colcon_core.shell:Creating prefix util module '/home/zhr/YOPO-ROS2/Simulator/install/_local_setup_util_ps1.py'
[23.470s] INFO:colcon.colcon_core.shell:Creating prefix chain script '/home/zhr/YOPO-ROS2/Simulator/install/setup.ps1'
[23.471s] INFO:colcon.colcon_core.shell:Creating prefix script '/home/zhr/YOPO-ROS2/Simulator/install/local_setup.sh'
[23.471s] INFO:colcon.colcon_core.shell:Creating prefix util module '/home/zhr/YOPO-ROS2/Simulator/install/_local_setup_util_sh.py'
[23.471s] INFO:colcon.colcon_core.shell:Creating prefix chain script '/home/zhr/YOPO-ROS2/Simulator/install/setup.sh'
[23.471s] INFO:colcon.colcon_core.shell:Creating prefix script '/home/zhr/YOPO-ROS2/Simulator/install/local_setup.bash'
[23.472s] INFO:colcon.colcon_core.shell:Creating prefix chain script '/home/zhr/YOPO-ROS2/Simulator/install/setup.bash'
[23.472s] INFO:colcon.colcon_core.shell:Creating prefix script '/home/zhr/YOPO-ROS2/Simulator/install/local_setup.zsh'
[23.472s] INFO:colcon.colcon_core.shell:Creating prefix chain script '/home/zhr/YOPO-ROS2/Simulator/install/setup.zsh'
