[0.007s] Invoking command in '/home/zhr/YOPO-ROS2/Controller/build/mavros_msgs': CMAKE_PREFIX_PATH=${CMAKE_PREFIX_PATH}:/opt/ros/jazzy CONDA_PROMPT_MODIFIER=(yopo) DEBUGINFOD_URLS=https://debuginfod.ubuntu.com /usr/bin/cmake --build /home/zhr/YOPO-ROS2/Controller/build/mavros_msgs -- -j32 -l32
[0.029s] [  1%] Built target mavros_msgs__rosidl_generator_type_description
[0.033s] [  1%] Built target ament_cmake_python_copy_mavros_msgs
[0.038s] [  3%] Built target mavros_msgs__cpp
[0.040s] [ 25%] Built target mavros_msgs__rosidl_generator_c
[0.051s] [ 43%] Built target mavros_msgs__rosidl_typesupport_introspection_c
[0.051s] [ 43%] Built target mavros_msgs__rosidl_typesupport_c
[0.052s] [ 59%] Built target mavros_msgs__rosidl_typesupport_fastrtps_cpp
[0.052s] [ 62%] Built target mavros_msgs__rosidl_typesupport_cpp
[0.053s] [ 73%] Built target mavros_msgs__rosidl_typesupport_fastrtps_c
[0.053s] [ 81%] Built target mavros_msgs__rosidl_typesupport_introspection_cpp
[0.061s] [ 81%] Built target mavros_msgs
[0.071s] [ 82%] Built target mavros_msgs__py
[0.083s] [ 90%] Built target mavros_msgs__rosidl_generator_py
[0.093s] [ 93%] Built target mavros_msgs_s__rosidl_typesupport_c
[0.093s] [ 96%] Built target mavros_msgs_s__rosidl_typesupport_fastrtps_c
[0.093s] [100%] Built target mavros_msgs_s__rosidl_typesupport_introspection_c
[0.126s] running egg_info
[0.133s] writing mavros_msgs.egg-info/PKG-INFO
[0.133s] writing dependency_links to mavros_msgs.egg-info/dependency_links.txt
[0.133s] writing top-level names to mavros_msgs.egg-info/top_level.txt
[0.151s] reading manifest file 'mavros_msgs.egg-info/SOURCES.txt'
[0.152s] writing manifest file 'mavros_msgs.egg-info/SOURCES.txt'
[0.169s] [100%] Built target ament_cmake_python_build_mavros_msgs_egg
[0.175s] Invoked command in '/home/zhr/YOPO-ROS2/Controller/build/mavros_msgs' returned '0': CMAKE_PREFIX_PATH=${CMAKE_PREFIX_PATH}:/opt/ros/jazzy CONDA_PROMPT_MODIFIER=(yopo) DEBUGINFOD_URLS=https://debuginfod.ubuntu.com /usr/bin/cmake --build /home/zhr/YOPO-ROS2/Controller/build/mavros_msgs -- -j32 -l32
[0.176s] Invoking command in '/home/zhr/YOPO-ROS2/Controller/build/mavros_msgs': CMAKE_PREFIX_PATH=${CMAKE_PREFIX_PATH}:/opt/ros/jazzy CONDA_PROMPT_MODIFIER=(yopo) DEBUGINFOD_URLS=https://debuginfod.ubuntu.com /usr/bin/cmake --install /home/zhr/YOPO-ROS2/Controller/build/mavros_msgs
[0.180s] -- Install configuration: ""
[0.180s] -- Up-to-date: /home/zhr/YOPO-ROS2/Controller/install/mavros_msgs/share/ament_index/resource_index/rosidl_interfaces/mavros_msgs
[0.180s] -- Up-to-date: /home/zhr/YOPO-ROS2/Controller/install/mavros_msgs/share/mavros_msgs/msg/AttitudeTarget.json
[0.180s] -- Up-to-date: /home/zhr/YOPO-ROS2/Controller/install/mavros_msgs/share/mavros_msgs/msg/State.json
[0.180s] -- Up-to-date: /home/zhr/YOPO-ROS2/Controller/install/mavros_msgs/share/mavros_msgs/srv/CommandBool.json
[0.180s] -- Up-to-date: /home/zhr/YOPO-ROS2/Controller/install/mavros_msgs/share/mavros_msgs/srv/SetMode.json
[0.180s] -- Up-to-date: /home/zhr/YOPO-ROS2/Controller/install/mavros_msgs/include/mavros_msgs/mavros_msgs
[0.180s] -- Up-to-date: /home/zhr/YOPO-ROS2/Controller/install/mavros_msgs/include/mavros_msgs/mavros_msgs/msg
[0.180s] -- Up-to-date: /home/zhr/YOPO-ROS2/Controller/install/mavros_msgs/include/mavros_msgs/mavros_msgs/msg/detail
[0.180s] -- Up-to-date: /home/zhr/YOPO-ROS2/Controller/install/mavros_msgs/include/mavros_msgs/mavros_msgs/msg/detail/attitude_target__type_support.c
[0.180s] -- Up-to-date: /home/zhr/YOPO-ROS2/Controller/install/mavros_msgs/include/mavros_msgs/mavros_msgs/msg/detail/state__functions.h
[0.180s] -- Up-to-date: /home/zhr/YOPO-ROS2/Controller/install/mavros_msgs/include/mavros_msgs/mavros_msgs/msg/detail/state__functions.c
[0.180s] -- Up-to-date: /home/zhr/YOPO-ROS2/Controller/install/mavros_msgs/include/mavros_msgs/mavros_msgs/msg/detail/attitude_target__description.c
[0.180s] -- Up-to-date: /home/zhr/YOPO-ROS2/Controller/install/mavros_msgs/include/mavros_msgs/mavros_msgs/msg/detail/state__description.c
[0.180s] -- Up-to-date: /home/zhr/YOPO-ROS2/Controller/install/mavros_msgs/include/mavros_msgs/mavros_msgs/msg/detail/attitude_target__struct.h
[0.180s] -- Up-to-date: /home/zhr/YOPO-ROS2/Controller/install/mavros_msgs/include/mavros_msgs/mavros_msgs/msg/detail/state__type_support.c
[0.180s] -- Up-to-date: /home/zhr/YOPO-ROS2/Controller/install/mavros_msgs/include/mavros_msgs/mavros_msgs/msg/detail/state__struct.h
[0.180s] -- Up-to-date: /home/zhr/YOPO-ROS2/Controller/install/mavros_msgs/include/mavros_msgs/mavros_msgs/msg/detail/state__type_support.h
[0.180s] -- Up-to-date: /home/zhr/YOPO-ROS2/Controller/install/mavros_msgs/include/mavros_msgs/mavros_msgs/msg/detail/attitude_target__functions.h
[0.180s] -- Up-to-date: /home/zhr/YOPO-ROS2/Controller/install/mavros_msgs/include/mavros_msgs/mavros_msgs/msg/detail/attitude_target__type_support.h
[0.180s] -- Up-to-date: /home/zhr/YOPO-ROS2/Controller/install/mavros_msgs/include/mavros_msgs/mavros_msgs/msg/detail/attitude_target__functions.c
[0.180s] -- Up-to-date: /home/zhr/YOPO-ROS2/Controller/install/mavros_msgs/include/mavros_msgs/mavros_msgs/msg/attitude_target.h
[0.180s] -- Up-to-date: /home/zhr/YOPO-ROS2/Controller/install/mavros_msgs/include/mavros_msgs/mavros_msgs/msg/state.h
[0.180s] -- Up-to-date: /home/zhr/YOPO-ROS2/Controller/install/mavros_msgs/include/mavros_msgs/mavros_msgs/msg/rosidl_generator_c__visibility_control.h
[0.180s] -- Up-to-date: /home/zhr/YOPO-ROS2/Controller/install/mavros_msgs/include/mavros_msgs/mavros_msgs/srv
[0.180s] -- Up-to-date: /home/zhr/YOPO-ROS2/Controller/install/mavros_msgs/include/mavros_msgs/mavros_msgs/srv/detail
[0.180s] -- Up-to-date: /home/zhr/YOPO-ROS2/Controller/install/mavros_msgs/include/mavros_msgs/mavros_msgs/srv/detail/set_mode__description.c
[0.180s] -- Up-to-date: /home/zhr/YOPO-ROS2/Controller/install/mavros_msgs/include/mavros_msgs/mavros_msgs/srv/detail/set_mode__struct.h
[0.180s] -- Up-to-date: /home/zhr/YOPO-ROS2/Controller/install/mavros_msgs/include/mavros_msgs/mavros_msgs/srv/detail/command_bool__functions.c
[0.181s] -- Up-to-date: /home/zhr/YOPO-ROS2/Controller/install/mavros_msgs/include/mavros_msgs/mavros_msgs/srv/detail/set_mode__functions.h
[0.181s] -- Up-to-date: /home/zhr/YOPO-ROS2/Controller/install/mavros_msgs/include/mavros_msgs/mavros_msgs/srv/detail/command_bool__type_support.c
[0.181s] -- Up-to-date: /home/zhr/YOPO-ROS2/Controller/install/mavros_msgs/include/mavros_msgs/mavros_msgs/srv/detail/command_bool__type_support.h
[0.181s] -- Up-to-date: /home/zhr/YOPO-ROS2/Controller/install/mavros_msgs/include/mavros_msgs/mavros_msgs/srv/detail/command_bool__struct.h
[0.181s] -- Up-to-date: /home/zhr/YOPO-ROS2/Controller/install/mavros_msgs/include/mavros_msgs/mavros_msgs/srv/detail/set_mode__functions.c
[0.181s] -- Up-to-date: /home/zhr/YOPO-ROS2/Controller/install/mavros_msgs/include/mavros_msgs/mavros_msgs/srv/detail/command_bool__description.c
[0.181s] -- Up-to-date: /home/zhr/YOPO-ROS2/Controller/install/mavros_msgs/include/mavros_msgs/mavros_msgs/srv/detail/set_mode__type_support.h
[0.181s] -- Up-to-date: /home/zhr/YOPO-ROS2/Controller/install/mavros_msgs/include/mavros_msgs/mavros_msgs/srv/detail/set_mode__type_support.c
[0.181s] -- Up-to-date: /home/zhr/YOPO-ROS2/Controller/install/mavros_msgs/include/mavros_msgs/mavros_msgs/srv/detail/command_bool__functions.h
[0.181s] -- Up-to-date: /home/zhr/YOPO-ROS2/Controller/install/mavros_msgs/include/mavros_msgs/mavros_msgs/srv/command_bool.h
[0.181s] -- Up-to-date: /home/zhr/YOPO-ROS2/Controller/install/mavros_msgs/include/mavros_msgs/mavros_msgs/srv/set_mode.h
[0.181s] -- Up-to-date: /home/zhr/YOPO-ROS2/Controller/install/mavros_msgs/share/mavros_msgs/environment/library_path.sh
[0.181s] -- Up-to-date: /home/zhr/YOPO-ROS2/Controller/install/mavros_msgs/share/mavros_msgs/environment/library_path.dsv
[0.181s] -- Up-to-date: /home/zhr/YOPO-ROS2/Controller/install/mavros_msgs/lib/libmavros_msgs__rosidl_generator_c.so
[0.181s] -- Up-to-date: /home/zhr/YOPO-ROS2/Controller/install/mavros_msgs/include/mavros_msgs/mavros_msgs
[0.181s] -- Up-to-date: /home/zhr/YOPO-ROS2/Controller/install/mavros_msgs/include/mavros_msgs/mavros_msgs/msg
[0.181s] -- Up-to-date: /home/zhr/YOPO-ROS2/Controller/install/mavros_msgs/include/mavros_msgs/mavros_msgs/msg/rosidl_typesupport_fastrtps_c__visibility_control.h
[0.181s] -- Up-to-date: /home/zhr/YOPO-ROS2/Controller/install/mavros_msgs/include/mavros_msgs/mavros_msgs/msg/detail
[0.181s] -- Up-to-date: /home/zhr/YOPO-ROS2/Controller/install/mavros_msgs/include/mavros_msgs/mavros_msgs/msg/detail/state__rosidl_typesupport_fastrtps_c.h
[0.181s] -- Up-to-date: /home/zhr/YOPO-ROS2/Controller/install/mavros_msgs/include/mavros_msgs/mavros_msgs/msg/detail/attitude_target__rosidl_typesupport_fastrtps_c.h
[0.181s] -- Up-to-date: /home/zhr/YOPO-ROS2/Controller/install/mavros_msgs/include/mavros_msgs/mavros_msgs/srv
[0.181s] -- Up-to-date: /home/zhr/YOPO-ROS2/Controller/install/mavros_msgs/include/mavros_msgs/mavros_msgs/srv/detail
[0.181s] -- Up-to-date: /home/zhr/YOPO-ROS2/Controller/install/mavros_msgs/include/mavros_msgs/mavros_msgs/srv/detail/command_bool__rosidl_typesupport_fastrtps_c.h
[0.181s] -- Up-to-date: /home/zhr/YOPO-ROS2/Controller/install/mavros_msgs/include/mavros_msgs/mavros_msgs/srv/detail/set_mode__rosidl_typesupport_fastrtps_c.h
[0.182s] -- Up-to-date: /home/zhr/YOPO-ROS2/Controller/install/mavros_msgs/lib/libmavros_msgs__rosidl_typesupport_fastrtps_c.so
[0.182s] -- Up-to-date: /home/zhr/YOPO-ROS2/Controller/install/mavros_msgs/include/mavros_msgs/mavros_msgs
[0.182s] -- Up-to-date: /home/zhr/YOPO-ROS2/Controller/install/mavros_msgs/include/mavros_msgs/mavros_msgs/msg
[0.182s] -- Up-to-date: /home/zhr/YOPO-ROS2/Controller/install/mavros_msgs/include/mavros_msgs/mavros_msgs/msg/state.hpp
[0.182s] -- Up-to-date: /home/zhr/YOPO-ROS2/Controller/install/mavros_msgs/include/mavros_msgs/mavros_msgs/msg/detail
[0.182s] -- Up-to-date: /home/zhr/YOPO-ROS2/Controller/install/mavros_msgs/include/mavros_msgs/mavros_msgs/msg/detail/attitude_target__builder.hpp
[0.182s] -- Up-to-date: /home/zhr/YOPO-ROS2/Controller/install/mavros_msgs/include/mavros_msgs/mavros_msgs/msg/detail/state__struct.hpp
[0.183s] -- Up-to-date: /home/zhr/YOPO-ROS2/Controller/install/mavros_msgs/include/mavros_msgs/mavros_msgs/msg/detail/state__traits.hpp
[0.183s] -- Up-to-date: /home/zhr/YOPO-ROS2/Controller/install/mavros_msgs/include/mavros_msgs/mavros_msgs/msg/detail/state__type_support.hpp
[0.183s] -- Up-to-date: /home/zhr/YOPO-ROS2/Controller/install/mavros_msgs/include/mavros_msgs/mavros_msgs/msg/detail/attitude_target__type_support.hpp
[0.183s] -- Up-to-date: /home/zhr/YOPO-ROS2/Controller/install/mavros_msgs/include/mavros_msgs/mavros_msgs/msg/detail/state__builder.hpp
[0.183s] -- Up-to-date: /home/zhr/YOPO-ROS2/Controller/install/mavros_msgs/include/mavros_msgs/mavros_msgs/msg/detail/attitude_target__struct.hpp
[0.183s] -- Up-to-date: /home/zhr/YOPO-ROS2/Controller/install/mavros_msgs/include/mavros_msgs/mavros_msgs/msg/detail/attitude_target__traits.hpp
[0.183s] -- Up-to-date: /home/zhr/YOPO-ROS2/Controller/install/mavros_msgs/include/mavros_msgs/mavros_msgs/msg/attitude_target.hpp
[0.183s] -- Up-to-date: /home/zhr/YOPO-ROS2/Controller/install/mavros_msgs/include/mavros_msgs/mavros_msgs/msg/rosidl_generator_cpp__visibility_control.hpp
[0.183s] -- Up-to-date: /home/zhr/YOPO-ROS2/Controller/install/mavros_msgs/include/mavros_msgs/mavros_msgs/srv
[0.184s] -- Up-to-date: /home/zhr/YOPO-ROS2/Controller/install/mavros_msgs/include/mavros_msgs/mavros_msgs/srv/set_mode.hpp
[0.184s] -- Up-to-date: /home/zhr/YOPO-ROS2/Controller/install/mavros_msgs/include/mavros_msgs/mavros_msgs/srv/command_bool.hpp
[0.184s] -- Up-to-date: /home/zhr/YOPO-ROS2/Controller/install/mavros_msgs/include/mavros_msgs/mavros_msgs/srv/detail
[0.184s] -- Up-to-date: /home/zhr/YOPO-ROS2/Controller/install/mavros_msgs/include/mavros_msgs/mavros_msgs/srv/detail/command_bool__struct.hpp
[0.184s] -- Up-to-date: /home/zhr/YOPO-ROS2/Controller/install/mavros_msgs/include/mavros_msgs/mavros_msgs/srv/detail/set_mode__type_support.hpp
[0.184s] -- Up-to-date: /home/zhr/YOPO-ROS2/Controller/install/mavros_msgs/include/mavros_msgs/mavros_msgs/srv/detail/set_mode__builder.hpp
[0.184s] -- Up-to-date: /home/zhr/YOPO-ROS2/Controller/install/mavros_msgs/include/mavros_msgs/mavros_msgs/srv/detail/set_mode__struct.hpp
[0.184s] -- Up-to-date: /home/zhr/YOPO-ROS2/Controller/install/mavros_msgs/include/mavros_msgs/mavros_msgs/srv/detail/set_mode__traits.hpp
[0.184s] -- Up-to-date: /home/zhr/YOPO-ROS2/Controller/install/mavros_msgs/include/mavros_msgs/mavros_msgs/srv/detail/command_bool__builder.hpp
[0.184s] -- Up-to-date: /home/zhr/YOPO-ROS2/Controller/install/mavros_msgs/include/mavros_msgs/mavros_msgs/srv/detail/command_bool__traits.hpp
[0.184s] -- Up-to-date: /home/zhr/YOPO-ROS2/Controller/install/mavros_msgs/include/mavros_msgs/mavros_msgs/srv/detail/command_bool__type_support.hpp
[0.184s] -- Up-to-date: /home/zhr/YOPO-ROS2/Controller/install/mavros_msgs/include/mavros_msgs/mavros_msgs
[0.184s] -- Up-to-date: /home/zhr/YOPO-ROS2/Controller/install/mavros_msgs/include/mavros_msgs/mavros_msgs/msg
[0.184s] -- Up-to-date: /home/zhr/YOPO-ROS2/Controller/install/mavros_msgs/include/mavros_msgs/mavros_msgs/msg/detail
[0.184s] -- Up-to-date: /home/zhr/YOPO-ROS2/Controller/install/mavros_msgs/include/mavros_msgs/mavros_msgs/msg/detail/dds_fastrtps
[0.184s] -- Up-to-date: /home/zhr/YOPO-ROS2/Controller/install/mavros_msgs/include/mavros_msgs/mavros_msgs/msg/detail/state__rosidl_typesupport_fastrtps_cpp.hpp
[0.184s] -- Up-to-date: /home/zhr/YOPO-ROS2/Controller/install/mavros_msgs/include/mavros_msgs/mavros_msgs/msg/detail/attitude_target__rosidl_typesupport_fastrtps_cpp.hpp
[0.184s] -- Up-to-date: /home/zhr/YOPO-ROS2/Controller/install/mavros_msgs/include/mavros_msgs/mavros_msgs/msg/rosidl_typesupport_fastrtps_cpp__visibility_control.h
[0.184s] -- Up-to-date: /home/zhr/YOPO-ROS2/Controller/install/mavros_msgs/include/mavros_msgs/mavros_msgs/srv
[0.185s] -- Up-to-date: /home/zhr/YOPO-ROS2/Controller/install/mavros_msgs/include/mavros_msgs/mavros_msgs/srv/detail
[0.185s] -- Up-to-date: /home/zhr/YOPO-ROS2/Controller/install/mavros_msgs/include/mavros_msgs/mavros_msgs/srv/detail/command_bool__rosidl_typesupport_fastrtps_cpp.hpp
[0.185s] -- Up-to-date: /home/zhr/YOPO-ROS2/Controller/install/mavros_msgs/include/mavros_msgs/mavros_msgs/srv/detail/dds_fastrtps
[0.185s] -- Up-to-date: /home/zhr/YOPO-ROS2/Controller/install/mavros_msgs/include/mavros_msgs/mavros_msgs/srv/detail/set_mode__rosidl_typesupport_fastrtps_cpp.hpp
[0.185s] -- Up-to-date: /home/zhr/YOPO-ROS2/Controller/install/mavros_msgs/lib/libmavros_msgs__rosidl_typesupport_fastrtps_cpp.so
[0.185s] -- Up-to-date: /home/zhr/YOPO-ROS2/Controller/install/mavros_msgs/include/mavros_msgs/mavros_msgs
[0.185s] -- Up-to-date: /home/zhr/YOPO-ROS2/Controller/install/mavros_msgs/include/mavros_msgs/mavros_msgs/msg
[0.185s] -- Up-to-date: /home/zhr/YOPO-ROS2/Controller/install/mavros_msgs/include/mavros_msgs/mavros_msgs/msg/detail
[0.185s] -- Up-to-date: /home/zhr/YOPO-ROS2/Controller/install/mavros_msgs/include/mavros_msgs/mavros_msgs/msg/detail/attitude_target__type_support.c
[0.185s] -- Up-to-date: /home/zhr/YOPO-ROS2/Controller/install/mavros_msgs/include/mavros_msgs/mavros_msgs/msg/detail/state__rosidl_typesupport_introspection_c.h
[0.186s] -- Up-to-date: /home/zhr/YOPO-ROS2/Controller/install/mavros_msgs/include/mavros_msgs/mavros_msgs/msg/detail/attitude_target__rosidl_typesupport_introspection_c.h
[0.186s] -- Up-to-date: /home/zhr/YOPO-ROS2/Controller/install/mavros_msgs/include/mavros_msgs/mavros_msgs/msg/detail/state__type_support.c
[0.186s] -- Up-to-date: /home/zhr/YOPO-ROS2/Controller/install/mavros_msgs/include/mavros_msgs/mavros_msgs/msg/rosidl_typesupport_introspection_c__visibility_control.h
[0.186s] -- Up-to-date: /home/zhr/YOPO-ROS2/Controller/install/mavros_msgs/include/mavros_msgs/mavros_msgs/srv
[0.186s] -- Up-to-date: /home/zhr/YOPO-ROS2/Controller/install/mavros_msgs/include/mavros_msgs/mavros_msgs/srv/detail
[0.186s] -- Up-to-date: /home/zhr/YOPO-ROS2/Controller/install/mavros_msgs/include/mavros_msgs/mavros_msgs/srv/detail/command_bool__rosidl_typesupport_introspection_c.h
[0.186s] -- Up-to-date: /home/zhr/YOPO-ROS2/Controller/install/mavros_msgs/include/mavros_msgs/mavros_msgs/srv/detail/command_bool__type_support.c
[0.186s] -- Up-to-date: /home/zhr/YOPO-ROS2/Controller/install/mavros_msgs/include/mavros_msgs/mavros_msgs/srv/detail/set_mode__rosidl_typesupport_introspection_c.h
[0.186s] -- Up-to-date: /home/zhr/YOPO-ROS2/Controller/install/mavros_msgs/include/mavros_msgs/mavros_msgs/srv/detail/set_mode__type_support.c
[0.186s] -- Up-to-date: /home/zhr/YOPO-ROS2/Controller/install/mavros_msgs/lib/libmavros_msgs__rosidl_typesupport_introspection_c.so
[0.186s] -- Up-to-date: /home/zhr/YOPO-ROS2/Controller/install/mavros_msgs/lib/libmavros_msgs__rosidl_typesupport_c.so
[0.186s] -- Up-to-date: /home/zhr/YOPO-ROS2/Controller/install/mavros_msgs/include/mavros_msgs/mavros_msgs
[0.186s] -- Up-to-date: /home/zhr/YOPO-ROS2/Controller/install/mavros_msgs/include/mavros_msgs/mavros_msgs/msg
[0.186s] -- Up-to-date: /home/zhr/YOPO-ROS2/Controller/install/mavros_msgs/include/mavros_msgs/mavros_msgs/msg/detail
[0.186s] -- Up-to-date: /home/zhr/YOPO-ROS2/Controller/install/mavros_msgs/include/mavros_msgs/mavros_msgs/msg/detail/state__rosidl_typesupport_introspection_cpp.hpp
[0.186s] -- Up-to-date: /home/zhr/YOPO-ROS2/Controller/install/mavros_msgs/include/mavros_msgs/mavros_msgs/msg/detail/state__type_support.cpp
[0.187s] -- Up-to-date: /home/zhr/YOPO-ROS2/Controller/install/mavros_msgs/include/mavros_msgs/mavros_msgs/msg/detail/attitude_target__rosidl_typesupport_introspection_cpp.hpp
[0.187s] -- Up-to-date: /home/zhr/YOPO-ROS2/Controller/install/mavros_msgs/include/mavros_msgs/mavros_msgs/msg/detail/attitude_target__type_support.cpp
[0.187s] -- Up-to-date: /home/zhr/YOPO-ROS2/Controller/install/mavros_msgs/include/mavros_msgs/mavros_msgs/srv
[0.187s] -- Up-to-date: /home/zhr/YOPO-ROS2/Controller/install/mavros_msgs/include/mavros_msgs/mavros_msgs/srv/detail
[0.187s] -- Up-to-date: /home/zhr/YOPO-ROS2/Controller/install/mavros_msgs/include/mavros_msgs/mavros_msgs/srv/detail/command_bool__rosidl_typesupport_introspection_cpp.hpp
[0.187s] -- Up-to-date: /home/zhr/YOPO-ROS2/Controller/install/mavros_msgs/include/mavros_msgs/mavros_msgs/srv/detail/set_mode__rosidl_typesupport_introspection_cpp.hpp
[0.187s] -- Up-to-date: /home/zhr/YOPO-ROS2/Controller/install/mavros_msgs/include/mavros_msgs/mavros_msgs/srv/detail/set_mode__type_support.cpp
[0.187s] -- Up-to-date: /home/zhr/YOPO-ROS2/Controller/install/mavros_msgs/include/mavros_msgs/mavros_msgs/srv/detail/command_bool__type_support.cpp
[0.187s] -- Up-to-date: /home/zhr/YOPO-ROS2/Controller/install/mavros_msgs/lib/libmavros_msgs__rosidl_typesupport_introspection_cpp.so
[0.187s] -- Up-to-date: /home/zhr/YOPO-ROS2/Controller/install/mavros_msgs/lib/libmavros_msgs__rosidl_typesupport_cpp.so
[0.187s] -- Up-to-date: /home/zhr/YOPO-ROS2/Controller/install/mavros_msgs/share/mavros_msgs/environment/pythonpath.sh
[0.187s] -- Up-to-date: /home/zhr/YOPO-ROS2/Controller/install/mavros_msgs/share/mavros_msgs/environment/pythonpath.dsv
[0.187s] -- Up-to-date: /home/zhr/YOPO-ROS2/Controller/install/mavros_msgs/lib/python3.12/site-packages/mavros_msgs-1.16.0-py3.12.egg-info
[0.187s] -- Installing: /home/zhr/YOPO-ROS2/Controller/install/mavros_msgs/lib/python3.12/site-packages/mavros_msgs-1.16.0-py3.12.egg-info/PKG-INFO
[0.188s] -- Installing: /home/zhr/YOPO-ROS2/Controller/install/mavros_msgs/lib/python3.12/site-packages/mavros_msgs-1.16.0-py3.12.egg-info/top_level.txt
[0.188s] -- Installing: /home/zhr/YOPO-ROS2/Controller/install/mavros_msgs/lib/python3.12/site-packages/mavros_msgs-1.16.0-py3.12.egg-info/SOURCES.txt
[0.188s] -- Installing: /home/zhr/YOPO-ROS2/Controller/install/mavros_msgs/lib/python3.12/site-packages/mavros_msgs-1.16.0-py3.12.egg-info/dependency_links.txt
[0.188s] -- Up-to-date: /home/zhr/YOPO-ROS2/Controller/install/mavros_msgs/lib/python3.12/site-packages/mavros_msgs
[0.188s] -- Up-to-date: /home/zhr/YOPO-ROS2/Controller/install/mavros_msgs/lib/python3.12/site-packages/mavros_msgs/mavros_msgs_s__rosidl_typesupport_c.so
[0.188s] -- Up-to-date: /home/zhr/YOPO-ROS2/Controller/install/mavros_msgs/lib/python3.12/site-packages/mavros_msgs/msg
[0.188s] -- Up-to-date: /home/zhr/YOPO-ROS2/Controller/install/mavros_msgs/lib/python3.12/site-packages/mavros_msgs/msg/_attitude_target.py
[0.188s] -- Up-to-date: /home/zhr/YOPO-ROS2/Controller/install/mavros_msgs/lib/python3.12/site-packages/mavros_msgs/msg/__init__.py
[0.188s] -- Up-to-date: /home/zhr/YOPO-ROS2/Controller/install/mavros_msgs/lib/python3.12/site-packages/mavros_msgs/msg/_state.py
[0.188s] -- Up-to-date: /home/zhr/YOPO-ROS2/Controller/install/mavros_msgs/lib/python3.12/site-packages/mavros_msgs/msg/_attitude_target_s.c
[0.188s] -- Up-to-date: /home/zhr/YOPO-ROS2/Controller/install/mavros_msgs/lib/python3.12/site-packages/mavros_msgs/msg/_state_s.c
[0.188s] -- Up-to-date: /home/zhr/YOPO-ROS2/Controller/install/mavros_msgs/lib/python3.12/site-packages/mavros_msgs/__init__.py
[0.188s] -- Up-to-date: /home/zhr/YOPO-ROS2/Controller/install/mavros_msgs/lib/python3.12/site-packages/mavros_msgs/srv
[0.188s] -- Up-to-date: /home/zhr/YOPO-ROS2/Controller/install/mavros_msgs/lib/python3.12/site-packages/mavros_msgs/srv/_command_bool.py
[0.188s] -- Up-to-date: /home/zhr/YOPO-ROS2/Controller/install/mavros_msgs/lib/python3.12/site-packages/mavros_msgs/srv/__init__.py
[0.188s] -- Up-to-date: /home/zhr/YOPO-ROS2/Controller/install/mavros_msgs/lib/python3.12/site-packages/mavros_msgs/srv/_command_bool_s.c
[0.188s] -- Up-to-date: /home/zhr/YOPO-ROS2/Controller/install/mavros_msgs/lib/python3.12/site-packages/mavros_msgs/srv/_set_mode.py
[0.188s] -- Up-to-date: /home/zhr/YOPO-ROS2/Controller/install/mavros_msgs/lib/python3.12/site-packages/mavros_msgs/srv/_set_mode_s.c
[0.188s] -- Up-to-date: /home/zhr/YOPO-ROS2/Controller/install/mavros_msgs/lib/python3.12/site-packages/mavros_msgs/_mavros_msgs_s.ep.rosidl_typesupport_introspection_c.c
[0.188s] -- Up-to-date: /home/zhr/YOPO-ROS2/Controller/install/mavros_msgs/lib/python3.12/site-packages/mavros_msgs/mavros_msgs_s__rosidl_typesupport_fastrtps_c.so
[0.188s] -- Up-to-date: /home/zhr/YOPO-ROS2/Controller/install/mavros_msgs/lib/python3.12/site-packages/mavros_msgs/_mavros_msgs_s.ep.rosidl_typesupport_fastrtps_c.c
[0.188s] -- Up-to-date: /home/zhr/YOPO-ROS2/Controller/install/mavros_msgs/lib/python3.12/site-packages/mavros_msgs/mavros_msgs_s__rosidl_typesupport_introspection_c.so
[0.188s] -- Up-to-date: /home/zhr/YOPO-ROS2/Controller/install/mavros_msgs/lib/python3.12/site-packages/mavros_msgs/_mavros_msgs_s.ep.rosidl_typesupport_c.c
[0.201s] Listing '/home/zhr/YOPO-ROS2/Controller/install/mavros_msgs/lib/python3.12/site-packages/mavros_msgs'...
[0.201s] Listing '/home/zhr/YOPO-ROS2/Controller/install/mavros_msgs/lib/python3.12/site-packages/mavros_msgs/msg'...
[0.201s] Listing '/home/zhr/YOPO-ROS2/Controller/install/mavros_msgs/lib/python3.12/site-packages/mavros_msgs/srv'...
[0.204s] -- Up-to-date: /home/zhr/YOPO-ROS2/Controller/install/mavros_msgs/lib/python3.12/site-packages/mavros_msgs/mavros_msgs_s__rosidl_typesupport_fastrtps_c.so
[0.205s] -- Up-to-date: /home/zhr/YOPO-ROS2/Controller/install/mavros_msgs/lib/python3.12/site-packages/mavros_msgs/mavros_msgs_s__rosidl_typesupport_introspection_c.so
[0.205s] -- Up-to-date: /home/zhr/YOPO-ROS2/Controller/install/mavros_msgs/lib/python3.12/site-packages/mavros_msgs/mavros_msgs_s__rosidl_typesupport_c.so
[0.205s] -- Up-to-date: /home/zhr/YOPO-ROS2/Controller/install/mavros_msgs/lib/libmavros_msgs__rosidl_generator_py.so
[0.205s] -- Up-to-date: /home/zhr/YOPO-ROS2/Controller/install/mavros_msgs/share/mavros_msgs/msg/AttitudeTarget.idl
[0.205s] -- Up-to-date: /home/zhr/YOPO-ROS2/Controller/install/mavros_msgs/share/mavros_msgs/msg/State.idl
[0.205s] -- Up-to-date: /home/zhr/YOPO-ROS2/Controller/install/mavros_msgs/share/mavros_msgs/srv/CommandBool.idl
[0.205s] -- Up-to-date: /home/zhr/YOPO-ROS2/Controller/install/mavros_msgs/share/mavros_msgs/srv/SetMode.idl
[0.205s] -- Up-to-date: /home/zhr/YOPO-ROS2/Controller/install/mavros_msgs/share/mavros_msgs/msg/AttitudeTarget.msg
[0.205s] -- Up-to-date: /home/zhr/YOPO-ROS2/Controller/install/mavros_msgs/share/mavros_msgs/msg/State.msg
[0.205s] -- Up-to-date: /home/zhr/YOPO-ROS2/Controller/install/mavros_msgs/share/mavros_msgs/srv/CommandBool.srv
[0.205s] -- Up-to-date: /home/zhr/YOPO-ROS2/Controller/install/mavros_msgs/share/mavros_msgs/srv/SetMode.srv
[0.205s] -- Up-to-date: /home/zhr/YOPO-ROS2/Controller/install/mavros_msgs/share/ament_index/resource_index/package_run_dependencies/mavros_msgs
[0.205s] -- Up-to-date: /home/zhr/YOPO-ROS2/Controller/install/mavros_msgs/share/ament_index/resource_index/parent_prefix_path/mavros_msgs
[0.205s] -- Up-to-date: /home/zhr/YOPO-ROS2/Controller/install/mavros_msgs/share/mavros_msgs/environment/ament_prefix_path.sh
[0.205s] -- Up-to-date: /home/zhr/YOPO-ROS2/Controller/install/mavros_msgs/share/mavros_msgs/environment/ament_prefix_path.dsv
[0.205s] -- Up-to-date: /home/zhr/YOPO-ROS2/Controller/install/mavros_msgs/share/mavros_msgs/environment/path.sh
[0.205s] -- Up-to-date: /home/zhr/YOPO-ROS2/Controller/install/mavros_msgs/share/mavros_msgs/environment/path.dsv
[0.205s] -- Up-to-date: /home/zhr/YOPO-ROS2/Controller/install/mavros_msgs/share/mavros_msgs/local_setup.bash
[0.205s] -- Up-to-date: /home/zhr/YOPO-ROS2/Controller/install/mavros_msgs/share/mavros_msgs/local_setup.sh
[0.205s] -- Up-to-date: /home/zhr/YOPO-ROS2/Controller/install/mavros_msgs/share/mavros_msgs/local_setup.zsh
[0.206s] -- Up-to-date: /home/zhr/YOPO-ROS2/Controller/install/mavros_msgs/share/mavros_msgs/local_setup.dsv
[0.206s] -- Installing: /home/zhr/YOPO-ROS2/Controller/install/mavros_msgs/share/mavros_msgs/package.dsv
[0.206s] -- Up-to-date: /home/zhr/YOPO-ROS2/Controller/install/mavros_msgs/share/ament_index/resource_index/packages/mavros_msgs
[0.206s] -- Up-to-date: /home/zhr/YOPO-ROS2/Controller/install/mavros_msgs/share/mavros_msgs/cmake/export_mavros_msgs__rosidl_generator_cExport.cmake
[0.206s] -- Up-to-date: /home/zhr/YOPO-ROS2/Controller/install/mavros_msgs/share/mavros_msgs/cmake/export_mavros_msgs__rosidl_generator_cExport-noconfig.cmake
[0.206s] -- Up-to-date: /home/zhr/YOPO-ROS2/Controller/install/mavros_msgs/share/mavros_msgs/cmake/export_mavros_msgs__rosidl_typesupport_fastrtps_cExport.cmake
[0.206s] -- Up-to-date: /home/zhr/YOPO-ROS2/Controller/install/mavros_msgs/share/mavros_msgs/cmake/export_mavros_msgs__rosidl_typesupport_fastrtps_cExport-noconfig.cmake
[0.206s] -- Up-to-date: /home/zhr/YOPO-ROS2/Controller/install/mavros_msgs/share/mavros_msgs/cmake/export_mavros_msgs__rosidl_generator_cppExport.cmake
[0.206s] -- Up-to-date: /home/zhr/YOPO-ROS2/Controller/install/mavros_msgs/share/mavros_msgs/cmake/export_mavros_msgs__rosidl_typesupport_fastrtps_cppExport.cmake
[0.206s] -- Up-to-date: /home/zhr/YOPO-ROS2/Controller/install/mavros_msgs/share/mavros_msgs/cmake/export_mavros_msgs__rosidl_typesupport_fastrtps_cppExport-noconfig.cmake
[0.206s] -- Up-to-date: /home/zhr/YOPO-ROS2/Controller/install/mavros_msgs/share/mavros_msgs/cmake/mavros_msgs__rosidl_typesupport_introspection_cExport.cmake
[0.206s] -- Up-to-date: /home/zhr/YOPO-ROS2/Controller/install/mavros_msgs/share/mavros_msgs/cmake/mavros_msgs__rosidl_typesupport_introspection_cExport-noconfig.cmake
[0.206s] -- Up-to-date: /home/zhr/YOPO-ROS2/Controller/install/mavros_msgs/share/mavros_msgs/cmake/mavros_msgs__rosidl_typesupport_cExport.cmake
[0.206s] -- Up-to-date: /home/zhr/YOPO-ROS2/Controller/install/mavros_msgs/share/mavros_msgs/cmake/mavros_msgs__rosidl_typesupport_cExport-noconfig.cmake
[0.206s] -- Up-to-date: /home/zhr/YOPO-ROS2/Controller/install/mavros_msgs/share/mavros_msgs/cmake/mavros_msgs__rosidl_typesupport_introspection_cppExport.cmake
[0.206s] -- Up-to-date: /home/zhr/YOPO-ROS2/Controller/install/mavros_msgs/share/mavros_msgs/cmake/mavros_msgs__rosidl_typesupport_introspection_cppExport-noconfig.cmake
[0.206s] -- Up-to-date: /home/zhr/YOPO-ROS2/Controller/install/mavros_msgs/share/mavros_msgs/cmake/mavros_msgs__rosidl_typesupport_cppExport.cmake
[0.206s] -- Up-to-date: /home/zhr/YOPO-ROS2/Controller/install/mavros_msgs/share/mavros_msgs/cmake/mavros_msgs__rosidl_typesupport_cppExport-noconfig.cmake
[0.206s] -- Up-to-date: /home/zhr/YOPO-ROS2/Controller/install/mavros_msgs/share/mavros_msgs/cmake/export_mavros_msgs__rosidl_generator_pyExport.cmake
[0.206s] -- Up-to-date: /home/zhr/YOPO-ROS2/Controller/install/mavros_msgs/share/mavros_msgs/cmake/export_mavros_msgs__rosidl_generator_pyExport-noconfig.cmake
[0.206s] -- Up-to-date: /home/zhr/YOPO-ROS2/Controller/install/mavros_msgs/share/mavros_msgs/cmake/rosidl_cmake-extras.cmake
[0.206s] -- Up-to-date: /home/zhr/YOPO-ROS2/Controller/install/mavros_msgs/share/mavros_msgs/cmake/ament_cmake_export_dependencies-extras.cmake
[0.206s] -- Up-to-date: /home/zhr/YOPO-ROS2/Controller/install/mavros_msgs/share/mavros_msgs/cmake/ament_cmake_export_include_directories-extras.cmake
[0.206s] -- Up-to-date: /home/zhr/YOPO-ROS2/Controller/install/mavros_msgs/share/mavros_msgs/cmake/ament_cmake_export_libraries-extras.cmake
[0.206s] -- Up-to-date: /home/zhr/YOPO-ROS2/Controller/install/mavros_msgs/share/mavros_msgs/cmake/ament_cmake_export_targets-extras.cmake
[0.206s] -- Up-to-date: /home/zhr/YOPO-ROS2/Controller/install/mavros_msgs/share/mavros_msgs/cmake/rosidl_cmake_export_typesupport_targets-extras.cmake
[0.206s] -- Up-to-date: /home/zhr/YOPO-ROS2/Controller/install/mavros_msgs/share/mavros_msgs/cmake/rosidl_cmake_export_typesupport_libraries-extras.cmake
[0.207s] -- Up-to-date: /home/zhr/YOPO-ROS2/Controller/install/mavros_msgs/share/mavros_msgs/cmake/mavros_msgsConfig.cmake
[0.207s] -- Up-to-date: /home/zhr/YOPO-ROS2/Controller/install/mavros_msgs/share/mavros_msgs/cmake/mavros_msgsConfig-version.cmake
[0.207s] -- Up-to-date: /home/zhr/YOPO-ROS2/Controller/install/mavros_msgs/share/mavros_msgs/package.xml
[0.210s] Invoked command in '/home/zhr/YOPO-ROS2/Controller/build/mavros_msgs' returned '0': CMAKE_PREFIX_PATH=${CMAKE_PREFIX_PATH}:/opt/ros/jazzy CONDA_PROMPT_MODIFIER=(yopo) DEBUGINFOD_URLS=https://debuginfod.ubuntu.com /usr/bin/cmake --install /home/zhr/YOPO-ROS2/Controller/build/mavros_msgs
