[0.049s] DEBUG:colcon:Command line arguments: ['/usr/bin/colcon', 'build', '--packages-select', 'so3_control', 'so3_quadrotor_simulator', '--symlink-install']
[0.049s] DEBUG:colcon:Parsed command line arguments: Namespace(log_base=None, log_level=None, verb_name='build', build_base='build', install_base='install', merge_install=False, symlink_install=True, test_result_base=None, continue_on_error=False, executor='parallel', parallel_workers=32, event_handlers=None, ignore_user_meta=False, metas=['./colcon.meta'], base_paths=['.'], packages_ignore=None, packages_ignore_regex=None, paths=None, packages_up_to=None, packages_up_to_regex=None, packages_above=None, packages_above_and_dependencies=None, packages_above_depth=None, packages_select_by_dep=None, packages_skip_by_dep=None, packages_skip_up_to=None, packages_select_build_failed=False, packages_skip_build_finished=False, packages_select_test_failures=False, packages_skip_test_passed=False, packages_select=['so3_control', 'so3_quadrotor_simulator'], packages_skip=None, packages_select_regex=None, packages_skip_regex=None, packages_start=None, packages_end=None, allow_overriding=[], cmake_args=None, cmake_target=None, cmake_target_skip_unavailable=False, cmake_clean_cache=False, cmake_clean_first=False, cmake_force_configure=False, ament_cmake_args=None, catkin_cmake_args=None, catkin_skip_building_tests=False, verb_parser=<colcon_defaults.argument_parser.defaults.DefaultArgumentsDecorator object at 0x73e7c8c75130>, verb_extension=<colcon_core.verb.build.BuildVerb object at 0x73e7c8d8bad0>, main=<bound method BuildVerb.main of <colcon_core.verb.build.BuildVerb object at 0x73e7c8d8bad0>>)
[0.067s] Level 1:colcon.colcon_core.package_discovery:discover_packages(colcon_meta) check parameters
[0.067s] Level 1:colcon.colcon_core.package_discovery:discover_packages(recursive) check parameters
[0.067s] Level 1:colcon.colcon_core.package_discovery:discover_packages(ignore) check parameters
[0.067s] Level 1:colcon.colcon_core.package_discovery:discover_packages(path) check parameters
[0.067s] Level 1:colcon.colcon_core.package_discovery:discover_packages(colcon_meta) discover
[0.067s] Level 1:colcon.colcon_core.package_discovery:discover_packages(recursive) discover
[0.067s] INFO:colcon.colcon_core.package_discovery:Crawling recursively for packages in '/home/zhr/YOPO-ROS2/Controller'
[0.067s] Level 1:colcon.colcon_core.package_identification:_identify(.) by extensions ['ignore', 'ignore_ament_install']
[0.067s] Level 1:colcon.colcon_core.package_identification:_identify(.) by extension 'ignore'
[0.067s] Level 1:colcon.colcon_core.package_identification:_identify(.) by extension 'ignore_ament_install'
[0.067s] Level 1:colcon.colcon_core.package_identification:_identify(.) by extensions ['colcon_pkg']
[0.067s] Level 1:colcon.colcon_core.package_identification:_identify(.) by extension 'colcon_pkg'
[0.067s] Level 1:colcon.colcon_core.package_identification:_identify(.) by extensions ['colcon_meta']
[0.067s] Level 1:colcon.colcon_core.package_identification:_identify(.) by extension 'colcon_meta'
[0.067s] Level 1:colcon.colcon_core.package_identification:_identify(.) by extensions ['ros']
[0.067s] Level 1:colcon.colcon_core.package_identification:_identify(.) by extension 'ros'
[0.079s] Level 1:colcon.colcon_core.package_identification:_identify(.) by extensions ['cmake', 'python']
[0.079s] Level 1:colcon.colcon_core.package_identification:_identify(.) by extension 'cmake'
[0.079s] Level 1:colcon.colcon_core.package_identification:_identify(.) by extension 'python'
[0.079s] Level 1:colcon.colcon_core.package_identification:_identify(.) by extensions ['python_setup_py']
[0.079s] Level 1:colcon.colcon_core.package_identification:_identify(.) by extension 'python_setup_py'
[0.079s] Level 1:colcon.colcon_core.package_identification:_identify(build) by extensions ['ignore', 'ignore_ament_install']
[0.079s] Level 1:colcon.colcon_core.package_identification:_identify(build) by extension 'ignore'
[0.079s] Level 1:colcon.colcon_core.package_identification:_identify(build) ignored
[0.079s] Level 1:colcon.colcon_core.package_identification:_identify(install) by extensions ['ignore', 'ignore_ament_install']
[0.079s] Level 1:colcon.colcon_core.package_identification:_identify(install) by extension 'ignore'
[0.079s] Level 1:colcon.colcon_core.package_identification:_identify(install) ignored
[0.080s] Level 1:colcon.colcon_core.package_identification:_identify(log) by extensions ['ignore', 'ignore_ament_install']
[0.080s] Level 1:colcon.colcon_core.package_identification:_identify(log) by extension 'ignore'
[0.080s] Level 1:colcon.colcon_core.package_identification:_identify(log) ignored
[0.080s] Level 1:colcon.colcon_core.package_identification:_identify(src) by extensions ['ignore', 'ignore_ament_install']
[0.080s] Level 1:colcon.colcon_core.package_identification:_identify(src) by extension 'ignore'
[0.080s] Level 1:colcon.colcon_core.package_identification:_identify(src) by extension 'ignore_ament_install'
[0.080s] Level 1:colcon.colcon_core.package_identification:_identify(src) by extensions ['colcon_pkg']
[0.080s] Level 1:colcon.colcon_core.package_identification:_identify(src) by extension 'colcon_pkg'
[0.080s] Level 1:colcon.colcon_core.package_identification:_identify(src) by extensions ['colcon_meta']
[0.080s] Level 1:colcon.colcon_core.package_identification:_identify(src) by extension 'colcon_meta'
[0.080s] Level 1:colcon.colcon_core.package_identification:_identify(src) by extensions ['ros']
[0.080s] Level 1:colcon.colcon_core.package_identification:_identify(src) by extension 'ros'
[0.080s] Level 1:colcon.colcon_core.package_identification:_identify(src) by extensions ['cmake', 'python']
[0.080s] Level 1:colcon.colcon_core.package_identification:_identify(src) by extension 'cmake'
[0.083s] WARNING:colcon.colcon_cmake.package_identification.cmake:Ignoring 'src/CMakeLists.txt' since it seems to be a toplevel CMake file generated by 'catkin_make'
[0.083s] Level 1:colcon.colcon_core.package_identification:_identify(src) by extension 'python'
[0.083s] Level 1:colcon.colcon_core.package_identification:_identify(src) by extensions ['python_setup_py']
[0.083s] Level 1:colcon.colcon_core.package_identification:_identify(src) by extension 'python_setup_py'
[0.083s] Level 1:colcon.colcon_core.package_identification:_identify(src/so3_control) by extensions ['ignore', 'ignore_ament_install']
[0.083s] Level 1:colcon.colcon_core.package_identification:_identify(src/so3_control) by extension 'ignore'
[0.083s] Level 1:colcon.colcon_core.package_identification:_identify(src/so3_control) by extension 'ignore_ament_install'
[0.083s] Level 1:colcon.colcon_core.package_identification:_identify(src/so3_control) by extensions ['colcon_pkg']
[0.083s] Level 1:colcon.colcon_core.package_identification:_identify(src/so3_control) by extension 'colcon_pkg'
[0.083s] Level 1:colcon.colcon_core.package_identification:_identify(src/so3_control) by extensions ['colcon_meta']
[0.083s] Level 1:colcon.colcon_core.package_identification:_identify(src/so3_control) by extension 'colcon_meta'
[0.083s] Level 1:colcon.colcon_core.package_identification:_identify(src/so3_control) by extensions ['ros']
[0.083s] Level 1:colcon.colcon_core.package_identification:_identify(src/so3_control) by extension 'ros'
[0.084s] DEBUG:colcon.colcon_core.package_identification:Package 'src/so3_control' with type 'ros.ament_cmake' and name 'so3_control'
[0.084s] Level 1:colcon.colcon_core.package_identification:_identify(src/so3_quadrotor_simulator) by extensions ['ignore', 'ignore_ament_install']
[0.084s] Level 1:colcon.colcon_core.package_identification:_identify(src/so3_quadrotor_simulator) by extension 'ignore'
[0.084s] Level 1:colcon.colcon_core.package_identification:_identify(src/so3_quadrotor_simulator) by extension 'ignore_ament_install'
[0.084s] Level 1:colcon.colcon_core.package_identification:_identify(src/so3_quadrotor_simulator) by extensions ['colcon_pkg']
[0.084s] Level 1:colcon.colcon_core.package_identification:_identify(src/so3_quadrotor_simulator) by extension 'colcon_pkg'
[0.084s] Level 1:colcon.colcon_core.package_identification:_identify(src/so3_quadrotor_simulator) by extensions ['colcon_meta']
[0.084s] Level 1:colcon.colcon_core.package_identification:_identify(src/so3_quadrotor_simulator) by extension 'colcon_meta'
[0.084s] Level 1:colcon.colcon_core.package_identification:_identify(src/so3_quadrotor_simulator) by extensions ['ros']
[0.084s] Level 1:colcon.colcon_core.package_identification:_identify(src/so3_quadrotor_simulator) by extension 'ros'
[0.085s] DEBUG:colcon.colcon_core.package_identification:Package 'src/so3_quadrotor_simulator' with type 'ros.ament_cmake' and name 'so3_quadrotor_simulator'
[0.085s] Level 1:colcon.colcon_core.package_identification:_identify(src/utils) by extensions ['ignore', 'ignore_ament_install']
[0.085s] Level 1:colcon.colcon_core.package_identification:_identify(src/utils) by extension 'ignore'
[0.085s] Level 1:colcon.colcon_core.package_identification:_identify(src/utils) by extension 'ignore_ament_install'
[0.085s] Level 1:colcon.colcon_core.package_identification:_identify(src/utils) by extensions ['colcon_pkg']
[0.085s] Level 1:colcon.colcon_core.package_identification:_identify(src/utils) by extension 'colcon_pkg'
[0.085s] Level 1:colcon.colcon_core.package_identification:_identify(src/utils) by extensions ['colcon_meta']
[0.085s] Level 1:colcon.colcon_core.package_identification:_identify(src/utils) by extension 'colcon_meta'
[0.085s] Level 1:colcon.colcon_core.package_identification:_identify(src/utils) by extensions ['ros']
[0.085s] Level 1:colcon.colcon_core.package_identification:_identify(src/utils) by extension 'ros'
[0.085s] Level 1:colcon.colcon_core.package_identification:_identify(src/utils) by extensions ['cmake', 'python']
[0.085s] Level 1:colcon.colcon_core.package_identification:_identify(src/utils) by extension 'cmake'
[0.085s] Level 1:colcon.colcon_core.package_identification:_identify(src/utils) by extension 'python'
[0.085s] Level 1:colcon.colcon_core.package_identification:_identify(src/utils) by extensions ['python_setup_py']
[0.085s] Level 1:colcon.colcon_core.package_identification:_identify(src/utils) by extension 'python_setup_py'
[0.085s] Level 1:colcon.colcon_core.package_identification:_identify(src/utils/cmake_utils) by extensions ['ignore', 'ignore_ament_install']
[0.085s] Level 1:colcon.colcon_core.package_identification:_identify(src/utils/cmake_utils) by extension 'ignore'
[0.085s] Level 1:colcon.colcon_core.package_identification:_identify(src/utils/cmake_utils) by extension 'ignore_ament_install'
[0.085s] Level 1:colcon.colcon_core.package_identification:_identify(src/utils/cmake_utils) by extensions ['colcon_pkg']
[0.085s] Level 1:colcon.colcon_core.package_identification:_identify(src/utils/cmake_utils) by extension 'colcon_pkg'
[0.085s] Level 1:colcon.colcon_core.package_identification:_identify(src/utils/cmake_utils) by extensions ['colcon_meta']
[0.085s] Level 1:colcon.colcon_core.package_identification:_identify(src/utils/cmake_utils) by extension 'colcon_meta'
[0.085s] Level 1:colcon.colcon_core.package_identification:_identify(src/utils/cmake_utils) by extensions ['ros']
[0.085s] Level 1:colcon.colcon_core.package_identification:_identify(src/utils/cmake_utils) by extension 'ros'
[0.086s] DEBUG:colcon.colcon_core.package_identification:Package 'src/utils/cmake_utils' with type 'ros.ament_cmake' and name 'cmake_utils'
[0.086s] Level 1:colcon.colcon_core.package_identification:_identify(src/utils/mavros_msgs) by extensions ['ignore', 'ignore_ament_install']
[0.086s] Level 1:colcon.colcon_core.package_identification:_identify(src/utils/mavros_msgs) by extension 'ignore'
[0.086s] Level 1:colcon.colcon_core.package_identification:_identify(src/utils/mavros_msgs) by extension 'ignore_ament_install'
[0.086s] Level 1:colcon.colcon_core.package_identification:_identify(src/utils/mavros_msgs) by extensions ['colcon_pkg']
[0.086s] Level 1:colcon.colcon_core.package_identification:_identify(src/utils/mavros_msgs) by extension 'colcon_pkg'
[0.086s] Level 1:colcon.colcon_core.package_identification:_identify(src/utils/mavros_msgs) by extensions ['colcon_meta']
[0.086s] Level 1:colcon.colcon_core.package_identification:_identify(src/utils/mavros_msgs) by extension 'colcon_meta'
[0.086s] Level 1:colcon.colcon_core.package_identification:_identify(src/utils/mavros_msgs) by extensions ['ros']
[0.086s] Level 1:colcon.colcon_core.package_identification:_identify(src/utils/mavros_msgs) by extension 'ros'
[0.086s] DEBUG:colcon.colcon_core.package_identification:Package 'src/utils/mavros_msgs' with type 'ros.ament_cmake' and name 'mavros_msgs'
[0.086s] Level 1:colcon.colcon_core.package_identification:_identify(src/utils/quadrotor_msgs) by extensions ['ignore', 'ignore_ament_install']
[0.086s] Level 1:colcon.colcon_core.package_identification:_identify(src/utils/quadrotor_msgs) by extension 'ignore'
[0.086s] Level 1:colcon.colcon_core.package_identification:_identify(src/utils/quadrotor_msgs) by extension 'ignore_ament_install'
[0.086s] Level 1:colcon.colcon_core.package_identification:_identify(src/utils/quadrotor_msgs) by extensions ['colcon_pkg']
[0.086s] Level 1:colcon.colcon_core.package_identification:_identify(src/utils/quadrotor_msgs) by extension 'colcon_pkg'
[0.086s] Level 1:colcon.colcon_core.package_identification:_identify(src/utils/quadrotor_msgs) by extensions ['colcon_meta']
[0.086s] Level 1:colcon.colcon_core.package_identification:_identify(src/utils/quadrotor_msgs) by extension 'colcon_meta'
[0.086s] Level 1:colcon.colcon_core.package_identification:_identify(src/utils/quadrotor_msgs) by extensions ['ros']
[0.086s] Level 1:colcon.colcon_core.package_identification:_identify(src/utils/quadrotor_msgs) by extension 'ros'
[0.087s] DEBUG:colcon.colcon_core.package_identification:Package 'src/utils/quadrotor_msgs' with type 'ros.ament_cmake' and name 'quadrotor_msgs'
[0.087s] Level 1:colcon.colcon_core.package_identification:_identify(src/utils/uav_utils) by extensions ['ignore', 'ignore_ament_install']
[0.087s] Level 1:colcon.colcon_core.package_identification:_identify(src/utils/uav_utils) by extension 'ignore'
[0.087s] Level 1:colcon.colcon_core.package_identification:_identify(src/utils/uav_utils) by extension 'ignore_ament_install'
[0.087s] Level 1:colcon.colcon_core.package_identification:_identify(src/utils/uav_utils) by extensions ['colcon_pkg']
[0.087s] Level 1:colcon.colcon_core.package_identification:_identify(src/utils/uav_utils) by extension 'colcon_pkg'
[0.087s] Level 1:colcon.colcon_core.package_identification:_identify(src/utils/uav_utils) by extensions ['colcon_meta']
[0.087s] Level 1:colcon.colcon_core.package_identification:_identify(src/utils/uav_utils) by extension 'colcon_meta'
[0.087s] Level 1:colcon.colcon_core.package_identification:_identify(src/utils/uav_utils) by extensions ['ros']
[0.087s] Level 1:colcon.colcon_core.package_identification:_identify(src/utils/uav_utils) by extension 'ros'
[0.087s] DEBUG:colcon.colcon_core.package_identification:Package 'src/utils/uav_utils' with type 'ros.ament_cmake' and name 'uav_utils'
[0.087s] Level 1:colcon.colcon_core.package_discovery:discover_packages(recursive) using defaults
[0.087s] Level 1:colcon.colcon_core.package_discovery:discover_packages(ignore) discover
[0.087s] Level 1:colcon.colcon_core.package_discovery:discover_packages(ignore) using defaults
[0.087s] Level 1:colcon.colcon_core.package_discovery:discover_packages(path) discover
[0.087s] Level 1:colcon.colcon_core.package_discovery:discover_packages(path) using defaults
[0.097s] INFO:colcon.colcon_core.package_selection:Skipping not selected package 'cmake_utils' in 'src/utils/cmake_utils'
[0.097s] INFO:colcon.colcon_core.package_selection:Skipping not selected package 'mavros_msgs' in 'src/utils/mavros_msgs'
[0.097s] INFO:colcon.colcon_core.package_selection:Skipping not selected package 'quadrotor_msgs' in 'src/utils/quadrotor_msgs'
[0.097s] INFO:colcon.colcon_core.package_selection:Skipping not selected package 'uav_utils' in 'src/utils/uav_utils'
[0.097s] Level 1:colcon.colcon_core.package_discovery:discover_packages(prefix_path) check parameters
[0.097s] Level 1:colcon.colcon_core.package_discovery:discover_packages(prefix_path) discover
[0.098s] DEBUG:colcon.colcon_installed_package_information.package_discovery:Found 286 installed packages in /opt/ros/jazzy
[0.099s] Level 1:colcon.colcon_core.package_discovery:discover_packages(prefix_path) using defaults
[0.114s] Level 5:colcon.colcon_core.verb:set package 'so3_control' build argument 'cmake_args' from command line to 'None'
[0.114s] Level 5:colcon.colcon_core.verb:set package 'so3_control' build argument 'cmake_target' from command line to 'None'
[0.114s] Level 5:colcon.colcon_core.verb:set package 'so3_control' build argument 'cmake_target_skip_unavailable' from command line to 'False'
[0.114s] Level 5:colcon.colcon_core.verb:set package 'so3_control' build argument 'cmake_clean_cache' from command line to 'False'
[0.114s] Level 5:colcon.colcon_core.verb:set package 'so3_control' build argument 'cmake_clean_first' from command line to 'False'
[0.114s] Level 5:colcon.colcon_core.verb:set package 'so3_control' build argument 'cmake_force_configure' from command line to 'False'
[0.114s] Level 5:colcon.colcon_core.verb:set package 'so3_control' build argument 'ament_cmake_args' from command line to 'None'
[0.114s] Level 5:colcon.colcon_core.verb:set package 'so3_control' build argument 'catkin_cmake_args' from command line to 'None'
[0.114s] Level 5:colcon.colcon_core.verb:set package 'so3_control' build argument 'catkin_skip_building_tests' from command line to 'False'
[0.114s] DEBUG:colcon.colcon_core.verb:Building package 'so3_control' with the following arguments: {'ament_cmake_args': None, 'build_base': '/home/zhr/YOPO-ROS2/Controller/build/so3_control', 'catkin_cmake_args': None, 'catkin_skip_building_tests': False, 'cmake_args': None, 'cmake_clean_cache': False, 'cmake_clean_first': False, 'cmake_force_configure': False, 'cmake_target': None, 'cmake_target_skip_unavailable': False, 'install_base': '/home/zhr/YOPO-ROS2/Controller/install/so3_control', 'merge_install': False, 'path': '/home/zhr/YOPO-ROS2/Controller/src/so3_control', 'symlink_install': True, 'test_result_base': None}
[0.115s] Level 5:colcon.colcon_core.verb:set package 'so3_quadrotor_simulator' build argument 'cmake_args' from command line to 'None'
[0.115s] Level 5:colcon.colcon_core.verb:set package 'so3_quadrotor_simulator' build argument 'cmake_target' from command line to 'None'
[0.115s] Level 5:colcon.colcon_core.verb:set package 'so3_quadrotor_simulator' build argument 'cmake_target_skip_unavailable' from command line to 'False'
[0.115s] Level 5:colcon.colcon_core.verb:set package 'so3_quadrotor_simulator' build argument 'cmake_clean_cache' from command line to 'False'
[0.115s] Level 5:colcon.colcon_core.verb:set package 'so3_quadrotor_simulator' build argument 'cmake_clean_first' from command line to 'False'
[0.115s] Level 5:colcon.colcon_core.verb:set package 'so3_quadrotor_simulator' build argument 'cmake_force_configure' from command line to 'False'
[0.115s] Level 5:colcon.colcon_core.verb:set package 'so3_quadrotor_simulator' build argument 'ament_cmake_args' from command line to 'None'
[0.115s] Level 5:colcon.colcon_core.verb:set package 'so3_quadrotor_simulator' build argument 'catkin_cmake_args' from command line to 'None'
[0.115s] Level 5:colcon.colcon_core.verb:set package 'so3_quadrotor_simulator' build argument 'catkin_skip_building_tests' from command line to 'False'
[0.115s] DEBUG:colcon.colcon_core.verb:Building package 'so3_quadrotor_simulator' with the following arguments: {'ament_cmake_args': None, 'build_base': '/home/zhr/YOPO-ROS2/Controller/build/so3_quadrotor_simulator', 'catkin_cmake_args': None, 'catkin_skip_building_tests': False, 'cmake_args': None, 'cmake_clean_cache': False, 'cmake_clean_first': False, 'cmake_force_configure': False, 'cmake_target': None, 'cmake_target_skip_unavailable': False, 'install_base': '/home/zhr/YOPO-ROS2/Controller/install/so3_quadrotor_simulator', 'merge_install': False, 'path': '/home/zhr/YOPO-ROS2/Controller/src/so3_quadrotor_simulator', 'symlink_install': True, 'test_result_base': None}
[0.115s] INFO:colcon.colcon_core.executor:Executing jobs using 'parallel' executor
[0.115s] DEBUG:colcon.colcon_parallel_executor.executor.parallel:run_until_complete
[0.116s] INFO:colcon.colcon_ros.task.ament_cmake.build:Building ROS package in '/home/zhr/YOPO-ROS2/Controller/src/so3_control' with build type 'ament_cmake'
[0.116s] INFO:colcon.colcon_cmake.task.cmake.build:Building CMake package in '/home/zhr/YOPO-ROS2/Controller/src/so3_control'
[0.117s] INFO:colcon.colcon_core.plugin_system:Skipping extension 'colcon_core.shell.bat': Not used on non-Windows systems
[0.117s] INFO:colcon.colcon_core.shell:Skip shell extension 'powershell' for command environment: Not usable outside of PowerShell
[0.117s] DEBUG:colcon.colcon_core.shell:Skip shell extension 'dsv' for command environment
[0.119s] INFO:colcon.colcon_ros.task.ament_cmake.build:Building ROS package in '/home/zhr/YOPO-ROS2/Controller/src/so3_quadrotor_simulator' with build type 'ament_cmake'
[0.119s] INFO:colcon.colcon_cmake.task.cmake.build:Building CMake package in '/home/zhr/YOPO-ROS2/Controller/src/so3_quadrotor_simulator'
[0.119s] INFO:colcon.colcon_core.shell:Skip shell extension 'powershell' for command environment: Not usable outside of PowerShell
[0.119s] DEBUG:colcon.colcon_core.shell:Skip shell extension 'dsv' for command environment
[0.125s] DEBUG:colcon.colcon_core.event_handler.log_command:Invoking command in '/home/zhr/YOPO-ROS2/Controller/build/so3_control': AMENT_PREFIX_PATH=/home/zhr/YOPO-ROS2/Controller/install/quadrotor_msgs:/home/zhr/YOPO-ROS2/Controller/install/mavros_msgs:/home/zhr/YOPO-ROS2/Controller/install/cmake_utils:${AMENT_PREFIX_PATH} CMAKE_PREFIX_PATH=/home/zhr/YOPO-ROS2/Controller/install/quadrotor_msgs:/home/zhr/YOPO-ROS2/Controller/install/mavros_msgs:/home/zhr/YOPO-ROS2/Controller/install/cmake_utils:/opt/ros/jazzy/opt/gz_math_vendor:/opt/ros/jazzy/opt/gz_utils_vendor:/opt/ros/jazzy/opt/gz_cmake_vendor:/opt/ros/jazzy CONDA_PROMPT_MODIFIER=(base) DEBUGINFOD_URLS=https://debuginfod.ubuntu.com LD_LIBRARY_PATH=/home/zhr/YOPO-ROS2/Controller/install/quadrotor_msgs/lib:/home/zhr/YOPO-ROS2/Controller/install/mavros_msgs/lib:${LD_LIBRARY_PATH} PYTHONPATH=/home/zhr/YOPO-ROS2/Controller/install/quadrotor_msgs/lib/python3.12/site-packages:/home/zhr/YOPO-ROS2/Controller/install/mavros_msgs/lib/python3.12/site-packages:${PYTHONPATH} /usr/bin/cmake --build /home/zhr/YOPO-ROS2/Controller/build/so3_control -- -j32 -l32
[0.127s] DEBUG:colcon.colcon_core.event_handler.log_command:Invoking command in '/home/zhr/YOPO-ROS2/Controller/build/so3_quadrotor_simulator': AMENT_PREFIX_PATH=/home/zhr/YOPO-ROS2/Controller/install/uav_utils:/home/zhr/YOPO-ROS2/Controller/install/quadrotor_msgs:/home/zhr/YOPO-ROS2/Controller/install/cmake_utils:${AMENT_PREFIX_PATH} CMAKE_PREFIX_PATH=/home/zhr/YOPO-ROS2/Controller/install/uav_utils:/home/zhr/YOPO-ROS2/Controller/install/quadrotor_msgs:/home/zhr/YOPO-ROS2/Controller/install/cmake_utils:/opt/ros/jazzy/opt/gz_math_vendor:/opt/ros/jazzy/opt/gz_utils_vendor:/opt/ros/jazzy/opt/gz_cmake_vendor:/opt/ros/jazzy CONDA_PROMPT_MODIFIER=(base) DEBUGINFOD_URLS=https://debuginfod.ubuntu.com LD_LIBRARY_PATH=/home/zhr/YOPO-ROS2/Controller/install/uav_utils/lib:/home/zhr/YOPO-ROS2/Controller/install/quadrotor_msgs/lib:${LD_LIBRARY_PATH} PYTHONPATH=/home/zhr/YOPO-ROS2/Controller/install/quadrotor_msgs/lib/python3.12/site-packages:${PYTHONPATH} /usr/bin/cmake --build /home/zhr/YOPO-ROS2/Controller/build/so3_quadrotor_simulator -- -j32 -l32
[0.178s] DEBUG:colcon.colcon_core.event_handler.log_command:Invoked command in '/home/zhr/YOPO-ROS2/Controller/build/so3_quadrotor_simulator' returned '0': AMENT_PREFIX_PATH=/home/zhr/YOPO-ROS2/Controller/install/uav_utils:/home/zhr/YOPO-ROS2/Controller/install/quadrotor_msgs:/home/zhr/YOPO-ROS2/Controller/install/cmake_utils:${AMENT_PREFIX_PATH} CMAKE_PREFIX_PATH=/home/zhr/YOPO-ROS2/Controller/install/uav_utils:/home/zhr/YOPO-ROS2/Controller/install/quadrotor_msgs:/home/zhr/YOPO-ROS2/Controller/install/cmake_utils:/opt/ros/jazzy/opt/gz_math_vendor:/opt/ros/jazzy/opt/gz_utils_vendor:/opt/ros/jazzy/opt/gz_cmake_vendor:/opt/ros/jazzy CONDA_PROMPT_MODIFIER=(base) DEBUGINFOD_URLS=https://debuginfod.ubuntu.com LD_LIBRARY_PATH=/home/zhr/YOPO-ROS2/Controller/install/uav_utils/lib:/home/zhr/YOPO-ROS2/Controller/install/quadrotor_msgs/lib:${LD_LIBRARY_PATH} PYTHONPATH=/home/zhr/YOPO-ROS2/Controller/install/quadrotor_msgs/lib/python3.12/site-packages:${PYTHONPATH} /usr/bin/cmake --build /home/zhr/YOPO-ROS2/Controller/build/so3_quadrotor_simulator -- -j32 -l32
[0.184s] DEBUG:colcon.colcon_core.event_handler.log_command:Invoking command in '/home/zhr/YOPO-ROS2/Controller/build/so3_quadrotor_simulator': AMENT_PREFIX_PATH=/home/zhr/YOPO-ROS2/Controller/install/uav_utils:/home/zhr/YOPO-ROS2/Controller/install/quadrotor_msgs:/home/zhr/YOPO-ROS2/Controller/install/cmake_utils:${AMENT_PREFIX_PATH} CMAKE_PREFIX_PATH=/home/zhr/YOPO-ROS2/Controller/install/uav_utils:/home/zhr/YOPO-ROS2/Controller/install/quadrotor_msgs:/home/zhr/YOPO-ROS2/Controller/install/cmake_utils:/opt/ros/jazzy/opt/gz_math_vendor:/opt/ros/jazzy/opt/gz_utils_vendor:/opt/ros/jazzy/opt/gz_cmake_vendor:/opt/ros/jazzy CONDA_PROMPT_MODIFIER=(base) DEBUGINFOD_URLS=https://debuginfod.ubuntu.com LD_LIBRARY_PATH=/home/zhr/YOPO-ROS2/Controller/install/uav_utils/lib:/home/zhr/YOPO-ROS2/Controller/install/quadrotor_msgs/lib:${LD_LIBRARY_PATH} PYTHONPATH=/home/zhr/YOPO-ROS2/Controller/install/quadrotor_msgs/lib/python3.12/site-packages:${PYTHONPATH} /usr/bin/cmake --install /home/zhr/YOPO-ROS2/Controller/build/so3_quadrotor_simulator
[1.570s] Level 1:colcon.colcon_core.environment:create_environment_scripts_only(so3_quadrotor_simulator)
[1.571s] DEBUG:colcon.colcon_core.event_handler.log_command:Invoked command in '/home/zhr/YOPO-ROS2/Controller/build/so3_quadrotor_simulator' returned '0': AMENT_PREFIX_PATH=/home/zhr/YOPO-ROS2/Controller/install/uav_utils:/home/zhr/YOPO-ROS2/Controller/install/quadrotor_msgs:/home/zhr/YOPO-ROS2/Controller/install/cmake_utils:${AMENT_PREFIX_PATH} CMAKE_PREFIX_PATH=/home/zhr/YOPO-ROS2/Controller/install/uav_utils:/home/zhr/YOPO-ROS2/Controller/install/quadrotor_msgs:/home/zhr/YOPO-ROS2/Controller/install/cmake_utils:/opt/ros/jazzy/opt/gz_math_vendor:/opt/ros/jazzy/opt/gz_utils_vendor:/opt/ros/jazzy/opt/gz_cmake_vendor:/opt/ros/jazzy CONDA_PROMPT_MODIFIER=(base) DEBUGINFOD_URLS=https://debuginfod.ubuntu.com LD_LIBRARY_PATH=/home/zhr/YOPO-ROS2/Controller/install/uav_utils/lib:/home/zhr/YOPO-ROS2/Controller/install/quadrotor_msgs/lib:${LD_LIBRARY_PATH} PYTHONPATH=/home/zhr/YOPO-ROS2/Controller/install/quadrotor_msgs/lib/python3.12/site-packages:${PYTHONPATH} /usr/bin/cmake --install /home/zhr/YOPO-ROS2/Controller/build/so3_quadrotor_simulator
[1.572s] Level 1:colcon.colcon_core.environment:checking '/home/zhr/YOPO-ROS2/Controller/install/so3_quadrotor_simulator' for CMake module files
[1.573s] Level 1:colcon.colcon_core.environment:checking '/home/zhr/YOPO-ROS2/Controller/install/so3_quadrotor_simulator' for CMake config files
[1.575s] Level 1:colcon.colcon_core.shell:create_environment_hook('so3_quadrotor_simulator', 'cmake_prefix_path')
[1.575s] INFO:colcon.colcon_core.shell:Creating environment hook '/home/zhr/YOPO-ROS2/Controller/install/so3_quadrotor_simulator/share/so3_quadrotor_simulator/hook/cmake_prefix_path.ps1'
[1.576s] INFO:colcon.colcon_core.shell:Creating environment descriptor '/home/zhr/YOPO-ROS2/Controller/install/so3_quadrotor_simulator/share/so3_quadrotor_simulator/hook/cmake_prefix_path.dsv'
[1.576s] INFO:colcon.colcon_core.shell:Creating environment hook '/home/zhr/YOPO-ROS2/Controller/install/so3_quadrotor_simulator/share/so3_quadrotor_simulator/hook/cmake_prefix_path.sh'
[1.577s] Level 1:colcon.colcon_core.environment:checking '/home/zhr/YOPO-ROS2/Controller/install/so3_quadrotor_simulator/lib'
[1.577s] Level 1:colcon.colcon_core.environment:checking '/home/zhr/YOPO-ROS2/Controller/install/so3_quadrotor_simulator/bin'
[1.577s] Level 1:colcon.colcon_core.environment:checking '/home/zhr/YOPO-ROS2/Controller/install/so3_quadrotor_simulator/lib/pkgconfig/so3_quadrotor_simulator.pc'
[1.577s] Level 1:colcon.colcon_core.environment:checking '/home/zhr/YOPO-ROS2/Controller/install/so3_quadrotor_simulator/lib/python3.12/site-packages'
[1.577s] Level 1:colcon.colcon_core.environment:checking '/home/zhr/YOPO-ROS2/Controller/install/so3_quadrotor_simulator/bin'
[1.577s] INFO:colcon.colcon_core.shell:Creating package script '/home/zhr/YOPO-ROS2/Controller/install/so3_quadrotor_simulator/share/so3_quadrotor_simulator/package.ps1'
[1.578s] INFO:colcon.colcon_core.shell:Creating package descriptor '/home/zhr/YOPO-ROS2/Controller/install/so3_quadrotor_simulator/share/so3_quadrotor_simulator/package.dsv'
[1.578s] INFO:colcon.colcon_core.shell:Creating package script '/home/zhr/YOPO-ROS2/Controller/install/so3_quadrotor_simulator/share/so3_quadrotor_simulator/package.sh'
[1.578s] INFO:colcon.colcon_core.shell:Creating package script '/home/zhr/YOPO-ROS2/Controller/install/so3_quadrotor_simulator/share/so3_quadrotor_simulator/package.bash'
[1.579s] INFO:colcon.colcon_core.shell:Creating package script '/home/zhr/YOPO-ROS2/Controller/install/so3_quadrotor_simulator/share/so3_quadrotor_simulator/package.zsh'
[1.579s] Level 1:colcon.colcon_core.environment:create_file_with_runtime_dependencies(/home/zhr/YOPO-ROS2/Controller/install/so3_quadrotor_simulator/share/colcon-core/packages/so3_quadrotor_simulator)
[1.579s] Level 1:colcon.colcon_core.environment:create_environment_scripts_only(so3_quadrotor_simulator)
[1.579s] Level 1:colcon.colcon_core.environment:checking '/home/zhr/YOPO-ROS2/Controller/install/so3_quadrotor_simulator' for CMake module files
[1.580s] Level 1:colcon.colcon_core.environment:checking '/home/zhr/YOPO-ROS2/Controller/install/so3_quadrotor_simulator' for CMake config files
[1.581s] Level 1:colcon.colcon_core.shell:create_environment_hook('so3_quadrotor_simulator', 'cmake_prefix_path')
[1.581s] INFO:colcon.colcon_core.shell:Creating environment hook '/home/zhr/YOPO-ROS2/Controller/install/so3_quadrotor_simulator/share/so3_quadrotor_simulator/hook/cmake_prefix_path.ps1'
[1.582s] INFO:colcon.colcon_core.shell:Creating environment descriptor '/home/zhr/YOPO-ROS2/Controller/install/so3_quadrotor_simulator/share/so3_quadrotor_simulator/hook/cmake_prefix_path.dsv'
[1.582s] INFO:colcon.colcon_core.shell:Creating environment hook '/home/zhr/YOPO-ROS2/Controller/install/so3_quadrotor_simulator/share/so3_quadrotor_simulator/hook/cmake_prefix_path.sh'
[1.582s] Level 1:colcon.colcon_core.environment:checking '/home/zhr/YOPO-ROS2/Controller/install/so3_quadrotor_simulator/lib'
[1.582s] Level 1:colcon.colcon_core.environment:checking '/home/zhr/YOPO-ROS2/Controller/install/so3_quadrotor_simulator/bin'
[1.582s] Level 1:colcon.colcon_core.environment:checking '/home/zhr/YOPO-ROS2/Controller/install/so3_quadrotor_simulator/lib/pkgconfig/so3_quadrotor_simulator.pc'
[1.582s] Level 1:colcon.colcon_core.environment:checking '/home/zhr/YOPO-ROS2/Controller/install/so3_quadrotor_simulator/lib/python3.12/site-packages'
[1.582s] Level 1:colcon.colcon_core.environment:checking '/home/zhr/YOPO-ROS2/Controller/install/so3_quadrotor_simulator/bin'
[1.582s] INFO:colcon.colcon_core.shell:Creating package script '/home/zhr/YOPO-ROS2/Controller/install/so3_quadrotor_simulator/share/so3_quadrotor_simulator/package.ps1'
[1.583s] INFO:colcon.colcon_core.shell:Creating package descriptor '/home/zhr/YOPO-ROS2/Controller/install/so3_quadrotor_simulator/share/so3_quadrotor_simulator/package.dsv'
[1.583s] INFO:colcon.colcon_core.shell:Creating package script '/home/zhr/YOPO-ROS2/Controller/install/so3_quadrotor_simulator/share/so3_quadrotor_simulator/package.sh'
[1.583s] INFO:colcon.colcon_core.shell:Creating package script '/home/zhr/YOPO-ROS2/Controller/install/so3_quadrotor_simulator/share/so3_quadrotor_simulator/package.bash'
[1.583s] INFO:colcon.colcon_core.shell:Creating package script '/home/zhr/YOPO-ROS2/Controller/install/so3_quadrotor_simulator/share/so3_quadrotor_simulator/package.zsh'
[1.583s] Level 1:colcon.colcon_core.environment:create_file_with_runtime_dependencies(/home/zhr/YOPO-ROS2/Controller/install/so3_quadrotor_simulator/share/colcon-core/packages/so3_quadrotor_simulator)
[20.578s] DEBUG:colcon.colcon_core.event_handler.log_command:Invoked command in '/home/zhr/YOPO-ROS2/Controller/build/so3_control' returned '0': AMENT_PREFIX_PATH=/home/zhr/YOPO-ROS2/Controller/install/quadrotor_msgs:/home/zhr/YOPO-ROS2/Controller/install/mavros_msgs:/home/zhr/YOPO-ROS2/Controller/install/cmake_utils:${AMENT_PREFIX_PATH} CMAKE_PREFIX_PATH=/home/zhr/YOPO-ROS2/Controller/install/quadrotor_msgs:/home/zhr/YOPO-ROS2/Controller/install/mavros_msgs:/home/zhr/YOPO-ROS2/Controller/install/cmake_utils:/opt/ros/jazzy/opt/gz_math_vendor:/opt/ros/jazzy/opt/gz_utils_vendor:/opt/ros/jazzy/opt/gz_cmake_vendor:/opt/ros/jazzy CONDA_PROMPT_MODIFIER=(base) DEBUGINFOD_URLS=https://debuginfod.ubuntu.com LD_LIBRARY_PATH=/home/zhr/YOPO-ROS2/Controller/install/quadrotor_msgs/lib:/home/zhr/YOPO-ROS2/Controller/install/mavros_msgs/lib:${LD_LIBRARY_PATH} PYTHONPATH=/home/zhr/YOPO-ROS2/Controller/install/quadrotor_msgs/lib/python3.12/site-packages:/home/zhr/YOPO-ROS2/Controller/install/mavros_msgs/lib/python3.12/site-packages:${PYTHONPATH} /usr/bin/cmake --build /home/zhr/YOPO-ROS2/Controller/build/so3_control -- -j32 -l32
[20.579s] DEBUG:colcon.colcon_core.event_handler.log_command:Invoking command in '/home/zhr/YOPO-ROS2/Controller/build/so3_control': AMENT_PREFIX_PATH=/home/zhr/YOPO-ROS2/Controller/install/quadrotor_msgs:/home/zhr/YOPO-ROS2/Controller/install/mavros_msgs:/home/zhr/YOPO-ROS2/Controller/install/cmake_utils:${AMENT_PREFIX_PATH} CMAKE_PREFIX_PATH=/home/zhr/YOPO-ROS2/Controller/install/quadrotor_msgs:/home/zhr/YOPO-ROS2/Controller/install/mavros_msgs:/home/zhr/YOPO-ROS2/Controller/install/cmake_utils:/opt/ros/jazzy/opt/gz_math_vendor:/opt/ros/jazzy/opt/gz_utils_vendor:/opt/ros/jazzy/opt/gz_cmake_vendor:/opt/ros/jazzy CONDA_PROMPT_MODIFIER=(base) DEBUGINFOD_URLS=https://debuginfod.ubuntu.com LD_LIBRARY_PATH=/home/zhr/YOPO-ROS2/Controller/install/quadrotor_msgs/lib:/home/zhr/YOPO-ROS2/Controller/install/mavros_msgs/lib:${LD_LIBRARY_PATH} PYTHONPATH=/home/zhr/YOPO-ROS2/Controller/install/quadrotor_msgs/lib/python3.12/site-packages:/home/zhr/YOPO-ROS2/Controller/install/mavros_msgs/lib/python3.12/site-packages:${PYTHONPATH} /usr/bin/cmake --install /home/zhr/YOPO-ROS2/Controller/build/so3_control
[20.725s] Level 1:colcon.colcon_core.environment:create_environment_scripts_only(so3_control)
[20.726s] Level 1:colcon.colcon_core.environment:checking '/home/zhr/YOPO-ROS2/Controller/install/so3_control' for CMake module files
[20.726s] DEBUG:colcon.colcon_core.event_handler.log_command:Invoked command in '/home/zhr/YOPO-ROS2/Controller/build/so3_control' returned '0': AMENT_PREFIX_PATH=/home/zhr/YOPO-ROS2/Controller/install/quadrotor_msgs:/home/zhr/YOPO-ROS2/Controller/install/mavros_msgs:/home/zhr/YOPO-ROS2/Controller/install/cmake_utils:${AMENT_PREFIX_PATH} CMAKE_PREFIX_PATH=/home/zhr/YOPO-ROS2/Controller/install/quadrotor_msgs:/home/zhr/YOPO-ROS2/Controller/install/mavros_msgs:/home/zhr/YOPO-ROS2/Controller/install/cmake_utils:/opt/ros/jazzy/opt/gz_math_vendor:/opt/ros/jazzy/opt/gz_utils_vendor:/opt/ros/jazzy/opt/gz_cmake_vendor:/opt/ros/jazzy CONDA_PROMPT_MODIFIER=(base) DEBUGINFOD_URLS=https://debuginfod.ubuntu.com LD_LIBRARY_PATH=/home/zhr/YOPO-ROS2/Controller/install/quadrotor_msgs/lib:/home/zhr/YOPO-ROS2/Controller/install/mavros_msgs/lib:${LD_LIBRARY_PATH} PYTHONPATH=/home/zhr/YOPO-ROS2/Controller/install/quadrotor_msgs/lib/python3.12/site-packages:/home/zhr/YOPO-ROS2/Controller/install/mavros_msgs/lib/python3.12/site-packages:${PYTHONPATH} /usr/bin/cmake --install /home/zhr/YOPO-ROS2/Controller/build/so3_control
[20.726s] Level 1:colcon.colcon_core.environment:checking '/home/zhr/YOPO-ROS2/Controller/install/so3_control' for CMake config files
[20.726s] Level 1:colcon.colcon_core.shell:create_environment_hook('so3_control', 'cmake_prefix_path')
[20.727s] INFO:colcon.colcon_core.shell:Creating environment hook '/home/zhr/YOPO-ROS2/Controller/install/so3_control/share/so3_control/hook/cmake_prefix_path.ps1'
[20.727s] INFO:colcon.colcon_core.shell:Creating environment descriptor '/home/zhr/YOPO-ROS2/Controller/install/so3_control/share/so3_control/hook/cmake_prefix_path.dsv'
[20.727s] INFO:colcon.colcon_core.shell:Creating environment hook '/home/zhr/YOPO-ROS2/Controller/install/so3_control/share/so3_control/hook/cmake_prefix_path.sh'
[20.727s] Level 1:colcon.colcon_core.environment:checking '/home/zhr/YOPO-ROS2/Controller/install/so3_control/lib'
[20.727s] Level 1:colcon.colcon_core.environment:checking '/home/zhr/YOPO-ROS2/Controller/install/so3_control/bin'
[20.727s] Level 1:colcon.colcon_core.environment:checking '/home/zhr/YOPO-ROS2/Controller/install/so3_control/lib/pkgconfig/so3_control.pc'
[20.727s] Level 1:colcon.colcon_core.environment:checking '/home/zhr/YOPO-ROS2/Controller/install/so3_control/lib/python3.12/site-packages'
[20.727s] Level 1:colcon.colcon_core.environment:checking '/home/zhr/YOPO-ROS2/Controller/install/so3_control/bin'
[20.728s] INFO:colcon.colcon_core.shell:Creating package script '/home/zhr/YOPO-ROS2/Controller/install/so3_control/share/so3_control/package.ps1'
[20.728s] INFO:colcon.colcon_core.shell:Creating package descriptor '/home/zhr/YOPO-ROS2/Controller/install/so3_control/share/so3_control/package.dsv'
[20.728s] INFO:colcon.colcon_core.shell:Creating package script '/home/zhr/YOPO-ROS2/Controller/install/so3_control/share/so3_control/package.sh'
[20.728s] INFO:colcon.colcon_core.shell:Creating package script '/home/zhr/YOPO-ROS2/Controller/install/so3_control/share/so3_control/package.bash'
[20.728s] INFO:colcon.colcon_core.shell:Creating package script '/home/zhr/YOPO-ROS2/Controller/install/so3_control/share/so3_control/package.zsh'
[20.728s] Level 1:colcon.colcon_core.environment:create_file_with_runtime_dependencies(/home/zhr/YOPO-ROS2/Controller/install/so3_control/share/colcon-core/packages/so3_control)
[20.729s] Level 1:colcon.colcon_core.environment:create_environment_scripts_only(so3_control)
[20.729s] Level 1:colcon.colcon_core.environment:checking '/home/zhr/YOPO-ROS2/Controller/install/so3_control' for CMake module files
[20.729s] Level 1:colcon.colcon_core.environment:checking '/home/zhr/YOPO-ROS2/Controller/install/so3_control' for CMake config files
[20.729s] Level 1:colcon.colcon_core.shell:create_environment_hook('so3_control', 'cmake_prefix_path')
[20.729s] INFO:colcon.colcon_core.shell:Creating environment hook '/home/zhr/YOPO-ROS2/Controller/install/so3_control/share/so3_control/hook/cmake_prefix_path.ps1'
[20.729s] INFO:colcon.colcon_core.shell:Creating environment descriptor '/home/zhr/YOPO-ROS2/Controller/install/so3_control/share/so3_control/hook/cmake_prefix_path.dsv'
[20.729s] INFO:colcon.colcon_core.shell:Creating environment hook '/home/zhr/YOPO-ROS2/Controller/install/so3_control/share/so3_control/hook/cmake_prefix_path.sh'
[20.730s] Level 1:colcon.colcon_core.environment:checking '/home/zhr/YOPO-ROS2/Controller/install/so3_control/lib'
[20.730s] Level 1:colcon.colcon_core.environment:checking '/home/zhr/YOPO-ROS2/Controller/install/so3_control/bin'
[20.730s] Level 1:colcon.colcon_core.environment:checking '/home/zhr/YOPO-ROS2/Controller/install/so3_control/lib/pkgconfig/so3_control.pc'
[20.730s] Level 1:colcon.colcon_core.environment:checking '/home/zhr/YOPO-ROS2/Controller/install/so3_control/lib/python3.12/site-packages'
[20.730s] Level 1:colcon.colcon_core.environment:checking '/home/zhr/YOPO-ROS2/Controller/install/so3_control/bin'
[20.730s] INFO:colcon.colcon_core.shell:Creating package script '/home/zhr/YOPO-ROS2/Controller/install/so3_control/share/so3_control/package.ps1'
[20.730s] INFO:colcon.colcon_core.shell:Creating package descriptor '/home/zhr/YOPO-ROS2/Controller/install/so3_control/share/so3_control/package.dsv'
[20.730s] INFO:colcon.colcon_core.shell:Creating package script '/home/zhr/YOPO-ROS2/Controller/install/so3_control/share/so3_control/package.sh'
[20.730s] INFO:colcon.colcon_core.shell:Creating package script '/home/zhr/YOPO-ROS2/Controller/install/so3_control/share/so3_control/package.bash'
[20.731s] INFO:colcon.colcon_core.shell:Creating package script '/home/zhr/YOPO-ROS2/Controller/install/so3_control/share/so3_control/package.zsh'
[20.731s] Level 1:colcon.colcon_core.environment:create_file_with_runtime_dependencies(/home/zhr/YOPO-ROS2/Controller/install/so3_control/share/colcon-core/packages/so3_control)
[20.731s] DEBUG:colcon.colcon_parallel_executor.executor.parallel:closing loop
[20.731s] DEBUG:colcon.colcon_parallel_executor.executor.parallel:loop closed
[20.731s] DEBUG:colcon.colcon_parallel_executor.executor.parallel:run_until_complete finished with '0'
[20.731s] DEBUG:colcon.colcon_core.event_reactor:joining thread
[20.734s] INFO:colcon.colcon_core.plugin_system:Skipping extension 'colcon_notification.desktop_notification.terminal_notifier': Not used on non-Darwin systems
[20.734s] INFO:colcon.colcon_core.plugin_system:Skipping extension 'colcon_notification.desktop_notification.win32': Not used on non-Windows systems
[20.734s] INFO:colcon.colcon_notification.desktop_notification:Sending desktop notification using 'notify2'
[20.745s] DEBUG:colcon.colcon_core.event_reactor:joined thread
[20.745s] INFO:colcon.colcon_core.shell:Creating prefix script '/home/zhr/YOPO-ROS2/Controller/install/local_setup.ps1'
[20.746s] INFO:colcon.colcon_core.shell:Creating prefix util module '/home/zhr/YOPO-ROS2/Controller/install/_local_setup_util_ps1.py'
[20.746s] INFO:colcon.colcon_core.shell:Creating prefix chain script '/home/zhr/YOPO-ROS2/Controller/install/setup.ps1'
[20.747s] INFO:colcon.colcon_core.shell:Creating prefix script '/home/zhr/YOPO-ROS2/Controller/install/local_setup.sh'
[20.747s] INFO:colcon.colcon_core.shell:Creating prefix util module '/home/zhr/YOPO-ROS2/Controller/install/_local_setup_util_sh.py'
[20.747s] INFO:colcon.colcon_core.shell:Creating prefix chain script '/home/zhr/YOPO-ROS2/Controller/install/setup.sh'
[20.747s] INFO:colcon.colcon_core.shell:Creating prefix script '/home/zhr/YOPO-ROS2/Controller/install/local_setup.bash'
[20.748s] INFO:colcon.colcon_core.shell:Creating prefix chain script '/home/zhr/YOPO-ROS2/Controller/install/setup.bash'
[20.748s] INFO:colcon.colcon_core.shell:Creating prefix script '/home/zhr/YOPO-ROS2/Controller/install/local_setup.zsh'
[20.748s] INFO:colcon.colcon_core.shell:Creating prefix chain script '/home/zhr/YOPO-ROS2/Controller/install/setup.zsh'
