[0.005s] Invoking command in '/home/zhr/YOPO-ROS2/Controller/build/cmake_utils': CMAKE_PREFIX_PATH=${CMAKE_PREFIX_PATH}:/opt/ros/jazzy DEBUGINFOD_URLS=https://debuginfod.ubuntu.com /usr/bin/cmake /home/zhr/YOPO-ROS2/Controller/src/utils/cmake_utils -DAMENT_CMAKE_SYMLINK_INSTALL=1 -DCMAKE_INSTALL_PREFIX=/home/zhr/YOPO-ROS2/Controller/install/cmake_utils
[0.031s] -- The C compiler identification is GNU 13.3.0
[0.058s] -- The CXX compiler identification is GNU 13.3.0
[0.065s] -- Detecting C compiler ABI info
[0.105s] -- Detecting C compiler ABI info - done
[0.109s] -- Check for working C compiler: /usr/bin/cc - skipped
[0.109s] -- Detecting C compile features
[0.109s] -- Detecting C compile features - done
[0.114s] -- Detecting CXX compiler ABI info
[0.155s] -- Detecting CXX compiler ABI info - done
[0.159s] -- Check for working CXX compiler: /usr/bin/c++ - skipped
[0.160s] -- Detecting CXX compile features
[0.160s] -- Detecting CXX compile features - done
[0.161s] -- Found ament_cmake: 2.5.5 (/opt/ros/jazzy/share/ament_cmake/cmake)
[0.230s] -- Found Python3: /usr/bin/python3 (found version "3.12.3") found components: Interpreter 
[0.271s] -- Override CMake install command with custom implementation using symlinks instead of copying resources
[0.330s] -- Configuring done (0.3s)
[0.331s] -- Generating done (0.0s)
[0.332s] -- Build files have been written to: /home/zhr/YOPO-ROS2/Controller/build/cmake_utils
[0.335s] Invoked command in '/home/zhr/YOPO-ROS2/Controller/build/cmake_utils' returned '0': CMAKE_PREFIX_PATH=${CMAKE_PREFIX_PATH}:/opt/ros/jazzy DEBUGINFOD_URLS=https://debuginfod.ubuntu.com /usr/bin/cmake /home/zhr/YOPO-ROS2/Controller/src/utils/cmake_utils -DAMENT_CMAKE_SYMLINK_INSTALL=1 -DCMAKE_INSTALL_PREFIX=/home/zhr/YOPO-ROS2/Controller/install/cmake_utils
[0.336s] Invoking command in '/home/zhr/YOPO-ROS2/Controller/build/cmake_utils': CMAKE_PREFIX_PATH=${CMAKE_PREFIX_PATH}:/opt/ros/jazzy DEBUGINFOD_URLS=https://debuginfod.ubuntu.com /usr/bin/cmake --build /home/zhr/YOPO-ROS2/Controller/build/cmake_utils -- -j32 -l32
[0.354s] Invoked command in '/home/zhr/YOPO-ROS2/Controller/build/cmake_utils' returned '0': CMAKE_PREFIX_PATH=${CMAKE_PREFIX_PATH}:/opt/ros/jazzy DEBUGINFOD_URLS=https://debuginfod.ubuntu.com /usr/bin/cmake --build /home/zhr/YOPO-ROS2/Controller/build/cmake_utils -- -j32 -l32
[0.358s] Invoking command in '/home/zhr/YOPO-ROS2/Controller/build/cmake_utils': CMAKE_PREFIX_PATH=${CMAKE_PREFIX_PATH}:/opt/ros/jazzy DEBUGINFOD_URLS=https://debuginfod.ubuntu.com /usr/bin/cmake --install /home/zhr/YOPO-ROS2/Controller/build/cmake_utils
[0.360s] -- Install configuration: ""
[0.361s] -- Execute custom install script
[0.361s] -- Symlinking: /home/zhr/YOPO-ROS2/Controller/install/cmake_utils/share/ament_index/resource_index/package_run_dependencies/cmake_utils
[0.364s] -- Symlinking: /home/zhr/YOPO-ROS2/Controller/install/cmake_utils/share/ament_index/resource_index/parent_prefix_path/cmake_utils
[0.366s] -- Symlinking: /home/zhr/YOPO-ROS2/Controller/install/cmake_utils/share/cmake_utils/environment/ament_prefix_path.sh
[0.369s] -- Symlinking: /home/zhr/YOPO-ROS2/Controller/install/cmake_utils/share/cmake_utils/environment/ament_prefix_path.dsv
[0.372s] -- Symlinking: /home/zhr/YOPO-ROS2/Controller/install/cmake_utils/share/cmake_utils/environment/path.sh
[0.375s] -- Symlinking: /home/zhr/YOPO-ROS2/Controller/install/cmake_utils/share/cmake_utils/environment/path.dsv
[0.378s] -- Symlinking: /home/zhr/YOPO-ROS2/Controller/install/cmake_utils/share/cmake_utils/local_setup.bash
[0.381s] -- Symlinking: /home/zhr/YOPO-ROS2/Controller/install/cmake_utils/share/cmake_utils/local_setup.sh
[0.384s] -- Symlinking: /home/zhr/YOPO-ROS2/Controller/install/cmake_utils/share/cmake_utils/local_setup.zsh
[0.389s] -- Symlinking: /home/zhr/YOPO-ROS2/Controller/install/cmake_utils/share/cmake_utils/local_setup.dsv
[0.392s] -- Symlinking: /home/zhr/YOPO-ROS2/Controller/install/cmake_utils/share/cmake_utils/package.dsv
[0.395s] -- Symlinking: /home/zhr/YOPO-ROS2/Controller/install/cmake_utils/share/ament_index/resource_index/packages/cmake_utils
[0.399s] -- Symlinking: /home/zhr/YOPO-ROS2/Controller/install/cmake_utils/share/cmake_utils/cmake/arch.cmake
[0.401s] -- Symlinking: /home/zhr/YOPO-ROS2/Controller/install/cmake_utils/share/cmake_utils/cmake/cmake_modules.cmake
[0.404s] -- Symlinking: /home/zhr/YOPO-ROS2/Controller/install/cmake_utils/share/cmake_utils/cmake/color.cmake
[0.408s] -- Symlinking: /home/zhr/YOPO-ROS2/Controller/install/cmake_utils/share/cmake_utils/cmake/cmake_utilsConfig.cmake
[0.411s] -- Symlinking: /home/zhr/YOPO-ROS2/Controller/install/cmake_utils/share/cmake_utils/cmake/cmake_utilsConfig-version.cmake
[0.416s] -- Symlinking: /home/zhr/YOPO-ROS2/Controller/install/cmake_utils/share/cmake_utils/package.xml
[0.419s] -- Up-to-date symlink: /home/zhr/YOPO-ROS2/Controller/install/cmake_utils/share/cmake_utils/cmake/arch.cmake
[0.420s] -- Up-to-date symlink: /home/zhr/YOPO-ROS2/Controller/install/cmake_utils/share/cmake_utils/cmake/cmake_modules.cmake
[0.420s] -- Up-to-date symlink: /home/zhr/YOPO-ROS2/Controller/install/cmake_utils/share/cmake_utils/cmake/color.cmake
[0.421s] Invoked command in '/home/zhr/YOPO-ROS2/Controller/build/cmake_utils' returned '0': CMAKE_PREFIX_PATH=${CMAKE_PREFIX_PATH}:/opt/ros/jazzy DEBUGINFOD_URLS=https://debuginfod.ubuntu.com /usr/bin/cmake --install /home/zhr/YOPO-ROS2/Controller/build/cmake_utils
