[0.007s] Invoking command in '/home/zhr/YOPO-ROS2/Controller/build/so3_quadrotor_simulator': AMENT_PREFIX_PATH=/home/zhr/YOPO-ROS2/Controller/install/uav_utils:/home/zhr/YOPO-ROS2/Controller/install/quadrotor_msgs:/home/zhr/YOPO-ROS2/Controller/install/cmake_utils:${AMENT_PREFIX_PATH} CMAKE_PREFIX_PATH=/home/zhr/YOPO-ROS2/Controller/install/uav_utils:/home/zhr/YOPO-ROS2/Controller/install/quadrotor_msgs:/home/zhr/YOPO-ROS2/Controller/install/cmake_utils:/opt/ros/jazzy/opt/gz_math_vendor:/opt/ros/jazzy/opt/gz_utils_vendor:/opt/ros/jazzy/opt/gz_cmake_vendor:/opt/ros/jazzy CONDA_PROMPT_MODIFIER=(base) DEBUGINFOD_URLS=https://debuginfod.ubuntu.com LD_LIBRARY_PATH=/home/zhr/YOPO-ROS2/Controller/install/quadrotor_msgs/lib:${LD_LIBRARY_PATH} PYTHONPATH=/home/zhr/YOPO-ROS2/Controller/install/quadrotor_msgs/lib/python3.12/site-packages:${PYTHONPATH} /usr/bin/cmake /home/zhr/YOPO-ROS2/Controller/src/so3_quadrotor_simulator -DAMENT_CMAKE_SYMLINK_INSTALL=1 -DCMAKE_INSTALL_PREFIX=/home/zhr/YOPO-ROS2/Controller/install/so3_quadrotor_simulator
[0.014s] -- Found ament_cmake: 2.5.5 (/opt/ros/jazzy/share/ament_cmake/cmake)
[0.114s] -- Override CMake install command with custom implementation using symlinks instead of copying resources
[0.117s] -- Found ament_index_cpp: 1.8.2 (/opt/ros/jazzy/share/ament_index_cpp/cmake)
[0.117s] -- Found rclcpp: 28.1.16 (/opt/ros/jazzy/share/rclcpp/cmake)
[0.130s] -- Found rosidl_generator_c: 4.6.7 (/opt/ros/jazzy/share/rosidl_generator_c/cmake)
[0.134s] -- Found rosidl_generator_cpp: 4.6.7 (/opt/ros/jazzy/share/rosidl_generator_cpp/cmake)
[0.140s] -- Using all available rosidl_typesupport_c: rosidl_typesupport_fastrtps_c;rosidl_typesupport_introspection_c
[0.145s] -- Using all available rosidl_typesupport_cpp: rosidl_typesupport_fastrtps_cpp;rosidl_typesupport_introspection_cpp
[0.174s] -- Found rmw_implementation_cmake: 7.3.3 (/opt/ros/jazzy/share/rmw_implementation_cmake/cmake)
[0.174s] -- Found rmw_fastrtps_cpp: 8.4.3 (/opt/ros/jazzy/share/rmw_fastrtps_cpp/cmake)
[0.206s] -- Using RMW implementation 'rmw_fastrtps_cpp' as default
[0.238s] -- Found quadrotor_msgs: 0.0.0 (/home/zhr/YOPO-ROS2/Controller/install/quadrotor_msgs/share/quadrotor_msgs/cmake)
[0.286s] -- Found uav_utils: 0.0.0 (/home/zhr/YOPO-ROS2/Controller/install/uav_utils/share/uav_utils/cmake)
[0.302s] -- Found tf2_ros: 0.36.19 (/opt/ros/jazzy/share/tf2_ros/cmake)
[0.356s] -- Found visualization_msgs: 5.3.6 (/opt/ros/jazzy/share/visualization_msgs/cmake)
[0.430s] -- Configuring done (0.4s)
[0.442s] -- Generating done (0.0s)
[0.444s] -- Build files have been written to: /home/zhr/YOPO-ROS2/Controller/build/so3_quadrotor_simulator
[0.450s] Invoked command in '/home/zhr/YOPO-ROS2/Controller/build/so3_quadrotor_simulator' returned '0': AMENT_PREFIX_PATH=/home/zhr/YOPO-ROS2/Controller/install/uav_utils:/home/zhr/YOPO-ROS2/Controller/install/quadrotor_msgs:/home/zhr/YOPO-ROS2/Controller/install/cmake_utils:${AMENT_PREFIX_PATH} CMAKE_PREFIX_PATH=/home/zhr/YOPO-ROS2/Controller/install/uav_utils:/home/zhr/YOPO-ROS2/Controller/install/quadrotor_msgs:/home/zhr/YOPO-ROS2/Controller/install/cmake_utils:/opt/ros/jazzy/opt/gz_math_vendor:/opt/ros/jazzy/opt/gz_utils_vendor:/opt/ros/jazzy/opt/gz_cmake_vendor:/opt/ros/jazzy CONDA_PROMPT_MODIFIER=(base) DEBUGINFOD_URLS=https://debuginfod.ubuntu.com LD_LIBRARY_PATH=/home/zhr/YOPO-ROS2/Controller/install/quadrotor_msgs/lib:${LD_LIBRARY_PATH} PYTHONPATH=/home/zhr/YOPO-ROS2/Controller/install/quadrotor_msgs/lib/python3.12/site-packages:${PYTHONPATH} /usr/bin/cmake /home/zhr/YOPO-ROS2/Controller/src/so3_quadrotor_simulator -DAMENT_CMAKE_SYMLINK_INSTALL=1 -DCMAKE_INSTALL_PREFIX=/home/zhr/YOPO-ROS2/Controller/install/so3_quadrotor_simulator
[0.451s] Invoking command in '/home/zhr/YOPO-ROS2/Controller/build/so3_quadrotor_simulator': AMENT_PREFIX_PATH=/home/zhr/YOPO-ROS2/Controller/install/uav_utils:/home/zhr/YOPO-ROS2/Controller/install/quadrotor_msgs:/home/zhr/YOPO-ROS2/Controller/install/cmake_utils:${AMENT_PREFIX_PATH} CMAKE_PREFIX_PATH=/home/zhr/YOPO-ROS2/Controller/install/uav_utils:/home/zhr/YOPO-ROS2/Controller/install/quadrotor_msgs:/home/zhr/YOPO-ROS2/Controller/install/cmake_utils:/opt/ros/jazzy/opt/gz_math_vendor:/opt/ros/jazzy/opt/gz_utils_vendor:/opt/ros/jazzy/opt/gz_cmake_vendor:/opt/ros/jazzy CONDA_PROMPT_MODIFIER=(base) DEBUGINFOD_URLS=https://debuginfod.ubuntu.com LD_LIBRARY_PATH=/home/zhr/YOPO-ROS2/Controller/install/quadrotor_msgs/lib:${LD_LIBRARY_PATH} PYTHONPATH=/home/zhr/YOPO-ROS2/Controller/install/quadrotor_msgs/lib/python3.12/site-packages:${PYTHONPATH} /usr/bin/cmake --build /home/zhr/YOPO-ROS2/Controller/build/so3_quadrotor_simulator -- -j32 -l32
[0.484s] [ 50%] Built target quadrotor_dynamics
[0.498s] [ 75%] [32mBuilding CXX object CMakeFiles/quadrotor_simulator_so3.dir/src/quadrotor_simulator_so3.cpp.o[0m
[14.770s] [100%] [32m[1mLinking CXX executable quadrotor_simulator_so3[0m
[15.007s] [100%] Built target quadrotor_simulator_so3
[15.012s] Invoked command in '/home/zhr/YOPO-ROS2/Controller/build/so3_quadrotor_simulator' returned '0': AMENT_PREFIX_PATH=/home/zhr/YOPO-ROS2/Controller/install/uav_utils:/home/zhr/YOPO-ROS2/Controller/install/quadrotor_msgs:/home/zhr/YOPO-ROS2/Controller/install/cmake_utils:${AMENT_PREFIX_PATH} CMAKE_PREFIX_PATH=/home/zhr/YOPO-ROS2/Controller/install/uav_utils:/home/zhr/YOPO-ROS2/Controller/install/quadrotor_msgs:/home/zhr/YOPO-ROS2/Controller/install/cmake_utils:/opt/ros/jazzy/opt/gz_math_vendor:/opt/ros/jazzy/opt/gz_utils_vendor:/opt/ros/jazzy/opt/gz_cmake_vendor:/opt/ros/jazzy CONDA_PROMPT_MODIFIER=(base) DEBUGINFOD_URLS=https://debuginfod.ubuntu.com LD_LIBRARY_PATH=/home/zhr/YOPO-ROS2/Controller/install/quadrotor_msgs/lib:${LD_LIBRARY_PATH} PYTHONPATH=/home/zhr/YOPO-ROS2/Controller/install/quadrotor_msgs/lib/python3.12/site-packages:${PYTHONPATH} /usr/bin/cmake --build /home/zhr/YOPO-ROS2/Controller/build/so3_quadrotor_simulator -- -j32 -l32
[15.016s] Invoking command in '/home/zhr/YOPO-ROS2/Controller/build/so3_quadrotor_simulator': AMENT_PREFIX_PATH=/home/zhr/YOPO-ROS2/Controller/install/uav_utils:/home/zhr/YOPO-ROS2/Controller/install/quadrotor_msgs:/home/zhr/YOPO-ROS2/Controller/install/cmake_utils:${AMENT_PREFIX_PATH} CMAKE_PREFIX_PATH=/home/zhr/YOPO-ROS2/Controller/install/uav_utils:/home/zhr/YOPO-ROS2/Controller/install/quadrotor_msgs:/home/zhr/YOPO-ROS2/Controller/install/cmake_utils:/opt/ros/jazzy/opt/gz_math_vendor:/opt/ros/jazzy/opt/gz_utils_vendor:/opt/ros/jazzy/opt/gz_cmake_vendor:/opt/ros/jazzy CONDA_PROMPT_MODIFIER=(base) DEBUGINFOD_URLS=https://debuginfod.ubuntu.com LD_LIBRARY_PATH=/home/zhr/YOPO-ROS2/Controller/install/quadrotor_msgs/lib:${LD_LIBRARY_PATH} PYTHONPATH=/home/zhr/YOPO-ROS2/Controller/install/quadrotor_msgs/lib/python3.12/site-packages:${PYTHONPATH} /usr/bin/cmake --install /home/zhr/YOPO-ROS2/Controller/build/so3_quadrotor_simulator
[15.018s] -- Install configuration: "Release"
[15.019s] -- Execute custom install script
[15.019s] -- Up-to-date symlink: /home/zhr/YOPO-ROS2/Controller/install/so3_quadrotor_simulator/lib/so3_quadrotor_simulator/quadrotor_simulator_so3
[15.019s] -- Up-to-date symlink: /home/zhr/YOPO-ROS2/Controller/install/so3_quadrotor_simulator/lib/so3_quadrotor_simulator/libquadrotor_dynamics.a
[15.021s] -- Up-to-date symlink: /home/zhr/YOPO-ROS2/Controller/install/so3_quadrotor_simulator/include/ode/CHANGELOG
[15.021s] -- Up-to-date symlink: /home/zhr/YOPO-ROS2/Controller/install/so3_quadrotor_simulator/include/ode/Jamroot
[15.021s] -- Up-to-date symlink: /home/zhr/YOPO-ROS2/Controller/install/so3_quadrotor_simulator/include/ode/README
[15.021s] -- Up-to-date symlink: /home/zhr/YOPO-ROS2/Controller/install/so3_quadrotor_simulator/include/ode/boost/numeric/odeint.hpp
[15.021s] -- Up-to-date symlink: /home/zhr/YOPO-ROS2/Controller/install/so3_quadrotor_simulator/include/ode/boost/numeric/odeint/algebra/array_algebra.hpp
[15.021s] -- Up-to-date symlink: /home/zhr/YOPO-ROS2/Controller/install/so3_quadrotor_simulator/include/ode/boost/numeric/odeint/algebra/default_operations.hpp
[15.021s] -- Up-to-date symlink: /home/zhr/YOPO-ROS2/Controller/install/so3_quadrotor_simulator/include/ode/boost/numeric/odeint/algebra/detail/for_each.hpp
[15.021s] -- Up-to-date symlink: /home/zhr/YOPO-ROS2/Controller/install/so3_quadrotor_simulator/include/ode/boost/numeric/odeint/algebra/detail/macros.hpp
[15.021s] -- Up-to-date symlink: /home/zhr/YOPO-ROS2/Controller/install/so3_quadrotor_simulator/include/ode/boost/numeric/odeint/algebra/detail/reduce.hpp
[15.021s] -- Up-to-date symlink: /home/zhr/YOPO-ROS2/Controller/install/so3_quadrotor_simulator/include/ode/boost/numeric/odeint/algebra/fusion_algebra.hpp
[15.021s] -- Up-to-date symlink: /home/zhr/YOPO-ROS2/Controller/install/so3_quadrotor_simulator/include/ode/boost/numeric/odeint/algebra/range_algebra.hpp
[15.021s] -- Up-to-date symlink: /home/zhr/YOPO-ROS2/Controller/install/so3_quadrotor_simulator/include/ode/boost/numeric/odeint/algebra/vector_space_algebra.hpp
[15.021s] -- Up-to-date symlink: /home/zhr/YOPO-ROS2/Controller/install/so3_quadrotor_simulator/include/ode/boost/numeric/odeint/config.hpp
[15.021s] -- Up-to-date symlink: /home/zhr/YOPO-ROS2/Controller/install/so3_quadrotor_simulator/include/ode/boost/numeric/odeint/external/gsl/gsl_wrapper.hpp
[15.021s] -- Up-to-date symlink: /home/zhr/YOPO-ROS2/Controller/install/so3_quadrotor_simulator/include/ode/boost/numeric/odeint/external/mkl/mkl_operations.hpp
[15.021s] -- Up-to-date symlink: /home/zhr/YOPO-ROS2/Controller/install/so3_quadrotor_simulator/include/ode/boost/numeric/odeint/external/mtl4/implicit_euler_mtl4.hpp
[15.021s] -- Up-to-date symlink: /home/zhr/YOPO-ROS2/Controller/install/so3_quadrotor_simulator/include/ode/boost/numeric/odeint/external/mtl4/mtl4_resize.hpp
[15.021s] -- Up-to-date symlink: /home/zhr/YOPO-ROS2/Controller/install/so3_quadrotor_simulator/include/ode/boost/numeric/odeint/external/thrust/thrust_algebra.hpp
[15.021s] -- Up-to-date symlink: /home/zhr/YOPO-ROS2/Controller/install/so3_quadrotor_simulator/include/ode/boost/numeric/odeint/external/thrust/thrust_operations.hpp
[15.021s] -- Up-to-date symlink: /home/zhr/YOPO-ROS2/Controller/install/so3_quadrotor_simulator/include/ode/boost/numeric/odeint/external/thrust/thrust_resize.hpp
[15.021s] -- Up-to-date symlink: /home/zhr/YOPO-ROS2/Controller/install/so3_quadrotor_simulator/include/ode/boost/numeric/odeint/external/vexcl/vexcl_resize.hpp
[15.021s] -- Up-to-date symlink: /home/zhr/YOPO-ROS2/Controller/install/so3_quadrotor_simulator/include/ode/boost/numeric/odeint/external/viennacl/viennacl_operations.hpp
[15.021s] -- Up-to-date symlink: /home/zhr/YOPO-ROS2/Controller/install/so3_quadrotor_simulator/include/ode/boost/numeric/odeint/external/viennacl/viennacl_resize.hpp
[15.021s] -- Up-to-date symlink: /home/zhr/YOPO-ROS2/Controller/install/so3_quadrotor_simulator/include/ode/boost/numeric/odeint/integrate/detail/integrate_adaptive.hpp
[15.022s] -- Up-to-date symlink: /home/zhr/YOPO-ROS2/Controller/install/so3_quadrotor_simulator/include/ode/boost/numeric/odeint/integrate/detail/integrate_const.hpp
[15.022s] -- Up-to-date symlink: /home/zhr/YOPO-ROS2/Controller/install/so3_quadrotor_simulator/include/ode/boost/numeric/odeint/integrate/detail/integrate_n_steps.hpp
[15.022s] -- Up-to-date symlink: /home/zhr/YOPO-ROS2/Controller/install/so3_quadrotor_simulator/include/ode/boost/numeric/odeint/integrate/detail/integrate_times.hpp
[15.022s] -- Up-to-date symlink: /home/zhr/YOPO-ROS2/Controller/install/so3_quadrotor_simulator/include/ode/boost/numeric/odeint/integrate/integrate.hpp
[15.022s] -- Up-to-date symlink: /home/zhr/YOPO-ROS2/Controller/install/so3_quadrotor_simulator/include/ode/boost/numeric/odeint/integrate/integrate_adaptive.hpp
[15.022s] -- Up-to-date symlink: /home/zhr/YOPO-ROS2/Controller/install/so3_quadrotor_simulator/include/ode/boost/numeric/odeint/integrate/integrate_const.hpp
[15.022s] -- Up-to-date symlink: /home/zhr/YOPO-ROS2/Controller/install/so3_quadrotor_simulator/include/ode/boost/numeric/odeint/integrate/integrate_n_steps.hpp
[15.022s] -- Up-to-date symlink: /home/zhr/YOPO-ROS2/Controller/install/so3_quadrotor_simulator/include/ode/boost/numeric/odeint/integrate/integrate_times.hpp
[15.022s] -- Up-to-date symlink: /home/zhr/YOPO-ROS2/Controller/install/so3_quadrotor_simulator/include/ode/boost/numeric/odeint/integrate/null_observer.hpp
[15.022s] -- Up-to-date symlink: /home/zhr/YOPO-ROS2/Controller/install/so3_quadrotor_simulator/include/ode/boost/numeric/odeint/integrate/observer_collection.hpp
[15.022s] -- Up-to-date symlink: /home/zhr/YOPO-ROS2/Controller/install/so3_quadrotor_simulator/include/ode/boost/numeric/odeint/stepper/adams_bashforth.hpp
[15.022s] -- Up-to-date symlink: /home/zhr/YOPO-ROS2/Controller/install/so3_quadrotor_simulator/include/ode/boost/numeric/odeint/stepper/adams_bashforth_moulton.hpp
[15.022s] -- Up-to-date symlink: /home/zhr/YOPO-ROS2/Controller/install/so3_quadrotor_simulator/include/ode/boost/numeric/odeint/stepper/adams_moulton.hpp
[15.022s] -- Up-to-date symlink: /home/zhr/YOPO-ROS2/Controller/install/so3_quadrotor_simulator/include/ode/boost/numeric/odeint/stepper/base/algebra_stepper_base.hpp
[15.022s] -- Up-to-date symlink: /home/zhr/YOPO-ROS2/Controller/install/so3_quadrotor_simulator/include/ode/boost/numeric/odeint/stepper/base/explicit_error_stepper_base.hpp
[15.022s] -- Up-to-date symlink: /home/zhr/YOPO-ROS2/Controller/install/so3_quadrotor_simulator/include/ode/boost/numeric/odeint/stepper/base/explicit_error_stepper_fsal_base.hpp
[15.022s] -- Up-to-date symlink: /home/zhr/YOPO-ROS2/Controller/install/so3_quadrotor_simulator/include/ode/boost/numeric/odeint/stepper/base/explicit_stepper_base.hpp
[15.022s] -- Up-to-date symlink: /home/zhr/YOPO-ROS2/Controller/install/so3_quadrotor_simulator/include/ode/boost/numeric/odeint/stepper/base/symplectic_rkn_stepper_base.hpp
[15.022s] -- Up-to-date symlink: /home/zhr/YOPO-ROS2/Controller/install/so3_quadrotor_simulator/include/ode/boost/numeric/odeint/stepper/bulirsch_stoer.hpp
[15.022s] -- Up-to-date symlink: /home/zhr/YOPO-ROS2/Controller/install/so3_quadrotor_simulator/include/ode/boost/numeric/odeint/stepper/bulirsch_stoer_dense_out.hpp
[15.022s] -- Up-to-date symlink: /home/zhr/YOPO-ROS2/Controller/install/so3_quadrotor_simulator/include/ode/boost/numeric/odeint/stepper/controlled_runge_kutta.hpp
[15.022s] -- Up-to-date symlink: /home/zhr/YOPO-ROS2/Controller/install/so3_quadrotor_simulator/include/ode/boost/numeric/odeint/stepper/controlled_step_result.hpp
[15.022s] -- Up-to-date symlink: /home/zhr/YOPO-ROS2/Controller/install/so3_quadrotor_simulator/include/ode/boost/numeric/odeint/stepper/dense_output_runge_kutta.hpp
[15.022s] -- Up-to-date symlink: /home/zhr/YOPO-ROS2/Controller/install/so3_quadrotor_simulator/include/ode/boost/numeric/odeint/stepper/detail/adams_bashforth_call_algebra.hpp
[15.022s] -- Up-to-date symlink: /home/zhr/YOPO-ROS2/Controller/install/so3_quadrotor_simulator/include/ode/boost/numeric/odeint/stepper/detail/adams_bashforth_coefficients.hpp
[15.022s] -- Up-to-date symlink: /home/zhr/YOPO-ROS2/Controller/install/so3_quadrotor_simulator/include/ode/boost/numeric/odeint/stepper/detail/adams_moulton_call_algebra.hpp
[15.022s] -- Up-to-date symlink: /home/zhr/YOPO-ROS2/Controller/install/so3_quadrotor_simulator/include/ode/boost/numeric/odeint/stepper/detail/adams_moulton_coefficients.hpp
[15.023s] -- Up-to-date symlink: /home/zhr/YOPO-ROS2/Controller/install/so3_quadrotor_simulator/include/ode/boost/numeric/odeint/stepper/detail/generic_rk_algorithm.hpp
[15.023s] -- Up-to-date symlink: /home/zhr/YOPO-ROS2/Controller/install/so3_quadrotor_simulator/include/ode/boost/numeric/odeint/stepper/detail/generic_rk_call_algebra.hpp
[15.023s] -- Up-to-date symlink: /home/zhr/YOPO-ROS2/Controller/install/so3_quadrotor_simulator/include/ode/boost/numeric/odeint/stepper/detail/generic_rk_operations.hpp
[15.023s] -- Up-to-date symlink: /home/zhr/YOPO-ROS2/Controller/install/so3_quadrotor_simulator/include/ode/boost/numeric/odeint/stepper/detail/rotating_buffer.hpp
[15.023s] -- Up-to-date symlink: /home/zhr/YOPO-ROS2/Controller/install/so3_quadrotor_simulator/include/ode/boost/numeric/odeint/stepper/euler.hpp
[15.023s] -- Up-to-date symlink: /home/zhr/YOPO-ROS2/Controller/install/so3_quadrotor_simulator/include/ode/boost/numeric/odeint/stepper/explicit_error_generic_rk.hpp
[15.023s] -- Up-to-date symlink: /home/zhr/YOPO-ROS2/Controller/install/so3_quadrotor_simulator/include/ode/boost/numeric/odeint/stepper/explicit_generic_rk.hpp
[15.023s] -- Up-to-date symlink: /home/zhr/YOPO-ROS2/Controller/install/so3_quadrotor_simulator/include/ode/boost/numeric/odeint/stepper/generation.hpp
[15.023s] -- Up-to-date symlink: /home/zhr/YOPO-ROS2/Controller/install/so3_quadrotor_simulator/include/ode/boost/numeric/odeint/stepper/generation/generation_controlled_runge_kutta.hpp
[15.023s] -- Up-to-date symlink: /home/zhr/YOPO-ROS2/Controller/install/so3_quadrotor_simulator/include/ode/boost/numeric/odeint/stepper/generation/generation_dense_output_runge_kutta.hpp
[15.023s] -- Up-to-date symlink: /home/zhr/YOPO-ROS2/Controller/install/so3_quadrotor_simulator/include/ode/boost/numeric/odeint/stepper/generation/generation_rosenbrock4.hpp
[15.023s] -- Up-to-date symlink: /home/zhr/YOPO-ROS2/Controller/install/so3_quadrotor_simulator/include/ode/boost/numeric/odeint/stepper/generation/generation_runge_kutta_cash_karp54.hpp
[15.023s] -- Up-to-date symlink: /home/zhr/YOPO-ROS2/Controller/install/so3_quadrotor_simulator/include/ode/boost/numeric/odeint/stepper/generation/generation_runge_kutta_cash_karp54_classic.hpp
[15.023s] -- Up-to-date symlink: /home/zhr/YOPO-ROS2/Controller/install/so3_quadrotor_simulator/include/ode/boost/numeric/odeint/stepper/generation/generation_runge_kutta_dopri5.hpp
[15.023s] -- Up-to-date symlink: /home/zhr/YOPO-ROS2/Controller/install/so3_quadrotor_simulator/include/ode/boost/numeric/odeint/stepper/generation/generation_runge_kutta_fehlberg78.hpp
[15.023s] -- Up-to-date symlink: /home/zhr/YOPO-ROS2/Controller/install/so3_quadrotor_simulator/include/ode/boost/numeric/odeint/stepper/generation/make_controlled.hpp
[15.023s] -- Up-to-date symlink: /home/zhr/YOPO-ROS2/Controller/install/so3_quadrotor_simulator/include/ode/boost/numeric/odeint/stepper/generation/make_dense_output.hpp
[15.023s] -- Up-to-date symlink: /home/zhr/YOPO-ROS2/Controller/install/so3_quadrotor_simulator/include/ode/boost/numeric/odeint/stepper/implicit_euler.hpp
[15.023s] -- Up-to-date symlink: /home/zhr/YOPO-ROS2/Controller/install/so3_quadrotor_simulator/include/ode/boost/numeric/odeint/stepper/modified_midpoint.hpp
[15.023s] -- Up-to-date symlink: /home/zhr/YOPO-ROS2/Controller/install/so3_quadrotor_simulator/include/ode/boost/numeric/odeint/stepper/rosenbrock4.hpp
[15.023s] -- Up-to-date symlink: /home/zhr/YOPO-ROS2/Controller/install/so3_quadrotor_simulator/include/ode/boost/numeric/odeint/stepper/rosenbrock4_controller.hpp
[15.023s] -- Up-to-date symlink: /home/zhr/YOPO-ROS2/Controller/install/so3_quadrotor_simulator/include/ode/boost/numeric/odeint/stepper/rosenbrock4_dense_output.hpp
[15.023s] -- Up-to-date symlink: /home/zhr/YOPO-ROS2/Controller/install/so3_quadrotor_simulator/include/ode/boost/numeric/odeint/stepper/runge_kutta4.hpp
[15.023s] -- Up-to-date symlink: /home/zhr/YOPO-ROS2/Controller/install/so3_quadrotor_simulator/include/ode/boost/numeric/odeint/stepper/runge_kutta4_classic.hpp
[15.023s] -- Up-to-date symlink: /home/zhr/YOPO-ROS2/Controller/install/so3_quadrotor_simulator/include/ode/boost/numeric/odeint/stepper/runge_kutta_cash_karp54.hpp
[15.023s] -- Up-to-date symlink: /home/zhr/YOPO-ROS2/Controller/install/so3_quadrotor_simulator/include/ode/boost/numeric/odeint/stepper/runge_kutta_cash_karp54_classic.hpp
[15.023s] -- Up-to-date symlink: /home/zhr/YOPO-ROS2/Controller/install/so3_quadrotor_simulator/include/ode/boost/numeric/odeint/stepper/runge_kutta_dopri5.hpp
[15.024s] -- Up-to-date symlink: /home/zhr/YOPO-ROS2/Controller/install/so3_quadrotor_simulator/include/ode/boost/numeric/odeint/stepper/runge_kutta_fehlberg78.hpp
[15.024s] -- Up-to-date symlink: /home/zhr/YOPO-ROS2/Controller/install/so3_quadrotor_simulator/include/ode/boost/numeric/odeint/stepper/stepper_categories.hpp
[15.024s] -- Up-to-date symlink: /home/zhr/YOPO-ROS2/Controller/install/so3_quadrotor_simulator/include/ode/boost/numeric/odeint/stepper/symplectic_euler.hpp
[15.024s] -- Up-to-date symlink: /home/zhr/YOPO-ROS2/Controller/install/so3_quadrotor_simulator/include/ode/boost/numeric/odeint/stepper/symplectic_rkn_sb3a_m4_mclachlan.hpp
[15.024s] -- Up-to-date symlink: /home/zhr/YOPO-ROS2/Controller/install/so3_quadrotor_simulator/include/ode/boost/numeric/odeint/stepper/symplectic_rkn_sb3a_mclachlan.hpp
[15.024s] -- Up-to-date symlink: /home/zhr/YOPO-ROS2/Controller/install/so3_quadrotor_simulator/include/ode/boost/numeric/odeint/util/bind.hpp
[15.024s] -- Up-to-date symlink: /home/zhr/YOPO-ROS2/Controller/install/so3_quadrotor_simulator/include/ode/boost/numeric/odeint/util/copy.hpp
[15.024s] -- Up-to-date symlink: /home/zhr/YOPO-ROS2/Controller/install/so3_quadrotor_simulator/include/ode/boost/numeric/odeint/util/detail/is_range.hpp
[15.024s] -- Up-to-date symlink: /home/zhr/YOPO-ROS2/Controller/install/so3_quadrotor_simulator/include/ode/boost/numeric/odeint/util/detail/less_with_sign.hpp
[15.024s] -- Up-to-date symlink: /home/zhr/YOPO-ROS2/Controller/install/so3_quadrotor_simulator/include/ode/boost/numeric/odeint/util/is_pair.hpp
[15.024s] -- Up-to-date symlink: /home/zhr/YOPO-ROS2/Controller/install/so3_quadrotor_simulator/include/ode/boost/numeric/odeint/util/is_resizeable.hpp
[15.024s] -- Up-to-date symlink: /home/zhr/YOPO-ROS2/Controller/install/so3_quadrotor_simulator/include/ode/boost/numeric/odeint/util/resize.hpp
[15.024s] -- Up-to-date symlink: /home/zhr/YOPO-ROS2/Controller/install/so3_quadrotor_simulator/include/ode/boost/numeric/odeint/util/resizer.hpp
[15.024s] -- Up-to-date symlink: /home/zhr/YOPO-ROS2/Controller/install/so3_quadrotor_simulator/include/ode/boost/numeric/odeint/util/same_instance.hpp
[15.024s] -- Up-to-date symlink: /home/zhr/YOPO-ROS2/Controller/install/so3_quadrotor_simulator/include/ode/boost/numeric/odeint/util/same_size.hpp
[15.024s] -- Up-to-date symlink: /home/zhr/YOPO-ROS2/Controller/install/so3_quadrotor_simulator/include/ode/boost/numeric/odeint/util/state_wrapper.hpp
[15.024s] -- Up-to-date symlink: /home/zhr/YOPO-ROS2/Controller/install/so3_quadrotor_simulator/include/ode/boost/numeric/odeint/util/ublas_wrapper.hpp
[15.024s] -- Up-to-date symlink: /home/zhr/YOPO-ROS2/Controller/install/so3_quadrotor_simulator/include/ode/boost/numeric/odeint/util/unit_helper.hpp
[15.024s] -- Up-to-date symlink: /home/zhr/YOPO-ROS2/Controller/install/so3_quadrotor_simulator/include/ode/boost/numeric/odeint/util/unwrap_reference.hpp
[15.024s] -- Up-to-date symlink: /home/zhr/YOPO-ROS2/Controller/install/so3_quadrotor_simulator/include/ode/boost/numeric/odeint/version.hpp
[15.024s] -- Up-to-date symlink: /home/zhr/YOPO-ROS2/Controller/install/so3_quadrotor_simulator/include/ode/libs/numeric/odeint/doc/Jamfile.v2
[15.024s] -- Up-to-date symlink: /home/zhr/YOPO-ROS2/Controller/install/so3_quadrotor_simulator/include/ode/libs/numeric/odeint/doc/acknowledgements.qbk
[15.024s] -- Up-to-date symlink: /home/zhr/YOPO-ROS2/Controller/install/so3_quadrotor_simulator/include/ode/libs/numeric/odeint/doc/concepts.qbk
[15.024s] -- Up-to-date symlink: /home/zhr/YOPO-ROS2/Controller/install/so3_quadrotor_simulator/include/ode/libs/numeric/odeint/doc/concepts/controlled_stepper.qbk
[15.024s] -- Up-to-date symlink: /home/zhr/YOPO-ROS2/Controller/install/so3_quadrotor_simulator/include/ode/libs/numeric/odeint/doc/concepts/dense_output_stepper.qbk
[15.024s] -- Up-to-date symlink: /home/zhr/YOPO-ROS2/Controller/install/so3_quadrotor_simulator/include/ode/libs/numeric/odeint/doc/concepts/error_stepper.qbk
[15.024s] -- Up-to-date symlink: /home/zhr/YOPO-ROS2/Controller/install/so3_quadrotor_simulator/include/ode/libs/numeric/odeint/doc/concepts/implicit_system.qbk
[15.025s] -- Up-to-date symlink: /home/zhr/YOPO-ROS2/Controller/install/so3_quadrotor_simulator/include/ode/libs/numeric/odeint/doc/concepts/state_algebra_operations.qbk
[15.025s] -- Up-to-date symlink: /home/zhr/YOPO-ROS2/Controller/install/so3_quadrotor_simulator/include/ode/libs/numeric/odeint/doc/concepts/state_wrapper.qbk
[15.025s] -- Up-to-date symlink: /home/zhr/YOPO-ROS2/Controller/install/so3_quadrotor_simulator/include/ode/libs/numeric/odeint/doc/concepts/stepper.qbk
[15.025s] -- Up-to-date symlink: /home/zhr/YOPO-ROS2/Controller/install/so3_quadrotor_simulator/include/ode/libs/numeric/odeint/doc/concepts/symplectic_system.qbk
[15.025s] -- Up-to-date symlink: /home/zhr/YOPO-ROS2/Controller/install/so3_quadrotor_simulator/include/ode/libs/numeric/odeint/doc/concepts/system.qbk
[15.025s] -- Up-to-date symlink: /home/zhr/YOPO-ROS2/Controller/install/so3_quadrotor_simulator/include/ode/libs/numeric/odeint/doc/controlled_stepper_table.qbk
[15.025s] -- Up-to-date symlink: /home/zhr/YOPO-ROS2/Controller/install/so3_quadrotor_simulator/include/ode/libs/numeric/odeint/doc/details.qbk
[15.025s] -- Up-to-date symlink: /home/zhr/YOPO-ROS2/Controller/install/so3_quadrotor_simulator/include/ode/libs/numeric/odeint/doc/details_bind_member_functions.qbk
[15.025s] -- Up-to-date symlink: /home/zhr/YOPO-ROS2/Controller/install/so3_quadrotor_simulator/include/ode/libs/numeric/odeint/doc/details_boost_range.qbk
[15.025s] -- Up-to-date symlink: /home/zhr/YOPO-ROS2/Controller/install/so3_quadrotor_simulator/include/ode/libs/numeric/odeint/doc/details_boost_ref.qbk
[15.025s] -- Up-to-date symlink: /home/zhr/YOPO-ROS2/Controller/install/so3_quadrotor_simulator/include/ode/libs/numeric/odeint/doc/details_generation_functions.qbk
[15.025s] -- Up-to-date symlink: /home/zhr/YOPO-ROS2/Controller/install/so3_quadrotor_simulator/include/ode/libs/numeric/odeint/doc/details_integrate_functions.qbk
[15.025s] -- Up-to-date symlink: /home/zhr/YOPO-ROS2/Controller/install/so3_quadrotor_simulator/include/ode/libs/numeric/odeint/doc/details_state_types_algebras_operations.qbk
[15.025s] -- Up-to-date symlink: /home/zhr/YOPO-ROS2/Controller/install/so3_quadrotor_simulator/include/ode/libs/numeric/odeint/doc/details_steppers.qbk
[15.025s] -- Up-to-date symlink: /home/zhr/YOPO-ROS2/Controller/install/so3_quadrotor_simulator/include/ode/libs/numeric/odeint/doc/examples_table.qbk
[15.025s] -- Up-to-date symlink: /home/zhr/YOPO-ROS2/Controller/install/so3_quadrotor_simulator/include/ode/libs/numeric/odeint/doc/getting_started.qbk
[15.025s] -- Up-to-date symlink: /home/zhr/YOPO-ROS2/Controller/install/so3_quadrotor_simulator/include/ode/libs/numeric/odeint/doc/html/boostbook.css
[15.025s] -- Up-to-date symlink: /home/zhr/YOPO-ROS2/Controller/install/so3_quadrotor_simulator/include/ode/libs/numeric/odeint/doc/html/images/alert.png
[15.025s] -- Up-to-date symlink: /home/zhr/YOPO-ROS2/Controller/install/so3_quadrotor_simulator/include/ode/libs/numeric/odeint/doc/html/images/blank.png
[15.025s] -- Up-to-date symlink: /home/zhr/YOPO-ROS2/Controller/install/so3_quadrotor_simulator/include/ode/libs/numeric/odeint/doc/html/images/callouts/1.png
[15.025s] -- Up-to-date symlink: /home/zhr/YOPO-ROS2/Controller/install/so3_quadrotor_simulator/include/ode/libs/numeric/odeint/doc/html/images/callouts/1.svg
[15.025s] -- Up-to-date symlink: /home/zhr/YOPO-ROS2/Controller/install/so3_quadrotor_simulator/include/ode/libs/numeric/odeint/doc/html/images/callouts/10.png
[15.025s] -- Up-to-date symlink: /home/zhr/YOPO-ROS2/Controller/install/so3_quadrotor_simulator/include/ode/libs/numeric/odeint/doc/html/images/callouts/10.svg
[15.025s] -- Up-to-date symlink: /home/zhr/YOPO-ROS2/Controller/install/so3_quadrotor_simulator/include/ode/libs/numeric/odeint/doc/html/images/callouts/11.png
[15.025s] -- Up-to-date symlink: /home/zhr/YOPO-ROS2/Controller/install/so3_quadrotor_simulator/include/ode/libs/numeric/odeint/doc/html/images/callouts/11.svg
[15.025s] -- Up-to-date symlink: /home/zhr/YOPO-ROS2/Controller/install/so3_quadrotor_simulator/include/ode/libs/numeric/odeint/doc/html/images/callouts/12.png
[15.025s] -- Up-to-date symlink: /home/zhr/YOPO-ROS2/Controller/install/so3_quadrotor_simulator/include/ode/libs/numeric/odeint/doc/html/images/callouts/12.svg
[15.026s] -- Up-to-date symlink: /home/zhr/YOPO-ROS2/Controller/install/so3_quadrotor_simulator/include/ode/libs/numeric/odeint/doc/html/images/callouts/13.png
[15.026s] -- Up-to-date symlink: /home/zhr/YOPO-ROS2/Controller/install/so3_quadrotor_simulator/include/ode/libs/numeric/odeint/doc/html/images/callouts/13.svg
[15.026s] -- Up-to-date symlink: /home/zhr/YOPO-ROS2/Controller/install/so3_quadrotor_simulator/include/ode/libs/numeric/odeint/doc/html/images/callouts/14.png
[15.026s] -- Up-to-date symlink: /home/zhr/YOPO-ROS2/Controller/install/so3_quadrotor_simulator/include/ode/libs/numeric/odeint/doc/html/images/callouts/14.svg
[15.026s] -- Up-to-date symlink: /home/zhr/YOPO-ROS2/Controller/install/so3_quadrotor_simulator/include/ode/libs/numeric/odeint/doc/html/images/callouts/15.png
[15.026s] -- Up-to-date symlink: /home/zhr/YOPO-ROS2/Controller/install/so3_quadrotor_simulator/include/ode/libs/numeric/odeint/doc/html/images/callouts/15.svg
[15.026s] -- Up-to-date symlink: /home/zhr/YOPO-ROS2/Controller/install/so3_quadrotor_simulator/include/ode/libs/numeric/odeint/doc/html/images/callouts/16.svg
[15.026s] -- Up-to-date symlink: /home/zhr/YOPO-ROS2/Controller/install/so3_quadrotor_simulator/include/ode/libs/numeric/odeint/doc/html/images/callouts/17.svg
[15.026s] -- Up-to-date symlink: /home/zhr/YOPO-ROS2/Controller/install/so3_quadrotor_simulator/include/ode/libs/numeric/odeint/doc/html/images/callouts/18.svg
[15.026s] -- Up-to-date symlink: /home/zhr/YOPO-ROS2/Controller/install/so3_quadrotor_simulator/include/ode/libs/numeric/odeint/doc/html/images/callouts/19.svg
[15.026s] -- Up-to-date symlink: /home/zhr/YOPO-ROS2/Controller/install/so3_quadrotor_simulator/include/ode/libs/numeric/odeint/doc/html/images/callouts/2.png
[15.026s] -- Up-to-date symlink: /home/zhr/YOPO-ROS2/Controller/install/so3_quadrotor_simulator/include/ode/libs/numeric/odeint/doc/html/images/callouts/2.svg
[15.026s] -- Up-to-date symlink: /home/zhr/YOPO-ROS2/Controller/install/so3_quadrotor_simulator/include/ode/libs/numeric/odeint/doc/html/images/callouts/20.svg
[15.026s] -- Up-to-date symlink: /home/zhr/YOPO-ROS2/Controller/install/so3_quadrotor_simulator/include/ode/libs/numeric/odeint/doc/html/images/callouts/21.svg
[15.026s] -- Up-to-date symlink: /home/zhr/YOPO-ROS2/Controller/install/so3_quadrotor_simulator/include/ode/libs/numeric/odeint/doc/html/images/callouts/22.svg
[15.026s] -- Up-to-date symlink: /home/zhr/YOPO-ROS2/Controller/install/so3_quadrotor_simulator/include/ode/libs/numeric/odeint/doc/html/images/callouts/23.svg
[15.026s] -- Up-to-date symlink: /home/zhr/YOPO-ROS2/Controller/install/so3_quadrotor_simulator/include/ode/libs/numeric/odeint/doc/html/images/callouts/24.svg
[15.027s] -- Up-to-date symlink: /home/zhr/YOPO-ROS2/Controller/install/so3_quadrotor_simulator/include/ode/libs/numeric/odeint/doc/html/images/callouts/25.svg
[15.027s] -- Up-to-date symlink: /home/zhr/YOPO-ROS2/Controller/install/so3_quadrotor_simulator/include/ode/libs/numeric/odeint/doc/html/images/callouts/26.svg
[15.027s] -- Up-to-date symlink: /home/zhr/YOPO-ROS2/Controller/install/so3_quadrotor_simulator/include/ode/libs/numeric/odeint/doc/html/images/callouts/27.svg
[15.027s] -- Up-to-date symlink: /home/zhr/YOPO-ROS2/Controller/install/so3_quadrotor_simulator/include/ode/libs/numeric/odeint/doc/html/images/callouts/28.svg
[15.027s] -- Up-to-date symlink: /home/zhr/YOPO-ROS2/Controller/install/so3_quadrotor_simulator/include/ode/libs/numeric/odeint/doc/html/images/callouts/29.svg
[15.027s] -- Up-to-date symlink: /home/zhr/YOPO-ROS2/Controller/install/so3_quadrotor_simulator/include/ode/libs/numeric/odeint/doc/html/images/callouts/3.png
[15.027s] -- Up-to-date symlink: /home/zhr/YOPO-ROS2/Controller/install/so3_quadrotor_simulator/include/ode/libs/numeric/odeint/doc/html/images/callouts/3.svg
[15.027s] -- Up-to-date symlink: /home/zhr/YOPO-ROS2/Controller/install/so3_quadrotor_simulator/include/ode/libs/numeric/odeint/doc/html/images/callouts/30.svg
[15.027s] -- Up-to-date symlink: /home/zhr/YOPO-ROS2/Controller/install/so3_quadrotor_simulator/include/ode/libs/numeric/odeint/doc/html/images/callouts/4.png
[15.027s] -- Up-to-date symlink: /home/zhr/YOPO-ROS2/Controller/install/so3_quadrotor_simulator/include/ode/libs/numeric/odeint/doc/html/images/callouts/4.svg
[15.027s] -- Up-to-date symlink: /home/zhr/YOPO-ROS2/Controller/install/so3_quadrotor_simulator/include/ode/libs/numeric/odeint/doc/html/images/callouts/5.png
[15.027s] -- Up-to-date symlink: /home/zhr/YOPO-ROS2/Controller/install/so3_quadrotor_simulator/include/ode/libs/numeric/odeint/doc/html/images/callouts/5.svg
[15.027s] -- Up-to-date symlink: /home/zhr/YOPO-ROS2/Controller/install/so3_quadrotor_simulator/include/ode/libs/numeric/odeint/doc/html/images/callouts/6.png
[15.027s] -- Up-to-date symlink: /home/zhr/YOPO-ROS2/Controller/install/so3_quadrotor_simulator/include/ode/libs/numeric/odeint/doc/html/images/callouts/6.svg
[15.027s] -- Up-to-date symlink: /home/zhr/YOPO-ROS2/Controller/install/so3_quadrotor_simulator/include/ode/libs/numeric/odeint/doc/html/images/callouts/7.png
[15.027s] -- Up-to-date symlink: /home/zhr/YOPO-ROS2/Controller/install/so3_quadrotor_simulator/include/ode/libs/numeric/odeint/doc/html/images/callouts/7.svg
[15.027s] -- Up-to-date symlink: /home/zhr/YOPO-ROS2/Controller/install/so3_quadrotor_simulator/include/ode/libs/numeric/odeint/doc/html/images/callouts/8.png
[15.027s] -- Up-to-date symlink: /home/zhr/YOPO-ROS2/Controller/install/so3_quadrotor_simulator/include/ode/libs/numeric/odeint/doc/html/images/callouts/8.svg
[15.028s] -- Up-to-date symlink: /home/zhr/YOPO-ROS2/Controller/install/so3_quadrotor_simulator/include/ode/libs/numeric/odeint/doc/html/images/callouts/9.png
[15.028s] -- Up-to-date symlink: /home/zhr/YOPO-ROS2/Controller/install/so3_quadrotor_simulator/include/ode/libs/numeric/odeint/doc/html/images/callouts/9.svg
[15.028s] -- Up-to-date symlink: /home/zhr/YOPO-ROS2/Controller/install/so3_quadrotor_simulator/include/ode/libs/numeric/odeint/doc/html/images/caution.png
[15.028s] -- Up-to-date symlink: /home/zhr/YOPO-ROS2/Controller/install/so3_quadrotor_simulator/include/ode/libs/numeric/odeint/doc/html/images/caution.svg
[15.028s] -- Up-to-date symlink: /home/zhr/YOPO-ROS2/Controller/install/so3_quadrotor_simulator/include/ode/libs/numeric/odeint/doc/html/images/draft.png
[15.028s] -- Up-to-date symlink: /home/zhr/YOPO-ROS2/Controller/install/so3_quadrotor_simulator/include/ode/libs/numeric/odeint/doc/html/images/home.png
[15.028s] -- Up-to-date symlink: /home/zhr/YOPO-ROS2/Controller/install/so3_quadrotor_simulator/include/ode/libs/numeric/odeint/doc/html/images/home.svg
[15.028s] -- Up-to-date symlink: /home/zhr/YOPO-ROS2/Controller/install/so3_quadrotor_simulator/include/ode/libs/numeric/odeint/doc/html/images/important.png
[15.028s] -- Up-to-date symlink: /home/zhr/YOPO-ROS2/Controller/install/so3_quadrotor_simulator/include/ode/libs/numeric/odeint/doc/html/images/important.svg
[15.028s] -- Up-to-date symlink: /home/zhr/YOPO-ROS2/Controller/install/so3_quadrotor_simulator/include/ode/libs/numeric/odeint/doc/html/images/next.png
[15.028s] -- Up-to-date symlink: /home/zhr/YOPO-ROS2/Controller/install/so3_quadrotor_simulator/include/ode/libs/numeric/odeint/doc/html/images/next.svg
[15.028s] -- Up-to-date symlink: /home/zhr/YOPO-ROS2/Controller/install/so3_quadrotor_simulator/include/ode/libs/numeric/odeint/doc/html/images/next_disabled.png
[15.028s] -- Up-to-date symlink: /home/zhr/YOPO-ROS2/Controller/install/so3_quadrotor_simulator/include/ode/libs/numeric/odeint/doc/html/images/note.png
[15.028s] -- Up-to-date symlink: /home/zhr/YOPO-ROS2/Controller/install/so3_quadrotor_simulator/include/ode/libs/numeric/odeint/doc/html/images/note.svg
[15.028s] -- Up-to-date symlink: /home/zhr/YOPO-ROS2/Controller/install/so3_quadrotor_simulator/include/ode/libs/numeric/odeint/doc/html/images/prev.png
[15.028s] -- Up-to-date symlink: /home/zhr/YOPO-ROS2/Controller/install/so3_quadrotor_simulator/include/ode/libs/numeric/odeint/doc/html/images/prev.svg
[15.028s] -- Up-to-date symlink: /home/zhr/YOPO-ROS2/Controller/install/so3_quadrotor_simulator/include/ode/libs/numeric/odeint/doc/html/images/prev_disabled.png
[15.028s] -- Up-to-date symlink: /home/zhr/YOPO-ROS2/Controller/install/so3_quadrotor_simulator/include/ode/libs/numeric/odeint/doc/html/images/smiley.png
[15.028s] -- Up-to-date symlink: /home/zhr/YOPO-ROS2/Controller/install/so3_quadrotor_simulator/include/ode/libs/numeric/odeint/doc/html/images/tip.png
[15.028s] -- Up-to-date symlink: /home/zhr/YOPO-ROS2/Controller/install/so3_quadrotor_simulator/include/ode/libs/numeric/odeint/doc/html/images/tip.svg
[15.028s] -- Up-to-date symlink: /home/zhr/YOPO-ROS2/Controller/install/so3_quadrotor_simulator/include/ode/libs/numeric/odeint/doc/html/images/toc-blank.png
[15.028s] -- Up-to-date symlink: /home/zhr/YOPO-ROS2/Controller/install/so3_quadrotor_simulator/include/ode/libs/numeric/odeint/doc/html/images/toc-minus.png
[15.028s] -- Up-to-date symlink: /home/zhr/YOPO-ROS2/Controller/install/so3_quadrotor_simulator/include/ode/libs/numeric/odeint/doc/html/images/toc-plus.png
[15.028s] -- Up-to-date symlink: /home/zhr/YOPO-ROS2/Controller/install/so3_quadrotor_simulator/include/ode/libs/numeric/odeint/doc/html/images/up.png
[15.028s] -- Up-to-date symlink: /home/zhr/YOPO-ROS2/Controller/install/so3_quadrotor_simulator/include/ode/libs/numeric/odeint/doc/html/images/up.svg
[15.028s] -- Up-to-date symlink: /home/zhr/YOPO-ROS2/Controller/install/so3_quadrotor_simulator/include/ode/libs/numeric/odeint/doc/html/images/up_disabled.png
[15.029s] -- Up-to-date symlink: /home/zhr/YOPO-ROS2/Controller/install/so3_quadrotor_simulator/include/ode/libs/numeric/odeint/doc/html/images/warning.png
[15.029s] -- Up-to-date symlink: /home/zhr/YOPO-ROS2/Controller/install/so3_quadrotor_simulator/include/ode/libs/numeric/odeint/doc/html/images/warning.svg
[15.029s] -- Up-to-date symlink: /home/zhr/YOPO-ROS2/Controller/install/so3_quadrotor_simulator/include/ode/libs/numeric/odeint/doc/html/logo.jpg
[15.029s] -- Up-to-date symlink: /home/zhr/YOPO-ROS2/Controller/install/so3_quadrotor_simulator/include/ode/libs/numeric/odeint/doc/html/phase_lattice_2d_0000.jpg
[15.029s] -- Up-to-date symlink: /home/zhr/YOPO-ROS2/Controller/install/so3_quadrotor_simulator/include/ode/libs/numeric/odeint/doc/html/phase_lattice_2d_0100.jpg
[15.029s] -- Up-to-date symlink: /home/zhr/YOPO-ROS2/Controller/install/so3_quadrotor_simulator/include/ode/libs/numeric/odeint/doc/html/phase_lattice_2d_1000.jpg
[15.029s] -- Up-to-date symlink: /home/zhr/YOPO-ROS2/Controller/install/so3_quadrotor_simulator/include/ode/libs/numeric/odeint/doc/html/solar_system.jpg
[15.029s] -- Up-to-date symlink: /home/zhr/YOPO-ROS2/Controller/install/so3_quadrotor_simulator/include/ode/libs/numeric/odeint/doc/literature.qbk
[15.029s] -- Up-to-date symlink: /home/zhr/YOPO-ROS2/Controller/install/so3_quadrotor_simulator/include/ode/libs/numeric/odeint/doc/make_controlled_table.qbk
[15.029s] -- Up-to-date symlink: /home/zhr/YOPO-ROS2/Controller/install/so3_quadrotor_simulator/include/ode/libs/numeric/odeint/doc/make_dense_output_table.qbk
[15.029s] -- Up-to-date symlink: /home/zhr/YOPO-ROS2/Controller/install/so3_quadrotor_simulator/include/ode/libs/numeric/odeint/doc/odeint.idx
[15.029s] -- Up-to-date symlink: /home/zhr/YOPO-ROS2/Controller/install/so3_quadrotor_simulator/include/ode/libs/numeric/odeint/doc/odeint.qbk
[15.029s] -- Up-to-date symlink: /home/zhr/YOPO-ROS2/Controller/install/so3_quadrotor_simulator/include/ode/libs/numeric/odeint/doc/range_table.qbk
[15.029s] -- Up-to-date symlink: /home/zhr/YOPO-ROS2/Controller/install/so3_quadrotor_simulator/include/ode/libs/numeric/odeint/doc/stepper_table.qbk
[15.029s] -- Up-to-date symlink: /home/zhr/YOPO-ROS2/Controller/install/so3_quadrotor_simulator/include/ode/libs/numeric/odeint/doc/tutorial.qbk
[15.029s] -- Up-to-date symlink: /home/zhr/YOPO-ROS2/Controller/install/so3_quadrotor_simulator/include/ode/libs/numeric/odeint/doc/tutorial_chaotic_system.qbk
[15.029s] -- Up-to-date symlink: /home/zhr/YOPO-ROS2/Controller/install/so3_quadrotor_simulator/include/ode/libs/numeric/odeint/doc/tutorial_harmonic_oscillator.qbk
[15.029s] -- Up-to-date symlink: /home/zhr/YOPO-ROS2/Controller/install/so3_quadrotor_simulator/include/ode/libs/numeric/odeint/doc/tutorial_solar_system.qbk
[15.029s] -- Up-to-date symlink: /home/zhr/YOPO-ROS2/Controller/install/so3_quadrotor_simulator/include/ode/libs/numeric/odeint/doc/tutorial_special_topics.qbk
[15.029s] -- Up-to-date symlink: /home/zhr/YOPO-ROS2/Controller/install/so3_quadrotor_simulator/include/ode/libs/numeric/odeint/doc/tutorial_stiff_systems.qbk
[15.029s] -- Up-to-date symlink: /home/zhr/YOPO-ROS2/Controller/install/so3_quadrotor_simulator/include/ode/libs/numeric/odeint/doc/tutorial_thrust_cuda.qbk
[15.029s] -- Up-to-date symlink: /home/zhr/YOPO-ROS2/Controller/install/so3_quadrotor_simulator/include/ode/libs/numeric/odeint/doc/tutorial_vexcl_opencl.qbk
[15.029s] -- Up-to-date symlink: /home/zhr/YOPO-ROS2/Controller/install/so3_quadrotor_simulator/include/ode/libs/numeric/odeint/examples/2d_lattice/Jamfile.v2
[15.029s] -- Up-to-date symlink: /home/zhr/YOPO-ROS2/Controller/install/so3_quadrotor_simulator/include/ode/libs/numeric/odeint/examples/2d_lattice/lattice2d.hpp
[15.029s] -- Up-to-date symlink: /home/zhr/YOPO-ROS2/Controller/install/so3_quadrotor_simulator/include/ode/libs/numeric/odeint/examples/2d_lattice/nested_range_algebra.hpp
[15.029s] -- Up-to-date symlink: /home/zhr/YOPO-ROS2/Controller/install/so3_quadrotor_simulator/include/ode/libs/numeric/odeint/examples/2d_lattice/spreading.cpp
[15.029s] -- Up-to-date symlink: /home/zhr/YOPO-ROS2/Controller/install/so3_quadrotor_simulator/include/ode/libs/numeric/odeint/examples/2d_lattice/vector_vector_resize.hpp
[15.029s] -- Up-to-date symlink: /home/zhr/YOPO-ROS2/Controller/install/so3_quadrotor_simulator/include/ode/libs/numeric/odeint/examples/Jamfile.v2
[15.030s] -- Up-to-date symlink: /home/zhr/YOPO-ROS2/Controller/install/so3_quadrotor_simulator/include/ode/libs/numeric/odeint/examples/bind_member_functions.cpp
[15.030s] -- Up-to-date symlink: /home/zhr/YOPO-ROS2/Controller/install/so3_quadrotor_simulator/include/ode/libs/numeric/odeint/examples/bind_member_functions_cpp11.cpp
[15.030s] -- Up-to-date symlink: /home/zhr/YOPO-ROS2/Controller/install/so3_quadrotor_simulator/include/ode/libs/numeric/odeint/examples/bulirsch_stoer.cpp
[15.030s] -- Up-to-date symlink: /home/zhr/YOPO-ROS2/Controller/install/so3_quadrotor_simulator/include/ode/libs/numeric/odeint/examples/chaotic_system.cpp
[15.030s] -- Up-to-date symlink: /home/zhr/YOPO-ROS2/Controller/install/so3_quadrotor_simulator/include/ode/libs/numeric/odeint/examples/elliptic.py
[15.030s] -- Up-to-date symlink: /home/zhr/YOPO-ROS2/Controller/install/so3_quadrotor_simulator/include/ode/libs/numeric/odeint/examples/elliptic_functions.cpp
[15.030s] -- Up-to-date symlink: /home/zhr/YOPO-ROS2/Controller/install/so3_quadrotor_simulator/include/ode/libs/numeric/odeint/examples/fpu.cpp
[15.030s] -- Up-to-date symlink: /home/zhr/YOPO-ROS2/Controller/install/so3_quadrotor_simulator/include/ode/libs/numeric/odeint/examples/generation_functions.cpp
[15.030s] -- Up-to-date symlink: /home/zhr/YOPO-ROS2/Controller/install/so3_quadrotor_simulator/include/ode/libs/numeric/odeint/examples/gmpxx/lorenz_gmpxx.cpp
[15.030s] -- Up-to-date symlink: /home/zhr/YOPO-ROS2/Controller/install/so3_quadrotor_simulator/include/ode/libs/numeric/odeint/examples/gram_schmidt.hpp
[15.030s] -- Up-to-date symlink: /home/zhr/YOPO-ROS2/Controller/install/so3_quadrotor_simulator/include/ode/libs/numeric/odeint/examples/harmonic_oscillator.cpp
[15.030s] -- Up-to-date symlink: /home/zhr/YOPO-ROS2/Controller/install/so3_quadrotor_simulator/include/ode/libs/numeric/odeint/examples/harmonic_oscillator_units.cpp
[15.030s] -- Up-to-date symlink: /home/zhr/YOPO-ROS2/Controller/install/so3_quadrotor_simulator/include/ode/libs/numeric/odeint/examples/heun.cpp
[15.030s] -- Up-to-date symlink: /home/zhr/YOPO-ROS2/Controller/install/so3_quadrotor_simulator/include/ode/libs/numeric/odeint/examples/list_lattice.cpp
[15.030s] -- Up-to-date symlink: /home/zhr/YOPO-ROS2/Controller/install/so3_quadrotor_simulator/include/ode/libs/numeric/odeint/examples/lorenz_point.cpp
[15.030s] -- Up-to-date symlink: /home/zhr/YOPO-ROS2/Controller/install/so3_quadrotor_simulator/include/ode/libs/numeric/odeint/examples/mtl/Jamfile.v2
[15.030s] -- Up-to-date symlink: /home/zhr/YOPO-ROS2/Controller/install/so3_quadrotor_simulator/include/ode/libs/numeric/odeint/examples/mtl/gauss_packet.cpp
[15.030s] -- Up-to-date symlink: /home/zhr/YOPO-ROS2/Controller/install/so3_quadrotor_simulator/include/ode/libs/numeric/odeint/examples/mtl/implicit_euler_mtl.cpp
[15.030s] -- Up-to-date symlink: /home/zhr/YOPO-ROS2/Controller/install/so3_quadrotor_simulator/include/ode/libs/numeric/odeint/examples/my_vector.cpp
[15.030s] -- Up-to-date symlink: /home/zhr/YOPO-ROS2/Controller/install/so3_quadrotor_simulator/include/ode/libs/numeric/odeint/examples/phase_oscillator_ensemble.cpp
[15.030s] -- Up-to-date symlink: /home/zhr/YOPO-ROS2/Controller/install/so3_quadrotor_simulator/include/ode/libs/numeric/odeint/examples/point_type.hpp
[15.030s] -- Up-to-date symlink: /home/zhr/YOPO-ROS2/Controller/install/so3_quadrotor_simulator/include/ode/libs/numeric/odeint/examples/quadmath/Jamfile.v2
[15.030s] -- Up-to-date symlink: /home/zhr/YOPO-ROS2/Controller/install/so3_quadrotor_simulator/include/ode/libs/numeric/odeint/examples/quadmath/black_hole.cpp
[15.030s] -- Up-to-date symlink: /home/zhr/YOPO-ROS2/Controller/install/so3_quadrotor_simulator/include/ode/libs/numeric/odeint/examples/resizing_lattice.cpp
[15.030s] -- Up-to-date symlink: /home/zhr/YOPO-ROS2/Controller/install/so3_quadrotor_simulator/include/ode/libs/numeric/odeint/examples/simple1d.cpp
[15.030s] -- Up-to-date symlink: /home/zhr/YOPO-ROS2/Controller/install/so3_quadrotor_simulator/include/ode/libs/numeric/odeint/examples/solar_system.agr
[15.030s] -- Up-to-date symlink: /home/zhr/YOPO-ROS2/Controller/install/so3_quadrotor_simulator/include/ode/libs/numeric/odeint/examples/solar_system.cpp
[15.030s] -- Up-to-date symlink: /home/zhr/YOPO-ROS2/Controller/install/so3_quadrotor_simulator/include/ode/libs/numeric/odeint/examples/stepper_details.cpp
[15.031s] -- Up-to-date symlink: /home/zhr/YOPO-ROS2/Controller/install/so3_quadrotor_simulator/include/ode/libs/numeric/odeint/examples/stiff_system.cpp
[15.031s] -- Up-to-date symlink: /home/zhr/YOPO-ROS2/Controller/install/so3_quadrotor_simulator/include/ode/libs/numeric/odeint/examples/stochastic_euler.cpp
[15.031s] -- Up-to-date symlink: /home/zhr/YOPO-ROS2/Controller/install/so3_quadrotor_simulator/include/ode/libs/numeric/odeint/examples/stuart_landau.cpp
[15.031s] -- Up-to-date symlink: /home/zhr/YOPO-ROS2/Controller/install/so3_quadrotor_simulator/include/ode/libs/numeric/odeint/examples/thrust/Makefile
[15.031s] -- Up-to-date symlink: /home/zhr/YOPO-ROS2/Controller/install/so3_quadrotor_simulator/include/ode/libs/numeric/odeint/examples/thrust/lorenz_parameters.cu
[15.031s] -- Up-to-date symlink: /home/zhr/YOPO-ROS2/Controller/install/so3_quadrotor_simulator/include/ode/libs/numeric/odeint/examples/thrust/phase_oscillator_chain.cu
[15.031s] -- Up-to-date symlink: /home/zhr/YOPO-ROS2/Controller/install/so3_quadrotor_simulator/include/ode/libs/numeric/odeint/examples/thrust/phase_oscillator_ensemble.cu
[15.031s] -- Up-to-date symlink: /home/zhr/YOPO-ROS2/Controller/install/so3_quadrotor_simulator/include/ode/libs/numeric/odeint/examples/thrust/relaxation.cu
[15.031s] -- Up-to-date symlink: /home/zhr/YOPO-ROS2/Controller/install/so3_quadrotor_simulator/include/ode/libs/numeric/odeint/examples/two_dimensional_phase_lattice.cpp
[15.031s] -- Up-to-date symlink: /home/zhr/YOPO-ROS2/Controller/install/so3_quadrotor_simulator/include/ode/libs/numeric/odeint/examples/ublas/Jamfile.v2
[15.031s] -- Up-to-date symlink: /home/zhr/YOPO-ROS2/Controller/install/so3_quadrotor_simulator/include/ode/libs/numeric/odeint/examples/ublas/lorenz_ublas.cpp
[15.031s] -- Up-to-date symlink: /home/zhr/YOPO-ROS2/Controller/install/so3_quadrotor_simulator/include/ode/libs/numeric/odeint/examples/van_der_pol_stiff.cpp
[15.031s] -- Up-to-date symlink: /home/zhr/YOPO-ROS2/Controller/install/so3_quadrotor_simulator/include/ode/libs/numeric/odeint/examples/vexcl/Jamfile.v2
[15.031s] -- Up-to-date symlink: /home/zhr/YOPO-ROS2/Controller/install/so3_quadrotor_simulator/include/ode/libs/numeric/odeint/examples/vexcl/lorenz_ensemble.cpp
[15.031s] -- Up-to-date symlink: /home/zhr/YOPO-ROS2/Controller/install/so3_quadrotor_simulator/include/ode/libs/numeric/odeint/index.html
[15.031s] -- Up-to-date symlink: /home/zhr/YOPO-ROS2/Controller/install/so3_quadrotor_simulator/include/ode/libs/numeric/odeint/performance/Jamfile.v2
[15.031s] -- Up-to-date symlink: /home/zhr/YOPO-ROS2/Controller/install/so3_quadrotor_simulator/include/ode/libs/numeric/odeint/performance/fusion_algebra.hpp
[15.031s] -- Up-to-date symlink: /home/zhr/YOPO-ROS2/Controller/install/so3_quadrotor_simulator/include/ode/libs/numeric/odeint/performance/fusion_explicit_error_rk.hpp
[15.031s] -- Up-to-date symlink: /home/zhr/YOPO-ROS2/Controller/install/so3_quadrotor_simulator/include/ode/libs/numeric/odeint/performance/fusion_explicit_rk_new.hpp
[15.031s] -- Up-to-date symlink: /home/zhr/YOPO-ROS2/Controller/install/so3_quadrotor_simulator/include/ode/libs/numeric/odeint/performance/generic_odeint_rk4_lorenz.cpp
[15.031s] -- Up-to-date symlink: /home/zhr/YOPO-ROS2/Controller/install/so3_quadrotor_simulator/include/ode/libs/numeric/odeint/performance/gsl_rk4_lorenz.cpp
[15.031s] -- Up-to-date symlink: /home/zhr/YOPO-ROS2/Controller/install/so3_quadrotor_simulator/include/ode/libs/numeric/odeint/performance/lorenz.hpp
[15.031s] -- Up-to-date symlink: /home/zhr/YOPO-ROS2/Controller/install/so3_quadrotor_simulator/include/ode/libs/numeric/odeint/performance/lorenz_gsl.hpp
[15.031s] -- Up-to-date symlink: /home/zhr/YOPO-ROS2/Controller/install/so3_quadrotor_simulator/include/ode/libs/numeric/odeint/performance/nr_rk4_lorenz.cpp
[15.031s] -- Up-to-date symlink: /home/zhr/YOPO-ROS2/Controller/install/so3_quadrotor_simulator/include/ode/libs/numeric/odeint/performance/nr_rk4_phase_lattice.cpp
[15.031s] -- Up-to-date symlink: /home/zhr/YOPO-ROS2/Controller/install/so3_quadrotor_simulator/include/ode/libs/numeric/odeint/performance/odeint_rk4_lorenz_array.cpp
[15.032s] -- Up-to-date symlink: /home/zhr/YOPO-ROS2/Controller/install/so3_quadrotor_simulator/include/ode/libs/numeric/odeint/performance/odeint_rk4_lorenz_range.cpp
[15.032s] -- Up-to-date symlink: /home/zhr/YOPO-ROS2/Controller/install/so3_quadrotor_simulator/include/ode/libs/numeric/odeint/performance/odeint_rk4_phase_lattice.cpp
[15.032s] -- Up-to-date symlink: /home/zhr/YOPO-ROS2/Controller/install/so3_quadrotor_simulator/include/ode/libs/numeric/odeint/performance/odeint_rk4_phase_lattice_mkl.cpp
[15.032s] -- Up-to-date symlink: /home/zhr/YOPO-ROS2/Controller/install/so3_quadrotor_simulator/include/ode/libs/numeric/odeint/performance/performance.py
[15.032s] -- Up-to-date symlink: /home/zhr/YOPO-ROS2/Controller/install/so3_quadrotor_simulator/include/ode/libs/numeric/odeint/performance/phase_lattice.hpp
[15.032s] -- Up-to-date symlink: /home/zhr/YOPO-ROS2/Controller/install/so3_quadrotor_simulator/include/ode/libs/numeric/odeint/performance/phase_lattice_mkl.hpp
[15.032s] -- Up-to-date symlink: /home/zhr/YOPO-ROS2/Controller/install/so3_quadrotor_simulator/include/ode/libs/numeric/odeint/performance/plot_result.py
[15.032s] -- Up-to-date symlink: /home/zhr/YOPO-ROS2/Controller/install/so3_quadrotor_simulator/include/ode/libs/numeric/odeint/performance/rk4_lorenz.f
[15.032s] -- Up-to-date symlink: /home/zhr/YOPO-ROS2/Controller/install/so3_quadrotor_simulator/include/ode/libs/numeric/odeint/performance/rk_performance_test_case.hpp
[15.032s] -- Up-to-date symlink: /home/zhr/YOPO-ROS2/Controller/install/so3_quadrotor_simulator/include/ode/libs/numeric/odeint/performance/rt_algebra.hpp
[15.032s] -- Up-to-date symlink: /home/zhr/YOPO-ROS2/Controller/install/so3_quadrotor_simulator/include/ode/libs/numeric/odeint/performance/rt_explicit_rk.hpp
[15.032s] -- Up-to-date symlink: /home/zhr/YOPO-ROS2/Controller/install/so3_quadrotor_simulator/include/ode/libs/numeric/odeint/performance/rt_generic_rk4_lorenz.cpp
[15.032s] -- Up-to-date symlink: /home/zhr/YOPO-ROS2/Controller/install/so3_quadrotor_simulator/include/ode/libs/numeric/odeint/performance/rt_generic_rk4_phase_lattice.cpp
[15.032s] -- Up-to-date symlink: /home/zhr/YOPO-ROS2/Controller/install/so3_quadrotor_simulator/include/ode/libs/numeric/odeint/test/Jamfile.v2
[15.032s] -- Up-to-date symlink: /home/zhr/YOPO-ROS2/Controller/install/so3_quadrotor_simulator/include/ode/libs/numeric/odeint/test/adams_bashforth.cpp
[15.032s] -- Up-to-date symlink: /home/zhr/YOPO-ROS2/Controller/install/so3_quadrotor_simulator/include/ode/libs/numeric/odeint/test/adams_bashforth_moulton.cpp
[15.032s] -- Up-to-date symlink: /home/zhr/YOPO-ROS2/Controller/install/so3_quadrotor_simulator/include/ode/libs/numeric/odeint/test/adams_moulton.cpp
[15.032s] -- Up-to-date symlink: /home/zhr/YOPO-ROS2/Controller/install/so3_quadrotor_simulator/include/ode/libs/numeric/odeint/test/boost_units_helpers.hpp
[15.032s] -- Up-to-date symlink: /home/zhr/YOPO-ROS2/Controller/install/so3_quadrotor_simulator/include/ode/libs/numeric/odeint/test/bulirsch_stoer.cpp
[15.032s] -- Up-to-date symlink: /home/zhr/YOPO-ROS2/Controller/install/so3_quadrotor_simulator/include/ode/libs/numeric/odeint/test/const_range.hpp
[15.032s] -- Up-to-date symlink: /home/zhr/YOPO-ROS2/Controller/install/so3_quadrotor_simulator/include/ode/libs/numeric/odeint/test/default_operations.cpp
[15.032s] -- Up-to-date symlink: /home/zhr/YOPO-ROS2/Controller/install/so3_quadrotor_simulator/include/ode/libs/numeric/odeint/test/diagnostic_state_type.hpp
[15.032s] -- Up-to-date symlink: /home/zhr/YOPO-ROS2/Controller/install/so3_quadrotor_simulator/include/ode/libs/numeric/odeint/test/dummy_odes.hpp
[15.032s] -- Up-to-date symlink: /home/zhr/YOPO-ROS2/Controller/install/so3_quadrotor_simulator/include/ode/libs/numeric/odeint/test/dummy_steppers.hpp
[15.032s] -- Up-to-date symlink: /home/zhr/YOPO-ROS2/Controller/install/so3_quadrotor_simulator/include/ode/libs/numeric/odeint/test/euler_stepper.cpp
[15.032s] -- Up-to-date symlink: /home/zhr/YOPO-ROS2/Controller/install/so3_quadrotor_simulator/include/ode/libs/numeric/odeint/test/fusion_algebra.cpp
[15.032s] -- Up-to-date symlink: /home/zhr/YOPO-ROS2/Controller/install/so3_quadrotor_simulator/include/ode/libs/numeric/odeint/test/generation.cpp
[15.032s] -- Up-to-date symlink: /home/zhr/YOPO-ROS2/Controller/install/so3_quadrotor_simulator/include/ode/libs/numeric/odeint/test/generic_error_stepper.cpp
[15.033s] -- Up-to-date symlink: /home/zhr/YOPO-ROS2/Controller/install/so3_quadrotor_simulator/include/ode/libs/numeric/odeint/test/generic_stepper.cpp
[15.033s] -- Up-to-date symlink: /home/zhr/YOPO-ROS2/Controller/install/so3_quadrotor_simulator/include/ode/libs/numeric/odeint/test/implicit_euler.cpp
[15.033s] -- Up-to-date symlink: /home/zhr/YOPO-ROS2/Controller/install/so3_quadrotor_simulator/include/ode/libs/numeric/odeint/test/integrate.cpp
[15.033s] -- Up-to-date symlink: /home/zhr/YOPO-ROS2/Controller/install/so3_quadrotor_simulator/include/ode/libs/numeric/odeint/test/integrate_implicit.cpp
[15.033s] -- Up-to-date symlink: /home/zhr/YOPO-ROS2/Controller/install/so3_quadrotor_simulator/include/ode/libs/numeric/odeint/test/integrate_times.cpp
[15.033s] -- Up-to-date symlink: /home/zhr/YOPO-ROS2/Controller/install/so3_quadrotor_simulator/include/ode/libs/numeric/odeint/test/is_pair.cpp
[15.033s] -- Up-to-date symlink: /home/zhr/YOPO-ROS2/Controller/install/so3_quadrotor_simulator/include/ode/libs/numeric/odeint/test/is_resizeable.cpp
[15.033s] -- Up-to-date symlink: /home/zhr/YOPO-ROS2/Controller/install/so3_quadrotor_simulator/include/ode/libs/numeric/odeint/test/numeric/Jamfile.v2
[15.033s] -- Up-to-date symlink: /home/zhr/YOPO-ROS2/Controller/install/so3_quadrotor_simulator/include/ode/libs/numeric/odeint/test/numeric/rosenbrock.cpp
[15.033s] -- Up-to-date symlink: /home/zhr/YOPO-ROS2/Controller/install/so3_quadrotor_simulator/include/ode/libs/numeric/odeint/test/numeric/runge_kutta.cpp
[15.033s] -- Up-to-date symlink: /home/zhr/YOPO-ROS2/Controller/install/so3_quadrotor_simulator/include/ode/libs/numeric/odeint/test/numeric/symplectic.cpp
[15.033s] -- Up-to-date symlink: /home/zhr/YOPO-ROS2/Controller/install/so3_quadrotor_simulator/include/ode/libs/numeric/odeint/test/prepare_stepper_testing.hpp
[15.033s] -- Up-to-date symlink: /home/zhr/YOPO-ROS2/Controller/install/so3_quadrotor_simulator/include/ode/libs/numeric/odeint/test/range_algebra.cpp
[15.033s] -- Up-to-date symlink: /home/zhr/YOPO-ROS2/Controller/install/so3_quadrotor_simulator/include/ode/libs/numeric/odeint/test/resize.cpp
[15.033s] -- Up-to-date symlink: /home/zhr/YOPO-ROS2/Controller/install/so3_quadrotor_simulator/include/ode/libs/numeric/odeint/test/resizing.cpp
[15.033s] -- Up-to-date symlink: /home/zhr/YOPO-ROS2/Controller/install/so3_quadrotor_simulator/include/ode/libs/numeric/odeint/test/rosenbrock4.cpp
[15.033s] -- Up-to-date symlink: /home/zhr/YOPO-ROS2/Controller/install/so3_quadrotor_simulator/include/ode/libs/numeric/odeint/test/runge_kutta_concepts.cpp
[15.033s] -- Up-to-date symlink: /home/zhr/YOPO-ROS2/Controller/install/so3_quadrotor_simulator/include/ode/libs/numeric/odeint/test/runge_kutta_controlled_concepts.cpp
[15.033s] -- Up-to-date symlink: /home/zhr/YOPO-ROS2/Controller/install/so3_quadrotor_simulator/include/ode/libs/numeric/odeint/test/runge_kutta_error_concepts.cpp
[15.033s] -- Up-to-date symlink: /home/zhr/YOPO-ROS2/Controller/install/so3_quadrotor_simulator/include/ode/libs/numeric/odeint/test/same_size.cpp
[15.033s] -- Up-to-date symlink: /home/zhr/YOPO-ROS2/Controller/install/so3_quadrotor_simulator/include/ode/libs/numeric/odeint/test/stepper_copying.cpp
[15.033s] -- Up-to-date symlink: /home/zhr/YOPO-ROS2/Controller/install/so3_quadrotor_simulator/include/ode/libs/numeric/odeint/test/stepper_with_ranges.cpp
[15.033s] -- Up-to-date symlink: /home/zhr/YOPO-ROS2/Controller/install/so3_quadrotor_simulator/include/ode/libs/numeric/odeint/test/stepper_with_units.cpp
[15.033s] -- Up-to-date symlink: /home/zhr/YOPO-ROS2/Controller/install/so3_quadrotor_simulator/include/ode/libs/numeric/odeint/test/symplectic_steppers.cpp
[15.033s] -- Up-to-date symlink: /home/zhr/YOPO-ROS2/Controller/install/so3_quadrotor_simulator/include/ode/libs/numeric/odeint/test/trivial_state.cpp
[15.033s] -- Up-to-date symlink: /home/zhr/YOPO-ROS2/Controller/install/so3_quadrotor_simulator/include/ode/libs/numeric/odeint/test/vector_space_1d.hpp
[15.033s] -- Up-to-date symlink: /home/zhr/YOPO-ROS2/Controller/install/so3_quadrotor_simulator/include/ode/libs/numeric/odeint/test_external/gmp/Jamfile.v2
[15.033s] -- Up-to-date symlink: /home/zhr/YOPO-ROS2/Controller/install/so3_quadrotor_simulator/include/ode/libs/numeric/odeint/test_external/gmp/check_gmp.cpp
[15.034s] -- Up-to-date symlink: /home/zhr/YOPO-ROS2/Controller/install/so3_quadrotor_simulator/include/ode/libs/numeric/odeint/test_external/gmp/gmp_integrate.cpp
[15.034s] -- Up-to-date symlink: /home/zhr/YOPO-ROS2/Controller/install/so3_quadrotor_simulator/include/ode/libs/numeric/odeint/test_external/gsl/Jamfile.v2
[15.034s] -- Up-to-date symlink: /home/zhr/YOPO-ROS2/Controller/install/so3_quadrotor_simulator/include/ode/libs/numeric/odeint/test_external/gsl/check_gsl.cpp
[15.034s] -- Up-to-date symlink: /home/zhr/YOPO-ROS2/Controller/install/so3_quadrotor_simulator/include/ode/libs/numeric/odeint/test_external/mkl/Jamfile.v2
[15.034s] -- Up-to-date symlink: /home/zhr/YOPO-ROS2/Controller/install/so3_quadrotor_simulator/include/ode/libs/numeric/odeint/test_external/mkl/check_mkl.cpp
[15.034s] -- Up-to-date symlink: /home/zhr/YOPO-ROS2/Controller/install/so3_quadrotor_simulator/include/ode/libs/numeric/odeint/test_external/mtl4/Jamfile.v2
[15.034s] -- Up-to-date symlink: /home/zhr/YOPO-ROS2/Controller/install/so3_quadrotor_simulator/include/ode/libs/numeric/odeint/test_external/mtl4/mtl4_resize.cpp
[15.034s] -- Up-to-date symlink: /home/zhr/YOPO-ROS2/Controller/install/so3_quadrotor_simulator/include/ode/libs/numeric/odeint/test_external/thrust/Makefile
[15.034s] -- Up-to-date symlink: /home/zhr/YOPO-ROS2/Controller/install/so3_quadrotor_simulator/include/ode/libs/numeric/odeint/test_external/thrust/check_thrust.cu
[15.034s] -- Up-to-date symlink: /home/zhr/YOPO-ROS2/Controller/install/so3_quadrotor_simulator/include/ode/libs/numeric/odeint/test_external/vexcl/Jamfile.v2
[15.034s] -- Up-to-date symlink: /home/zhr/YOPO-ROS2/Controller/install/so3_quadrotor_simulator/include/ode/libs/numeric/odeint/test_external/vexcl/lorenz.cpp
[15.034s] -- Up-to-date symlink: /home/zhr/YOPO-ROS2/Controller/install/so3_quadrotor_simulator/include/quadrotor_simulator/Quadrotor.h
[15.034s] -- Up-to-date symlink: /home/zhr/YOPO-ROS2/Controller/install/so3_quadrotor_simulator/share/so3_quadrotor_simulator/config/rviz.rviz
[15.034s] -- Up-to-date symlink: /home/zhr/YOPO-ROS2/Controller/install/so3_quadrotor_simulator/share/so3_quadrotor_simulator/config/uav.dae
[15.034s] -- Up-to-date symlink: /home/zhr/YOPO-ROS2/Controller/install/so3_quadrotor_simulator/share/so3_quadrotor_simulator/launch/simulator_attitude_control.launch
[15.034s] -- Up-to-date symlink: /home/zhr/YOPO-ROS2/Controller/install/so3_quadrotor_simulator/share/so3_quadrotor_simulator/launch/simulator_attitude_control.launch.py
[15.034s] -- Up-to-date symlink: /home/zhr/YOPO-ROS2/Controller/install/so3_quadrotor_simulator/share/so3_quadrotor_simulator/launch/simulator_position_control.launch
[15.034s] -- Up-to-date symlink: /home/zhr/YOPO-ROS2/Controller/install/so3_quadrotor_simulator/share/so3_quadrotor_simulator/launch/simulator_position_control.launch.py
[15.034s] -- Symlinking: /home/zhr/YOPO-ROS2/Controller/install/so3_quadrotor_simulator/share/so3_quadrotor_simulator/meshes/uav.dae
[15.038s] -- Up-to-date symlink: /home/zhr/YOPO-ROS2/Controller/install/so3_quadrotor_simulator/share/so3_quadrotor_simulator/environment/library_path.sh
[15.038s] -- Up-to-date symlink: /home/zhr/YOPO-ROS2/Controller/install/so3_quadrotor_simulator/share/so3_quadrotor_simulator/environment/library_path.dsv
[15.038s] -- Up-to-date symlink: /home/zhr/YOPO-ROS2/Controller/install/so3_quadrotor_simulator/share/ament_index/resource_index/package_run_dependencies/so3_quadrotor_simulator
[15.038s] -- Up-to-date symlink: /home/zhr/YOPO-ROS2/Controller/install/so3_quadrotor_simulator/share/ament_index/resource_index/parent_prefix_path/so3_quadrotor_simulator
[15.038s] -- Up-to-date symlink: /home/zhr/YOPO-ROS2/Controller/install/so3_quadrotor_simulator/share/so3_quadrotor_simulator/environment/ament_prefix_path.sh
[15.038s] -- Up-to-date symlink: /home/zhr/YOPO-ROS2/Controller/install/so3_quadrotor_simulator/share/so3_quadrotor_simulator/environment/ament_prefix_path.dsv
[15.038s] -- Up-to-date symlink: /home/zhr/YOPO-ROS2/Controller/install/so3_quadrotor_simulator/share/so3_quadrotor_simulator/environment/path.sh
[15.038s] -- Up-to-date symlink: /home/zhr/YOPO-ROS2/Controller/install/so3_quadrotor_simulator/share/so3_quadrotor_simulator/environment/path.dsv
[15.038s] -- Up-to-date symlink: /home/zhr/YOPO-ROS2/Controller/install/so3_quadrotor_simulator/share/so3_quadrotor_simulator/local_setup.bash
[15.038s] -- Up-to-date symlink: /home/zhr/YOPO-ROS2/Controller/install/so3_quadrotor_simulator/share/so3_quadrotor_simulator/local_setup.sh
[15.038s] -- Up-to-date symlink: /home/zhr/YOPO-ROS2/Controller/install/so3_quadrotor_simulator/share/so3_quadrotor_simulator/local_setup.zsh
[15.038s] -- Up-to-date symlink: /home/zhr/YOPO-ROS2/Controller/install/so3_quadrotor_simulator/share/so3_quadrotor_simulator/local_setup.dsv
[15.038s] -- Symlinking: /home/zhr/YOPO-ROS2/Controller/install/so3_quadrotor_simulator/share/so3_quadrotor_simulator/package.dsv
[15.042s] -- Up-to-date symlink: /home/zhr/YOPO-ROS2/Controller/install/so3_quadrotor_simulator/share/ament_index/resource_index/packages/so3_quadrotor_simulator
[15.042s] -- Up-to-date symlink: /home/zhr/YOPO-ROS2/Controller/install/so3_quadrotor_simulator/share/so3_quadrotor_simulator/cmake/ament_cmake_export_dependencies-extras.cmake
[15.042s] -- Up-to-date symlink: /home/zhr/YOPO-ROS2/Controller/install/so3_quadrotor_simulator/share/so3_quadrotor_simulator/cmake/ament_cmake_export_include_directories-extras.cmake
[15.042s] -- Up-to-date symlink: /home/zhr/YOPO-ROS2/Controller/install/so3_quadrotor_simulator/share/so3_quadrotor_simulator/cmake/ament_cmake_export_libraries-extras.cmake
[15.042s] -- Up-to-date symlink: /home/zhr/YOPO-ROS2/Controller/install/so3_quadrotor_simulator/share/so3_quadrotor_simulator/cmake/so3_quadrotor_simulatorConfig.cmake
[15.042s] -- Up-to-date symlink: /home/zhr/YOPO-ROS2/Controller/install/so3_quadrotor_simulator/share/so3_quadrotor_simulator/cmake/so3_quadrotor_simulatorConfig-version.cmake
[15.042s] -- Up-to-date symlink: /home/zhr/YOPO-ROS2/Controller/install/so3_quadrotor_simulator/share/so3_quadrotor_simulator/package.xml
[15.043s] Invoked command in '/home/zhr/YOPO-ROS2/Controller/build/so3_quadrotor_simulator' returned '0': AMENT_PREFIX_PATH=/home/zhr/YOPO-ROS2/Controller/install/uav_utils:/home/zhr/YOPO-ROS2/Controller/install/quadrotor_msgs:/home/zhr/YOPO-ROS2/Controller/install/cmake_utils:${AMENT_PREFIX_PATH} CMAKE_PREFIX_PATH=/home/zhr/YOPO-ROS2/Controller/install/uav_utils:/home/zhr/YOPO-ROS2/Controller/install/quadrotor_msgs:/home/zhr/YOPO-ROS2/Controller/install/cmake_utils:/opt/ros/jazzy/opt/gz_math_vendor:/opt/ros/jazzy/opt/gz_utils_vendor:/opt/ros/jazzy/opt/gz_cmake_vendor:/opt/ros/jazzy CONDA_PROMPT_MODIFIER=(base) DEBUGINFOD_URLS=https://debuginfod.ubuntu.com LD_LIBRARY_PATH=/home/zhr/YOPO-ROS2/Controller/install/quadrotor_msgs/lib:${LD_LIBRARY_PATH} PYTHONPATH=/home/zhr/YOPO-ROS2/Controller/install/quadrotor_msgs/lib/python3.12/site-packages:${PYTHONPATH} /usr/bin/cmake --install /home/zhr/YOPO-ROS2/Controller/build/so3_quadrotor_simulator
