[01m[K/home/zhr/YOPO-ROS2/Controller/src/so3_control/src/SO3Control.cpp:[m[K In member function ‘[01m[Kvoid SO3Control::[01;32m[KcalculateControl[m[K(const Eigen::Vector3d&, const Eigen::Vector3d&, const Eigen::Vector3d&, double, double, const Eigen::Vector3d&, const Eigen::Vector3d&)[m[K’:
[01m[K/home/zhr/YOPO-ROS2/Controller/src/so3_control/src/SO3Control.cpp:40:65:[m[K [01;35m[Kwarning: [m[Kunused parameter ‘[01m[Kdes_yaw_dot[m[K’ [[01;35m[K]8;;https://gcc.gnu.org/onlinedocs/gcc/Warning-Options.html#index-Wunused-parameter-Wunused-parameter]8;;[m[K]
   40 |                              const double des_yaw, [01;35m[Kconst double des_yaw_dot[m[K,
      |                                                    [01;35m[K~~~~~~~~~~~~~^~~~~~~~~~~[m[K
[01m[K/home/zhr/YOPO-ROS2/Controller/src/so3_control/src/so3_control_nodelet.cpp:13:10:[m[K [01;31m[Kfatal error: [m[Ktf2_geometry_msgs/tf2_geometry_msgs.h: 没有那个文件或目录
   13 | #include [01;31m[K<tf2_geometry_msgs/tf2_geometry_msgs.h>[m[K
      |          [01;31m[K^~~~~~~~~~~~~~~~~~~~~~~~~~~~~~~~~~~~~~~[m[K
compilation terminated.
gmake[2]: *** [CMakeFiles/so3_control_node.dir/build.make:76：CMakeFiles/so3_control_node.dir/src/so3_control_nodelet.cpp.o] 错误 1
gmake[1]: *** [CMakeFiles/Makefile2:169：CMakeFiles/so3_control_node.dir/all] 错误 2
gmake[1]: *** 正在等待未完成的任务....
In file included from [01m[K/home/zhr/YOPO-ROS2/Controller/src/so3_control/include/so3_control/NetworkControl.h:18[m[K,
                 from [01m[K/home/zhr/YOPO-ROS2/Controller/src/so3_control/src/network_control_node.cpp:1[m[K:
[01m[K/home/zhr/YOPO-ROS2/Controller/src/so3_control/include/so3_control/mavros_interface.h:52:5:[m[K [01;35m[Kwarning: [m[K‘[01m[Ktypedef[m[K’ was ignored in this declaration
   52 |     [01;35m[Ktypedef[m[K struct mavros_state_t
      |     [01;35m[K^~~~~~~[m[K
In file included from [01m[K/home/zhr/YOPO-ROS2/Controller/src/so3_control/include/so3_control/NetworkControl.h:18[m[K,
                 from [01m[K/home/zhr/YOPO-ROS2/Controller/src/so3_control/src/NetworkControl.cpp:1[m[K:
[01m[K/home/zhr/YOPO-ROS2/Controller/src/so3_control/include/so3_control/mavros_interface.h:52:5:[m[K [01;35m[Kwarning: [m[K‘[01m[Ktypedef[m[K’ was ignored in this declaration
   52 |     [01;35m[Ktypedef[m[K struct mavros_state_t
      |     [01;35m[K^~~~~~~[m[K
gmake: *** [Makefile:146：all] 错误 2
