-- The C compiler identification is GNU 13.3.0
-- The CXX compiler identification is GNU 13.3.0
-- Detecting C compiler ABI info
-- Detecting C compiler ABI info - done
-- Check for working C compiler: /usr/bin/cc - skipped
-- Detecting C compile features
-- Detecting C compile features - done
-- Detecting CXX compiler ABI info
-- Detecting CXX compiler ABI info - done
-- Check for working CXX compiler: /usr/bin/c++ - skipped
-- Detecting CXX compile features
-- Detecting CXX compile features - done
-- Found ament_cmake: 2.5.5 (/opt/ros/jazzy/share/ament_cmake/cmake)
-- Found Python3: /usr/bin/python3 (found version "3.12.3") found components: Interpreter 
-- Found rclcpp: 28.1.16 (/opt/ros/jazzy/share/rclcpp/cmake)
-- Found rosidl_generator_c: 4.6.7 (/opt/ros/jazzy/share/rosidl_generator_c/cmake)
-- Found rosidl_generator_cpp: 4.6.7 (/opt/ros/jazzy/share/rosidl_generator_cpp/cmake)
-- Using all available rosidl_typesupport_c: rosidl_typesupport_fastrtps_c;rosidl_typesupport_introspection_c
-- Using all available rosidl_typesupport_cpp: rosidl_typesupport_fastrtps_cpp;rosidl_typesupport_introspection_cpp
-- Found rmw_implementation_cmake: 7.3.3 (/opt/ros/jazzy/share/rmw_implementation_cmake/cmake)
-- Found rmw_fastrtps_cpp: 8.4.3 (/opt/ros/jazzy/share/rmw_fastrtps_cpp/cmake)
-- Found OpenSSL: /usr/lib/x86_64-linux-gnu/libcrypto.so (found version "3.0.13")  
-- Found FastRTPS: /opt/ros/jazzy/include (Required is at least version "2.13") 
-- Using RMW implementation 'rmw_fastrtps_cpp' as default
-- Found nav_msgs: 5.3.6 (/opt/ros/jazzy/share/nav_msgs/cmake)
-- Found quadrotor_msgs: 0.0.0 (/home/zhr/YOPO-ROS2/Controller/install/quadrotor_msgs/share/quadrotor_msgs/cmake)
-- Found tf2: 0.36.19 (/opt/ros/jazzy/share/tf2/cmake)
-- Found tf2_ros: 0.36.19 (/opt/ros/jazzy/share/tf2_ros/cmake)
-- Found tf2_geometry_msgs: 0.36.19 (/opt/ros/jazzy/share/tf2_geometry_msgs/cmake)
-- Found eigen3_cmake_module: 0.3.0 (/opt/ros/jazzy/share/eigen3_cmake_module/cmake)
-- Found Eigen3: TRUE (found version "3.4.0") 
-- Ensuring Eigen3 include directory is part of orocos-kdl CMake target
-- Found cmake_utils: 0.0.0 (/home/zhr/YOPO-ROS2/Controller/install/cmake_utils/share/cmake_utils/cmake)
-- Found mavros_msgs: 1.16.0 (/home/zhr/YOPO-ROS2/Controller/install/mavros_msgs/share/mavros_msgs/cmake)
-- Found Boost: /usr/lib/x86_64-linux-gnu/cmake/Boost-1.83.0/BoostConfig.cmake (found version "1.83.0") found components: filesystem 
-- Found sensor_msgs: 5.3.6 (/opt/ros/jazzy/share/sensor_msgs/cmake)
-- Found ament_lint_auto: 0.17.4 (/opt/ros/jazzy/share/ament_lint_auto/cmake)
-- Configuring done (0.7s)
-- Generating done (0.0s)
-- Build files have been written to: /home/zhr/YOPO-ROS2/Controller/build/so3_control
[ 22%] [32mBuilding CXX object CMakeFiles/SO3Control.dir/src/SO3Control.cpp.o[0m
[ 22%] [32mBuilding CXX object CMakeFiles/control_example.dir/src/control_example.cpp.o[0m
[01m[K/home/zhr/YOPO-ROS2/Controller/src/so3_control/src/SO3Control.cpp:[m[K In member function ‘[01m[Kvoid SO3Control::[01;32m[KcalculateControl[m[K(const Eigen::Vector3d&, const Eigen::Vector3d&, const Eigen::Vector3d&, double, double, const Eigen::Vector3d&, const Eigen::Vector3d&)[m[K’:
[01m[K/home/zhr/YOPO-ROS2/Controller/src/so3_control/src/SO3Control.cpp:40:65:[m[K [01;35m[Kwarning: [m[Kunused parameter ‘[01m[Kdes_yaw_dot[m[K’ [[01;35m[K]8;;https://gcc.gnu.org/onlinedocs/gcc/Warning-Options.html#index-Wunused-parameter-Wunused-parameter]8;;[m[K]
   40 |                              const double des_yaw, [01;35m[Kconst double des_yaw_dot[m[K,
      |                                                    [01;35m[K~~~~~~~~~~~~~^~~~~~~~~~~[m[K
[ 33%] [32m[1mLinking CXX static library libSO3Control.a[0m
[ 33%] Built target SO3Control
[ 44%] [32mBuilding CXX object CMakeFiles/so3_control_node.dir/src/so3_control_nodelet.cpp.o[0m
[ 55%] [32mBuilding CXX object CMakeFiles/network_control_node.dir/src/NetworkControl.cpp.o[0m
[ 66%] [32mBuilding CXX object CMakeFiles/network_control_node.dir/src/network_control_node.cpp.o[0m
[01m[K/home/zhr/YOPO-ROS2/Controller/src/so3_control/src/so3_control_nodelet.cpp:13:10:[m[K [01;31m[Kfatal error: [m[Ktf2_geometry_msgs/tf2_geometry_msgs.h: 没有那个文件或目录
   13 | #include [01;31m[K<tf2_geometry_msgs/tf2_geometry_msgs.h>[m[K
      |          [01;31m[K^~~~~~~~~~~~~~~~~~~~~~~~~~~~~~~~~~~~~~~[m[K
compilation terminated.
gmake[2]: *** [CMakeFiles/so3_control_node.dir/build.make:76：CMakeFiles/so3_control_node.dir/src/so3_control_nodelet.cpp.o] 错误 1
gmake[1]: *** [CMakeFiles/Makefile2:169：CMakeFiles/so3_control_node.dir/all] 错误 2
gmake[1]: *** 正在等待未完成的任务....
In file included from [01m[K/home/zhr/YOPO-ROS2/Controller/src/so3_control/include/so3_control/NetworkControl.h:18[m[K,
                 from [01m[K/home/zhr/YOPO-ROS2/Controller/src/so3_control/src/network_control_node.cpp:1[m[K:
[01m[K/home/zhr/YOPO-ROS2/Controller/src/so3_control/include/so3_control/mavros_interface.h:52:5:[m[K [01;35m[Kwarning: [m[K‘[01m[Ktypedef[m[K’ was ignored in this declaration
   52 |     [01;35m[Ktypedef[m[K struct mavros_state_t
      |     [01;35m[K^~~~~~~[m[K
In file included from [01m[K/home/zhr/YOPO-ROS2/Controller/src/so3_control/include/so3_control/NetworkControl.h:18[m[K,
                 from [01m[K/home/zhr/YOPO-ROS2/Controller/src/so3_control/src/NetworkControl.cpp:1[m[K:
[01m[K/home/zhr/YOPO-ROS2/Controller/src/so3_control/include/so3_control/mavros_interface.h:52:5:[m[K [01;35m[Kwarning: [m[K‘[01m[Ktypedef[m[K’ was ignored in this declaration
   52 |     [01;35m[Ktypedef[m[K struct mavros_state_t
      |     [01;35m[K^~~~~~~[m[K
[ 77%] [32m[1mLinking CXX executable control_example[0m
[ 77%] Built target control_example
[ 88%] [32m[1mLinking CXX executable network_control_node[0m
[ 88%] Built target network_control_node
gmake: *** [Makefile:146：all] 错误 2
