[0.006s] Invoking command in '/home/zhr/YOPO-ROS2/Controller/build/so3_control': AMENT_PREFIX_PATH=/home/zhr/YOPO-ROS2/Controller/install/quadrotor_msgs:/home/zhr/YOPO-ROS2/Controller/install/mavros_msgs:/home/zhr/YOPO-ROS2/Controller/install/cmake_utils:${AMENT_PREFIX_PATH} CMAKE_PREFIX_PATH=/home/zhr/YOPO-ROS2/Controller/install/quadrotor_msgs:/home/zhr/YOPO-ROS2/Controller/install/mavros_msgs:/home/zhr/YOPO-ROS2/Controller/install/cmake_utils:/opt/ros/jazzy/opt/gz_math_vendor:/opt/ros/jazzy/opt/gz_utils_vendor:/opt/ros/jazzy/opt/gz_cmake_vendor:/opt/ros/jazzy DEBUGINFOD_URLS=https://debuginfod.ubuntu.com LD_LIBRARY_PATH=/home/zhr/YOPO-ROS2/Controller/install/quadrotor_msgs/lib:/home/zhr/YOPO-ROS2/Controller/install/mavros_msgs/lib:${LD_LIBRARY_PATH} PYTHONPATH=/home/zhr/YOPO-ROS2/Controller/install/quadrotor_msgs/lib/python3.12/site-packages:/home/zhr/YOPO-ROS2/Controller/install/mavros_msgs/lib/python3.12/site-packages:${PYTHONPATH} /usr/bin/cmake /home/zhr/YOPO-ROS2/Controller/src/so3_control -DCMAKE_INSTALL_PREFIX=/home/zhr/YOPO-ROS2/Controller/install/so3_control
[0.032s] -- The C compiler identification is GNU 13.3.0
[0.060s] -- The CXX compiler identification is GNU 13.3.0
[0.067s] -- Detecting C compiler ABI info
[0.110s] -- Detecting C compiler ABI info - done
[0.115s] -- Check for working C compiler: /usr/bin/cc - skipped
[0.115s] -- Detecting C compile features
[0.115s] -- Detecting C compile features - done
[0.120s] -- Detecting CXX compiler ABI info
[0.165s] -- Detecting CXX compiler ABI info - done
[0.170s] -- Check for working CXX compiler: /usr/bin/c++ - skipped
[0.170s] -- Detecting CXX compile features
[0.170s] -- Detecting CXX compile features - done
[0.172s] -- Found ament_cmake: 2.5.5 (/opt/ros/jazzy/share/ament_cmake/cmake)
[0.243s] -- Found Python3: /usr/bin/python3 (found version "3.12.3") found components: Interpreter 
[0.291s] -- Found rclcpp: 28.1.16 (/opt/ros/jazzy/share/rclcpp/cmake)
[0.308s] -- Found rosidl_generator_c: 4.6.7 (/opt/ros/jazzy/share/rosidl_generator_c/cmake)
[0.314s] -- Found rosidl_generator_cpp: 4.6.7 (/opt/ros/jazzy/share/rosidl_generator_cpp/cmake)
[0.321s] -- Using all available rosidl_typesupport_c: rosidl_typesupport_fastrtps_c;rosidl_typesupport_introspection_c
[0.329s] -- Using all available rosidl_typesupport_cpp: rosidl_typesupport_fastrtps_cpp;rosidl_typesupport_introspection_cpp
[0.364s] -- Found rmw_implementation_cmake: 7.3.3 (/opt/ros/jazzy/share/rmw_implementation_cmake/cmake)
[0.365s] -- Found rmw_fastrtps_cpp: 8.4.3 (/opt/ros/jazzy/share/rmw_fastrtps_cpp/cmake)
[0.400s] -- Found OpenSSL: /usr/lib/x86_64-linux-gnu/libcrypto.so (found version "3.0.13")  
[0.412s] -- Found FastRTPS: /opt/ros/jazzy/include (Required is at least version "2.13") 
[0.427s] -- Using RMW implementation 'rmw_fastrtps_cpp' as default
[0.464s] -- Found nav_msgs: 5.3.6 (/opt/ros/jazzy/share/nav_msgs/cmake)
[0.495s] -- Found quadrotor_msgs: 0.0.0 (/home/zhr/YOPO-ROS2/Controller/install/quadrotor_msgs/share/quadrotor_msgs/cmake)
[0.516s] -- Found tf2: 0.36.19 (/opt/ros/jazzy/share/tf2/cmake)
[0.521s] -- Found tf2_ros: 0.36.19 (/opt/ros/jazzy/share/tf2_ros/cmake)
[0.598s] -- Found tf2_geometry_msgs: 0.36.19 (/opt/ros/jazzy/share/tf2_geometry_msgs/cmake)
[0.607s] -- Found eigen3_cmake_module: 0.3.0 (/opt/ros/jazzy/share/eigen3_cmake_module/cmake)
[0.608s] -- Found Eigen3: TRUE (found version "3.4.0") 
[0.608s] -- Ensuring Eigen3 include directory is part of orocos-kdl CMake target
[0.609s] -- Found cmake_utils: 0.0.0 (/home/zhr/YOPO-ROS2/Controller/install/cmake_utils/share/cmake_utils/cmake)
[0.610s] -- Found mavros_msgs: 1.16.0 (/home/zhr/YOPO-ROS2/Controller/install/mavros_msgs/share/mavros_msgs/cmake)
[0.631s] -- Found Boost: /usr/lib/x86_64-linux-gnu/cmake/Boost-1.83.0/BoostConfig.cmake (found version "1.83.0") found components: filesystem 
[0.632s] -- Found sensor_msgs: 5.3.6 (/opt/ros/jazzy/share/sensor_msgs/cmake)
[0.650s] -- Found ament_lint_auto: 0.17.4 (/opt/ros/jazzy/share/ament_lint_auto/cmake)
[0.703s] -- Configuring done (0.7s)
[0.718s] -- Generating done (0.0s)
[0.721s] -- Build files have been written to: /home/zhr/YOPO-ROS2/Controller/build/so3_control
[0.729s] Invoked command in '/home/zhr/YOPO-ROS2/Controller/build/so3_control' returned '0': AMENT_PREFIX_PATH=/home/zhr/YOPO-ROS2/Controller/install/quadrotor_msgs:/home/zhr/YOPO-ROS2/Controller/install/mavros_msgs:/home/zhr/YOPO-ROS2/Controller/install/cmake_utils:${AMENT_PREFIX_PATH} CMAKE_PREFIX_PATH=/home/zhr/YOPO-ROS2/Controller/install/quadrotor_msgs:/home/zhr/YOPO-ROS2/Controller/install/mavros_msgs:/home/zhr/YOPO-ROS2/Controller/install/cmake_utils:/opt/ros/jazzy/opt/gz_math_vendor:/opt/ros/jazzy/opt/gz_utils_vendor:/opt/ros/jazzy/opt/gz_cmake_vendor:/opt/ros/jazzy DEBUGINFOD_URLS=https://debuginfod.ubuntu.com LD_LIBRARY_PATH=/home/zhr/YOPO-ROS2/Controller/install/quadrotor_msgs/lib:/home/zhr/YOPO-ROS2/Controller/install/mavros_msgs/lib:${LD_LIBRARY_PATH} PYTHONPATH=/home/zhr/YOPO-ROS2/Controller/install/quadrotor_msgs/lib/python3.12/site-packages:/home/zhr/YOPO-ROS2/Controller/install/mavros_msgs/lib/python3.12/site-packages:${PYTHONPATH} /usr/bin/cmake /home/zhr/YOPO-ROS2/Controller/src/so3_control -DCMAKE_INSTALL_PREFIX=/home/zhr/YOPO-ROS2/Controller/install/so3_control
[0.730s] Invoking command in '/home/zhr/YOPO-ROS2/Controller/build/so3_control': AMENT_PREFIX_PATH=/home/zhr/YOPO-ROS2/Controller/install/quadrotor_msgs:/home/zhr/YOPO-ROS2/Controller/install/mavros_msgs:/home/zhr/YOPO-ROS2/Controller/install/cmake_utils:${AMENT_PREFIX_PATH} CMAKE_PREFIX_PATH=/home/zhr/YOPO-ROS2/Controller/install/quadrotor_msgs:/home/zhr/YOPO-ROS2/Controller/install/mavros_msgs:/home/zhr/YOPO-ROS2/Controller/install/cmake_utils:/opt/ros/jazzy/opt/gz_math_vendor:/opt/ros/jazzy/opt/gz_utils_vendor:/opt/ros/jazzy/opt/gz_cmake_vendor:/opt/ros/jazzy DEBUGINFOD_URLS=https://debuginfod.ubuntu.com LD_LIBRARY_PATH=/home/zhr/YOPO-ROS2/Controller/install/quadrotor_msgs/lib:/home/zhr/YOPO-ROS2/Controller/install/mavros_msgs/lib:${LD_LIBRARY_PATH} PYTHONPATH=/home/zhr/YOPO-ROS2/Controller/install/quadrotor_msgs/lib/python3.12/site-packages:/home/zhr/YOPO-ROS2/Controller/install/mavros_msgs/lib/python3.12/site-packages:${PYTHONPATH} /usr/bin/cmake --build /home/zhr/YOPO-ROS2/Controller/build/so3_control -- -j32 -l32
[0.755s] [ 22%] [32mBuilding CXX object CMakeFiles/SO3Control.dir/src/SO3Control.cpp.o[0m
[0.755s] [ 22%] [32mBuilding CXX object CMakeFiles/control_example.dir/src/control_example.cpp.o[0m
[1.160s] [01m[K/home/zhr/YOPO-ROS2/Controller/src/so3_control/src/SO3Control.cpp:[m[K In member function ‘[01m[Kvoid SO3Control::[01;32m[KcalculateControl[m[K(const Eigen::Vector3d&, const Eigen::Vector3d&, const Eigen::Vector3d&, double, double, const Eigen::Vector3d&, const Eigen::Vector3d&)[m[K’:
[1.160s] [01m[K/home/zhr/YOPO-ROS2/Controller/src/so3_control/src/SO3Control.cpp:40:65:[m[K [01;35m[Kwarning: [m[Kunused parameter ‘[01m[Kdes_yaw_dot[m[K’ [[01;35m[K]8;;https://gcc.gnu.org/onlinedocs/gcc/Warning-Options.html#index-Wunused-parameter-Wunused-parameter]8;;[m[K]
[1.160s]    40 |                              const double des_yaw, [01;35m[Kconst double des_yaw_dot[m[K,
[1.160s]       |                                                    [01;35m[K~~~~~~~~~~~~~^~~~~~~~~~~[m[K
[1.615s] [ 33%] [32m[1mLinking CXX static library libSO3Control.a[0m
[1.635s] [ 33%] Built target SO3Control
[1.644s] [ 44%] [32mBuilding CXX object CMakeFiles/so3_control_node.dir/src/so3_control_nodelet.cpp.o[0m
[1.644s] [ 55%] [32mBuilding CXX object CMakeFiles/network_control_node.dir/src/NetworkControl.cpp.o[0m
[1.644s] [ 66%] [32mBuilding CXX object CMakeFiles/network_control_node.dir/src/network_control_node.cpp.o[0m
[1.820s] [01m[K/home/zhr/YOPO-ROS2/Controller/src/so3_control/src/so3_control_nodelet.cpp:13:10:[m[K [01;31m[Kfatal error: [m[Ktf2_geometry_msgs/tf2_geometry_msgs.h: 没有那个文件或目录
[1.820s]    13 | #include [01;31m[K<tf2_geometry_msgs/tf2_geometry_msgs.h>[m[K
[1.820s]       |          [01;31m[K^~~~~~~~~~~~~~~~~~~~~~~~~~~~~~~~~~~~~~~[m[K
[1.820s] compilation terminated.
[1.823s] gmake[2]: *** [CMakeFiles/so3_control_node.dir/build.make:76：CMakeFiles/so3_control_node.dir/src/so3_control_nodelet.cpp.o] 错误 1
[1.823s] gmake[1]: *** [CMakeFiles/Makefile2:169：CMakeFiles/so3_control_node.dir/all] 错误 2
[1.823s] gmake[1]: *** 正在等待未完成的任务....
[3.780s] In file included from [01m[K/home/zhr/YOPO-ROS2/Controller/src/so3_control/include/so3_control/NetworkControl.h:18[m[K,
[3.780s]                  from [01m[K/home/zhr/YOPO-ROS2/Controller/src/so3_control/src/network_control_node.cpp:1[m[K:
[3.780s] [01m[K/home/zhr/YOPO-ROS2/Controller/src/so3_control/include/so3_control/mavros_interface.h:52:5:[m[K [01;35m[Kwarning: [m[K‘[01m[Ktypedef[m[K’ was ignored in this declaration
[3.780s]    52 |     [01;35m[Ktypedef[m[K struct mavros_state_t
[3.780s]       |     [01;35m[K^~~~~~~[m[K
[3.790s] In file included from [01m[K/home/zhr/YOPO-ROS2/Controller/src/so3_control/include/so3_control/NetworkControl.h:18[m[K,
[3.791s]                  from [01m[K/home/zhr/YOPO-ROS2/Controller/src/so3_control/src/NetworkControl.cpp:1[m[K:
[3.791s] [01m[K/home/zhr/YOPO-ROS2/Controller/src/so3_control/include/so3_control/mavros_interface.h:52:5:[m[K [01;35m[Kwarning: [m[K‘[01m[Ktypedef[m[K’ was ignored in this declaration
[3.791s]    52 |     [01;35m[Ktypedef[m[K struct mavros_state_t
[3.791s]       |     [01;35m[K^~~~~~~[m[K
[5.220s] [ 77%] [32m[1mLinking CXX executable control_example[0m
[5.310s] [ 77%] Built target control_example
[22.522s] [ 88%] [32m[1mLinking CXX executable network_control_node[0m
[22.863s] [ 88%] Built target network_control_node
[22.863s] gmake: *** [Makefile:146：all] 错误 2
