-- The C compiler identification is GNU 13.3.0
-- The CXX compiler identification is GNU 13.3.0
-- Detecting C compiler ABI info
-- Detecting C compiler ABI info - done
-- Check for working C compiler: /usr/bin/cc - skipped
-- Detecting C compile features
-- Detecting C compile features - done
-- Detecting CXX compiler ABI info
-- Detecting CXX compiler ABI info - done
-- Check for working CXX compiler: /usr/bin/c++ - skipped
-- Detecting CXX compile features
-- Detecting CXX compile features - done
-- Found ament_cmake: 2.5.5 (/opt/ros/jazzy/share/ament_cmake/cmake)
-- Found Python3: /usr/bin/python3 (found version "3.12.3") found components: Interpreter 
-- Found rclcpp: 28.1.16 (/opt/ros/jazzy/share/rclcpp/cmake)
-- Found rosidl_generator_c: 4.6.7 (/opt/ros/jazzy/share/rosidl_generator_c/cmake)
-- Found rosidl_generator_cpp: 4.6.7 (/opt/ros/jazzy/share/rosidl_generator_cpp/cmake)
-- Using all available rosidl_typesupport_c: rosidl_typesupport_fastrtps_c;rosidl_typesupport_introspection_c
-- Using all available rosidl_typesupport_cpp: rosidl_typesupport_fastrtps_cpp;rosidl_typesupport_introspection_cpp
-- Found rmw_implementation_cmake: 7.3.3 (/opt/ros/jazzy/share/rmw_implementation_cmake/cmake)
-- Found rmw_fastrtps_cpp: 8.4.3 (/opt/ros/jazzy/share/rmw_fastrtps_cpp/cmake)
-- Found OpenSSL: /usr/lib/x86_64-linux-gnu/libcrypto.so (found version "3.0.13")  
-- Found FastRTPS: /opt/ros/jazzy/include (Required is at least version "2.13") 
-- Using RMW implementation 'rmw_fastrtps_cpp' as default
-- Found quadrotor_msgs: 0.0.0 (/home/zhr/YOPO-ROS2/Controller/install/quadrotor_msgs/share/quadrotor_msgs/cmake)
-- Found uav_utils: 0.0.0 (/home/zhr/YOPO-ROS2/Controller/install/uav_utils/share/uav_utils/cmake)
[33mCMake Warning at /home/zhr/YOPO-ROS2/Controller/install/uav_utils/share/uav_utils/cmake/ament_cmake_export_libraries-extras.cmake:116 (message):
  Package 'uav_utils' exports library 'uav_utils' which couldn't be found
Call Stack (most recent call first):
  /home/zhr/YOPO-ROS2/Controller/install/uav_utils/share/uav_utils/cmake/uav_utilsConfig.cmake:41 (include)
  CMakeLists.txt:19 (find_package)

[0m
-- Found tf2_ros: 0.36.19 (/opt/ros/jazzy/share/tf2_ros/cmake)
-- Found visualization_msgs: 5.3.6 (/opt/ros/jazzy/share/visualization_msgs/cmake)
-- Found Armadillo: /usr/include (found version "12.6.7") 
-- Configuring done (0.7s)
-- Generating done (0.0s)
-- Build files have been written to: /home/zhr/YOPO-ROS2/Controller/build/so3_quadrotor_simulator
[ 25%] [32mBuilding CXX object CMakeFiles/quadrotor_dynamics.dir/src/dynamics/Quadrotor.cpp.o[0m
In file included from [01m[K/usr/include/boost/typeof/detail/requires_cxx11.hpp:9[m[K,
                 from [01m[K/usr/include/boost/typeof/typeof.hpp:16[m[K,
                 from [01m[K/usr/include/boost/numeric/ublas/traits.hpp:29[m[K,
                 from [01m[K/usr/include/boost/numeric/ublas/storage.hpp:27[m[K,
                 from [01m[K/usr/include/boost/numeric/ublas/vector.hpp:21[m[K,
                 from [01m[K/home/zhr/YOPO-ROS2/Controller/src/so3_quadrotor_simulator/include/ode/boost/numeric/odeint/util/ublas_wrapper.hpp:23[m[K,
                 from [01m[K/home/zhr/YOPO-ROS2/Controller/src/so3_quadrotor_simulator/include/ode/boost/numeric/odeint.hpp:25[m[K,
                 from [01m[K/home/zhr/YOPO-ROS2/Controller/src/so3_quadrotor_simulator/src/dynamics/Quadrotor.cpp:2[m[K:
[01m[K/usr/include/boost/bind.hpp:36:1:[m[K [01;36m[Knote: [m[K‘[01m[K#pragma message: The practice of declaring the Bind placeholders (_1, _2, ...) in the global namespace is deprecated. Please use <boost/bind/bind.hpp> + using namespace boost::placeholders, or define BOOST_BIND_GLOBAL_PLACEHOLDERS to retain the current behavior.[m[K’
   36 | [01;36m[KBOOST_PRAGMA_MESSAGE[m[K(
      | [01;36m[K^~~~~~~~~~~~~~~~~~~~[m[K
[ 50%] [32m[1mLinking CXX static library libquadrotor_dynamics.a[0m
[ 50%] Built target quadrotor_dynamics
[ 75%] [32mBuilding CXX object CMakeFiles/quadrotor_simulator_so3.dir/src/quadrotor_simulator_so3.cpp.o[0m
[01m[K/home/zhr/YOPO-ROS2/Controller/src/so3_quadrotor_simulator/src/quadrotor_simulator_so3.cpp:12:10:[m[K [01;31m[Kfatal error: [m[Kament_index_cpp/get_package_share_directory.hpp: 没有那个文件或目录
   12 | #include [01;31m[K<ament_index_cpp/get_package_share_directory.hpp>[m[K
      |          [01;31m[K^~~~~~~~~~~~~~~~~~~~~~~~~~~~~~~~~~~~~~~~~~~~~~~~~[m[K
compilation terminated.
gmake[2]: *** [CMakeFiles/quadrotor_simulator_so3.dir/build.make:76：CMakeFiles/quadrotor_simulator_so3.dir/src/quadrotor_simulator_so3.cpp.o] 错误 1
gmake[1]: *** [CMakeFiles/Makefile2:165：CMakeFiles/quadrotor_simulator_so3.dir/all] 错误 2
gmake: *** [Makefile:146：all] 错误 2
