[0.006s] Invoking command in '/home/zhr/YOPO-ROS2/Controller/build/so3_quadrotor_simulator': AMENT_PREFIX_PATH=/home/zhr/YOPO-ROS2/Controller/install/uav_utils:/home/zhr/YOPO-ROS2/Controller/install/quadrotor_msgs:/home/zhr/YOPO-ROS2/Controller/install/cmake_utils:${AMENT_PREFIX_PATH} CMAKE_PREFIX_PATH=/home/zhr/YOPO-ROS2/Controller/install/uav_utils:/home/zhr/YOPO-ROS2/Controller/install/quadrotor_msgs:/home/zhr/YOPO-ROS2/Controller/install/cmake_utils:/opt/ros/jazzy/opt/gz_math_vendor:/opt/ros/jazzy/opt/gz_utils_vendor:/opt/ros/jazzy/opt/gz_cmake_vendor:/opt/ros/jazzy DEBUGINFOD_URLS=https://debuginfod.ubuntu.com LD_LIBRARY_PATH=/home/zhr/YOPO-ROS2/Controller/install/uav_utils/lib:/home/zhr/YOPO-ROS2/Controller/install/quadrotor_msgs/lib:${LD_LIBRARY_PATH} PYTHONPATH=/home/zhr/YOPO-ROS2/Controller/install/quadrotor_msgs/lib/python3.12/site-packages:${PYTHONPATH} /usr/bin/cmake /home/zhr/YOPO-ROS2/Controller/src/so3_quadrotor_simulator -DCMAKE_INSTALL_PREFIX=/home/zhr/YOPO-ROS2/Controller/install/so3_quadrotor_simulator
[0.032s] -- The C compiler identification is GNU 13.3.0
[0.058s] -- The CXX compiler identification is GNU 13.3.0
[0.066s] -- Detecting C compiler ABI info
[0.108s] -- Detecting C compiler ABI info - done
[0.113s] -- Check for working C compiler: /usr/bin/cc - skipped
[0.113s] -- Detecting C compile features
[0.113s] -- Detecting C compile features - done
[0.118s] -- Detecting CXX compiler ABI info
[0.164s] -- Detecting CXX compiler ABI info - done
[0.169s] -- Check for working CXX compiler: /usr/bin/c++ - skipped
[0.169s] -- Detecting CXX compile features
[0.169s] -- Detecting CXX compile features - done
[0.171s] -- Found ament_cmake: 2.5.5 (/opt/ros/jazzy/share/ament_cmake/cmake)
[0.241s] -- Found Python3: /usr/bin/python3 (found version "3.12.3") found components: Interpreter 
[0.290s] -- Found rclcpp: 28.1.16 (/opt/ros/jazzy/share/rclcpp/cmake)
[0.308s] -- Found rosidl_generator_c: 4.6.7 (/opt/ros/jazzy/share/rosidl_generator_c/cmake)
[0.314s] -- Found rosidl_generator_cpp: 4.6.7 (/opt/ros/jazzy/share/rosidl_generator_cpp/cmake)
[0.321s] -- Using all available rosidl_typesupport_c: rosidl_typesupport_fastrtps_c;rosidl_typesupport_introspection_c
[0.328s] -- Using all available rosidl_typesupport_cpp: rosidl_typesupport_fastrtps_cpp;rosidl_typesupport_introspection_cpp
[0.362s] -- Found rmw_implementation_cmake: 7.3.3 (/opt/ros/jazzy/share/rmw_implementation_cmake/cmake)
[0.363s] -- Found rmw_fastrtps_cpp: 8.4.3 (/opt/ros/jazzy/share/rmw_fastrtps_cpp/cmake)
[0.398s] -- Found OpenSSL: /usr/lib/x86_64-linux-gnu/libcrypto.so (found version "3.0.13")  
[0.409s] -- Found FastRTPS: /opt/ros/jazzy/include (Required is at least version "2.13") 
[0.422s] -- Using RMW implementation 'rmw_fastrtps_cpp' as default
[0.459s] -- Found quadrotor_msgs: 0.0.0 (/home/zhr/YOPO-ROS2/Controller/install/quadrotor_msgs/share/quadrotor_msgs/cmake)
[0.510s] -- Found uav_utils: 0.0.0 (/home/zhr/YOPO-ROS2/Controller/install/uav_utils/share/uav_utils/cmake)
[0.533s] [33mCMake Warning at /home/zhr/YOPO-ROS2/Controller/install/uav_utils/share/uav_utils/cmake/ament_cmake_export_libraries-extras.cmake:116 (message):
[0.533s]   Package 'uav_utils' exports library 'uav_utils' which couldn't be found
[0.533s] Call Stack (most recent call first):
[0.533s]   /home/zhr/YOPO-ROS2/Controller/install/uav_utils/share/uav_utils/cmake/uav_utilsConfig.cmake:41 (include)
[0.534s]   CMakeLists.txt:19 (find_package)
[0.534s] 
[0.534s] [0m
[0.534s] -- Found tf2_ros: 0.36.19 (/opt/ros/jazzy/share/tf2_ros/cmake)
[0.601s] -- Found visualization_msgs: 5.3.6 (/opt/ros/jazzy/share/visualization_msgs/cmake)
[0.624s] -- Found Armadillo: /usr/include (found version "12.6.7") 
[0.683s] -- Configuring done (0.7s)
[0.699s] -- Generating done (0.0s)
[0.702s] -- Build files have been written to: /home/zhr/YOPO-ROS2/Controller/build/so3_quadrotor_simulator
[0.712s] Invoked command in '/home/zhr/YOPO-ROS2/Controller/build/so3_quadrotor_simulator' returned '0': AMENT_PREFIX_PATH=/home/zhr/YOPO-ROS2/Controller/install/uav_utils:/home/zhr/YOPO-ROS2/Controller/install/quadrotor_msgs:/home/zhr/YOPO-ROS2/Controller/install/cmake_utils:${AMENT_PREFIX_PATH} CMAKE_PREFIX_PATH=/home/zhr/YOPO-ROS2/Controller/install/uav_utils:/home/zhr/YOPO-ROS2/Controller/install/quadrotor_msgs:/home/zhr/YOPO-ROS2/Controller/install/cmake_utils:/opt/ros/jazzy/opt/gz_math_vendor:/opt/ros/jazzy/opt/gz_utils_vendor:/opt/ros/jazzy/opt/gz_cmake_vendor:/opt/ros/jazzy DEBUGINFOD_URLS=https://debuginfod.ubuntu.com LD_LIBRARY_PATH=/home/zhr/YOPO-ROS2/Controller/install/uav_utils/lib:/home/zhr/YOPO-ROS2/Controller/install/quadrotor_msgs/lib:${LD_LIBRARY_PATH} PYTHONPATH=/home/zhr/YOPO-ROS2/Controller/install/quadrotor_msgs/lib/python3.12/site-packages:${PYTHONPATH} /usr/bin/cmake /home/zhr/YOPO-ROS2/Controller/src/so3_quadrotor_simulator -DCMAKE_INSTALL_PREFIX=/home/zhr/YOPO-ROS2/Controller/install/so3_quadrotor_simulator
[0.713s] Invoking command in '/home/zhr/YOPO-ROS2/Controller/build/so3_quadrotor_simulator': AMENT_PREFIX_PATH=/home/zhr/YOPO-ROS2/Controller/install/uav_utils:/home/zhr/YOPO-ROS2/Controller/install/quadrotor_msgs:/home/zhr/YOPO-ROS2/Controller/install/cmake_utils:${AMENT_PREFIX_PATH} CMAKE_PREFIX_PATH=/home/zhr/YOPO-ROS2/Controller/install/uav_utils:/home/zhr/YOPO-ROS2/Controller/install/quadrotor_msgs:/home/zhr/YOPO-ROS2/Controller/install/cmake_utils:/opt/ros/jazzy/opt/gz_math_vendor:/opt/ros/jazzy/opt/gz_utils_vendor:/opt/ros/jazzy/opt/gz_cmake_vendor:/opt/ros/jazzy DEBUGINFOD_URLS=https://debuginfod.ubuntu.com LD_LIBRARY_PATH=/home/zhr/YOPO-ROS2/Controller/install/uav_utils/lib:/home/zhr/YOPO-ROS2/Controller/install/quadrotor_msgs/lib:${LD_LIBRARY_PATH} PYTHONPATH=/home/zhr/YOPO-ROS2/Controller/install/quadrotor_msgs/lib/python3.12/site-packages:${PYTHONPATH} /usr/bin/cmake --build /home/zhr/YOPO-ROS2/Controller/build/so3_quadrotor_simulator -- -j32 -l32
[0.739s] [ 25%] [32mBuilding CXX object CMakeFiles/quadrotor_dynamics.dir/src/dynamics/Quadrotor.cpp.o[0m
[2.539s] In file included from [01m[K/usr/include/boost/typeof/detail/requires_cxx11.hpp:9[m[K,
[2.539s]                  from [01m[K/usr/include/boost/typeof/typeof.hpp:16[m[K,
[2.539s]                  from [01m[K/usr/include/boost/numeric/ublas/traits.hpp:29[m[K,
[2.540s]                  from [01m[K/usr/include/boost/numeric/ublas/storage.hpp:27[m[K,
[2.540s]                  from [01m[K/usr/include/boost/numeric/ublas/vector.hpp:21[m[K,
[2.540s]                  from [01m[K/home/zhr/YOPO-ROS2/Controller/src/so3_quadrotor_simulator/include/ode/boost/numeric/odeint/util/ublas_wrapper.hpp:23[m[K,
[2.540s]                  from [01m[K/home/zhr/YOPO-ROS2/Controller/src/so3_quadrotor_simulator/include/ode/boost/numeric/odeint.hpp:25[m[K,
[2.540s]                  from [01m[K/home/zhr/YOPO-ROS2/Controller/src/so3_quadrotor_simulator/src/dynamics/Quadrotor.cpp:2[m[K:
[2.540s] [01m[K/usr/include/boost/bind.hpp:36:1:[m[K [01;36m[Knote: [m[K‘[01m[K#pragma message: The practice of declaring the Bind placeholders (_1, _2, ...) in the global namespace is deprecated. Please use <boost/bind/bind.hpp> + using namespace boost::placeholders, or define BOOST_BIND_GLOBAL_PLACEHOLDERS to retain the current behavior.[m[K’
[2.540s]    36 | [01;36m[KBOOST_PRAGMA_MESSAGE[m[K(
[2.540s]       | [01;36m[K^~~~~~~~~~~~~~~~~~~~[m[K
[4.764s] [ 50%] [32m[1mLinking CXX static library libquadrotor_dynamics.a[0m
[4.793s] [ 50%] Built target quadrotor_dynamics
[4.803s] [ 75%] [32mBuilding CXX object CMakeFiles/quadrotor_simulator_so3.dir/src/quadrotor_simulator_so3.cpp.o[0m
[4.986s] [01m[K/home/zhr/YOPO-ROS2/Controller/src/so3_quadrotor_simulator/src/quadrotor_simulator_so3.cpp:12:10:[m[K [01;31m[Kfatal error: [m[Kament_index_cpp/get_package_share_directory.hpp: 没有那个文件或目录
[4.986s]    12 | #include [01;31m[K<ament_index_cpp/get_package_share_directory.hpp>[m[K
[4.986s]       |          [01;31m[K^~~~~~~~~~~~~~~~~~~~~~~~~~~~~~~~~~~~~~~~~~~~~~~~~[m[K
[4.986s] compilation terminated.
[4.988s] gmake[2]: *** [CMakeFiles/quadrotor_simulator_so3.dir/build.make:76：CMakeFiles/quadrotor_simulator_so3.dir/src/quadrotor_simulator_so3.cpp.o] 错误 1
[4.988s] gmake[1]: *** [CMakeFiles/Makefile2:165：CMakeFiles/quadrotor_simulator_so3.dir/all] 错误 2
[4.988s] gmake: *** [Makefile:146：all] 错误 2
[4.990s] Invoked command in '/home/zhr/YOPO-ROS2/Controller/build/so3_quadrotor_simulator' returned '2': AMENT_PREFIX_PATH=/home/zhr/YOPO-ROS2/Controller/install/uav_utils:/home/zhr/YOPO-ROS2/Controller/install/quadrotor_msgs:/home/zhr/YOPO-ROS2/Controller/install/cmake_utils:${AMENT_PREFIX_PATH} CMAKE_PREFIX_PATH=/home/zhr/YOPO-ROS2/Controller/install/uav_utils:/home/zhr/YOPO-ROS2/Controller/install/quadrotor_msgs:/home/zhr/YOPO-ROS2/Controller/install/cmake_utils:/opt/ros/jazzy/opt/gz_math_vendor:/opt/ros/jazzy/opt/gz_utils_vendor:/opt/ros/jazzy/opt/gz_cmake_vendor:/opt/ros/jazzy DEBUGINFOD_URLS=https://debuginfod.ubuntu.com LD_LIBRARY_PATH=/home/zhr/YOPO-ROS2/Controller/install/uav_utils/lib:/home/zhr/YOPO-ROS2/Controller/install/quadrotor_msgs/lib:${LD_LIBRARY_PATH} PYTHONPATH=/home/zhr/YOPO-ROS2/Controller/install/quadrotor_msgs/lib/python3.12/site-packages:${PYTHONPATH} /usr/bin/cmake --build /home/zhr/YOPO-ROS2/Controller/build/so3_quadrotor_simulator -- -j32 -l32
