-- The C compiler identification is GNU 13.3.0
-- The CXX compiler identification is GNU 13.3.0
-- Detecting C compiler ABI info
-- Detecting C compiler ABI info - done
-- Check for working C compiler: /usr/bin/cc - skipped
-- Detecting C compile features
-- Detecting C compile features - done
-- Detecting CXX compiler ABI info
-- Detecting CXX compiler ABI info - done
-- Check for working CXX compiler: /usr/bin/c++ - skipped
-- Detecting CXX compile features
-- Detecting CXX compile features - done
-- Found ament_cmake: 2.5.5 (/opt/ros/jazzy/share/ament_cmake/cmake)
-- Found Python3: /usr/bin/python3 (found version "3.12.3") found components: Interpreter 
-- Found rclcpp: 28.1.16 (/opt/ros/jazzy/share/rclcpp/cmake)
-- Found rosidl_generator_c: 4.6.7 (/opt/ros/jazzy/share/rosidl_generator_c/cmake)
-- Found rosidl_generator_cpp: 4.6.7 (/opt/ros/jazzy/share/rosidl_generator_cpp/cmake)
-- Using all available rosidl_typesupport_c: rosidl_typesupport_fastrtps_c;rosidl_typesupport_introspection_c
-- Using all available rosidl_typesupport_cpp: rosidl_typesupport_fastrtps_cpp;rosidl_typesupport_introspection_cpp
-- Found rmw_implementation_cmake: 7.3.3 (/opt/ros/jazzy/share/rmw_implementation_cmake/cmake)
-- Found rmw_fastrtps_cpp: 8.4.3 (/opt/ros/jazzy/share/rmw_fastrtps_cpp/cmake)
-- Found OpenSSL: /usr/lib/x86_64-linux-gnu/libcrypto.so (found version "3.0.13")  
-- Found FastRTPS: /opt/ros/jazzy/include (Required is at least version "2.13") 
-- Using RMW implementation 'rmw_fastrtps_cpp' as default
-- Found nav_msgs: 5.3.6 (/opt/ros/jazzy/share/nav_msgs/cmake)
-- Found sensor_msgs: 5.3.6 (/opt/ros/jazzy/share/sensor_msgs/cmake)
-- Found cv_bridge: 4.1.0 (/opt/ros/jazzy/share/cv_bridge/cmake)
-- Found tf2: 0.36.19 (/opt/ros/jazzy/share/tf2/cmake)
-- Found tf2_ros: 0.36.19 (/opt/ros/jazzy/share/tf2_ros/cmake)
-- Found tf2_geometry_msgs: 0.36.19 (/opt/ros/jazzy/share/tf2_geometry_msgs/cmake)
-- Found eigen3_cmake_module: 0.3.0 (/opt/ros/jazzy/share/eigen3_cmake_module/cmake)
-- Found Eigen3: TRUE (found version "3.4.0") 
-- Ensuring Eigen3 include directory is part of orocos-kdl CMake target
-- Found Boost: /usr/lib/x86_64-linux-gnu/cmake/Boost-1.83.0/BoostConfig.cmake (found suitable version "1.83.0", minimum required is "1.65.0") found components: system filesystem iostreams serialization 
-- Found flann version 1.9.2
-- Found OpenMP_CXX: -fopenmp (found version "4.5") 
-- Found OpenMP: TRUE (found version "4.5") found components: CXX 
-- Performing Test CMAKE_HAVE_LIBC_PTHREAD
-- Performing Test CMAKE_HAVE_LIBC_PTHREAD - Success
-- Found Threads: TRUE  
-- Found GLEW: /usr/lib/x86_64-linux-gnu/libGLEW.so  
-- Found OpenGL: /usr/lib/x86_64-linux-gnu/libOpenGL.so  found components: OpenGL GLX 
-- Found MPI_C: /usr/lib/x86_64-linux-gnu/libmpi.so (found version "3.1") 
-- Found MPI: TRUE (found version "3.1") found components: C 
-- Found JsonCpp: /usr/lib/x86_64-linux-gnu/libjsoncpp.so (found suitable version "1.9.5", minimum required is "0.7.0") 
-- Found ZLIB: /usr/lib/x86_64-linux-gnu/libz.so (found version "1.3")  
-- Found PNG: /usr/lib/x86_64-linux-gnu/libpng.so (found version "1.6.43") 
-- Found Eigen3: /usr/include/eigen3 (found version "3.4.0") 
-- Found X11: /usr/include   
-- Looking for XOpenDisplay in /usr/lib/x86_64-linux-gnu/libX11.so;/usr/lib/x86_64-linux-gnu/libXext.so
-- Looking for XOpenDisplay in /usr/lib/x86_64-linux-gnu/libX11.so;/usr/lib/x86_64-linux-gnu/libXext.so - found
-- Looking for gethostbyname
-- Looking for gethostbyname - found
-- Looking for connect
-- Looking for connect - found
-- Looking for remove
-- Looking for remove - found
-- Looking for shmat
-- Looking for shmat - found
-- Looking for IceConnectionNumber in ICE
-- Looking for IceConnectionNumber in ICE - found
-- Found EXPAT: /usr/lib/x86_64-linux-gnu/libexpat.so (found version "2.6.1") 
-- Found double-conversion: /usr/lib/x86_64-linux-gnu/libdouble-conversion.so  
-- Found LZ4: /usr/lib/x86_64-linux-gnu/liblz4.so (found version "1.9.4") 
-- Found LZMA: /usr/lib/x86_64-linux-gnu/liblzma.so (found version "5.4.5") 
-- Found JPEG: /usr/lib/x86_64-linux-gnu/libjpeg.so (found version "80") 
-- Found TIFF: /usr/lib/x86_64-linux-gnu/libtiff.so (found version "4.5.1")  
-- Found Freetype: /usr/lib/x86_64-linux-gnu/libfreetype.so (found version "2.13.2") 
-- Found utf8cpp: /usr/include/utf8cpp  
-- Checking for module 'libusb-1.0'
--   Found libusb-1.0, version 1.0.27
-- Found libusb: /usr/lib/x86_64-linux-gnu/libusb-1.0.so  
-- Found OpenNI: /usr/lib/libOpenNI.so;libusb::libusb (found version "1.5.4.0") 
-- OpenNI found (version: 1.5.4.0, include: /usr/include/ni, lib: /usr/lib/libOpenNI.so;libusb::libusb)
-- Found OpenNI2: /usr/lib/x86_64-linux-gnu/libOpenNI2.so;libusb::libusb (found version "2.2.0.33") 
-- OpenNI2 found (version: 2.2.0.33, include: /usr/include/openni2, lib: /usr/lib/x86_64-linux-gnu/libOpenNI2.so;libusb::libusb)
-- Could NOT find Pcap (missing: PCAP_LIBRARIES PCAP_INCLUDE_DIRS) 
-- OpenNI found (version: 1.5.4.0, include: /usr/include/ni, lib: /usr/lib/libOpenNI.so;libusb::libusb)
-- OpenNI2 found (version: 2.2.0.33, include: /usr/include/openni2, lib: /usr/lib/x86_64-linux-gnu/libOpenNI2.so;libusb::libusb)
-- Found Qhull version 8.0.2
-- OpenNI found (version: 1.5.4.0, include: /usr/include/ni, lib: /usr/lib/libOpenNI.so;libusb::libusb)
-- looking for PCL_COMMON
-- Found PCL_COMMON: /usr/lib/x86_64-linux-gnu/libpcl_common.so  
-- looking for PCL_KDTREE
-- Found PCL_KDTREE: /usr/lib/x86_64-linux-gnu/libpcl_kdtree.so  
-- looking for PCL_OCTREE
-- Found PCL_OCTREE: /usr/lib/x86_64-linux-gnu/libpcl_octree.so  
-- looking for PCL_SEARCH
-- Found PCL_SEARCH: /usr/lib/x86_64-linux-gnu/libpcl_search.so  
-- looking for PCL_SAMPLE_CONSENSUS
-- Found PCL_SAMPLE_CONSENSUS: /usr/lib/x86_64-linux-gnu/libpcl_sample_consensus.so  
-- looking for PCL_FILTERS
-- Found PCL_FILTERS: /usr/lib/x86_64-linux-gnu/libpcl_filters.so  
-- looking for PCL_2D
-- Found PCL_2D: /usr/include/pcl-1.14  
-- looking for PCL_GEOMETRY
-- Found PCL_GEOMETRY: /usr/include/pcl-1.14  
-- looking for PCL_IO
-- Found PCL_IO: /usr/lib/x86_64-linux-gnu/libpcl_io.so  
-- looking for PCL_FEATURES
-- Found PCL_FEATURES: /usr/lib/x86_64-linux-gnu/libpcl_features.so  
-- looking for PCL_ML
-- Found PCL_ML: /usr/lib/x86_64-linux-gnu/libpcl_ml.so  
-- looking for PCL_SEGMENTATION
-- Found PCL_SEGMENTATION: /usr/lib/x86_64-linux-gnu/libpcl_segmentation.so  
-- looking for PCL_VISUALIZATION
-- Found PCL_VISUALIZATION: /usr/lib/x86_64-linux-gnu/libpcl_visualization.so  
-- looking for PCL_SURFACE
-- Found PCL_SURFACE: /usr/lib/x86_64-linux-gnu/libpcl_surface.so  
-- looking for PCL_REGISTRATION
-- Found PCL_REGISTRATION: /usr/lib/x86_64-linux-gnu/libpcl_registration.so  
-- looking for PCL_KEYPOINTS
-- Found PCL_KEYPOINTS: /usr/lib/x86_64-linux-gnu/libpcl_keypoints.so  
-- looking for PCL_TRACKING
-- Found PCL_TRACKING: /usr/lib/x86_64-linux-gnu/libpcl_tracking.so  
-- looking for PCL_RECOGNITION
-- Found PCL_RECOGNITION: /usr/lib/x86_64-linux-gnu/libpcl_recognition.so  
-- looking for PCL_STEREO
-- Found PCL_STEREO: /usr/lib/x86_64-linux-gnu/libpcl_stereo.so  
-- looking for PCL_APPS
-- Found PCL_APPS: /usr/lib/x86_64-linux-gnu/libpcl_apps.so  
-- looking for PCL_IN_HAND_SCANNER
-- Found PCL_IN_HAND_SCANNER: /usr/include/pcl-1.14  
-- looking for PCL_MODELER
-- Found PCL_MODELER: /usr/include/pcl-1.14  
-- looking for PCL_POINT_CLOUD_EDITOR
-- Found PCL_POINT_CLOUD_EDITOR: /usr/include/pcl-1.14  
-- looking for PCL_OUTOFCORE
-- Found PCL_OUTOFCORE: /usr/lib/x86_64-linux-gnu/libpcl_outofcore.so  
-- looking for PCL_PEOPLE
-- Found PCL_PEOPLE: /usr/lib/x86_64-linux-gnu/libpcl_people.so  
-- Found PCL: pcl_common;pcl_kdtree;pcl_octree;pcl_search;pcl_sample_consensus;pcl_filters;pcl_io;pcl_features;pcl_ml;pcl_segmentation;pcl_visualization;pcl_surface;pcl_registration;pcl_keypoints;pcl_tracking;pcl_recognition;pcl_stereo;pcl_apps;pcl_outofcore;pcl_people;Boost::system;Boost::filesystem;Boost::iostreams;Boost::serialization;/usr/lib/libOpenNI.so;libusb::libusb;/usr/lib/x86_64-linux-gnu/libOpenNI2.so;libusb::libusb;VTK::ChartsCore;VTK::CommonColor;VTK::CommonComputationalGeometry;VTK::CommonCore;VTK::CommonDataModel;VTK::CommonExecutionModel;VTK::CommonMath;VTK::CommonMisc;VTK::CommonTransforms;VTK::FiltersCore;VTK::FiltersExtraction;VTK::FiltersGeneral;VTK::FiltersGeometry;VTK::FiltersModeling;VTK::FiltersSources;VTK::ImagingCore;VTK::ImagingSources;VTK::InteractionImage;VTK::InteractionStyle;VTK::InteractionWidgets;VTK::IOCore;VTK::IOGeometry;VTK::IOImage;VTK::IOLegacy;VTK::IOPLY;VTK::RenderingAnnotation;VTK::RenderingCore;VTK::RenderingContext2D;VTK::RenderingLOD;VTK::RenderingFreeType;VTK::ViewsCore;VTK::ViewsContext2D;VTK::RenderingOpenGL2;VTK::RenderingContextOpenGL2;VTK::GUISupportQt;FLANN::FLANN;QHULL::QHULL  
-- Found OpenCV: /usr (found version "4.6.0") 
-- Found OpenMP_C: -fopenmp (found version "4.5") 
-- Found OpenMP: TRUE (found version "4.5")  
-- Found pcl_ros: 2.6.2 (/opt/ros/jazzy/share/pcl_ros/cmake)
-- Found CUDA: /usr/local/cuda (found suitable exact version "12.8") 
-- Autodetected CUDA architecture(s):  8.6+PTX
-- Found ament_lint_auto: 0.17.4 (/opt/ros/jazzy/share/ament_lint_auto/cmake)
-- Configuring done (2.7s)
-- Generating done (0.1s)
-- Build files have been written to: /home/zhr/YOPO-ROS2/build/sensor_simulator
[  7%] [34m[1mBuilding NVCC (Device) object CMakeFiles/raycast_cuda.dir/src/raycast_cuda_generated_sensor_simulator.cu.o[0m
[ 15%] [32mBuilding CXX object CMakeFiles/sensor_simulator.dir/src/sensor_simulator.cpp.o[0m
[ 23%] [32mBuilding CXX object CMakeFiles/sensor_simulator.dir/src/test_simulator.cpp.o[0m
[ 30%] [32m[1mLinking CXX static library libraycast_cuda.a[0m
[ 30%] Built target raycast_cuda
[ 53%] [32mBuilding CXX object CMakeFiles/dataset_generator.dir/src/maps.cpp.o[0m
[ 53%] [32mBuilding CXX object CMakeFiles/sensor_simulator_cuda.dir/src/test_simulator_cuda.cpp.o[0m
[ 53%] [32mBuilding CXX object CMakeFiles/dataset_generator.dir/src/perlinnoise.cpp.o[0m
[ 61%] [32mBuilding CXX object CMakeFiles/sensor_simulator_cuda.dir/src/maps.cpp.o[0m
[ 69%] [32mBuilding CXX object CMakeFiles/sensor_simulator_cuda.dir/src/perlinnoise.cpp.o[0m
[ 76%] [32mBuilding CXX object CMakeFiles/dataset_generator.dir/src/dataset_generator.cpp.o[0m
[ 84%] [32m[1mLinking CXX executable sensor_simulator[0m
[ 84%] Built target sensor_simulator
[ 92%] [32m[1mLinking CXX executable dataset_generator[0m
[ 92%] Built target dataset_generator
[100%] [32m[1mLinking CXX executable sensor_simulator_cuda[0m
[100%] Built target sensor_simulator_cuda
-- Install configuration: "Release"
-- Installing: /home/zhr/YOPO-ROS2/install/sensor_simulator/lib/sensor_simulator/sensor_simulator
-- Set non-toolchain portion of runtime path of "/home/zhr/YOPO-ROS2/install/sensor_simulator/lib/sensor_simulator/sensor_simulator" to ""
-- Installing: /home/zhr/YOPO-ROS2/install/sensor_simulator/lib/sensor_simulator/sensor_simulator_cuda
-- Set non-toolchain portion of runtime path of "/home/zhr/YOPO-ROS2/install/sensor_simulator/lib/sensor_simulator/sensor_simulator_cuda" to ""
-- Installing: /home/zhr/YOPO-ROS2/install/sensor_simulator/lib/sensor_simulator/dataset_generator
-- Set non-toolchain portion of runtime path of "/home/zhr/YOPO-ROS2/install/sensor_simulator/lib/sensor_simulator/dataset_generator" to ""
-- Installing: /home/zhr/YOPO-ROS2/install/sensor_simulator/include
-- Installing: /home/zhr/YOPO-ROS2/install/sensor_simulator/include/perlinnoise.hpp
-- Installing: /home/zhr/YOPO-ROS2/install/sensor_simulator/include/sensor_simulator.cuh
-- Installing: /home/zhr/YOPO-ROS2/install/sensor_simulator/include/maps.hpp
-- Installing: /home/zhr/YOPO-ROS2/install/sensor_simulator/include/sensor_simulator.h
-- Installing: /home/zhr/YOPO-ROS2/install/sensor_simulator/include/cuda_toolkit
-- Installing: /home/zhr/YOPO-ROS2/install/sensor_simulator/include/cuda_toolkit/matrix.cuh
-- Installing: /home/zhr/YOPO-ROS2/install/sensor_simulator/include/cuda_toolkit/se3.cuh
-- Installing: /home/zhr/YOPO-ROS2/install/sensor_simulator/include/cuda_toolkit/helper_math.h
-- Installing: /home/zhr/YOPO-ROS2/install/sensor_simulator/share/sensor_simulator/config
-- Installing: /home/zhr/YOPO-ROS2/install/sensor_simulator/share/sensor_simulator/config/config.yaml
-- Installing: /home/zhr/YOPO-ROS2/install/sensor_simulator/share/sensor_simulator/pointcloud
-- Installing: /home/zhr/YOPO-ROS2/install/sensor_simulator/share/sensor_simulator/pointcloud/tree.ply
-- Installing: /home/zhr/YOPO-ROS2/install/sensor_simulator/share/ament_index/resource_index/package_run_dependencies/sensor_simulator
-- Installing: /home/zhr/YOPO-ROS2/install/sensor_simulator/share/ament_index/resource_index/parent_prefix_path/sensor_simulator
-- Installing: /home/zhr/YOPO-ROS2/install/sensor_simulator/share/sensor_simulator/environment/ament_prefix_path.sh
-- Installing: /home/zhr/YOPO-ROS2/install/sensor_simulator/share/sensor_simulator/environment/ament_prefix_path.dsv
-- Installing: /home/zhr/YOPO-ROS2/install/sensor_simulator/share/sensor_simulator/environment/path.sh
-- Installing: /home/zhr/YOPO-ROS2/install/sensor_simulator/share/sensor_simulator/environment/path.dsv
-- Installing: /home/zhr/YOPO-ROS2/install/sensor_simulator/share/sensor_simulator/local_setup.bash
-- Installing: /home/zhr/YOPO-ROS2/install/sensor_simulator/share/sensor_simulator/local_setup.sh
-- Installing: /home/zhr/YOPO-ROS2/install/sensor_simulator/share/sensor_simulator/local_setup.zsh
-- Installing: /home/zhr/YOPO-ROS2/install/sensor_simulator/share/sensor_simulator/local_setup.dsv
-- Installing: /home/zhr/YOPO-ROS2/install/sensor_simulator/share/sensor_simulator/package.dsv
-- Installing: /home/zhr/YOPO-ROS2/install/sensor_simulator/share/ament_index/resource_index/packages/sensor_simulator
-- Installing: /home/zhr/YOPO-ROS2/install/sensor_simulator/share/sensor_simulator/cmake/ament_cmake_export_dependencies-extras.cmake
-- Installing: /home/zhr/YOPO-ROS2/install/sensor_simulator/share/sensor_simulator/cmake/sensor_simulatorConfig.cmake
-- Installing: /home/zhr/YOPO-ROS2/install/sensor_simulator/share/sensor_simulator/cmake/sensor_simulatorConfig-version.cmake
-- Installing: /home/zhr/YOPO-ROS2/install/sensor_simulator/share/sensor_simulator/package.xml
