[0.006s] Invoking command in '/home/zhr/YOPO-ROS2/Controller/build/so3_quadrotor_simulator': AMENT_PREFIX_PATH=/home/zhr/YOPO-ROS2/Controller/install/uav_utils:/home/zhr/YOPO-ROS2/Controller/install/quadrotor_msgs:/home/zhr/YOPO-ROS2/Controller/install/cmake_utils:${AMENT_PREFIX_PATH} CMAKE_PREFIX_PATH=/home/zhr/YOPO-ROS2/Controller/install/uav_utils:/home/zhr/YOPO-ROS2/Controller/install/quadrotor_msgs:/home/zhr/YOPO-ROS2/Controller/install/cmake_utils:/opt/ros/jazzy/opt/gz_math_vendor:/opt/ros/jazzy/opt/gz_utils_vendor:/opt/ros/jazzy/opt/gz_cmake_vendor:/opt/ros/jazzy CONDA_PROMPT_MODIFIER=(yopo) DEBUGINFOD_URLS=https://debuginfod.ubuntu.com LD_LIBRARY_PATH=/home/zhr/YOPO-ROS2/Controller/install/quadrotor_msgs/lib:${LD_LIBRARY_PATH} PYTHONPATH=/home/zhr/YOPO-ROS2/Controller/install/quadrotor_msgs/lib/python3.12/site-packages:${PYTHONPATH} /usr/bin/cmake --build /home/zhr/YOPO-ROS2/Controller/build/so3_quadrotor_simulator -- -j32 -l32
[0.037s] [ 50%] Built target quadrotor_dynamics
[0.053s] [ 75%] [32mBuilding CXX object CMakeFiles/quadrotor_simulator_so3.dir/src/quadrotor_simulator_so3.cpp.o[0m
[14.309s] [100%] [32m[1mLinking CXX executable quadrotor_simulator_so3[0m
[14.538s] [100%] Built target quadrotor_simulator_so3
[14.543s] Invoked command in '/home/zhr/YOPO-ROS2/Controller/build/so3_quadrotor_simulator' returned '0': AMENT_PREFIX_PATH=/home/zhr/YOPO-ROS2/Controller/install/uav_utils:/home/zhr/YOPO-ROS2/Controller/install/quadrotor_msgs:/home/zhr/YOPO-ROS2/Controller/install/cmake_utils:${AMENT_PREFIX_PATH} CMAKE_PREFIX_PATH=/home/zhr/YOPO-ROS2/Controller/install/uav_utils:/home/zhr/YOPO-ROS2/Controller/install/quadrotor_msgs:/home/zhr/YOPO-ROS2/Controller/install/cmake_utils:/opt/ros/jazzy/opt/gz_math_vendor:/opt/ros/jazzy/opt/gz_utils_vendor:/opt/ros/jazzy/opt/gz_cmake_vendor:/opt/ros/jazzy CONDA_PROMPT_MODIFIER=(yopo) DEBUGINFOD_URLS=https://debuginfod.ubuntu.com LD_LIBRARY_PATH=/home/zhr/YOPO-ROS2/Controller/install/quadrotor_msgs/lib:${LD_LIBRARY_PATH} PYTHONPATH=/home/zhr/YOPO-ROS2/Controller/install/quadrotor_msgs/lib/python3.12/site-packages:${PYTHONPATH} /usr/bin/cmake --build /home/zhr/YOPO-ROS2/Controller/build/so3_quadrotor_simulator -- -j32 -l32
[14.544s] Invoking command in '/home/zhr/YOPO-ROS2/Controller/build/so3_quadrotor_simulator': AMENT_PREFIX_PATH=/home/zhr/YOPO-ROS2/Controller/install/uav_utils:/home/zhr/YOPO-ROS2/Controller/install/quadrotor_msgs:/home/zhr/YOPO-ROS2/Controller/install/cmake_utils:${AMENT_PREFIX_PATH} CMAKE_PREFIX_PATH=/home/zhr/YOPO-ROS2/Controller/install/uav_utils:/home/zhr/YOPO-ROS2/Controller/install/quadrotor_msgs:/home/zhr/YOPO-ROS2/Controller/install/cmake_utils:/opt/ros/jazzy/opt/gz_math_vendor:/opt/ros/jazzy/opt/gz_utils_vendor:/opt/ros/jazzy/opt/gz_cmake_vendor:/opt/ros/jazzy CONDA_PROMPT_MODIFIER=(yopo) DEBUGINFOD_URLS=https://debuginfod.ubuntu.com LD_LIBRARY_PATH=/home/zhr/YOPO-ROS2/Controller/install/quadrotor_msgs/lib:${LD_LIBRARY_PATH} PYTHONPATH=/home/zhr/YOPO-ROS2/Controller/install/quadrotor_msgs/lib/python3.12/site-packages:${PYTHONPATH} /usr/bin/cmake --install /home/zhr/YOPO-ROS2/Controller/build/so3_quadrotor_simulator
[14.548s] -- Install configuration: "Release"
[14.548s] -- Execute custom install script
[14.548s] -- Up-to-date symlink: /home/zhr/YOPO-ROS2/Controller/install/so3_quadrotor_simulator/lib/so3_quadrotor_simulator/quadrotor_simulator_so3
[14.548s] -- Up-to-date symlink: /home/zhr/YOPO-ROS2/Controller/install/so3_quadrotor_simulator/lib/so3_quadrotor_simulator/libquadrotor_dynamics.a
[14.550s] -- Up-to-date symlink: /home/zhr/YOPO-ROS2/Controller/install/so3_quadrotor_simulator/include/ode/CHANGELOG
[14.550s] -- Up-to-date symlink: /home/zhr/YOPO-ROS2/Controller/install/so3_quadrotor_simulator/include/ode/Jamroot
[14.550s] -- Up-to-date symlink: /home/zhr/YOPO-ROS2/Controller/install/so3_quadrotor_simulator/include/ode/README
[14.550s] -- Up-to-date symlink: /home/zhr/YOPO-ROS2/Controller/install/so3_quadrotor_simulator/include/ode/boost/numeric/odeint.hpp
[14.550s] -- Up-to-date symlink: /home/zhr/YOPO-ROS2/Controller/install/so3_quadrotor_simulator/include/ode/boost/numeric/odeint/algebra/array_algebra.hpp
[14.551s] -- Up-to-date symlink: /home/zhr/YOPO-ROS2/Controller/install/so3_quadrotor_simulator/include/ode/boost/numeric/odeint/algebra/default_operations.hpp
[14.551s] -- Up-to-date symlink: /home/zhr/YOPO-ROS2/Controller/install/so3_quadrotor_simulator/include/ode/boost/numeric/odeint/algebra/detail/for_each.hpp
[14.551s] -- Up-to-date symlink: /home/zhr/YOPO-ROS2/Controller/install/so3_quadrotor_simulator/include/ode/boost/numeric/odeint/algebra/detail/macros.hpp
[14.551s] -- Up-to-date symlink: /home/zhr/YOPO-ROS2/Controller/install/so3_quadrotor_simulator/include/ode/boost/numeric/odeint/algebra/detail/reduce.hpp
[14.551s] -- Up-to-date symlink: /home/zhr/YOPO-ROS2/Controller/install/so3_quadrotor_simulator/include/ode/boost/numeric/odeint/algebra/fusion_algebra.hpp
[14.551s] -- Up-to-date symlink: /home/zhr/YOPO-ROS2/Controller/install/so3_quadrotor_simulator/include/ode/boost/numeric/odeint/algebra/range_algebra.hpp
[14.551s] -- Up-to-date symlink: /home/zhr/YOPO-ROS2/Controller/install/so3_quadrotor_simulator/include/ode/boost/numeric/odeint/algebra/vector_space_algebra.hpp
[14.551s] -- Up-to-date symlink: /home/zhr/YOPO-ROS2/Controller/install/so3_quadrotor_simulator/include/ode/boost/numeric/odeint/config.hpp
[14.551s] -- Up-to-date symlink: /home/zhr/YOPO-ROS2/Controller/install/so3_quadrotor_simulator/include/ode/boost/numeric/odeint/external/gsl/gsl_wrapper.hpp
[14.551s] -- Up-to-date symlink: /home/zhr/YOPO-ROS2/Controller/install/so3_quadrotor_simulator/include/ode/boost/numeric/odeint/external/mkl/mkl_operations.hpp
[14.551s] -- Up-to-date symlink: /home/zhr/YOPO-ROS2/Controller/install/so3_quadrotor_simulator/include/ode/boost/numeric/odeint/external/mtl4/implicit_euler_mtl4.hpp
[14.551s] -- Up-to-date symlink: /home/zhr/YOPO-ROS2/Controller/install/so3_quadrotor_simulator/include/ode/boost/numeric/odeint/external/mtl4/mtl4_resize.hpp
[14.551s] -- Up-to-date symlink: /home/zhr/YOPO-ROS2/Controller/install/so3_quadrotor_simulator/include/ode/boost/numeric/odeint/external/thrust/thrust_algebra.hpp
[14.551s] -- Up-to-date symlink: /home/zhr/YOPO-ROS2/Controller/install/so3_quadrotor_simulator/include/ode/boost/numeric/odeint/external/thrust/thrust_operations.hpp
[14.551s] -- Up-to-date symlink: /home/zhr/YOPO-ROS2/Controller/install/so3_quadrotor_simulator/include/ode/boost/numeric/odeint/external/thrust/thrust_resize.hpp
[14.551s] -- Up-to-date symlink: /home/zhr/YOPO-ROS2/Controller/install/so3_quadrotor_simulator/include/ode/boost/numeric/odeint/external/vexcl/vexcl_resize.hpp
[14.551s] -- Up-to-date symlink: /home/zhr/YOPO-ROS2/Controller/install/so3_quadrotor_simulator/include/ode/boost/numeric/odeint/external/viennacl/viennacl_operations.hpp
[14.551s] -- Up-to-date symlink: /home/zhr/YOPO-ROS2/Controller/install/so3_quadrotor_simulator/include/ode/boost/numeric/odeint/external/viennacl/viennacl_resize.hpp
[14.551s] -- Up-to-date symlink: /home/zhr/YOPO-ROS2/Controller/install/so3_quadrotor_simulator/include/ode/boost/numeric/odeint/integrate/detail/integrate_adaptive.hpp
[14.551s] -- Up-to-date symlink: /home/zhr/YOPO-ROS2/Controller/install/so3_quadrotor_simulator/include/ode/boost/numeric/odeint/integrate/detail/integrate_const.hpp
[14.551s] -- Up-to-date symlink: /home/zhr/YOPO-ROS2/Controller/install/so3_quadrotor_simulator/include/ode/boost/numeric/odeint/integrate/detail/integrate_n_steps.hpp
[14.551s] -- Up-to-date symlink: /home/zhr/YOPO-ROS2/Controller/install/so3_quadrotor_simulator/include/ode/boost/numeric/odeint/integrate/detail/integrate_times.hpp
[14.551s] -- Up-to-date symlink: /home/zhr/YOPO-ROS2/Controller/install/so3_quadrotor_simulator/include/ode/boost/numeric/odeint/integrate/integrate.hpp
[14.551s] -- Up-to-date symlink: /home/zhr/YOPO-ROS2/Controller/install/so3_quadrotor_simulator/include/ode/boost/numeric/odeint/integrate/integrate_adaptive.hpp
[14.551s] -- Up-to-date symlink: /home/zhr/YOPO-ROS2/Controller/install/so3_quadrotor_simulator/include/ode/boost/numeric/odeint/integrate/integrate_const.hpp
[14.551s] -- Up-to-date symlink: /home/zhr/YOPO-ROS2/Controller/install/so3_quadrotor_simulator/include/ode/boost/numeric/odeint/integrate/integrate_n_steps.hpp
[14.551s] -- Up-to-date symlink: /home/zhr/YOPO-ROS2/Controller/install/so3_quadrotor_simulator/include/ode/boost/numeric/odeint/integrate/integrate_times.hpp
[14.551s] -- Up-to-date symlink: /home/zhr/YOPO-ROS2/Controller/install/so3_quadrotor_simulator/include/ode/boost/numeric/odeint/integrate/null_observer.hpp
[14.551s] -- Up-to-date symlink: /home/zhr/YOPO-ROS2/Controller/install/so3_quadrotor_simulator/include/ode/boost/numeric/odeint/integrate/observer_collection.hpp
[14.551s] -- Up-to-date symlink: /home/zhr/YOPO-ROS2/Controller/install/so3_quadrotor_simulator/include/ode/boost/numeric/odeint/stepper/adams_bashforth.hpp
[14.551s] -- Up-to-date symlink: /home/zhr/YOPO-ROS2/Controller/install/so3_quadrotor_simulator/include/ode/boost/numeric/odeint/stepper/adams_bashforth_moulton.hpp
[14.551s] -- Up-to-date symlink: /home/zhr/YOPO-ROS2/Controller/install/so3_quadrotor_simulator/include/ode/boost/numeric/odeint/stepper/adams_moulton.hpp
[14.552s] -- Up-to-date symlink: /home/zhr/YOPO-ROS2/Controller/install/so3_quadrotor_simulator/include/ode/boost/numeric/odeint/stepper/base/algebra_stepper_base.hpp
[14.552s] -- Up-to-date symlink: /home/zhr/YOPO-ROS2/Controller/install/so3_quadrotor_simulator/include/ode/boost/numeric/odeint/stepper/base/explicit_error_stepper_base.hpp
[14.552s] -- Up-to-date symlink: /home/zhr/YOPO-ROS2/Controller/install/so3_quadrotor_simulator/include/ode/boost/numeric/odeint/stepper/base/explicit_error_stepper_fsal_base.hpp
[14.552s] -- Up-to-date symlink: /home/zhr/YOPO-ROS2/Controller/install/so3_quadrotor_simulator/include/ode/boost/numeric/odeint/stepper/base/explicit_stepper_base.hpp
[14.552s] -- Up-to-date symlink: /home/zhr/YOPO-ROS2/Controller/install/so3_quadrotor_simulator/include/ode/boost/numeric/odeint/stepper/base/symplectic_rkn_stepper_base.hpp
[14.552s] -- Up-to-date symlink: /home/zhr/YOPO-ROS2/Controller/install/so3_quadrotor_simulator/include/ode/boost/numeric/odeint/stepper/bulirsch_stoer.hpp
[14.552s] -- Up-to-date symlink: /home/zhr/YOPO-ROS2/Controller/install/so3_quadrotor_simulator/include/ode/boost/numeric/odeint/stepper/bulirsch_stoer_dense_out.hpp
[14.552s] -- Up-to-date symlink: /home/zhr/YOPO-ROS2/Controller/install/so3_quadrotor_simulator/include/ode/boost/numeric/odeint/stepper/controlled_runge_kutta.hpp
[14.552s] -- Up-to-date symlink: /home/zhr/YOPO-ROS2/Controller/install/so3_quadrotor_simulator/include/ode/boost/numeric/odeint/stepper/controlled_step_result.hpp
[14.552s] -- Up-to-date symlink: /home/zhr/YOPO-ROS2/Controller/install/so3_quadrotor_simulator/include/ode/boost/numeric/odeint/stepper/dense_output_runge_kutta.hpp
[14.552s] -- Up-to-date symlink: /home/zhr/YOPO-ROS2/Controller/install/so3_quadrotor_simulator/include/ode/boost/numeric/odeint/stepper/detail/adams_bashforth_call_algebra.hpp
[14.552s] -- Up-to-date symlink: /home/zhr/YOPO-ROS2/Controller/install/so3_quadrotor_simulator/include/ode/boost/numeric/odeint/stepper/detail/adams_bashforth_coefficients.hpp
[14.552s] -- Up-to-date symlink: /home/zhr/YOPO-ROS2/Controller/install/so3_quadrotor_simulator/include/ode/boost/numeric/odeint/stepper/detail/adams_moulton_call_algebra.hpp
[14.552s] -- Up-to-date symlink: /home/zhr/YOPO-ROS2/Controller/install/so3_quadrotor_simulator/include/ode/boost/numeric/odeint/stepper/detail/adams_moulton_coefficients.hpp
[14.552s] -- Up-to-date symlink: /home/zhr/YOPO-ROS2/Controller/install/so3_quadrotor_simulator/include/ode/boost/numeric/odeint/stepper/detail/generic_rk_algorithm.hpp
[14.552s] -- Up-to-date symlink: /home/zhr/YOPO-ROS2/Controller/install/so3_quadrotor_simulator/include/ode/boost/numeric/odeint/stepper/detail/generic_rk_call_algebra.hpp
[14.552s] -- Up-to-date symlink: /home/zhr/YOPO-ROS2/Controller/install/so3_quadrotor_simulator/include/ode/boost/numeric/odeint/stepper/detail/generic_rk_operations.hpp
[14.552s] -- Up-to-date symlink: /home/zhr/YOPO-ROS2/Controller/install/so3_quadrotor_simulator/include/ode/boost/numeric/odeint/stepper/detail/rotating_buffer.hpp
[14.552s] -- Up-to-date symlink: /home/zhr/YOPO-ROS2/Controller/install/so3_quadrotor_simulator/include/ode/boost/numeric/odeint/stepper/euler.hpp
[14.552s] -- Up-to-date symlink: /home/zhr/YOPO-ROS2/Controller/install/so3_quadrotor_simulator/include/ode/boost/numeric/odeint/stepper/explicit_error_generic_rk.hpp
[14.552s] -- Up-to-date symlink: /home/zhr/YOPO-ROS2/Controller/install/so3_quadrotor_simulator/include/ode/boost/numeric/odeint/stepper/explicit_generic_rk.hpp
[14.552s] -- Up-to-date symlink: /home/zhr/YOPO-ROS2/Controller/install/so3_quadrotor_simulator/include/ode/boost/numeric/odeint/stepper/generation.hpp
[14.552s] -- Up-to-date symlink: /home/zhr/YOPO-ROS2/Controller/install/so3_quadrotor_simulator/include/ode/boost/numeric/odeint/stepper/generation/generation_controlled_runge_kutta.hpp
[14.552s] -- Up-to-date symlink: /home/zhr/YOPO-ROS2/Controller/install/so3_quadrotor_simulator/include/ode/boost/numeric/odeint/stepper/generation/generation_dense_output_runge_kutta.hpp
[14.552s] -- Up-to-date symlink: /home/zhr/YOPO-ROS2/Controller/install/so3_quadrotor_simulator/include/ode/boost/numeric/odeint/stepper/generation/generation_rosenbrock4.hpp
[14.552s] -- Up-to-date symlink: /home/zhr/YOPO-ROS2/Controller/install/so3_quadrotor_simulator/include/ode/boost/numeric/odeint/stepper/generation/generation_runge_kutta_cash_karp54.hpp
[14.553s] -- Up-to-date symlink: /home/zhr/YOPO-ROS2/Controller/install/so3_quadrotor_simulator/include/ode/boost/numeric/odeint/stepper/generation/generation_runge_kutta_cash_karp54_classic.hpp
[14.553s] -- Up-to-date symlink: /home/zhr/YOPO-ROS2/Controller/install/so3_quadrotor_simulator/include/ode/boost/numeric/odeint/stepper/generation/generation_runge_kutta_dopri5.hpp
[14.553s] -- Up-to-date symlink: /home/zhr/YOPO-ROS2/Controller/install/so3_quadrotor_simulator/include/ode/boost/numeric/odeint/stepper/generation/generation_runge_kutta_fehlberg78.hpp
[14.553s] -- Up-to-date symlink: /home/zhr/YOPO-ROS2/Controller/install/so3_quadrotor_simulator/include/ode/boost/numeric/odeint/stepper/generation/make_controlled.hpp
[14.553s] -- Up-to-date symlink: /home/zhr/YOPO-ROS2/Controller/install/so3_quadrotor_simulator/include/ode/boost/numeric/odeint/stepper/generation/make_dense_output.hpp
[14.553s] -- Up-to-date symlink: /home/zhr/YOPO-ROS2/Controller/install/so3_quadrotor_simulator/include/ode/boost/numeric/odeint/stepper/implicit_euler.hpp
[14.553s] -- Up-to-date symlink: /home/zhr/YOPO-ROS2/Controller/install/so3_quadrotor_simulator/include/ode/boost/numeric/odeint/stepper/modified_midpoint.hpp
[14.553s] -- Up-to-date symlink: /home/zhr/YOPO-ROS2/Controller/install/so3_quadrotor_simulator/include/ode/boost/numeric/odeint/stepper/rosenbrock4.hpp
[14.553s] -- Up-to-date symlink: /home/zhr/YOPO-ROS2/Controller/install/so3_quadrotor_simulator/include/ode/boost/numeric/odeint/stepper/rosenbrock4_controller.hpp
[14.553s] -- Up-to-date symlink: /home/zhr/YOPO-ROS2/Controller/install/so3_quadrotor_simulator/include/ode/boost/numeric/odeint/stepper/rosenbrock4_dense_output.hpp
[14.553s] -- Up-to-date symlink: /home/zhr/YOPO-ROS2/Controller/install/so3_quadrotor_simulator/include/ode/boost/numeric/odeint/stepper/runge_kutta4.hpp
[14.553s] -- Up-to-date symlink: /home/zhr/YOPO-ROS2/Controller/install/so3_quadrotor_simulator/include/ode/boost/numeric/odeint/stepper/runge_kutta4_classic.hpp
[14.553s] -- Up-to-date symlink: /home/zhr/YOPO-ROS2/Controller/install/so3_quadrotor_simulator/include/ode/boost/numeric/odeint/stepper/runge_kutta_cash_karp54.hpp
[14.553s] -- Up-to-date symlink: /home/zhr/YOPO-ROS2/Controller/install/so3_quadrotor_simulator/include/ode/boost/numeric/odeint/stepper/runge_kutta_cash_karp54_classic.hpp
[14.553s] -- Up-to-date symlink: /home/zhr/YOPO-ROS2/Controller/install/so3_quadrotor_simulator/include/ode/boost/numeric/odeint/stepper/runge_kutta_dopri5.hpp
[14.553s] -- Up-to-date symlink: /home/zhr/YOPO-ROS2/Controller/install/so3_quadrotor_simulator/include/ode/boost/numeric/odeint/stepper/runge_kutta_fehlberg78.hpp
[14.553s] -- Up-to-date symlink: /home/zhr/YOPO-ROS2/Controller/install/so3_quadrotor_simulator/include/ode/boost/numeric/odeint/stepper/stepper_categories.hpp
[14.553s] -- Up-to-date symlink: /home/zhr/YOPO-ROS2/Controller/install/so3_quadrotor_simulator/include/ode/boost/numeric/odeint/stepper/symplectic_euler.hpp
[14.553s] -- Up-to-date symlink: /home/zhr/YOPO-ROS2/Controller/install/so3_quadrotor_simulator/include/ode/boost/numeric/odeint/stepper/symplectic_rkn_sb3a_m4_mclachlan.hpp
[14.553s] -- Up-to-date symlink: /home/zhr/YOPO-ROS2/Controller/install/so3_quadrotor_simulator/include/ode/boost/numeric/odeint/stepper/symplectic_rkn_sb3a_mclachlan.hpp
[14.553s] -- Up-to-date symlink: /home/zhr/YOPO-ROS2/Controller/install/so3_quadrotor_simulator/include/ode/boost/numeric/odeint/util/bind.hpp
[14.553s] -- Up-to-date symlink: /home/zhr/YOPO-ROS2/Controller/install/so3_quadrotor_simulator/include/ode/boost/numeric/odeint/util/copy.hpp
[14.553s] -- Up-to-date symlink: /home/zhr/YOPO-ROS2/Controller/install/so3_quadrotor_simulator/include/ode/boost/numeric/odeint/util/detail/is_range.hpp
[14.553s] -- Up-to-date symlink: /home/zhr/YOPO-ROS2/Controller/install/so3_quadrotor_simulator/include/ode/boost/numeric/odeint/util/detail/less_with_sign.hpp
[14.553s] -- Up-to-date symlink: /home/zhr/YOPO-ROS2/Controller/install/so3_quadrotor_simulator/include/ode/boost/numeric/odeint/util/is_pair.hpp
[14.553s] -- Up-to-date symlink: /home/zhr/YOPO-ROS2/Controller/install/so3_quadrotor_simulator/include/ode/boost/numeric/odeint/util/is_resizeable.hpp
[14.553s] -- Up-to-date symlink: /home/zhr/YOPO-ROS2/Controller/install/so3_quadrotor_simulator/include/ode/boost/numeric/odeint/util/resize.hpp
[14.554s] -- Up-to-date symlink: /home/zhr/YOPO-ROS2/Controller/install/so3_quadrotor_simulator/include/ode/boost/numeric/odeint/util/resizer.hpp
[14.554s] -- Up-to-date symlink: /home/zhr/YOPO-ROS2/Controller/install/so3_quadrotor_simulator/include/ode/boost/numeric/odeint/util/same_instance.hpp
[14.554s] -- Up-to-date symlink: /home/zhr/YOPO-ROS2/Controller/install/so3_quadrotor_simulator/include/ode/boost/numeric/odeint/util/same_size.hpp
[14.554s] -- Up-to-date symlink: /home/zhr/YOPO-ROS2/Controller/install/so3_quadrotor_simulator/include/ode/boost/numeric/odeint/util/state_wrapper.hpp
[14.554s] -- Up-to-date symlink: /home/zhr/YOPO-ROS2/Controller/install/so3_quadrotor_simulator/include/ode/boost/numeric/odeint/util/ublas_wrapper.hpp
[14.554s] -- Up-to-date symlink: /home/zhr/YOPO-ROS2/Controller/install/so3_quadrotor_simulator/include/ode/boost/numeric/odeint/util/unit_helper.hpp
[14.554s] -- Up-to-date symlink: /home/zhr/YOPO-ROS2/Controller/install/so3_quadrotor_simulator/include/ode/boost/numeric/odeint/util/unwrap_reference.hpp
[14.554s] -- Up-to-date symlink: /home/zhr/YOPO-ROS2/Controller/install/so3_quadrotor_simulator/include/ode/boost/numeric/odeint/version.hpp
[14.554s] -- Up-to-date symlink: /home/zhr/YOPO-ROS2/Controller/install/so3_quadrotor_simulator/include/ode/libs/numeric/odeint/doc/Jamfile.v2
[14.554s] -- Up-to-date symlink: /home/zhr/YOPO-ROS2/Controller/install/so3_quadrotor_simulator/include/ode/libs/numeric/odeint/doc/acknowledgements.qbk
[14.554s] -- Up-to-date symlink: /home/zhr/YOPO-ROS2/Controller/install/so3_quadrotor_simulator/include/ode/libs/numeric/odeint/doc/concepts.qbk
[14.554s] -- Up-to-date symlink: /home/zhr/YOPO-ROS2/Controller/install/so3_quadrotor_simulator/include/ode/libs/numeric/odeint/doc/concepts/controlled_stepper.qbk
[14.554s] -- Up-to-date symlink: /home/zhr/YOPO-ROS2/Controller/install/so3_quadrotor_simulator/include/ode/libs/numeric/odeint/doc/concepts/dense_output_stepper.qbk
[14.554s] -- Up-to-date symlink: /home/zhr/YOPO-ROS2/Controller/install/so3_quadrotor_simulator/include/ode/libs/numeric/odeint/doc/concepts/error_stepper.qbk
[14.554s] -- Up-to-date symlink: /home/zhr/YOPO-ROS2/Controller/install/so3_quadrotor_simulator/include/ode/libs/numeric/odeint/doc/concepts/implicit_system.qbk
[14.554s] -- Up-to-date symlink: /home/zhr/YOPO-ROS2/Controller/install/so3_quadrotor_simulator/include/ode/libs/numeric/odeint/doc/concepts/state_algebra_operations.qbk
[14.554s] -- Up-to-date symlink: /home/zhr/YOPO-ROS2/Controller/install/so3_quadrotor_simulator/include/ode/libs/numeric/odeint/doc/concepts/state_wrapper.qbk
[14.554s] -- Up-to-date symlink: /home/zhr/YOPO-ROS2/Controller/install/so3_quadrotor_simulator/include/ode/libs/numeric/odeint/doc/concepts/stepper.qbk
[14.554s] -- Up-to-date symlink: /home/zhr/YOPO-ROS2/Controller/install/so3_quadrotor_simulator/include/ode/libs/numeric/odeint/doc/concepts/symplectic_system.qbk
[14.554s] -- Up-to-date symlink: /home/zhr/YOPO-ROS2/Controller/install/so3_quadrotor_simulator/include/ode/libs/numeric/odeint/doc/concepts/system.qbk
[14.554s] -- Up-to-date symlink: /home/zhr/YOPO-ROS2/Controller/install/so3_quadrotor_simulator/include/ode/libs/numeric/odeint/doc/controlled_stepper_table.qbk
[14.554s] -- Up-to-date symlink: /home/zhr/YOPO-ROS2/Controller/install/so3_quadrotor_simulator/include/ode/libs/numeric/odeint/doc/details.qbk
[14.554s] -- Up-to-date symlink: /home/zhr/YOPO-ROS2/Controller/install/so3_quadrotor_simulator/include/ode/libs/numeric/odeint/doc/details_bind_member_functions.qbk
[14.554s] -- Up-to-date symlink: /home/zhr/YOPO-ROS2/Controller/install/so3_quadrotor_simulator/include/ode/libs/numeric/odeint/doc/details_boost_range.qbk
[14.554s] -- Up-to-date symlink: /home/zhr/YOPO-ROS2/Controller/install/so3_quadrotor_simulator/include/ode/libs/numeric/odeint/doc/details_boost_ref.qbk
[14.554s] -- Up-to-date symlink: /home/zhr/YOPO-ROS2/Controller/install/so3_quadrotor_simulator/include/ode/libs/numeric/odeint/doc/details_generation_functions.qbk
[14.555s] -- Up-to-date symlink: /home/zhr/YOPO-ROS2/Controller/install/so3_quadrotor_simulator/include/ode/libs/numeric/odeint/doc/details_integrate_functions.qbk
[14.555s] -- Up-to-date symlink: /home/zhr/YOPO-ROS2/Controller/install/so3_quadrotor_simulator/include/ode/libs/numeric/odeint/doc/details_state_types_algebras_operations.qbk
[14.555s] -- Up-to-date symlink: /home/zhr/YOPO-ROS2/Controller/install/so3_quadrotor_simulator/include/ode/libs/numeric/odeint/doc/details_steppers.qbk
[14.555s] -- Up-to-date symlink: /home/zhr/YOPO-ROS2/Controller/install/so3_quadrotor_simulator/include/ode/libs/numeric/odeint/doc/examples_table.qbk
[14.555s] -- Up-to-date symlink: /home/zhr/YOPO-ROS2/Controller/install/so3_quadrotor_simulator/include/ode/libs/numeric/odeint/doc/getting_started.qbk
[14.555s] -- Up-to-date symlink: /home/zhr/YOPO-ROS2/Controller/install/so3_quadrotor_simulator/include/ode/libs/numeric/odeint/doc/html/boostbook.css
[14.555s] -- Up-to-date symlink: /home/zhr/YOPO-ROS2/Controller/install/so3_quadrotor_simulator/include/ode/libs/numeric/odeint/doc/html/images/alert.png
[14.555s] -- Up-to-date symlink: /home/zhr/YOPO-ROS2/Controller/install/so3_quadrotor_simulator/include/ode/libs/numeric/odeint/doc/html/images/blank.png
[14.555s] -- Up-to-date symlink: /home/zhr/YOPO-ROS2/Controller/install/so3_quadrotor_simulator/include/ode/libs/numeric/odeint/doc/html/images/callouts/1.png
[14.555s] -- Up-to-date symlink: /home/zhr/YOPO-ROS2/Controller/install/so3_quadrotor_simulator/include/ode/libs/numeric/odeint/doc/html/images/callouts/1.svg
[14.555s] -- Up-to-date symlink: /home/zhr/YOPO-ROS2/Controller/install/so3_quadrotor_simulator/include/ode/libs/numeric/odeint/doc/html/images/callouts/10.png
[14.555s] -- Up-to-date symlink: /home/zhr/YOPO-ROS2/Controller/install/so3_quadrotor_simulator/include/ode/libs/numeric/odeint/doc/html/images/callouts/10.svg
[14.555s] -- Up-to-date symlink: /home/zhr/YOPO-ROS2/Controller/install/so3_quadrotor_simulator/include/ode/libs/numeric/odeint/doc/html/images/callouts/11.png
[14.555s] -- Up-to-date symlink: /home/zhr/YOPO-ROS2/Controller/install/so3_quadrotor_simulator/include/ode/libs/numeric/odeint/doc/html/images/callouts/11.svg
[14.555s] -- Up-to-date symlink: /home/zhr/YOPO-ROS2/Controller/install/so3_quadrotor_simulator/include/ode/libs/numeric/odeint/doc/html/images/callouts/12.png
[14.555s] -- Up-to-date symlink: /home/zhr/YOPO-ROS2/Controller/install/so3_quadrotor_simulator/include/ode/libs/numeric/odeint/doc/html/images/callouts/12.svg
[14.555s] -- Up-to-date symlink: /home/zhr/YOPO-ROS2/Controller/install/so3_quadrotor_simulator/include/ode/libs/numeric/odeint/doc/html/images/callouts/13.png
[14.555s] -- Up-to-date symlink: /home/zhr/YOPO-ROS2/Controller/install/so3_quadrotor_simulator/include/ode/libs/numeric/odeint/doc/html/images/callouts/13.svg
[14.555s] -- Up-to-date symlink: /home/zhr/YOPO-ROS2/Controller/install/so3_quadrotor_simulator/include/ode/libs/numeric/odeint/doc/html/images/callouts/14.png
[14.555s] -- Up-to-date symlink: /home/zhr/YOPO-ROS2/Controller/install/so3_quadrotor_simulator/include/ode/libs/numeric/odeint/doc/html/images/callouts/14.svg
[14.555s] -- Up-to-date symlink: /home/zhr/YOPO-ROS2/Controller/install/so3_quadrotor_simulator/include/ode/libs/numeric/odeint/doc/html/images/callouts/15.png
[14.555s] -- Up-to-date symlink: /home/zhr/YOPO-ROS2/Controller/install/so3_quadrotor_simulator/include/ode/libs/numeric/odeint/doc/html/images/callouts/15.svg
[14.556s] -- Up-to-date symlink: /home/zhr/YOPO-ROS2/Controller/install/so3_quadrotor_simulator/include/ode/libs/numeric/odeint/doc/html/images/callouts/16.svg
[14.556s] -- Up-to-date symlink: /home/zhr/YOPO-ROS2/Controller/install/so3_quadrotor_simulator/include/ode/libs/numeric/odeint/doc/html/images/callouts/17.svg
[14.556s] -- Up-to-date symlink: /home/zhr/YOPO-ROS2/Controller/install/so3_quadrotor_simulator/include/ode/libs/numeric/odeint/doc/html/images/callouts/18.svg
[14.556s] -- Up-to-date symlink: /home/zhr/YOPO-ROS2/Controller/install/so3_quadrotor_simulator/include/ode/libs/numeric/odeint/doc/html/images/callouts/19.svg
[14.556s] -- Up-to-date symlink: /home/zhr/YOPO-ROS2/Controller/install/so3_quadrotor_simulator/include/ode/libs/numeric/odeint/doc/html/images/callouts/2.png
[14.556s] -- Up-to-date symlink: /home/zhr/YOPO-ROS2/Controller/install/so3_quadrotor_simulator/include/ode/libs/numeric/odeint/doc/html/images/callouts/2.svg
[14.556s] -- Up-to-date symlink: /home/zhr/YOPO-ROS2/Controller/install/so3_quadrotor_simulator/include/ode/libs/numeric/odeint/doc/html/images/callouts/20.svg
[14.556s] -- Up-to-date symlink: /home/zhr/YOPO-ROS2/Controller/install/so3_quadrotor_simulator/include/ode/libs/numeric/odeint/doc/html/images/callouts/21.svg
[14.556s] -- Up-to-date symlink: /home/zhr/YOPO-ROS2/Controller/install/so3_quadrotor_simulator/include/ode/libs/numeric/odeint/doc/html/images/callouts/22.svg
[14.556s] -- Up-to-date symlink: /home/zhr/YOPO-ROS2/Controller/install/so3_quadrotor_simulator/include/ode/libs/numeric/odeint/doc/html/images/callouts/23.svg
[14.556s] -- Up-to-date symlink: /home/zhr/YOPO-ROS2/Controller/install/so3_quadrotor_simulator/include/ode/libs/numeric/odeint/doc/html/images/callouts/24.svg
[14.556s] -- Up-to-date symlink: /home/zhr/YOPO-ROS2/Controller/install/so3_quadrotor_simulator/include/ode/libs/numeric/odeint/doc/html/images/callouts/25.svg
[14.556s] -- Up-to-date symlink: /home/zhr/YOPO-ROS2/Controller/install/so3_quadrotor_simulator/include/ode/libs/numeric/odeint/doc/html/images/callouts/26.svg
[14.556s] -- Up-to-date symlink: /home/zhr/YOPO-ROS2/Controller/install/so3_quadrotor_simulator/include/ode/libs/numeric/odeint/doc/html/images/callouts/27.svg
[14.556s] -- Up-to-date symlink: /home/zhr/YOPO-ROS2/Controller/install/so3_quadrotor_simulator/include/ode/libs/numeric/odeint/doc/html/images/callouts/28.svg
[14.556s] -- Up-to-date symlink: /home/zhr/YOPO-ROS2/Controller/install/so3_quadrotor_simulator/include/ode/libs/numeric/odeint/doc/html/images/callouts/29.svg
[14.556s] -- Up-to-date symlink: /home/zhr/YOPO-ROS2/Controller/install/so3_quadrotor_simulator/include/ode/libs/numeric/odeint/doc/html/images/callouts/3.png
[14.556s] -- Up-to-date symlink: /home/zhr/YOPO-ROS2/Controller/install/so3_quadrotor_simulator/include/ode/libs/numeric/odeint/doc/html/images/callouts/3.svg
[14.556s] -- Up-to-date symlink: /home/zhr/YOPO-ROS2/Controller/install/so3_quadrotor_simulator/include/ode/libs/numeric/odeint/doc/html/images/callouts/30.svg
[14.556s] -- Up-to-date symlink: /home/zhr/YOPO-ROS2/Controller/install/so3_quadrotor_simulator/include/ode/libs/numeric/odeint/doc/html/images/callouts/4.png
[14.556s] -- Up-to-date symlink: /home/zhr/YOPO-ROS2/Controller/install/so3_quadrotor_simulator/include/ode/libs/numeric/odeint/doc/html/images/callouts/4.svg
[14.557s] -- Up-to-date symlink: /home/zhr/YOPO-ROS2/Controller/install/so3_quadrotor_simulator/include/ode/libs/numeric/odeint/doc/html/images/callouts/5.png
[14.557s] -- Up-to-date symlink: /home/zhr/YOPO-ROS2/Controller/install/so3_quadrotor_simulator/include/ode/libs/numeric/odeint/doc/html/images/callouts/5.svg
[14.557s] -- Up-to-date symlink: /home/zhr/YOPO-ROS2/Controller/install/so3_quadrotor_simulator/include/ode/libs/numeric/odeint/doc/html/images/callouts/6.png
[14.557s] -- Up-to-date symlink: /home/zhr/YOPO-ROS2/Controller/install/so3_quadrotor_simulator/include/ode/libs/numeric/odeint/doc/html/images/callouts/6.svg
[14.557s] -- Up-to-date symlink: /home/zhr/YOPO-ROS2/Controller/install/so3_quadrotor_simulator/include/ode/libs/numeric/odeint/doc/html/images/callouts/7.png
[14.557s] -- Up-to-date symlink: /home/zhr/YOPO-ROS2/Controller/install/so3_quadrotor_simulator/include/ode/libs/numeric/odeint/doc/html/images/callouts/7.svg
[14.557s] -- Up-to-date symlink: /home/zhr/YOPO-ROS2/Controller/install/so3_quadrotor_simulator/include/ode/libs/numeric/odeint/doc/html/images/callouts/8.png
[14.557s] -- Up-to-date symlink: /home/zhr/YOPO-ROS2/Controller/install/so3_quadrotor_simulator/include/ode/libs/numeric/odeint/doc/html/images/callouts/8.svg
[14.557s] -- Up-to-date symlink: /home/zhr/YOPO-ROS2/Controller/install/so3_quadrotor_simulator/include/ode/libs/numeric/odeint/doc/html/images/callouts/9.png
[14.557s] -- Up-to-date symlink: /home/zhr/YOPO-ROS2/Controller/install/so3_quadrotor_simulator/include/ode/libs/numeric/odeint/doc/html/images/callouts/9.svg
[14.557s] -- Up-to-date symlink: /home/zhr/YOPO-ROS2/Controller/install/so3_quadrotor_simulator/include/ode/libs/numeric/odeint/doc/html/images/caution.png
[14.557s] -- Up-to-date symlink: /home/zhr/YOPO-ROS2/Controller/install/so3_quadrotor_simulator/include/ode/libs/numeric/odeint/doc/html/images/caution.svg
[14.557s] -- Up-to-date symlink: /home/zhr/YOPO-ROS2/Controller/install/so3_quadrotor_simulator/include/ode/libs/numeric/odeint/doc/html/images/draft.png
[14.557s] -- Up-to-date symlink: /home/zhr/YOPO-ROS2/Controller/install/so3_quadrotor_simulator/include/ode/libs/numeric/odeint/doc/html/images/home.png
[14.557s] -- Up-to-date symlink: /home/zhr/YOPO-ROS2/Controller/install/so3_quadrotor_simulator/include/ode/libs/numeric/odeint/doc/html/images/home.svg
[14.557s] -- Up-to-date symlink: /home/zhr/YOPO-ROS2/Controller/install/so3_quadrotor_simulator/include/ode/libs/numeric/odeint/doc/html/images/important.png
[14.557s] -- Up-to-date symlink: /home/zhr/YOPO-ROS2/Controller/install/so3_quadrotor_simulator/include/ode/libs/numeric/odeint/doc/html/images/important.svg
[14.557s] -- Up-to-date symlink: /home/zhr/YOPO-ROS2/Controller/install/so3_quadrotor_simulator/include/ode/libs/numeric/odeint/doc/html/images/next.png
[14.557s] -- Up-to-date symlink: /home/zhr/YOPO-ROS2/Controller/install/so3_quadrotor_simulator/include/ode/libs/numeric/odeint/doc/html/images/next.svg
[14.557s] -- Up-to-date symlink: /home/zhr/YOPO-ROS2/Controller/install/so3_quadrotor_simulator/include/ode/libs/numeric/odeint/doc/html/images/next_disabled.png
[14.557s] -- Up-to-date symlink: /home/zhr/YOPO-ROS2/Controller/install/so3_quadrotor_simulator/include/ode/libs/numeric/odeint/doc/html/images/note.png
[14.557s] -- Up-to-date symlink: /home/zhr/YOPO-ROS2/Controller/install/so3_quadrotor_simulator/include/ode/libs/numeric/odeint/doc/html/images/note.svg
[14.557s] -- Up-to-date symlink: /home/zhr/YOPO-ROS2/Controller/install/so3_quadrotor_simulator/include/ode/libs/numeric/odeint/doc/html/images/prev.png
[14.557s] -- Up-to-date symlink: /home/zhr/YOPO-ROS2/Controller/install/so3_quadrotor_simulator/include/ode/libs/numeric/odeint/doc/html/images/prev.svg
[14.557s] -- Up-to-date symlink: /home/zhr/YOPO-ROS2/Controller/install/so3_quadrotor_simulator/include/ode/libs/numeric/odeint/doc/html/images/prev_disabled.png
[14.558s] -- Up-to-date symlink: /home/zhr/YOPO-ROS2/Controller/install/so3_quadrotor_simulator/include/ode/libs/numeric/odeint/doc/html/images/smiley.png
[14.558s] -- Up-to-date symlink: /home/zhr/YOPO-ROS2/Controller/install/so3_quadrotor_simulator/include/ode/libs/numeric/odeint/doc/html/images/tip.png
[14.558s] -- Up-to-date symlink: /home/zhr/YOPO-ROS2/Controller/install/so3_quadrotor_simulator/include/ode/libs/numeric/odeint/doc/html/images/tip.svg
[14.558s] -- Up-to-date symlink: /home/zhr/YOPO-ROS2/Controller/install/so3_quadrotor_simulator/include/ode/libs/numeric/odeint/doc/html/images/toc-blank.png
[14.558s] -- Up-to-date symlink: /home/zhr/YOPO-ROS2/Controller/install/so3_quadrotor_simulator/include/ode/libs/numeric/odeint/doc/html/images/toc-minus.png
[14.558s] -- Up-to-date symlink: /home/zhr/YOPO-ROS2/Controller/install/so3_quadrotor_simulator/include/ode/libs/numeric/odeint/doc/html/images/toc-plus.png
[14.558s] -- Up-to-date symlink: /home/zhr/YOPO-ROS2/Controller/install/so3_quadrotor_simulator/include/ode/libs/numeric/odeint/doc/html/images/up.png
[14.558s] -- Up-to-date symlink: /home/zhr/YOPO-ROS2/Controller/install/so3_quadrotor_simulator/include/ode/libs/numeric/odeint/doc/html/images/up.svg
[14.558s] -- Up-to-date symlink: /home/zhr/YOPO-ROS2/Controller/install/so3_quadrotor_simulator/include/ode/libs/numeric/odeint/doc/html/images/up_disabled.png
[14.558s] -- Up-to-date symlink: /home/zhr/YOPO-ROS2/Controller/install/so3_quadrotor_simulator/include/ode/libs/numeric/odeint/doc/html/images/warning.png
[14.558s] -- Up-to-date symlink: /home/zhr/YOPO-ROS2/Controller/install/so3_quadrotor_simulator/include/ode/libs/numeric/odeint/doc/html/images/warning.svg
[14.558s] -- Up-to-date symlink: /home/zhr/YOPO-ROS2/Controller/install/so3_quadrotor_simulator/include/ode/libs/numeric/odeint/doc/html/logo.jpg
[14.558s] -- Up-to-date symlink: /home/zhr/YOPO-ROS2/Controller/install/so3_quadrotor_simulator/include/ode/libs/numeric/odeint/doc/html/phase_lattice_2d_0000.jpg
[14.558s] -- Up-to-date symlink: /home/zhr/YOPO-ROS2/Controller/install/so3_quadrotor_simulator/include/ode/libs/numeric/odeint/doc/html/phase_lattice_2d_0100.jpg
[14.558s] -- Up-to-date symlink: /home/zhr/YOPO-ROS2/Controller/install/so3_quadrotor_simulator/include/ode/libs/numeric/odeint/doc/html/phase_lattice_2d_1000.jpg
[14.558s] -- Up-to-date symlink: /home/zhr/YOPO-ROS2/Controller/install/so3_quadrotor_simulator/include/ode/libs/numeric/odeint/doc/html/solar_system.jpg
[14.558s] -- Up-to-date symlink: /home/zhr/YOPO-ROS2/Controller/install/so3_quadrotor_simulator/include/ode/libs/numeric/odeint/doc/literature.qbk
[14.558s] -- Up-to-date symlink: /home/zhr/YOPO-ROS2/Controller/install/so3_quadrotor_simulator/include/ode/libs/numeric/odeint/doc/make_controlled_table.qbk
[14.558s] -- Up-to-date symlink: /home/zhr/YOPO-ROS2/Controller/install/so3_quadrotor_simulator/include/ode/libs/numeric/odeint/doc/make_dense_output_table.qbk
[14.558s] -- Up-to-date symlink: /home/zhr/YOPO-ROS2/Controller/install/so3_quadrotor_simulator/include/ode/libs/numeric/odeint/doc/odeint.idx
[14.558s] -- Up-to-date symlink: /home/zhr/YOPO-ROS2/Controller/install/so3_quadrotor_simulator/include/ode/libs/numeric/odeint/doc/odeint.qbk
[14.558s] -- Up-to-date symlink: /home/zhr/YOPO-ROS2/Controller/install/so3_quadrotor_simulator/include/ode/libs/numeric/odeint/doc/range_table.qbk
[14.558s] -- Up-to-date symlink: /home/zhr/YOPO-ROS2/Controller/install/so3_quadrotor_simulator/include/ode/libs/numeric/odeint/doc/stepper_table.qbk
[14.558s] -- Up-to-date symlink: /home/zhr/YOPO-ROS2/Controller/install/so3_quadrotor_simulator/include/ode/libs/numeric/odeint/doc/tutorial.qbk
[14.558s] -- Up-to-date symlink: /home/zhr/YOPO-ROS2/Controller/install/so3_quadrotor_simulator/include/ode/libs/numeric/odeint/doc/tutorial_chaotic_system.qbk
[14.559s] -- Up-to-date symlink: /home/zhr/YOPO-ROS2/Controller/install/so3_quadrotor_simulator/include/ode/libs/numeric/odeint/doc/tutorial_harmonic_oscillator.qbk
[14.559s] -- Up-to-date symlink: /home/zhr/YOPO-ROS2/Controller/install/so3_quadrotor_simulator/include/ode/libs/numeric/odeint/doc/tutorial_solar_system.qbk
[14.559s] -- Up-to-date symlink: /home/zhr/YOPO-ROS2/Controller/install/so3_quadrotor_simulator/include/ode/libs/numeric/odeint/doc/tutorial_special_topics.qbk
[14.559s] -- Up-to-date symlink: /home/zhr/YOPO-ROS2/Controller/install/so3_quadrotor_simulator/include/ode/libs/numeric/odeint/doc/tutorial_stiff_systems.qbk
[14.559s] -- Up-to-date symlink: /home/zhr/YOPO-ROS2/Controller/install/so3_quadrotor_simulator/include/ode/libs/numeric/odeint/doc/tutorial_thrust_cuda.qbk
[14.559s] -- Up-to-date symlink: /home/zhr/YOPO-ROS2/Controller/install/so3_quadrotor_simulator/include/ode/libs/numeric/odeint/doc/tutorial_vexcl_opencl.qbk
[14.559s] -- Up-to-date symlink: /home/zhr/YOPO-ROS2/Controller/install/so3_quadrotor_simulator/include/ode/libs/numeric/odeint/examples/2d_lattice/Jamfile.v2
[14.559s] -- Up-to-date symlink: /home/zhr/YOPO-ROS2/Controller/install/so3_quadrotor_simulator/include/ode/libs/numeric/odeint/examples/2d_lattice/lattice2d.hpp
[14.559s] -- Up-to-date symlink: /home/zhr/YOPO-ROS2/Controller/install/so3_quadrotor_simulator/include/ode/libs/numeric/odeint/examples/2d_lattice/nested_range_algebra.hpp
[14.559s] -- Up-to-date symlink: /home/zhr/YOPO-ROS2/Controller/install/so3_quadrotor_simulator/include/ode/libs/numeric/odeint/examples/2d_lattice/spreading.cpp
[14.559s] -- Up-to-date symlink: /home/zhr/YOPO-ROS2/Controller/install/so3_quadrotor_simulator/include/ode/libs/numeric/odeint/examples/2d_lattice/vector_vector_resize.hpp
[14.559s] -- Up-to-date symlink: /home/zhr/YOPO-ROS2/Controller/install/so3_quadrotor_simulator/include/ode/libs/numeric/odeint/examples/Jamfile.v2
[14.559s] -- Up-to-date symlink: /home/zhr/YOPO-ROS2/Controller/install/so3_quadrotor_simulator/include/ode/libs/numeric/odeint/examples/bind_member_functions.cpp
[14.559s] -- Up-to-date symlink: /home/zhr/YOPO-ROS2/Controller/install/so3_quadrotor_simulator/include/ode/libs/numeric/odeint/examples/bind_member_functions_cpp11.cpp
[14.559s] -- Up-to-date symlink: /home/zhr/YOPO-ROS2/Controller/install/so3_quadrotor_simulator/include/ode/libs/numeric/odeint/examples/bulirsch_stoer.cpp
[14.559s] -- Up-to-date symlink: /home/zhr/YOPO-ROS2/Controller/install/so3_quadrotor_simulator/include/ode/libs/numeric/odeint/examples/chaotic_system.cpp
[14.559s] -- Up-to-date symlink: /home/zhr/YOPO-ROS2/Controller/install/so3_quadrotor_simulator/include/ode/libs/numeric/odeint/examples/elliptic.py
[14.559s] -- Up-to-date symlink: /home/zhr/YOPO-ROS2/Controller/install/so3_quadrotor_simulator/include/ode/libs/numeric/odeint/examples/elliptic_functions.cpp
[14.559s] -- Up-to-date symlink: /home/zhr/YOPO-ROS2/Controller/install/so3_quadrotor_simulator/include/ode/libs/numeric/odeint/examples/fpu.cpp
[14.559s] -- Up-to-date symlink: /home/zhr/YOPO-ROS2/Controller/install/so3_quadrotor_simulator/include/ode/libs/numeric/odeint/examples/generation_functions.cpp
[14.559s] -- Up-to-date symlink: /home/zhr/YOPO-ROS2/Controller/install/so3_quadrotor_simulator/include/ode/libs/numeric/odeint/examples/gmpxx/lorenz_gmpxx.cpp
[14.559s] -- Up-to-date symlink: /home/zhr/YOPO-ROS2/Controller/install/so3_quadrotor_simulator/include/ode/libs/numeric/odeint/examples/gram_schmidt.hpp
[14.559s] -- Up-to-date symlink: /home/zhr/YOPO-ROS2/Controller/install/so3_quadrotor_simulator/include/ode/libs/numeric/odeint/examples/harmonic_oscillator.cpp
[14.559s] -- Up-to-date symlink: /home/zhr/YOPO-ROS2/Controller/install/so3_quadrotor_simulator/include/ode/libs/numeric/odeint/examples/harmonic_oscillator_units.cpp
[14.559s] -- Up-to-date symlink: /home/zhr/YOPO-ROS2/Controller/install/so3_quadrotor_simulator/include/ode/libs/numeric/odeint/examples/heun.cpp
[14.559s] -- Up-to-date symlink: /home/zhr/YOPO-ROS2/Controller/install/so3_quadrotor_simulator/include/ode/libs/numeric/odeint/examples/list_lattice.cpp
[14.559s] -- Up-to-date symlink: /home/zhr/YOPO-ROS2/Controller/install/so3_quadrotor_simulator/include/ode/libs/numeric/odeint/examples/lorenz_point.cpp
[14.560s] -- Up-to-date symlink: /home/zhr/YOPO-ROS2/Controller/install/so3_quadrotor_simulator/include/ode/libs/numeric/odeint/examples/mtl/Jamfile.v2
[14.560s] -- Up-to-date symlink: /home/zhr/YOPO-ROS2/Controller/install/so3_quadrotor_simulator/include/ode/libs/numeric/odeint/examples/mtl/gauss_packet.cpp
[14.560s] -- Up-to-date symlink: /home/zhr/YOPO-ROS2/Controller/install/so3_quadrotor_simulator/include/ode/libs/numeric/odeint/examples/mtl/implicit_euler_mtl.cpp
[14.560s] -- Up-to-date symlink: /home/zhr/YOPO-ROS2/Controller/install/so3_quadrotor_simulator/include/ode/libs/numeric/odeint/examples/my_vector.cpp
[14.560s] -- Up-to-date symlink: /home/zhr/YOPO-ROS2/Controller/install/so3_quadrotor_simulator/include/ode/libs/numeric/odeint/examples/phase_oscillator_ensemble.cpp
[14.560s] -- Up-to-date symlink: /home/zhr/YOPO-ROS2/Controller/install/so3_quadrotor_simulator/include/ode/libs/numeric/odeint/examples/point_type.hpp
[14.560s] -- Up-to-date symlink: /home/zhr/YOPO-ROS2/Controller/install/so3_quadrotor_simulator/include/ode/libs/numeric/odeint/examples/quadmath/Jamfile.v2
[14.560s] -- Up-to-date symlink: /home/zhr/YOPO-ROS2/Controller/install/so3_quadrotor_simulator/include/ode/libs/numeric/odeint/examples/quadmath/black_hole.cpp
[14.560s] -- Up-to-date symlink: /home/zhr/YOPO-ROS2/Controller/install/so3_quadrotor_simulator/include/ode/libs/numeric/odeint/examples/resizing_lattice.cpp
[14.560s] -- Up-to-date symlink: /home/zhr/YOPO-ROS2/Controller/install/so3_quadrotor_simulator/include/ode/libs/numeric/odeint/examples/simple1d.cpp
[14.560s] -- Up-to-date symlink: /home/zhr/YOPO-ROS2/Controller/install/so3_quadrotor_simulator/include/ode/libs/numeric/odeint/examples/solar_system.agr
[14.560s] -- Up-to-date symlink: /home/zhr/YOPO-ROS2/Controller/install/so3_quadrotor_simulator/include/ode/libs/numeric/odeint/examples/solar_system.cpp
[14.560s] -- Up-to-date symlink: /home/zhr/YOPO-ROS2/Controller/install/so3_quadrotor_simulator/include/ode/libs/numeric/odeint/examples/stepper_details.cpp
[14.560s] -- Up-to-date symlink: /home/zhr/YOPO-ROS2/Controller/install/so3_quadrotor_simulator/include/ode/libs/numeric/odeint/examples/stiff_system.cpp
[14.560s] -- Up-to-date symlink: /home/zhr/YOPO-ROS2/Controller/install/so3_quadrotor_simulator/include/ode/libs/numeric/odeint/examples/stochastic_euler.cpp
[14.560s] -- Up-to-date symlink: /home/zhr/YOPO-ROS2/Controller/install/so3_quadrotor_simulator/include/ode/libs/numeric/odeint/examples/stuart_landau.cpp
[14.560s] -- Up-to-date symlink: /home/zhr/YOPO-ROS2/Controller/install/so3_quadrotor_simulator/include/ode/libs/numeric/odeint/examples/thrust/Makefile
[14.560s] -- Up-to-date symlink: /home/zhr/YOPO-ROS2/Controller/install/so3_quadrotor_simulator/include/ode/libs/numeric/odeint/examples/thrust/lorenz_parameters.cu
[14.560s] -- Up-to-date symlink: /home/zhr/YOPO-ROS2/Controller/install/so3_quadrotor_simulator/include/ode/libs/numeric/odeint/examples/thrust/phase_oscillator_chain.cu
[14.560s] -- Up-to-date symlink: /home/zhr/YOPO-ROS2/Controller/install/so3_quadrotor_simulator/include/ode/libs/numeric/odeint/examples/thrust/phase_oscillator_ensemble.cu
[14.560s] -- Up-to-date symlink: /home/zhr/YOPO-ROS2/Controller/install/so3_quadrotor_simulator/include/ode/libs/numeric/odeint/examples/thrust/relaxation.cu
[14.561s] -- Up-to-date symlink: /home/zhr/YOPO-ROS2/Controller/install/so3_quadrotor_simulator/include/ode/libs/numeric/odeint/examples/two_dimensional_phase_lattice.cpp
[14.561s] -- Up-to-date symlink: /home/zhr/YOPO-ROS2/Controller/install/so3_quadrotor_simulator/include/ode/libs/numeric/odeint/examples/ublas/Jamfile.v2
[14.561s] -- Up-to-date symlink: /home/zhr/YOPO-ROS2/Controller/install/so3_quadrotor_simulator/include/ode/libs/numeric/odeint/examples/ublas/lorenz_ublas.cpp
[14.561s] -- Up-to-date symlink: /home/zhr/YOPO-ROS2/Controller/install/so3_quadrotor_simulator/include/ode/libs/numeric/odeint/examples/van_der_pol_stiff.cpp
[14.561s] -- Up-to-date symlink: /home/zhr/YOPO-ROS2/Controller/install/so3_quadrotor_simulator/include/ode/libs/numeric/odeint/examples/vexcl/Jamfile.v2
[14.561s] -- Up-to-date symlink: /home/zhr/YOPO-ROS2/Controller/install/so3_quadrotor_simulator/include/ode/libs/numeric/odeint/examples/vexcl/lorenz_ensemble.cpp
[14.561s] -- Up-to-date symlink: /home/zhr/YOPO-ROS2/Controller/install/so3_quadrotor_simulator/include/ode/libs/numeric/odeint/index.html
[14.561s] -- Up-to-date symlink: /home/zhr/YOPO-ROS2/Controller/install/so3_quadrotor_simulator/include/ode/libs/numeric/odeint/performance/Jamfile.v2
[14.561s] -- Up-to-date symlink: /home/zhr/YOPO-ROS2/Controller/install/so3_quadrotor_simulator/include/ode/libs/numeric/odeint/performance/fusion_algebra.hpp
[14.561s] -- Up-to-date symlink: /home/zhr/YOPO-ROS2/Controller/install/so3_quadrotor_simulator/include/ode/libs/numeric/odeint/performance/fusion_explicit_error_rk.hpp
[14.561s] -- Up-to-date symlink: /home/zhr/YOPO-ROS2/Controller/install/so3_quadrotor_simulator/include/ode/libs/numeric/odeint/performance/fusion_explicit_rk_new.hpp
[14.561s] -- Up-to-date symlink: /home/zhr/YOPO-ROS2/Controller/install/so3_quadrotor_simulator/include/ode/libs/numeric/odeint/performance/generic_odeint_rk4_lorenz.cpp
[14.561s] -- Up-to-date symlink: /home/zhr/YOPO-ROS2/Controller/install/so3_quadrotor_simulator/include/ode/libs/numeric/odeint/performance/gsl_rk4_lorenz.cpp
[14.561s] -- Up-to-date symlink: /home/zhr/YOPO-ROS2/Controller/install/so3_quadrotor_simulator/include/ode/libs/numeric/odeint/performance/lorenz.hpp
[14.561s] -- Up-to-date symlink: /home/zhr/YOPO-ROS2/Controller/install/so3_quadrotor_simulator/include/ode/libs/numeric/odeint/performance/lorenz_gsl.hpp
[14.561s] -- Up-to-date symlink: /home/zhr/YOPO-ROS2/Controller/install/so3_quadrotor_simulator/include/ode/libs/numeric/odeint/performance/nr_rk4_lorenz.cpp
[14.561s] -- Up-to-date symlink: /home/zhr/YOPO-ROS2/Controller/install/so3_quadrotor_simulator/include/ode/libs/numeric/odeint/performance/nr_rk4_phase_lattice.cpp
[14.561s] -- Up-to-date symlink: /home/zhr/YOPO-ROS2/Controller/install/so3_quadrotor_simulator/include/ode/libs/numeric/odeint/performance/odeint_rk4_lorenz_array.cpp
[14.561s] -- Up-to-date symlink: /home/zhr/YOPO-ROS2/Controller/install/so3_quadrotor_simulator/include/ode/libs/numeric/odeint/performance/odeint_rk4_lorenz_range.cpp
[14.561s] -- Up-to-date symlink: /home/zhr/YOPO-ROS2/Controller/install/so3_quadrotor_simulator/include/ode/libs/numeric/odeint/performance/odeint_rk4_phase_lattice.cpp
[14.561s] -- Up-to-date symlink: /home/zhr/YOPO-ROS2/Controller/install/so3_quadrotor_simulator/include/ode/libs/numeric/odeint/performance/odeint_rk4_phase_lattice_mkl.cpp
[14.561s] -- Up-to-date symlink: /home/zhr/YOPO-ROS2/Controller/install/so3_quadrotor_simulator/include/ode/libs/numeric/odeint/performance/performance.py
[14.562s] -- Up-to-date symlink: /home/zhr/YOPO-ROS2/Controller/install/so3_quadrotor_simulator/include/ode/libs/numeric/odeint/performance/phase_lattice.hpp
[14.562s] -- Up-to-date symlink: /home/zhr/YOPO-ROS2/Controller/install/so3_quadrotor_simulator/include/ode/libs/numeric/odeint/performance/phase_lattice_mkl.hpp
[14.562s] -- Up-to-date symlink: /home/zhr/YOPO-ROS2/Controller/install/so3_quadrotor_simulator/include/ode/libs/numeric/odeint/performance/plot_result.py
[14.562s] -- Up-to-date symlink: /home/zhr/YOPO-ROS2/Controller/install/so3_quadrotor_simulator/include/ode/libs/numeric/odeint/performance/rk4_lorenz.f
[14.562s] -- Up-to-date symlink: /home/zhr/YOPO-ROS2/Controller/install/so3_quadrotor_simulator/include/ode/libs/numeric/odeint/performance/rk_performance_test_case.hpp
[14.562s] -- Up-to-date symlink: /home/zhr/YOPO-ROS2/Controller/install/so3_quadrotor_simulator/include/ode/libs/numeric/odeint/performance/rt_algebra.hpp
[14.562s] -- Up-to-date symlink: /home/zhr/YOPO-ROS2/Controller/install/so3_quadrotor_simulator/include/ode/libs/numeric/odeint/performance/rt_explicit_rk.hpp
[14.562s] -- Up-to-date symlink: /home/zhr/YOPO-ROS2/Controller/install/so3_quadrotor_simulator/include/ode/libs/numeric/odeint/performance/rt_generic_rk4_lorenz.cpp
[14.562s] -- Up-to-date symlink: /home/zhr/YOPO-ROS2/Controller/install/so3_quadrotor_simulator/include/ode/libs/numeric/odeint/performance/rt_generic_rk4_phase_lattice.cpp
[14.562s] -- Up-to-date symlink: /home/zhr/YOPO-ROS2/Controller/install/so3_quadrotor_simulator/include/ode/libs/numeric/odeint/test/Jamfile.v2
[14.562s] -- Up-to-date symlink: /home/zhr/YOPO-ROS2/Controller/install/so3_quadrotor_simulator/include/ode/libs/numeric/odeint/test/adams_bashforth.cpp
[14.562s] -- Up-to-date symlink: /home/zhr/YOPO-ROS2/Controller/install/so3_quadrotor_simulator/include/ode/libs/numeric/odeint/test/adams_bashforth_moulton.cpp
[14.562s] -- Up-to-date symlink: /home/zhr/YOPO-ROS2/Controller/install/so3_quadrotor_simulator/include/ode/libs/numeric/odeint/test/adams_moulton.cpp
[14.562s] -- Up-to-date symlink: /home/zhr/YOPO-ROS2/Controller/install/so3_quadrotor_simulator/include/ode/libs/numeric/odeint/test/boost_units_helpers.hpp
[14.562s] -- Up-to-date symlink: /home/zhr/YOPO-ROS2/Controller/install/so3_quadrotor_simulator/include/ode/libs/numeric/odeint/test/bulirsch_stoer.cpp
[14.562s] -- Up-to-date symlink: /home/zhr/YOPO-ROS2/Controller/install/so3_quadrotor_simulator/include/ode/libs/numeric/odeint/test/const_range.hpp
[14.562s] -- Up-to-date symlink: /home/zhr/YOPO-ROS2/Controller/install/so3_quadrotor_simulator/include/ode/libs/numeric/odeint/test/default_operations.cpp
[14.562s] -- Up-to-date symlink: /home/zhr/YOPO-ROS2/Controller/install/so3_quadrotor_simulator/include/ode/libs/numeric/odeint/test/diagnostic_state_type.hpp
[14.562s] -- Up-to-date symlink: /home/zhr/YOPO-ROS2/Controller/install/so3_quadrotor_simulator/include/ode/libs/numeric/odeint/test/dummy_odes.hpp
[14.562s] -- Up-to-date symlink: /home/zhr/YOPO-ROS2/Controller/install/so3_quadrotor_simulator/include/ode/libs/numeric/odeint/test/dummy_steppers.hpp
[14.563s] -- Up-to-date symlink: /home/zhr/YOPO-ROS2/Controller/install/so3_quadrotor_simulator/include/ode/libs/numeric/odeint/test/euler_stepper.cpp
[14.563s] -- Up-to-date symlink: /home/zhr/YOPO-ROS2/Controller/install/so3_quadrotor_simulator/include/ode/libs/numeric/odeint/test/fusion_algebra.cpp
[14.563s] -- Up-to-date symlink: /home/zhr/YOPO-ROS2/Controller/install/so3_quadrotor_simulator/include/ode/libs/numeric/odeint/test/generation.cpp
[14.563s] -- Up-to-date symlink: /home/zhr/YOPO-ROS2/Controller/install/so3_quadrotor_simulator/include/ode/libs/numeric/odeint/test/generic_error_stepper.cpp
[14.563s] -- Up-to-date symlink: /home/zhr/YOPO-ROS2/Controller/install/so3_quadrotor_simulator/include/ode/libs/numeric/odeint/test/generic_stepper.cpp
[14.563s] -- Up-to-date symlink: /home/zhr/YOPO-ROS2/Controller/install/so3_quadrotor_simulator/include/ode/libs/numeric/odeint/test/implicit_euler.cpp
[14.563s] -- Up-to-date symlink: /home/zhr/YOPO-ROS2/Controller/install/so3_quadrotor_simulator/include/ode/libs/numeric/odeint/test/integrate.cpp
[14.563s] -- Up-to-date symlink: /home/zhr/YOPO-ROS2/Controller/install/so3_quadrotor_simulator/include/ode/libs/numeric/odeint/test/integrate_implicit.cpp
[14.563s] -- Up-to-date symlink: /home/zhr/YOPO-ROS2/Controller/install/so3_quadrotor_simulator/include/ode/libs/numeric/odeint/test/integrate_times.cpp
[14.563s] -- Up-to-date symlink: /home/zhr/YOPO-ROS2/Controller/install/so3_quadrotor_simulator/include/ode/libs/numeric/odeint/test/is_pair.cpp
[14.563s] -- Up-to-date symlink: /home/zhr/YOPO-ROS2/Controller/install/so3_quadrotor_simulator/include/ode/libs/numeric/odeint/test/is_resizeable.cpp
[14.563s] -- Up-to-date symlink: /home/zhr/YOPO-ROS2/Controller/install/so3_quadrotor_simulator/include/ode/libs/numeric/odeint/test/numeric/Jamfile.v2
[14.563s] -- Up-to-date symlink: /home/zhr/YOPO-ROS2/Controller/install/so3_quadrotor_simulator/include/ode/libs/numeric/odeint/test/numeric/rosenbrock.cpp
[14.563s] -- Up-to-date symlink: /home/zhr/YOPO-ROS2/Controller/install/so3_quadrotor_simulator/include/ode/libs/numeric/odeint/test/numeric/runge_kutta.cpp
[14.563s] -- Up-to-date symlink: /home/zhr/YOPO-ROS2/Controller/install/so3_quadrotor_simulator/include/ode/libs/numeric/odeint/test/numeric/symplectic.cpp
[14.563s] -- Up-to-date symlink: /home/zhr/YOPO-ROS2/Controller/install/so3_quadrotor_simulator/include/ode/libs/numeric/odeint/test/prepare_stepper_testing.hpp
[14.563s] -- Up-to-date symlink: /home/zhr/YOPO-ROS2/Controller/install/so3_quadrotor_simulator/include/ode/libs/numeric/odeint/test/range_algebra.cpp
[14.563s] -- Up-to-date symlink: /home/zhr/YOPO-ROS2/Controller/install/so3_quadrotor_simulator/include/ode/libs/numeric/odeint/test/resize.cpp
[14.563s] -- Up-to-date symlink: /home/zhr/YOPO-ROS2/Controller/install/so3_quadrotor_simulator/include/ode/libs/numeric/odeint/test/resizing.cpp
[14.563s] -- Up-to-date symlink: /home/zhr/YOPO-ROS2/Controller/install/so3_quadrotor_simulator/include/ode/libs/numeric/odeint/test/rosenbrock4.cpp
[14.563s] -- Up-to-date symlink: /home/zhr/YOPO-ROS2/Controller/install/so3_quadrotor_simulator/include/ode/libs/numeric/odeint/test/runge_kutta_concepts.cpp
[14.563s] -- Up-to-date symlink: /home/zhr/YOPO-ROS2/Controller/install/so3_quadrotor_simulator/include/ode/libs/numeric/odeint/test/runge_kutta_controlled_concepts.cpp
[14.563s] -- Up-to-date symlink: /home/zhr/YOPO-ROS2/Controller/install/so3_quadrotor_simulator/include/ode/libs/numeric/odeint/test/runge_kutta_error_concepts.cpp
[14.563s] -- Up-to-date symlink: /home/zhr/YOPO-ROS2/Controller/install/so3_quadrotor_simulator/include/ode/libs/numeric/odeint/test/same_size.cpp
[14.563s] -- Up-to-date symlink: /home/zhr/YOPO-ROS2/Controller/install/so3_quadrotor_simulator/include/ode/libs/numeric/odeint/test/stepper_copying.cpp
[14.563s] -- Up-to-date symlink: /home/zhr/YOPO-ROS2/Controller/install/so3_quadrotor_simulator/include/ode/libs/numeric/odeint/test/stepper_with_ranges.cpp
[14.563s] -- Up-to-date symlink: /home/zhr/YOPO-ROS2/Controller/install/so3_quadrotor_simulator/include/ode/libs/numeric/odeint/test/stepper_with_units.cpp
[14.563s] -- Up-to-date symlink: /home/zhr/YOPO-ROS2/Controller/install/so3_quadrotor_simulator/include/ode/libs/numeric/odeint/test/symplectic_steppers.cpp
[14.563s] -- Up-to-date symlink: /home/zhr/YOPO-ROS2/Controller/install/so3_quadrotor_simulator/include/ode/libs/numeric/odeint/test/trivial_state.cpp
[14.563s] -- Up-to-date symlink: /home/zhr/YOPO-ROS2/Controller/install/so3_quadrotor_simulator/include/ode/libs/numeric/odeint/test/vector_space_1d.hpp
[14.564s] -- Up-to-date symlink: /home/zhr/YOPO-ROS2/Controller/install/so3_quadrotor_simulator/include/ode/libs/numeric/odeint/test_external/gmp/Jamfile.v2
[14.564s] -- Up-to-date symlink: /home/zhr/YOPO-ROS2/Controller/install/so3_quadrotor_simulator/include/ode/libs/numeric/odeint/test_external/gmp/check_gmp.cpp
[14.564s] -- Up-to-date symlink: /home/zhr/YOPO-ROS2/Controller/install/so3_quadrotor_simulator/include/ode/libs/numeric/odeint/test_external/gmp/gmp_integrate.cpp
[14.564s] -- Up-to-date symlink: /home/zhr/YOPO-ROS2/Controller/install/so3_quadrotor_simulator/include/ode/libs/numeric/odeint/test_external/gsl/Jamfile.v2
[14.564s] -- Up-to-date symlink: /home/zhr/YOPO-ROS2/Controller/install/so3_quadrotor_simulator/include/ode/libs/numeric/odeint/test_external/gsl/check_gsl.cpp
[14.564s] -- Up-to-date symlink: /home/zhr/YOPO-ROS2/Controller/install/so3_quadrotor_simulator/include/ode/libs/numeric/odeint/test_external/mkl/Jamfile.v2
[14.564s] -- Up-to-date symlink: /home/zhr/YOPO-ROS2/Controller/install/so3_quadrotor_simulator/include/ode/libs/numeric/odeint/test_external/mkl/check_mkl.cpp
[14.564s] -- Up-to-date symlink: /home/zhr/YOPO-ROS2/Controller/install/so3_quadrotor_simulator/include/ode/libs/numeric/odeint/test_external/mtl4/Jamfile.v2
[14.564s] -- Up-to-date symlink: /home/zhr/YOPO-ROS2/Controller/install/so3_quadrotor_simulator/include/ode/libs/numeric/odeint/test_external/mtl4/mtl4_resize.cpp
[14.564s] -- Up-to-date symlink: /home/zhr/YOPO-ROS2/Controller/install/so3_quadrotor_simulator/include/ode/libs/numeric/odeint/test_external/thrust/Makefile
[14.564s] -- Up-to-date symlink: /home/zhr/YOPO-ROS2/Controller/install/so3_quadrotor_simulator/include/ode/libs/numeric/odeint/test_external/thrust/check_thrust.cu
[14.564s] -- Up-to-date symlink: /home/zhr/YOPO-ROS2/Controller/install/so3_quadrotor_simulator/include/ode/libs/numeric/odeint/test_external/vexcl/Jamfile.v2
[14.564s] -- Up-to-date symlink: /home/zhr/YOPO-ROS2/Controller/install/so3_quadrotor_simulator/include/ode/libs/numeric/odeint/test_external/vexcl/lorenz.cpp
[14.564s] -- Up-to-date symlink: /home/zhr/YOPO-ROS2/Controller/install/so3_quadrotor_simulator/include/quadrotor_simulator/Quadrotor.h
[14.564s] -- Up-to-date symlink: /home/zhr/YOPO-ROS2/Controller/install/so3_quadrotor_simulator/share/so3_quadrotor_simulator/config/rviz.rviz
[14.564s] -- Up-to-date symlink: /home/zhr/YOPO-ROS2/Controller/install/so3_quadrotor_simulator/share/so3_quadrotor_simulator/config/uav.dae
[14.564s] -- Up-to-date symlink: /home/zhr/YOPO-ROS2/Controller/install/so3_quadrotor_simulator/share/so3_quadrotor_simulator/launch/simulator_attitude_control.launch
[14.564s] -- Up-to-date symlink: /home/zhr/YOPO-ROS2/Controller/install/so3_quadrotor_simulator/share/so3_quadrotor_simulator/launch/simulator_attitude_control.launch.py
[14.564s] -- Up-to-date symlink: /home/zhr/YOPO-ROS2/Controller/install/so3_quadrotor_simulator/share/so3_quadrotor_simulator/launch/simulator_position_control.launch
[14.564s] -- Up-to-date symlink: /home/zhr/YOPO-ROS2/Controller/install/so3_quadrotor_simulator/share/so3_quadrotor_simulator/launch/simulator_position_control.launch.py
[14.565s] -- Up-to-date symlink: /home/zhr/YOPO-ROS2/Controller/install/so3_quadrotor_simulator/share/so3_quadrotor_simulator/environment/library_path.sh
[14.565s] -- Up-to-date symlink: /home/zhr/YOPO-ROS2/Controller/install/so3_quadrotor_simulator/share/so3_quadrotor_simulator/environment/library_path.dsv
[14.565s] -- Up-to-date symlink: /home/zhr/YOPO-ROS2/Controller/install/so3_quadrotor_simulator/share/ament_index/resource_index/package_run_dependencies/so3_quadrotor_simulator
[14.565s] -- Up-to-date symlink: /home/zhr/YOPO-ROS2/Controller/install/so3_quadrotor_simulator/share/ament_index/resource_index/parent_prefix_path/so3_quadrotor_simulator
[14.565s] -- Up-to-date symlink: /home/zhr/YOPO-ROS2/Controller/install/so3_quadrotor_simulator/share/so3_quadrotor_simulator/environment/ament_prefix_path.sh
[14.565s] -- Up-to-date symlink: /home/zhr/YOPO-ROS2/Controller/install/so3_quadrotor_simulator/share/so3_quadrotor_simulator/environment/ament_prefix_path.dsv
[14.565s] -- Up-to-date symlink: /home/zhr/YOPO-ROS2/Controller/install/so3_quadrotor_simulator/share/so3_quadrotor_simulator/environment/path.sh
[14.565s] -- Up-to-date symlink: /home/zhr/YOPO-ROS2/Controller/install/so3_quadrotor_simulator/share/so3_quadrotor_simulator/environment/path.dsv
[14.565s] -- Up-to-date symlink: /home/zhr/YOPO-ROS2/Controller/install/so3_quadrotor_simulator/share/so3_quadrotor_simulator/local_setup.bash
[14.565s] -- Up-to-date symlink: /home/zhr/YOPO-ROS2/Controller/install/so3_quadrotor_simulator/share/so3_quadrotor_simulator/local_setup.sh
[14.565s] -- Up-to-date symlink: /home/zhr/YOPO-ROS2/Controller/install/so3_quadrotor_simulator/share/so3_quadrotor_simulator/local_setup.zsh
[14.565s] -- Up-to-date symlink: /home/zhr/YOPO-ROS2/Controller/install/so3_quadrotor_simulator/share/so3_quadrotor_simulator/local_setup.dsv
[14.565s] -- Symlinking: /home/zhr/YOPO-ROS2/Controller/install/so3_quadrotor_simulator/share/so3_quadrotor_simulator/package.dsv
[14.570s] -- Up-to-date symlink: /home/zhr/YOPO-ROS2/Controller/install/so3_quadrotor_simulator/share/ament_index/resource_index/packages/so3_quadrotor_simulator
[14.570s] -- Up-to-date symlink: /home/zhr/YOPO-ROS2/Controller/install/so3_quadrotor_simulator/share/so3_quadrotor_simulator/cmake/ament_cmake_export_dependencies-extras.cmake
[14.570s] -- Up-to-date symlink: /home/zhr/YOPO-ROS2/Controller/install/so3_quadrotor_simulator/share/so3_quadrotor_simulator/cmake/ament_cmake_export_include_directories-extras.cmake
[14.570s] -- Up-to-date symlink: /home/zhr/YOPO-ROS2/Controller/install/so3_quadrotor_simulator/share/so3_quadrotor_simulator/cmake/ament_cmake_export_libraries-extras.cmake
[14.570s] -- Up-to-date symlink: /home/zhr/YOPO-ROS2/Controller/install/so3_quadrotor_simulator/share/so3_quadrotor_simulator/cmake/so3_quadrotor_simulatorConfig.cmake
[14.570s] -- Up-to-date symlink: /home/zhr/YOPO-ROS2/Controller/install/so3_quadrotor_simulator/share/so3_quadrotor_simulator/cmake/so3_quadrotor_simulatorConfig-version.cmake
[14.570s] -- Up-to-date symlink: /home/zhr/YOPO-ROS2/Controller/install/so3_quadrotor_simulator/share/so3_quadrotor_simulator/package.xml
[14.571s] Invoked command in '/home/zhr/YOPO-ROS2/Controller/build/so3_quadrotor_simulator' returned '0': AMENT_PREFIX_PATH=/home/zhr/YOPO-ROS2/Controller/install/uav_utils:/home/zhr/YOPO-ROS2/Controller/install/quadrotor_msgs:/home/zhr/YOPO-ROS2/Controller/install/cmake_utils:${AMENT_PREFIX_PATH} CMAKE_PREFIX_PATH=/home/zhr/YOPO-ROS2/Controller/install/uav_utils:/home/zhr/YOPO-ROS2/Controller/install/quadrotor_msgs:/home/zhr/YOPO-ROS2/Controller/install/cmake_utils:/opt/ros/jazzy/opt/gz_math_vendor:/opt/ros/jazzy/opt/gz_utils_vendor:/opt/ros/jazzy/opt/gz_cmake_vendor:/opt/ros/jazzy CONDA_PROMPT_MODIFIER=(yopo) DEBUGINFOD_URLS=https://debuginfod.ubuntu.com LD_LIBRARY_PATH=/home/zhr/YOPO-ROS2/Controller/install/quadrotor_msgs/lib:${LD_LIBRARY_PATH} PYTHONPATH=/home/zhr/YOPO-ROS2/Controller/install/quadrotor_msgs/lib/python3.12/site-packages:${PYTHONPATH} /usr/bin/cmake --install /home/zhr/YOPO-ROS2/Controller/build/so3_quadrotor_simulator
