[0.047s] DEBUG:colcon:Command line arguments: ['/usr/bin/colcon', 'build', '--packages-select', 'sensor_simulator']
[0.047s] DEBUG:colcon:Parsed command line arguments: Namespace(log_base=None, log_level=None, verb_name='build', build_base='build', install_base='install', merge_install=False, symlink_install=False, test_result_base=None, continue_on_error=False, executor='parallel', parallel_workers=32, event_handlers=None, ignore_user_meta=False, metas=['./colcon.meta'], base_paths=['.'], packages_ignore=None, packages_ignore_regex=None, paths=None, packages_up_to=None, packages_up_to_regex=None, packages_above=None, packages_above_and_dependencies=None, packages_above_depth=None, packages_select_by_dep=None, packages_skip_by_dep=None, packages_skip_up_to=None, packages_select_build_failed=False, packages_skip_build_finished=False, packages_select_test_failures=False, packages_skip_test_passed=False, packages_select=['sensor_simulator'], packages_skip=None, packages_select_regex=None, packages_skip_regex=None, packages_start=None, packages_end=None, allow_overriding=[], cmake_args=None, cmake_target=None, cmake_target_skip_unavailable=False, cmake_clean_cache=False, cmake_clean_first=False, cmake_force_configure=False, ament_cmake_args=None, catkin_cmake_args=None, catkin_skip_building_tests=False, verb_parser=<colcon_defaults.argument_parser.defaults.DefaultArgumentsDecorator object at 0x74024d541e80>, verb_extension=<colcon_core.verb.build.BuildVerb object at 0x74024d6c80e0>, main=<bound method BuildVerb.main of <colcon_core.verb.build.BuildVerb object at 0x74024d6c80e0>>)
[0.065s] Level 1:colcon.colcon_core.package_discovery:discover_packages(colcon_meta) check parameters
[0.065s] Level 1:colcon.colcon_core.package_discovery:discover_packages(recursive) check parameters
[0.065s] Level 1:colcon.colcon_core.package_discovery:discover_packages(ignore) check parameters
[0.065s] Level 1:colcon.colcon_core.package_discovery:discover_packages(path) check parameters
[0.065s] Level 1:colcon.colcon_core.package_discovery:discover_packages(colcon_meta) discover
[0.065s] Level 1:colcon.colcon_core.package_discovery:discover_packages(recursive) discover
[0.065s] INFO:colcon.colcon_core.package_discovery:Crawling recursively for packages in '/home/zhr/YOPO-ROS2/Simulator'
[0.065s] Level 1:colcon.colcon_core.package_identification:_identify(.) by extensions ['ignore', 'ignore_ament_install']
[0.065s] Level 1:colcon.colcon_core.package_identification:_identify(.) by extension 'ignore'
[0.065s] Level 1:colcon.colcon_core.package_identification:_identify(.) by extension 'ignore_ament_install'
[0.065s] Level 1:colcon.colcon_core.package_identification:_identify(.) by extensions ['colcon_pkg']
[0.065s] Level 1:colcon.colcon_core.package_identification:_identify(.) by extension 'colcon_pkg'
[0.065s] Level 1:colcon.colcon_core.package_identification:_identify(.) by extensions ['colcon_meta']
[0.065s] Level 1:colcon.colcon_core.package_identification:_identify(.) by extension 'colcon_meta'
[0.065s] Level 1:colcon.colcon_core.package_identification:_identify(.) by extensions ['ros']
[0.066s] Level 1:colcon.colcon_core.package_identification:_identify(.) by extension 'ros'
[0.077s] Level 1:colcon.colcon_core.package_identification:_identify(.) by extensions ['cmake', 'python']
[0.077s] Level 1:colcon.colcon_core.package_identification:_identify(.) by extension 'cmake'
[0.077s] Level 1:colcon.colcon_core.package_identification:_identify(.) by extension 'python'
[0.077s] Level 1:colcon.colcon_core.package_identification:_identify(.) by extensions ['python_setup_py']
[0.077s] Level 1:colcon.colcon_core.package_identification:_identify(.) by extension 'python_setup_py'
[0.077s] Level 1:colcon.colcon_core.package_identification:_identify(build) by extensions ['ignore', 'ignore_ament_install']
[0.077s] Level 1:colcon.colcon_core.package_identification:_identify(build) by extension 'ignore'
[0.077s] Level 1:colcon.colcon_core.package_identification:_identify(build) ignored
[0.077s] Level 1:colcon.colcon_core.package_identification:_identify(install) by extensions ['ignore', 'ignore_ament_install']
[0.077s] Level 1:colcon.colcon_core.package_identification:_identify(install) by extension 'ignore'
[0.077s] Level 1:colcon.colcon_core.package_identification:_identify(install) ignored
[0.077s] Level 1:colcon.colcon_core.package_identification:_identify(log) by extensions ['ignore', 'ignore_ament_install']
[0.077s] Level 1:colcon.colcon_core.package_identification:_identify(log) by extension 'ignore'
[0.077s] Level 1:colcon.colcon_core.package_identification:_identify(log) ignored
[0.077s] Level 1:colcon.colcon_core.package_identification:_identify(src) by extensions ['ignore', 'ignore_ament_install']
[0.077s] Level 1:colcon.colcon_core.package_identification:_identify(src) by extension 'ignore'
[0.077s] Level 1:colcon.colcon_core.package_identification:_identify(src) by extension 'ignore_ament_install'
[0.077s] Level 1:colcon.colcon_core.package_identification:_identify(src) by extensions ['colcon_pkg']
[0.077s] Level 1:colcon.colcon_core.package_identification:_identify(src) by extension 'colcon_pkg'
[0.077s] Level 1:colcon.colcon_core.package_identification:_identify(src) by extensions ['colcon_meta']
[0.077s] Level 1:colcon.colcon_core.package_identification:_identify(src) by extension 'colcon_meta'
[0.077s] Level 1:colcon.colcon_core.package_identification:_identify(src) by extensions ['ros']
[0.077s] Level 1:colcon.colcon_core.package_identification:_identify(src) by extension 'ros'
[0.079s] DEBUG:colcon.colcon_core.package_identification:Package 'src' with type 'ros.ament_cmake' and name 'sensor_simulator'
[0.079s] Level 1:colcon.colcon_core.package_discovery:discover_packages(recursive) using defaults
[0.079s] Level 1:colcon.colcon_core.package_discovery:discover_packages(ignore) discover
[0.079s] Level 1:colcon.colcon_core.package_discovery:discover_packages(ignore) using defaults
[0.079s] Level 1:colcon.colcon_core.package_discovery:discover_packages(path) discover
[0.079s] Level 1:colcon.colcon_core.package_discovery:discover_packages(path) using defaults
[0.087s] Level 1:colcon.colcon_core.package_discovery:discover_packages(prefix_path) check parameters
[0.087s] Level 1:colcon.colcon_core.package_discovery:discover_packages(prefix_path) discover
[0.088s] DEBUG:colcon.colcon_installed_package_information.package_discovery:Found 287 installed packages in /opt/ros/jazzy
[0.088s] Level 1:colcon.colcon_core.package_discovery:discover_packages(prefix_path) using defaults
[0.104s] Level 5:colcon.colcon_core.verb:set package 'sensor_simulator' build argument 'cmake_args' from command line to 'None'
[0.104s] Level 5:colcon.colcon_core.verb:set package 'sensor_simulator' build argument 'cmake_target' from command line to 'None'
[0.104s] Level 5:colcon.colcon_core.verb:set package 'sensor_simulator' build argument 'cmake_target_skip_unavailable' from command line to 'False'
[0.104s] Level 5:colcon.colcon_core.verb:set package 'sensor_simulator' build argument 'cmake_clean_cache' from command line to 'False'
[0.104s] Level 5:colcon.colcon_core.verb:set package 'sensor_simulator' build argument 'cmake_clean_first' from command line to 'False'
[0.104s] Level 5:colcon.colcon_core.verb:set package 'sensor_simulator' build argument 'cmake_force_configure' from command line to 'False'
[0.104s] Level 5:colcon.colcon_core.verb:set package 'sensor_simulator' build argument 'ament_cmake_args' from command line to 'None'
[0.104s] Level 5:colcon.colcon_core.verb:set package 'sensor_simulator' build argument 'catkin_cmake_args' from command line to 'None'
[0.104s] Level 5:colcon.colcon_core.verb:set package 'sensor_simulator' build argument 'catkin_skip_building_tests' from command line to 'False'
[0.104s] DEBUG:colcon.colcon_core.verb:Building package 'sensor_simulator' with the following arguments: {'ament_cmake_args': None, 'build_base': '/home/zhr/YOPO-ROS2/Simulator/build/sensor_simulator', 'catkin_cmake_args': None, 'catkin_skip_building_tests': False, 'cmake_args': None, 'cmake_clean_cache': False, 'cmake_clean_first': False, 'cmake_force_configure': False, 'cmake_target': None, 'cmake_target_skip_unavailable': False, 'install_base': '/home/zhr/YOPO-ROS2/Simulator/install/sensor_simulator', 'merge_install': False, 'path': '/home/zhr/YOPO-ROS2/Simulator/src', 'symlink_install': False, 'test_result_base': None}
[0.104s] INFO:colcon.colcon_core.executor:Executing jobs using 'parallel' executor
[0.104s] DEBUG:colcon.colcon_parallel_executor.executor.parallel:run_until_complete
[0.104s] INFO:colcon.colcon_ros.task.ament_cmake.build:Building ROS package in '/home/zhr/YOPO-ROS2/Simulator/src' with build type 'ament_cmake'
[0.104s] INFO:colcon.colcon_cmake.task.cmake.build:Building CMake package in '/home/zhr/YOPO-ROS2/Simulator/src'
[0.105s] INFO:colcon.colcon_core.plugin_system:Skipping extension 'colcon_core.shell.bat': Not used on non-Windows systems
[0.105s] INFO:colcon.colcon_core.shell:Skip shell extension 'powershell' for command environment: Not usable outside of PowerShell
[0.105s] DEBUG:colcon.colcon_core.shell:Skip shell extension 'dsv' for command environment
[0.109s] DEBUG:colcon.colcon_core.event_handler.log_command:Invoking command in '/home/zhr/YOPO-ROS2/Simulator/build/sensor_simulator': CMAKE_PREFIX_PATH=${CMAKE_PREFIX_PATH}:/opt/ros/jazzy CONDA_PROMPT_MODIFIER=(base) DEBUGINFOD_URLS=https://debuginfod.ubuntu.com /usr/bin/cmake --build /home/zhr/YOPO-ROS2/Simulator/build/sensor_simulator -- -j32 -l32
[13.296s] DEBUG:colcon.colcon_core.event_handler.log_command:Invoked command in '/home/zhr/YOPO-ROS2/Simulator/build/sensor_simulator' returned '0': CMAKE_PREFIX_PATH=${CMAKE_PREFIX_PATH}:/opt/ros/jazzy CONDA_PROMPT_MODIFIER=(base) DEBUGINFOD_URLS=https://debuginfod.ubuntu.com /usr/bin/cmake --build /home/zhr/YOPO-ROS2/Simulator/build/sensor_simulator -- -j32 -l32
[13.300s] DEBUG:colcon.colcon_core.event_handler.log_command:Invoking command in '/home/zhr/YOPO-ROS2/Simulator/build/sensor_simulator': CMAKE_PREFIX_PATH=${CMAKE_PREFIX_PATH}:/opt/ros/jazzy CONDA_PROMPT_MODIFIER=(base) DEBUGINFOD_URLS=https://debuginfod.ubuntu.com /usr/bin/cmake --install /home/zhr/YOPO-ROS2/Simulator/build/sensor_simulator
[13.307s] Level 1:colcon.colcon_core.environment:create_environment_scripts_only(sensor_simulator)
[13.307s] DEBUG:colcon.colcon_core.event_handler.log_command:Invoked command in '/home/zhr/YOPO-ROS2/Simulator/build/sensor_simulator' returned '0': CMAKE_PREFIX_PATH=${CMAKE_PREFIX_PATH}:/opt/ros/jazzy CONDA_PROMPT_MODIFIER=(base) DEBUGINFOD_URLS=https://debuginfod.ubuntu.com /usr/bin/cmake --install /home/zhr/YOPO-ROS2/Simulator/build/sensor_simulator
[13.308s] Level 1:colcon.colcon_core.environment:checking '/home/zhr/YOPO-ROS2/Simulator/install/sensor_simulator' for CMake module files
[13.308s] Level 1:colcon.colcon_core.environment:checking '/home/zhr/YOPO-ROS2/Simulator/install/sensor_simulator' for CMake config files
[13.308s] Level 1:colcon.colcon_core.shell:create_environment_hook('sensor_simulator', 'cmake_prefix_path')
[13.309s] INFO:colcon.colcon_core.shell:Creating environment hook '/home/zhr/YOPO-ROS2/Simulator/install/sensor_simulator/share/sensor_simulator/hook/cmake_prefix_path.ps1'
[13.309s] INFO:colcon.colcon_core.shell:Creating environment descriptor '/home/zhr/YOPO-ROS2/Simulator/install/sensor_simulator/share/sensor_simulator/hook/cmake_prefix_path.dsv'
[13.309s] INFO:colcon.colcon_core.shell:Creating environment hook '/home/zhr/YOPO-ROS2/Simulator/install/sensor_simulator/share/sensor_simulator/hook/cmake_prefix_path.sh'
[13.309s] Level 1:colcon.colcon_core.environment:checking '/home/zhr/YOPO-ROS2/Simulator/install/sensor_simulator/lib'
[13.310s] Level 1:colcon.colcon_core.environment:checking '/home/zhr/YOPO-ROS2/Simulator/install/sensor_simulator/bin'
[13.310s] Level 1:colcon.colcon_core.environment:checking '/home/zhr/YOPO-ROS2/Simulator/install/sensor_simulator/lib/pkgconfig/sensor_simulator.pc'
[13.310s] Level 1:colcon.colcon_core.environment:checking '/home/zhr/YOPO-ROS2/Simulator/install/sensor_simulator/lib/python3.12/site-packages'
[13.310s] Level 1:colcon.colcon_core.environment:checking '/home/zhr/YOPO-ROS2/Simulator/install/sensor_simulator/bin'
[13.310s] INFO:colcon.colcon_core.shell:Creating package script '/home/zhr/YOPO-ROS2/Simulator/install/sensor_simulator/share/sensor_simulator/package.ps1'
[13.310s] INFO:colcon.colcon_core.shell:Creating package descriptor '/home/zhr/YOPO-ROS2/Simulator/install/sensor_simulator/share/sensor_simulator/package.dsv'
[13.310s] INFO:colcon.colcon_core.shell:Creating package script '/home/zhr/YOPO-ROS2/Simulator/install/sensor_simulator/share/sensor_simulator/package.sh'
[13.311s] INFO:colcon.colcon_core.shell:Creating package script '/home/zhr/YOPO-ROS2/Simulator/install/sensor_simulator/share/sensor_simulator/package.bash'
[13.311s] INFO:colcon.colcon_core.shell:Creating package script '/home/zhr/YOPO-ROS2/Simulator/install/sensor_simulator/share/sensor_simulator/package.zsh'
[13.311s] Level 1:colcon.colcon_core.environment:create_file_with_runtime_dependencies(/home/zhr/YOPO-ROS2/Simulator/install/sensor_simulator/share/colcon-core/packages/sensor_simulator)
[13.311s] Level 1:colcon.colcon_core.environment:create_environment_scripts_only(sensor_simulator)
[13.311s] Level 1:colcon.colcon_core.environment:checking '/home/zhr/YOPO-ROS2/Simulator/install/sensor_simulator' for CMake module files
[13.312s] Level 1:colcon.colcon_core.environment:checking '/home/zhr/YOPO-ROS2/Simulator/install/sensor_simulator' for CMake config files
[13.312s] Level 1:colcon.colcon_core.shell:create_environment_hook('sensor_simulator', 'cmake_prefix_path')
[13.312s] INFO:colcon.colcon_core.shell:Creating environment hook '/home/zhr/YOPO-ROS2/Simulator/install/sensor_simulator/share/sensor_simulator/hook/cmake_prefix_path.ps1'
[13.312s] INFO:colcon.colcon_core.shell:Creating environment descriptor '/home/zhr/YOPO-ROS2/Simulator/install/sensor_simulator/share/sensor_simulator/hook/cmake_prefix_path.dsv'
[13.312s] INFO:colcon.colcon_core.shell:Creating environment hook '/home/zhr/YOPO-ROS2/Simulator/install/sensor_simulator/share/sensor_simulator/hook/cmake_prefix_path.sh'
[13.312s] Level 1:colcon.colcon_core.environment:checking '/home/zhr/YOPO-ROS2/Simulator/install/sensor_simulator/lib'
[13.312s] Level 1:colcon.colcon_core.environment:checking '/home/zhr/YOPO-ROS2/Simulator/install/sensor_simulator/bin'
[13.312s] Level 1:colcon.colcon_core.environment:checking '/home/zhr/YOPO-ROS2/Simulator/install/sensor_simulator/lib/pkgconfig/sensor_simulator.pc'
[13.312s] Level 1:colcon.colcon_core.environment:checking '/home/zhr/YOPO-ROS2/Simulator/install/sensor_simulator/lib/python3.12/site-packages'
[13.312s] Level 1:colcon.colcon_core.environment:checking '/home/zhr/YOPO-ROS2/Simulator/install/sensor_simulator/bin'
[13.312s] INFO:colcon.colcon_core.shell:Creating package script '/home/zhr/YOPO-ROS2/Simulator/install/sensor_simulator/share/sensor_simulator/package.ps1'
[13.313s] INFO:colcon.colcon_core.shell:Creating package descriptor '/home/zhr/YOPO-ROS2/Simulator/install/sensor_simulator/share/sensor_simulator/package.dsv'
[13.313s] INFO:colcon.colcon_core.shell:Creating package script '/home/zhr/YOPO-ROS2/Simulator/install/sensor_simulator/share/sensor_simulator/package.sh'
[13.313s] INFO:colcon.colcon_core.shell:Creating package script '/home/zhr/YOPO-ROS2/Simulator/install/sensor_simulator/share/sensor_simulator/package.bash'
[13.313s] INFO:colcon.colcon_core.shell:Creating package script '/home/zhr/YOPO-ROS2/Simulator/install/sensor_simulator/share/sensor_simulator/package.zsh'
[13.313s] Level 1:colcon.colcon_core.environment:create_file_with_runtime_dependencies(/home/zhr/YOPO-ROS2/Simulator/install/sensor_simulator/share/colcon-core/packages/sensor_simulator)
[13.313s] DEBUG:colcon.colcon_parallel_executor.executor.parallel:closing loop
[13.313s] DEBUG:colcon.colcon_parallel_executor.executor.parallel:loop closed
[13.313s] DEBUG:colcon.colcon_parallel_executor.executor.parallel:run_until_complete finished with '0'
[13.313s] DEBUG:colcon.colcon_core.event_reactor:joining thread
[13.316s] INFO:colcon.colcon_core.plugin_system:Skipping extension 'colcon_notification.desktop_notification.terminal_notifier': Not used on non-Darwin systems
[13.316s] INFO:colcon.colcon_core.plugin_system:Skipping extension 'colcon_notification.desktop_notification.win32': Not used on non-Windows systems
[13.316s] INFO:colcon.colcon_notification.desktop_notification:Sending desktop notification using 'notify2'
[13.316s] DEBUG:colcon.colcon_notification.desktop_notification.notify2:Failed to initialize notify2: org.freedesktop.DBus.Error.AccessDenied: Failed to connect to socket /run/user/1000/bus: Operation not permitted
[13.316s] DEBUG:colcon.colcon_core.event_reactor:joined thread
[13.316s] INFO:colcon.colcon_core.shell:Creating prefix script '/home/zhr/YOPO-ROS2/Simulator/install/local_setup.ps1'
[13.316s] INFO:colcon.colcon_core.shell:Creating prefix util module '/home/zhr/YOPO-ROS2/Simulator/install/_local_setup_util_ps1.py'
[13.317s] INFO:colcon.colcon_core.shell:Creating prefix chain script '/home/zhr/YOPO-ROS2/Simulator/install/setup.ps1'
[13.317s] INFO:colcon.colcon_core.shell:Creating prefix script '/home/zhr/YOPO-ROS2/Simulator/install/local_setup.sh'
[13.317s] INFO:colcon.colcon_core.shell:Creating prefix util module '/home/zhr/YOPO-ROS2/Simulator/install/_local_setup_util_sh.py'
[13.317s] INFO:colcon.colcon_core.shell:Creating prefix chain script '/home/zhr/YOPO-ROS2/Simulator/install/setup.sh'
[13.318s] INFO:colcon.colcon_core.shell:Creating prefix script '/home/zhr/YOPO-ROS2/Simulator/install/local_setup.bash'
[13.318s] INFO:colcon.colcon_core.shell:Creating prefix chain script '/home/zhr/YOPO-ROS2/Simulator/install/setup.bash'
[13.318s] INFO:colcon.colcon_core.shell:Creating prefix script '/home/zhr/YOPO-ROS2/Simulator/install/local_setup.zsh'
[13.318s] INFO:colcon.colcon_core.shell:Creating prefix chain script '/home/zhr/YOPO-ROS2/Simulator/install/setup.zsh'
