-- The C compiler identification is GNU 13.3.0
-- The CXX compiler identification is GNU 13.3.0
-- Detecting C compiler ABI info
-- Detecting C compiler ABI info - done
-- Check for working C compiler: /usr/bin/cc - skipped
-- Detecting C compile features
-- Detecting C compile features - done
-- Detecting CXX compiler ABI info
-- Detecting CXX compiler ABI info - done
-- Check for working CXX compiler: /usr/bin/c++ - skipped
-- Detecting CXX compile features
-- Detecting CXX compile features - done
-- Found ament_cmake: 2.5.5 (/opt/ros/jazzy/share/ament_cmake/cmake)
-- Found Python3: /usr/bin/python3 (found version "3.12.3") found components: Interpreter 
-- Configuring done (0.3s)
-- Generating done (0.0s)
-- Build files have been written to: /home/zhr/YOPO-ROS2/build/cmake_utils
-- Install configuration: ""
-- Installing: /home/zhr/YOPO-ROS2/install/cmake_utils/share/ament_index/resource_index/package_run_dependencies/cmake_utils
-- Installing: /home/zhr/YOPO-ROS2/install/cmake_utils/share/ament_index/resource_index/parent_prefix_path/cmake_utils
-- Installing: /home/zhr/YOPO-ROS2/install/cmake_utils/share/cmake_utils/environment/ament_prefix_path.sh
-- Installing: /home/zhr/YOPO-ROS2/install/cmake_utils/share/cmake_utils/environment/ament_prefix_path.dsv
-- Installing: /home/zhr/YOPO-ROS2/install/cmake_utils/share/cmake_utils/environment/path.sh
-- Installing: /home/zhr/YOPO-ROS2/install/cmake_utils/share/cmake_utils/environment/path.dsv
-- Installing: /home/zhr/YOPO-ROS2/install/cmake_utils/share/cmake_utils/local_setup.bash
-- Installing: /home/zhr/YOPO-ROS2/install/cmake_utils/share/cmake_utils/local_setup.sh
-- Installing: /home/zhr/YOPO-ROS2/install/cmake_utils/share/cmake_utils/local_setup.zsh
-- Installing: /home/zhr/YOPO-ROS2/install/cmake_utils/share/cmake_utils/local_setup.dsv
-- Installing: /home/zhr/YOPO-ROS2/install/cmake_utils/share/cmake_utils/package.dsv
-- Installing: /home/zhr/YOPO-ROS2/install/cmake_utils/share/ament_index/resource_index/packages/cmake_utils
-- Installing: /home/zhr/YOPO-ROS2/install/cmake_utils/share/cmake_utils/cmake/arch.cmake
-- Installing: /home/zhr/YOPO-ROS2/install/cmake_utils/share/cmake_utils/cmake/cmake_modules.cmake
-- Installing: /home/zhr/YOPO-ROS2/install/cmake_utils/share/cmake_utils/cmake/color.cmake
-- Installing: /home/zhr/YOPO-ROS2/install/cmake_utils/share/cmake_utils/cmake/cmake_utilsConfig.cmake
-- Installing: /home/zhr/YOPO-ROS2/install/cmake_utils/share/cmake_utils/cmake/cmake_utilsConfig-version.cmake
-- Installing: /home/zhr/YOPO-ROS2/install/cmake_utils/share/cmake_utils/package.xml
-- Up-to-date: /home/zhr/YOPO-ROS2/install/cmake_utils/share/cmake_utils/cmake
-- Up-to-date: /home/zhr/YOPO-ROS2/install/cmake_utils/share/cmake_utils/cmake/cmake_modules.cmake
-- Up-to-date: /home/zhr/YOPO-ROS2/install/cmake_utils/share/cmake_utils/cmake/arch.cmake
-- Up-to-date: /home/zhr/YOPO-ROS2/install/cmake_utils/share/cmake_utils/cmake/color.cmake
