[0.007s] Invoking command in '/home/zhr/YOPO-ROS2/Controller/build/quadrotor_msgs': CMAKE_PREFIX_PATH=${CMAKE_PREFIX_PATH}:/opt/ros/jazzy DEBUGINFOD_URLS=https://debuginfod.ubuntu.com /usr/bin/cmake --build /home/zhr/YOPO-ROS2/Controller/build/quadrotor_msgs -- -j32 -l32
[0.031s] [  1%] Built target quadrotor_msgs__rosidl_generator_type_description
[0.036s] [  1%] Built target ament_cmake_python_copy_quadrotor_msgs
[0.040s] [  1%] Built target quadrotor_msgs__cpp
[0.051s] [ 27%] Built target quadrotor_msgs__rosidl_generator_c
[0.069s] [ 36%] Built target quadrotor_msgs__rosidl_typesupport_introspection_c
[0.070s] [ 45%] Built target quadrotor_msgs__rosidl_typesupport_c
[0.071s] [ 55%] Built target quadrotor_msgs__rosidl_typesupport_cpp
[0.072s] [ 64%] Built target quadrotor_msgs__rosidl_typesupport_fastrtps_c
[0.072s] [ 74%] Built target quadrotor_msgs__rosidl_typesupport_fastrtps_cpp
[0.074s] [ 84%] Built target quadrotor_msgs__rosidl_typesupport_introspection_cpp
[0.083s] [ 84%] Built target quadrotor_msgs
[0.095s] [ 86%] Built target encode_msgs
[0.095s] [ 86%] Built target quadrotor_msgs__py
[0.107s] [ 87%] Built target decode_msgs
[0.113s] [ 96%] Built target quadrotor_msgs__rosidl_generator_py
[0.123s] [ 97%] Built target quadrotor_msgs_s__rosidl_typesupport_fastrtps_c
[0.123s] [ 98%] Built target quadrotor_msgs_s__rosidl_typesupport_c
[0.124s] [100%] Built target quadrotor_msgs_s__rosidl_typesupport_introspection_c
[0.129s] running egg_info
[0.136s] writing quadrotor_msgs.egg-info/PKG-INFO
[0.136s] writing dependency_links to quadrotor_msgs.egg-info/dependency_links.txt
[0.136s] writing top-level names to quadrotor_msgs.egg-info/top_level.txt
[0.154s] reading manifest file 'quadrotor_msgs.egg-info/SOURCES.txt'
[0.155s] writing manifest file 'quadrotor_msgs.egg-info/SOURCES.txt'
[0.173s] [100%] Built target ament_cmake_python_build_quadrotor_msgs_egg
[0.180s] Invoked command in '/home/zhr/YOPO-ROS2/Controller/build/quadrotor_msgs' returned '0': CMAKE_PREFIX_PATH=${CMAKE_PREFIX_PATH}:/opt/ros/jazzy DEBUGINFOD_URLS=https://debuginfod.ubuntu.com /usr/bin/cmake --build /home/zhr/YOPO-ROS2/Controller/build/quadrotor_msgs -- -j32 -l32
[0.180s] Invoking command in '/home/zhr/YOPO-ROS2/Controller/build/quadrotor_msgs': CMAKE_PREFIX_PATH=${CMAKE_PREFIX_PATH}:/opt/ros/jazzy DEBUGINFOD_URLS=https://debuginfod.ubuntu.com /usr/bin/cmake --install /home/zhr/YOPO-ROS2/Controller/build/quadrotor_msgs
[0.185s] -- Install configuration: ""
[0.186s] -- Up-to-date: /home/zhr/YOPO-ROS2/Controller/install/quadrotor_msgs/share/ament_index/resource_index/rosidl_interfaces/quadrotor_msgs
[0.186s] -- Up-to-date: /home/zhr/YOPO-ROS2/Controller/install/quadrotor_msgs/share/quadrotor_msgs/msg/AuxCommand.json
[0.186s] -- Up-to-date: /home/zhr/YOPO-ROS2/Controller/install/quadrotor_msgs/share/quadrotor_msgs/msg/Corrections.json
[0.186s] -- Up-to-date: /home/zhr/YOPO-ROS2/Controller/install/quadrotor_msgs/share/quadrotor_msgs/msg/Gains.json
[0.186s] -- Up-to-date: /home/zhr/YOPO-ROS2/Controller/install/quadrotor_msgs/share/quadrotor_msgs/msg/OutputData.json
[0.186s] -- Up-to-date: /home/zhr/YOPO-ROS2/Controller/install/quadrotor_msgs/share/quadrotor_msgs/msg/PositionCommand.json
[0.186s] -- Up-to-date: /home/zhr/YOPO-ROS2/Controller/install/quadrotor_msgs/share/quadrotor_msgs/msg/PPROutputData.json
[0.186s] -- Up-to-date: /home/zhr/YOPO-ROS2/Controller/install/quadrotor_msgs/share/quadrotor_msgs/msg/Serial.json
[0.186s] -- Up-to-date: /home/zhr/YOPO-ROS2/Controller/install/quadrotor_msgs/share/quadrotor_msgs/msg/SO3Command.json
[0.187s] -- Up-to-date: /home/zhr/YOPO-ROS2/Controller/install/quadrotor_msgs/share/quadrotor_msgs/msg/StatusData.json
[0.187s] -- Up-to-date: /home/zhr/YOPO-ROS2/Controller/install/quadrotor_msgs/share/quadrotor_msgs/msg/TRPYCommand.json
[0.187s] -- Up-to-date: /home/zhr/YOPO-ROS2/Controller/install/quadrotor_msgs/share/quadrotor_msgs/msg/Odometry.json
[0.187s] -- Up-to-date: /home/zhr/YOPO-ROS2/Controller/install/quadrotor_msgs/share/quadrotor_msgs/msg/PolynomialTrajectory.json
[0.187s] -- Up-to-date: /home/zhr/YOPO-ROS2/Controller/install/quadrotor_msgs/share/quadrotor_msgs/msg/LQRTrajectory.json
[0.187s] -- Up-to-date: /home/zhr/YOPO-ROS2/Controller/install/quadrotor_msgs/share/quadrotor_msgs/srv/SetTakeoffLand.json
[0.187s] -- Up-to-date: /home/zhr/YOPO-ROS2/Controller/install/quadrotor_msgs/include/quadrotor_msgs/quadrotor_msgs
[0.187s] -- Up-to-date: /home/zhr/YOPO-ROS2/Controller/install/quadrotor_msgs/include/quadrotor_msgs/quadrotor_msgs/msg
[0.187s] -- Up-to-date: /home/zhr/YOPO-ROS2/Controller/install/quadrotor_msgs/include/quadrotor_msgs/quadrotor_msgs/msg/so3_command.h
[0.187s] -- Up-to-date: /home/zhr/YOPO-ROS2/Controller/install/quadrotor_msgs/include/quadrotor_msgs/quadrotor_msgs/msg/output_data.h
[0.187s] -- Up-to-date: /home/zhr/YOPO-ROS2/Controller/install/quadrotor_msgs/include/quadrotor_msgs/quadrotor_msgs/msg/trpy_command.h
[0.187s] -- Up-to-date: /home/zhr/YOPO-ROS2/Controller/install/quadrotor_msgs/include/quadrotor_msgs/quadrotor_msgs/msg/lqr_trajectory.h
[0.187s] -- Up-to-date: /home/zhr/YOPO-ROS2/Controller/install/quadrotor_msgs/include/quadrotor_msgs/quadrotor_msgs/msg/gains.h
[0.187s] -- Up-to-date: /home/zhr/YOPO-ROS2/Controller/install/quadrotor_msgs/include/quadrotor_msgs/quadrotor_msgs/msg/polynomial_trajectory.h
[0.188s] -- Up-to-date: /home/zhr/YOPO-ROS2/Controller/install/quadrotor_msgs/include/quadrotor_msgs/quadrotor_msgs/msg/detail
[0.188s] -- Up-to-date: /home/zhr/YOPO-ROS2/Controller/install/quadrotor_msgs/include/quadrotor_msgs/quadrotor_msgs/msg/detail/polynomial_trajectory__description.c
[0.188s] -- Up-to-date: /home/zhr/YOPO-ROS2/Controller/install/quadrotor_msgs/include/quadrotor_msgs/quadrotor_msgs/msg/detail/serial__functions.c
[0.188s] -- Up-to-date: /home/zhr/YOPO-ROS2/Controller/install/quadrotor_msgs/include/quadrotor_msgs/quadrotor_msgs/msg/detail/corrections__description.c
[0.188s] -- Up-to-date: /home/zhr/YOPO-ROS2/Controller/install/quadrotor_msgs/include/quadrotor_msgs/quadrotor_msgs/msg/detail/serial__description.c
[0.188s] -- Up-to-date: /home/zhr/YOPO-ROS2/Controller/install/quadrotor_msgs/include/quadrotor_msgs/quadrotor_msgs/msg/detail/position_command__type_support.c
[0.188s] -- Up-to-date: /home/zhr/YOPO-ROS2/Controller/install/quadrotor_msgs/include/quadrotor_msgs/quadrotor_msgs/msg/detail/lqr_trajectory__type_support.h
[0.188s] -- Up-to-date: /home/zhr/YOPO-ROS2/Controller/install/quadrotor_msgs/include/quadrotor_msgs/quadrotor_msgs/msg/detail/position_command__functions.h
[0.188s] -- Up-to-date: /home/zhr/YOPO-ROS2/Controller/install/quadrotor_msgs/include/quadrotor_msgs/quadrotor_msgs/msg/detail/trpy_command__functions.c
[0.188s] -- Up-to-date: /home/zhr/YOPO-ROS2/Controller/install/quadrotor_msgs/include/quadrotor_msgs/quadrotor_msgs/msg/detail/output_data__type_support.c
[0.188s] -- Up-to-date: /home/zhr/YOPO-ROS2/Controller/install/quadrotor_msgs/include/quadrotor_msgs/quadrotor_msgs/msg/detail/odometry__functions.c
[0.188s] -- Up-to-date: /home/zhr/YOPO-ROS2/Controller/install/quadrotor_msgs/include/quadrotor_msgs/quadrotor_msgs/msg/detail/so3_command__type_support.h
[0.188s] -- Up-to-date: /home/zhr/YOPO-ROS2/Controller/install/quadrotor_msgs/include/quadrotor_msgs/quadrotor_msgs/msg/detail/aux_command__functions.h
[0.188s] -- Up-to-date: /home/zhr/YOPO-ROS2/Controller/install/quadrotor_msgs/include/quadrotor_msgs/quadrotor_msgs/msg/detail/lqr_trajectory__type_support.c
[0.188s] -- Up-to-date: /home/zhr/YOPO-ROS2/Controller/install/quadrotor_msgs/include/quadrotor_msgs/quadrotor_msgs/msg/detail/polynomial_trajectory__functions.h
[0.188s] -- Up-to-date: /home/zhr/YOPO-ROS2/Controller/install/quadrotor_msgs/include/quadrotor_msgs/quadrotor_msgs/msg/detail/ppr_output_data__struct.h
[0.188s] -- Up-to-date: /home/zhr/YOPO-ROS2/Controller/install/quadrotor_msgs/include/quadrotor_msgs/quadrotor_msgs/msg/detail/corrections__functions.h
[0.188s] -- Up-to-date: /home/zhr/YOPO-ROS2/Controller/install/quadrotor_msgs/include/quadrotor_msgs/quadrotor_msgs/msg/detail/lqr_trajectory__functions.h
[0.188s] -- Up-to-date: /home/zhr/YOPO-ROS2/Controller/install/quadrotor_msgs/include/quadrotor_msgs/quadrotor_msgs/msg/detail/position_command__functions.c
[0.188s] -- Up-to-date: /home/zhr/YOPO-ROS2/Controller/install/quadrotor_msgs/include/quadrotor_msgs/quadrotor_msgs/msg/detail/lqr_trajectory__functions.c
[0.188s] -- Up-to-date: /home/zhr/YOPO-ROS2/Controller/install/quadrotor_msgs/include/quadrotor_msgs/quadrotor_msgs/msg/detail/trpy_command__type_support.h
[0.189s] -- Up-to-date: /home/zhr/YOPO-ROS2/Controller/install/quadrotor_msgs/include/quadrotor_msgs/quadrotor_msgs/msg/detail/serial__type_support.h
[0.189s] -- Up-to-date: /home/zhr/YOPO-ROS2/Controller/install/quadrotor_msgs/include/quadrotor_msgs/quadrotor_msgs/msg/detail/polynomial_trajectory__functions.c
[0.189s] -- Up-to-date: /home/zhr/YOPO-ROS2/Controller/install/quadrotor_msgs/include/quadrotor_msgs/quadrotor_msgs/msg/detail/status_data__struct.h
[0.189s] -- Up-to-date: /home/zhr/YOPO-ROS2/Controller/install/quadrotor_msgs/include/quadrotor_msgs/quadrotor_msgs/msg/detail/trpy_command__type_support.c
[0.189s] -- Up-to-date: /home/zhr/YOPO-ROS2/Controller/install/quadrotor_msgs/include/quadrotor_msgs/quadrotor_msgs/msg/detail/lqr_trajectory__description.c
[0.189s] -- Up-to-date: /home/zhr/YOPO-ROS2/Controller/install/quadrotor_msgs/include/quadrotor_msgs/quadrotor_msgs/msg/detail/ppr_output_data__functions.h
[0.189s] -- Up-to-date: /home/zhr/YOPO-ROS2/Controller/install/quadrotor_msgs/include/quadrotor_msgs/quadrotor_msgs/msg/detail/position_command__struct.h
[0.189s] -- Up-to-date: /home/zhr/YOPO-ROS2/Controller/install/quadrotor_msgs/include/quadrotor_msgs/quadrotor_msgs/msg/detail/ppr_output_data__type_support.h
[0.189s] -- Up-to-date: /home/zhr/YOPO-ROS2/Controller/install/quadrotor_msgs/include/quadrotor_msgs/quadrotor_msgs/msg/detail/polynomial_trajectory__struct.h
[0.189s] -- Up-to-date: /home/zhr/YOPO-ROS2/Controller/install/quadrotor_msgs/include/quadrotor_msgs/quadrotor_msgs/msg/detail/serial__type_support.c
[0.189s] -- Up-to-date: /home/zhr/YOPO-ROS2/Controller/install/quadrotor_msgs/include/quadrotor_msgs/quadrotor_msgs/msg/detail/output_data__struct.h
[0.189s] -- Up-to-date: /home/zhr/YOPO-ROS2/Controller/install/quadrotor_msgs/include/quadrotor_msgs/quadrotor_msgs/msg/detail/gains__functions.c
[0.189s] -- Up-to-date: /home/zhr/YOPO-ROS2/Controller/install/quadrotor_msgs/include/quadrotor_msgs/quadrotor_msgs/msg/detail/aux_command__struct.h
[0.189s] -- Up-to-date: /home/zhr/YOPO-ROS2/Controller/install/quadrotor_msgs/include/quadrotor_msgs/quadrotor_msgs/msg/detail/position_command__type_support.h
[0.189s] -- Up-to-date: /home/zhr/YOPO-ROS2/Controller/install/quadrotor_msgs/include/quadrotor_msgs/quadrotor_msgs/msg/detail/trpy_command__functions.h
[0.189s] -- Up-to-date: /home/zhr/YOPO-ROS2/Controller/install/quadrotor_msgs/include/quadrotor_msgs/quadrotor_msgs/msg/detail/status_data__type_support.h
[0.189s] -- Up-to-date: /home/zhr/YOPO-ROS2/Controller/install/quadrotor_msgs/include/quadrotor_msgs/quadrotor_msgs/msg/detail/serial__struct.h
[0.189s] -- Up-to-date: /home/zhr/YOPO-ROS2/Controller/install/quadrotor_msgs/include/quadrotor_msgs/quadrotor_msgs/msg/detail/aux_command__description.c
[0.190s] -- Up-to-date: /home/zhr/YOPO-ROS2/Controller/install/quadrotor_msgs/include/quadrotor_msgs/quadrotor_msgs/msg/detail/gains__type_support.h
[0.190s] -- Up-to-date: /home/zhr/YOPO-ROS2/Controller/install/quadrotor_msgs/include/quadrotor_msgs/quadrotor_msgs/msg/detail/odometry__type_support.h
[0.190s] -- Up-to-date: /home/zhr/YOPO-ROS2/Controller/install/quadrotor_msgs/include/quadrotor_msgs/quadrotor_msgs/msg/detail/output_data__description.c
[0.190s] -- Up-to-date: /home/zhr/YOPO-ROS2/Controller/install/quadrotor_msgs/include/quadrotor_msgs/quadrotor_msgs/msg/detail/corrections__struct.h
[0.190s] -- Up-to-date: /home/zhr/YOPO-ROS2/Controller/install/quadrotor_msgs/include/quadrotor_msgs/quadrotor_msgs/msg/detail/status_data__type_support.c
[0.190s] -- Up-to-date: /home/zhr/YOPO-ROS2/Controller/install/quadrotor_msgs/include/quadrotor_msgs/quadrotor_msgs/msg/detail/ppr_output_data__type_support.c
[0.190s] -- Up-to-date: /home/zhr/YOPO-ROS2/Controller/install/quadrotor_msgs/include/quadrotor_msgs/quadrotor_msgs/msg/detail/corrections__type_support.h
[0.190s] -- Up-to-date: /home/zhr/YOPO-ROS2/Controller/install/quadrotor_msgs/include/quadrotor_msgs/quadrotor_msgs/msg/detail/position_command__description.c
[0.190s] -- Up-to-date: /home/zhr/YOPO-ROS2/Controller/install/quadrotor_msgs/include/quadrotor_msgs/quadrotor_msgs/msg/detail/status_data__description.c
[0.190s] -- Up-to-date: /home/zhr/YOPO-ROS2/Controller/install/quadrotor_msgs/include/quadrotor_msgs/quadrotor_msgs/msg/detail/polynomial_trajectory__type_support.c
[0.190s] -- Up-to-date: /home/zhr/YOPO-ROS2/Controller/install/quadrotor_msgs/include/quadrotor_msgs/quadrotor_msgs/msg/detail/odometry__description.c
[0.190s] -- Up-to-date: /home/zhr/YOPO-ROS2/Controller/install/quadrotor_msgs/include/quadrotor_msgs/quadrotor_msgs/msg/detail/odometry__functions.h
[0.190s] -- Up-to-date: /home/zhr/YOPO-ROS2/Controller/install/quadrotor_msgs/include/quadrotor_msgs/quadrotor_msgs/msg/detail/corrections__type_support.c
[0.190s] -- Up-to-date: /home/zhr/YOPO-ROS2/Controller/install/quadrotor_msgs/include/quadrotor_msgs/quadrotor_msgs/msg/detail/output_data__functions.h
[0.190s] -- Up-to-date: /home/zhr/YOPO-ROS2/Controller/install/quadrotor_msgs/include/quadrotor_msgs/quadrotor_msgs/msg/detail/aux_command__functions.c
[0.190s] -- Up-to-date: /home/zhr/YOPO-ROS2/Controller/install/quadrotor_msgs/include/quadrotor_msgs/quadrotor_msgs/msg/detail/aux_command__type_support.c
[0.190s] -- Up-to-date: /home/zhr/YOPO-ROS2/Controller/install/quadrotor_msgs/include/quadrotor_msgs/quadrotor_msgs/msg/detail/aux_command__type_support.h
[0.190s] -- Up-to-date: /home/zhr/YOPO-ROS2/Controller/install/quadrotor_msgs/include/quadrotor_msgs/quadrotor_msgs/msg/detail/status_data__functions.c
[0.190s] -- Up-to-date: /home/zhr/YOPO-ROS2/Controller/install/quadrotor_msgs/include/quadrotor_msgs/quadrotor_msgs/msg/detail/output_data__functions.c
[0.190s] -- Up-to-date: /home/zhr/YOPO-ROS2/Controller/install/quadrotor_msgs/include/quadrotor_msgs/quadrotor_msgs/msg/detail/ppr_output_data__description.c
[0.190s] -- Up-to-date: /home/zhr/YOPO-ROS2/Controller/install/quadrotor_msgs/include/quadrotor_msgs/quadrotor_msgs/msg/detail/output_data__type_support.h
[0.190s] -- Up-to-date: /home/zhr/YOPO-ROS2/Controller/install/quadrotor_msgs/include/quadrotor_msgs/quadrotor_msgs/msg/detail/odometry__type_support.c
[0.190s] -- Up-to-date: /home/zhr/YOPO-ROS2/Controller/install/quadrotor_msgs/include/quadrotor_msgs/quadrotor_msgs/msg/detail/so3_command__struct.h
[0.190s] -- Up-to-date: /home/zhr/YOPO-ROS2/Controller/install/quadrotor_msgs/include/quadrotor_msgs/quadrotor_msgs/msg/detail/lqr_trajectory__struct.h
[0.190s] -- Up-to-date: /home/zhr/YOPO-ROS2/Controller/install/quadrotor_msgs/include/quadrotor_msgs/quadrotor_msgs/msg/detail/status_data__functions.h
[0.190s] -- Up-to-date: /home/zhr/YOPO-ROS2/Controller/install/quadrotor_msgs/include/quadrotor_msgs/quadrotor_msgs/msg/detail/polynomial_trajectory__type_support.h
[0.191s] -- Up-to-date: /home/zhr/YOPO-ROS2/Controller/install/quadrotor_msgs/include/quadrotor_msgs/quadrotor_msgs/msg/detail/gains__description.c
[0.191s] -- Up-to-date: /home/zhr/YOPO-ROS2/Controller/install/quadrotor_msgs/include/quadrotor_msgs/quadrotor_msgs/msg/detail/gains__type_support.c
[0.191s] -- Up-to-date: /home/zhr/YOPO-ROS2/Controller/install/quadrotor_msgs/include/quadrotor_msgs/quadrotor_msgs/msg/detail/so3_command__type_support.c
[0.191s] -- Up-to-date: /home/zhr/YOPO-ROS2/Controller/install/quadrotor_msgs/include/quadrotor_msgs/quadrotor_msgs/msg/detail/ppr_output_data__functions.c
[0.191s] -- Up-to-date: /home/zhr/YOPO-ROS2/Controller/install/quadrotor_msgs/include/quadrotor_msgs/quadrotor_msgs/msg/detail/odometry__struct.h
[0.191s] -- Up-to-date: /home/zhr/YOPO-ROS2/Controller/install/quadrotor_msgs/include/quadrotor_msgs/quadrotor_msgs/msg/detail/gains__struct.h
[0.191s] -- Up-to-date: /home/zhr/YOPO-ROS2/Controller/install/quadrotor_msgs/include/quadrotor_msgs/quadrotor_msgs/msg/detail/trpy_command__description.c
[0.191s] -- Up-to-date: /home/zhr/YOPO-ROS2/Controller/install/quadrotor_msgs/include/quadrotor_msgs/quadrotor_msgs/msg/detail/trpy_command__struct.h
[0.191s] -- Up-to-date: /home/zhr/YOPO-ROS2/Controller/install/quadrotor_msgs/include/quadrotor_msgs/quadrotor_msgs/msg/detail/corrections__functions.c
[0.191s] -- Up-to-date: /home/zhr/YOPO-ROS2/Controller/install/quadrotor_msgs/include/quadrotor_msgs/quadrotor_msgs/msg/detail/so3_command__functions.c
[0.191s] -- Up-to-date: /home/zhr/YOPO-ROS2/Controller/install/quadrotor_msgs/include/quadrotor_msgs/quadrotor_msgs/msg/detail/gains__functions.h
[0.191s] -- Up-to-date: /home/zhr/YOPO-ROS2/Controller/install/quadrotor_msgs/include/quadrotor_msgs/quadrotor_msgs/msg/detail/so3_command__functions.h
[0.191s] -- Up-to-date: /home/zhr/YOPO-ROS2/Controller/install/quadrotor_msgs/include/quadrotor_msgs/quadrotor_msgs/msg/detail/so3_command__description.c
[0.191s] -- Up-to-date: /home/zhr/YOPO-ROS2/Controller/install/quadrotor_msgs/include/quadrotor_msgs/quadrotor_msgs/msg/detail/serial__functions.h
[0.191s] -- Up-to-date: /home/zhr/YOPO-ROS2/Controller/install/quadrotor_msgs/include/quadrotor_msgs/quadrotor_msgs/msg/status_data.h
[0.191s] -- Up-to-date: /home/zhr/YOPO-ROS2/Controller/install/quadrotor_msgs/include/quadrotor_msgs/quadrotor_msgs/msg/aux_command.h
[0.191s] -- Up-to-date: /home/zhr/YOPO-ROS2/Controller/install/quadrotor_msgs/include/quadrotor_msgs/quadrotor_msgs/msg/corrections.h
[0.191s] -- Up-to-date: /home/zhr/YOPO-ROS2/Controller/install/quadrotor_msgs/include/quadrotor_msgs/quadrotor_msgs/msg/odometry.h
[0.191s] -- Up-to-date: /home/zhr/YOPO-ROS2/Controller/install/quadrotor_msgs/include/quadrotor_msgs/quadrotor_msgs/msg/rosidl_generator_c__visibility_control.h
[0.191s] -- Up-to-date: /home/zhr/YOPO-ROS2/Controller/install/quadrotor_msgs/include/quadrotor_msgs/quadrotor_msgs/msg/position_command.h
[0.191s] -- Up-to-date: /home/zhr/YOPO-ROS2/Controller/install/quadrotor_msgs/include/quadrotor_msgs/quadrotor_msgs/msg/ppr_output_data.h
[0.191s] -- Up-to-date: /home/zhr/YOPO-ROS2/Controller/install/quadrotor_msgs/include/quadrotor_msgs/quadrotor_msgs/msg/serial.h
[0.191s] -- Up-to-date: /home/zhr/YOPO-ROS2/Controller/install/quadrotor_msgs/include/quadrotor_msgs/quadrotor_msgs/srv
[0.191s] -- Up-to-date: /home/zhr/YOPO-ROS2/Controller/install/quadrotor_msgs/include/quadrotor_msgs/quadrotor_msgs/srv/detail
[0.191s] -- Up-to-date: /home/zhr/YOPO-ROS2/Controller/install/quadrotor_msgs/include/quadrotor_msgs/quadrotor_msgs/srv/detail/set_takeoff_land__type_support.h
[0.191s] -- Up-to-date: /home/zhr/YOPO-ROS2/Controller/install/quadrotor_msgs/include/quadrotor_msgs/quadrotor_msgs/srv/detail/set_takeoff_land__type_support.c
[0.191s] -- Up-to-date: /home/zhr/YOPO-ROS2/Controller/install/quadrotor_msgs/include/quadrotor_msgs/quadrotor_msgs/srv/detail/set_takeoff_land__functions.c
[0.191s] -- Up-to-date: /home/zhr/YOPO-ROS2/Controller/install/quadrotor_msgs/include/quadrotor_msgs/quadrotor_msgs/srv/detail/set_takeoff_land__struct.h
[0.191s] -- Up-to-date: /home/zhr/YOPO-ROS2/Controller/install/quadrotor_msgs/include/quadrotor_msgs/quadrotor_msgs/srv/detail/set_takeoff_land__functions.h
[0.191s] -- Up-to-date: /home/zhr/YOPO-ROS2/Controller/install/quadrotor_msgs/include/quadrotor_msgs/quadrotor_msgs/srv/detail/set_takeoff_land__description.c
[0.191s] -- Up-to-date: /home/zhr/YOPO-ROS2/Controller/install/quadrotor_msgs/include/quadrotor_msgs/quadrotor_msgs/srv/set_takeoff_land.h
[0.191s] -- Up-to-date: /home/zhr/YOPO-ROS2/Controller/install/quadrotor_msgs/share/quadrotor_msgs/environment/library_path.sh
[0.192s] -- Up-to-date: /home/zhr/YOPO-ROS2/Controller/install/quadrotor_msgs/share/quadrotor_msgs/environment/library_path.dsv
[0.192s] -- Up-to-date: /home/zhr/YOPO-ROS2/Controller/install/quadrotor_msgs/lib/libquadrotor_msgs__rosidl_generator_c.so
[0.192s] -- Up-to-date: /home/zhr/YOPO-ROS2/Controller/install/quadrotor_msgs/include/quadrotor_msgs/quadrotor_msgs
[0.192s] -- Up-to-date: /home/zhr/YOPO-ROS2/Controller/install/quadrotor_msgs/include/quadrotor_msgs/quadrotor_msgs/msg
[0.192s] -- Up-to-date: /home/zhr/YOPO-ROS2/Controller/install/quadrotor_msgs/include/quadrotor_msgs/quadrotor_msgs/msg/rosidl_typesupport_fastrtps_c__visibility_control.h
[0.192s] -- Up-to-date: /home/zhr/YOPO-ROS2/Controller/install/quadrotor_msgs/include/quadrotor_msgs/quadrotor_msgs/msg/detail
[0.192s] -- Up-to-date: /home/zhr/YOPO-ROS2/Controller/install/quadrotor_msgs/include/quadrotor_msgs/quadrotor_msgs/msg/detail/so3_command__rosidl_typesupport_fastrtps_c.h
[0.192s] -- Up-to-date: /home/zhr/YOPO-ROS2/Controller/install/quadrotor_msgs/include/quadrotor_msgs/quadrotor_msgs/msg/detail/output_data__rosidl_typesupport_fastrtps_c.h
[0.192s] -- Up-to-date: /home/zhr/YOPO-ROS2/Controller/install/quadrotor_msgs/include/quadrotor_msgs/quadrotor_msgs/msg/detail/status_data__rosidl_typesupport_fastrtps_c.h
[0.192s] -- Up-to-date: /home/zhr/YOPO-ROS2/Controller/install/quadrotor_msgs/include/quadrotor_msgs/quadrotor_msgs/msg/detail/position_command__rosidl_typesupport_fastrtps_c.h
[0.192s] -- Up-to-date: /home/zhr/YOPO-ROS2/Controller/install/quadrotor_msgs/include/quadrotor_msgs/quadrotor_msgs/msg/detail/gains__rosidl_typesupport_fastrtps_c.h
[0.192s] -- Up-to-date: /home/zhr/YOPO-ROS2/Controller/install/quadrotor_msgs/include/quadrotor_msgs/quadrotor_msgs/msg/detail/aux_command__rosidl_typesupport_fastrtps_c.h
[0.192s] -- Up-to-date: /home/zhr/YOPO-ROS2/Controller/install/quadrotor_msgs/include/quadrotor_msgs/quadrotor_msgs/msg/detail/trpy_command__rosidl_typesupport_fastrtps_c.h
[0.192s] -- Up-to-date: /home/zhr/YOPO-ROS2/Controller/install/quadrotor_msgs/include/quadrotor_msgs/quadrotor_msgs/msg/detail/corrections__rosidl_typesupport_fastrtps_c.h
[0.192s] -- Up-to-date: /home/zhr/YOPO-ROS2/Controller/install/quadrotor_msgs/include/quadrotor_msgs/quadrotor_msgs/msg/detail/serial__rosidl_typesupport_fastrtps_c.h
[0.192s] -- Up-to-date: /home/zhr/YOPO-ROS2/Controller/install/quadrotor_msgs/include/quadrotor_msgs/quadrotor_msgs/msg/detail/lqr_trajectory__rosidl_typesupport_fastrtps_c.h
[0.192s] -- Up-to-date: /home/zhr/YOPO-ROS2/Controller/install/quadrotor_msgs/include/quadrotor_msgs/quadrotor_msgs/msg/detail/polynomial_trajectory__rosidl_typesupport_fastrtps_c.h
[0.192s] -- Up-to-date: /home/zhr/YOPO-ROS2/Controller/install/quadrotor_msgs/include/quadrotor_msgs/quadrotor_msgs/msg/detail/odometry__rosidl_typesupport_fastrtps_c.h
[0.192s] -- Up-to-date: /home/zhr/YOPO-ROS2/Controller/install/quadrotor_msgs/include/quadrotor_msgs/quadrotor_msgs/msg/detail/ppr_output_data__rosidl_typesupport_fastrtps_c.h
[0.192s] -- Up-to-date: /home/zhr/YOPO-ROS2/Controller/install/quadrotor_msgs/include/quadrotor_msgs/quadrotor_msgs/srv
[0.192s] -- Up-to-date: /home/zhr/YOPO-ROS2/Controller/install/quadrotor_msgs/include/quadrotor_msgs/quadrotor_msgs/srv/detail
[0.192s] -- Up-to-date: /home/zhr/YOPO-ROS2/Controller/install/quadrotor_msgs/include/quadrotor_msgs/quadrotor_msgs/srv/detail/set_takeoff_land__rosidl_typesupport_fastrtps_c.h
[0.192s] -- Up-to-date: /home/zhr/YOPO-ROS2/Controller/install/quadrotor_msgs/lib/libquadrotor_msgs__rosidl_typesupport_fastrtps_c.so
[0.192s] -- Up-to-date: /home/zhr/YOPO-ROS2/Controller/install/quadrotor_msgs/include/quadrotor_msgs/quadrotor_msgs
[0.192s] -- Up-to-date: /home/zhr/YOPO-ROS2/Controller/install/quadrotor_msgs/include/quadrotor_msgs/quadrotor_msgs/msg
[0.192s] -- Up-to-date: /home/zhr/YOPO-ROS2/Controller/install/quadrotor_msgs/include/quadrotor_msgs/quadrotor_msgs/msg/polynomial_trajectory.hpp
[0.192s] -- Up-to-date: /home/zhr/YOPO-ROS2/Controller/install/quadrotor_msgs/include/quadrotor_msgs/quadrotor_msgs/msg/aux_command.hpp
[0.192s] -- Up-to-date: /home/zhr/YOPO-ROS2/Controller/install/quadrotor_msgs/include/quadrotor_msgs/quadrotor_msgs/msg/corrections.hpp
[0.192s] -- Up-to-date: /home/zhr/YOPO-ROS2/Controller/install/quadrotor_msgs/include/quadrotor_msgs/quadrotor_msgs/msg/trpy_command.hpp
[0.192s] -- Up-to-date: /home/zhr/YOPO-ROS2/Controller/install/quadrotor_msgs/include/quadrotor_msgs/quadrotor_msgs/msg/so3_command.hpp
[0.192s] -- Up-to-date: /home/zhr/YOPO-ROS2/Controller/install/quadrotor_msgs/include/quadrotor_msgs/quadrotor_msgs/msg/gains.hpp
[0.193s] -- Up-to-date: /home/zhr/YOPO-ROS2/Controller/install/quadrotor_msgs/include/quadrotor_msgs/quadrotor_msgs/msg/status_data.hpp
[0.193s] -- Up-to-date: /home/zhr/YOPO-ROS2/Controller/install/quadrotor_msgs/include/quadrotor_msgs/quadrotor_msgs/msg/detail
[0.193s] -- Up-to-date: /home/zhr/YOPO-ROS2/Controller/install/quadrotor_msgs/include/quadrotor_msgs/quadrotor_msgs/msg/detail/serial__traits.hpp
[0.193s] -- Up-to-date: /home/zhr/YOPO-ROS2/Controller/install/quadrotor_msgs/include/quadrotor_msgs/quadrotor_msgs/msg/detail/so3_command__builder.hpp
[0.193s] -- Up-to-date: /home/zhr/YOPO-ROS2/Controller/install/quadrotor_msgs/include/quadrotor_msgs/quadrotor_msgs/msg/detail/trpy_command__type_support.hpp
[0.193s] -- Up-to-date: /home/zhr/YOPO-ROS2/Controller/install/quadrotor_msgs/include/quadrotor_msgs/quadrotor_msgs/msg/detail/polynomial_trajectory__type_support.hpp
[0.193s] -- Up-to-date: /home/zhr/YOPO-ROS2/Controller/install/quadrotor_msgs/include/quadrotor_msgs/quadrotor_msgs/msg/detail/lqr_trajectory__struct.hpp
[0.193s] -- Up-to-date: /home/zhr/YOPO-ROS2/Controller/install/quadrotor_msgs/include/quadrotor_msgs/quadrotor_msgs/msg/detail/lqr_trajectory__traits.hpp
[0.193s] -- Up-to-date: /home/zhr/YOPO-ROS2/Controller/install/quadrotor_msgs/include/quadrotor_msgs/quadrotor_msgs/msg/detail/trpy_command__builder.hpp
[0.193s] -- Up-to-date: /home/zhr/YOPO-ROS2/Controller/install/quadrotor_msgs/include/quadrotor_msgs/quadrotor_msgs/msg/detail/position_command__builder.hpp
[0.193s] -- Up-to-date: /home/zhr/YOPO-ROS2/Controller/install/quadrotor_msgs/include/quadrotor_msgs/quadrotor_msgs/msg/detail/status_data__builder.hpp
[0.193s] -- Up-to-date: /home/zhr/YOPO-ROS2/Controller/install/quadrotor_msgs/include/quadrotor_msgs/quadrotor_msgs/msg/detail/corrections__type_support.hpp
[0.193s] -- Up-to-date: /home/zhr/YOPO-ROS2/Controller/install/quadrotor_msgs/include/quadrotor_msgs/quadrotor_msgs/msg/detail/corrections__traits.hpp
[0.193s] -- Up-to-date: /home/zhr/YOPO-ROS2/Controller/install/quadrotor_msgs/include/quadrotor_msgs/quadrotor_msgs/msg/detail/polynomial_trajectory__builder.hpp
[0.193s] -- Up-to-date: /home/zhr/YOPO-ROS2/Controller/install/quadrotor_msgs/include/quadrotor_msgs/quadrotor_msgs/msg/detail/ppr_output_data__traits.hpp
[0.193s] -- Up-to-date: /home/zhr/YOPO-ROS2/Controller/install/quadrotor_msgs/include/quadrotor_msgs/quadrotor_msgs/msg/detail/status_data__traits.hpp
[0.193s] -- Up-to-date: /home/zhr/YOPO-ROS2/Controller/install/quadrotor_msgs/include/quadrotor_msgs/quadrotor_msgs/msg/detail/aux_command__traits.hpp
[0.193s] -- Up-to-date: /home/zhr/YOPO-ROS2/Controller/install/quadrotor_msgs/include/quadrotor_msgs/quadrotor_msgs/msg/detail/status_data__struct.hpp
[0.193s] -- Up-to-date: /home/zhr/YOPO-ROS2/Controller/install/quadrotor_msgs/include/quadrotor_msgs/quadrotor_msgs/msg/detail/serial__builder.hpp
[0.193s] -- Up-to-date: /home/zhr/YOPO-ROS2/Controller/install/quadrotor_msgs/include/quadrotor_msgs/quadrotor_msgs/msg/detail/so3_command__traits.hpp
[0.193s] -- Up-to-date: /home/zhr/YOPO-ROS2/Controller/install/quadrotor_msgs/include/quadrotor_msgs/quadrotor_msgs/msg/detail/serial__struct.hpp
[0.193s] -- Up-to-date: /home/zhr/YOPO-ROS2/Controller/install/quadrotor_msgs/include/quadrotor_msgs/quadrotor_msgs/msg/detail/gains__traits.hpp
[0.193s] -- Up-to-date: /home/zhr/YOPO-ROS2/Controller/install/quadrotor_msgs/include/quadrotor_msgs/quadrotor_msgs/msg/detail/status_data__type_support.hpp
[0.193s] -- Up-to-date: /home/zhr/YOPO-ROS2/Controller/install/quadrotor_msgs/include/quadrotor_msgs/quadrotor_msgs/msg/detail/aux_command__struct.hpp
[0.193s] -- Up-to-date: /home/zhr/YOPO-ROS2/Controller/install/quadrotor_msgs/include/quadrotor_msgs/quadrotor_msgs/msg/detail/lqr_trajectory__builder.hpp
[0.193s] -- Up-to-date: /home/zhr/YOPO-ROS2/Controller/install/quadrotor_msgs/include/quadrotor_msgs/quadrotor_msgs/msg/detail/corrections__struct.hpp
[0.193s] -- Up-to-date: /home/zhr/YOPO-ROS2/Controller/install/quadrotor_msgs/include/quadrotor_msgs/quadrotor_msgs/msg/detail/ppr_output_data__type_support.hpp
[0.193s] -- Up-to-date: /home/zhr/YOPO-ROS2/Controller/install/quadrotor_msgs/include/quadrotor_msgs/quadrotor_msgs/msg/detail/polynomial_trajectory__traits.hpp
[0.193s] -- Up-to-date: /home/zhr/YOPO-ROS2/Controller/install/quadrotor_msgs/include/quadrotor_msgs/quadrotor_msgs/msg/detail/output_data__traits.hpp
[0.193s] -- Up-to-date: /home/zhr/YOPO-ROS2/Controller/install/quadrotor_msgs/include/quadrotor_msgs/quadrotor_msgs/msg/detail/gains__struct.hpp
[0.193s] -- Up-to-date: /home/zhr/YOPO-ROS2/Controller/install/quadrotor_msgs/include/quadrotor_msgs/quadrotor_msgs/msg/detail/corrections__builder.hpp
[0.193s] -- Up-to-date: /home/zhr/YOPO-ROS2/Controller/install/quadrotor_msgs/include/quadrotor_msgs/quadrotor_msgs/msg/detail/polynomial_trajectory__struct.hpp
[0.193s] -- Up-to-date: /home/zhr/YOPO-ROS2/Controller/install/quadrotor_msgs/include/quadrotor_msgs/quadrotor_msgs/msg/detail/serial__type_support.hpp
[0.193s] -- Up-to-date: /home/zhr/YOPO-ROS2/Controller/install/quadrotor_msgs/include/quadrotor_msgs/quadrotor_msgs/msg/detail/trpy_command__traits.hpp
[0.193s] -- Up-to-date: /home/zhr/YOPO-ROS2/Controller/install/quadrotor_msgs/include/quadrotor_msgs/quadrotor_msgs/msg/detail/position_command__traits.hpp
[0.193s] -- Up-to-date: /home/zhr/YOPO-ROS2/Controller/install/quadrotor_msgs/include/quadrotor_msgs/quadrotor_msgs/msg/detail/so3_command__struct.hpp
[0.193s] -- Up-to-date: /home/zhr/YOPO-ROS2/Controller/install/quadrotor_msgs/include/quadrotor_msgs/quadrotor_msgs/msg/detail/output_data__struct.hpp
[0.193s] -- Up-to-date: /home/zhr/YOPO-ROS2/Controller/install/quadrotor_msgs/include/quadrotor_msgs/quadrotor_msgs/msg/detail/odometry__type_support.hpp
[0.193s] -- Up-to-date: /home/zhr/YOPO-ROS2/Controller/install/quadrotor_msgs/include/quadrotor_msgs/quadrotor_msgs/msg/detail/lqr_trajectory__type_support.hpp
[0.193s] -- Up-to-date: /home/zhr/YOPO-ROS2/Controller/install/quadrotor_msgs/include/quadrotor_msgs/quadrotor_msgs/msg/detail/output_data__builder.hpp
[0.193s] -- Up-to-date: /home/zhr/YOPO-ROS2/Controller/install/quadrotor_msgs/include/quadrotor_msgs/quadrotor_msgs/msg/detail/odometry__traits.hpp
[0.193s] -- Up-to-date: /home/zhr/YOPO-ROS2/Controller/install/quadrotor_msgs/include/quadrotor_msgs/quadrotor_msgs/msg/detail/ppr_output_data__builder.hpp
[0.193s] -- Up-to-date: /home/zhr/YOPO-ROS2/Controller/install/quadrotor_msgs/include/quadrotor_msgs/quadrotor_msgs/msg/detail/output_data__type_support.hpp
[0.193s] -- Up-to-date: /home/zhr/YOPO-ROS2/Controller/install/quadrotor_msgs/include/quadrotor_msgs/quadrotor_msgs/msg/detail/odometry__builder.hpp
[0.194s] -- Up-to-date: /home/zhr/YOPO-ROS2/Controller/install/quadrotor_msgs/include/quadrotor_msgs/quadrotor_msgs/msg/detail/ppr_output_data__struct.hpp
[0.194s] -- Up-to-date: /home/zhr/YOPO-ROS2/Controller/install/quadrotor_msgs/include/quadrotor_msgs/quadrotor_msgs/msg/detail/aux_command__builder.hpp
[0.194s] -- Up-to-date: /home/zhr/YOPO-ROS2/Controller/install/quadrotor_msgs/include/quadrotor_msgs/quadrotor_msgs/msg/detail/trpy_command__struct.hpp
[0.194s] -- Up-to-date: /home/zhr/YOPO-ROS2/Controller/install/quadrotor_msgs/include/quadrotor_msgs/quadrotor_msgs/msg/detail/gains__builder.hpp
[0.194s] -- Up-to-date: /home/zhr/YOPO-ROS2/Controller/install/quadrotor_msgs/include/quadrotor_msgs/quadrotor_msgs/msg/detail/aux_command__type_support.hpp
[0.194s] -- Up-to-date: /home/zhr/YOPO-ROS2/Controller/install/quadrotor_msgs/include/quadrotor_msgs/quadrotor_msgs/msg/detail/position_command__type_support.hpp
[0.194s] -- Up-to-date: /home/zhr/YOPO-ROS2/Controller/install/quadrotor_msgs/include/quadrotor_msgs/quadrotor_msgs/msg/detail/odometry__struct.hpp
[0.194s] -- Up-to-date: /home/zhr/YOPO-ROS2/Controller/install/quadrotor_msgs/include/quadrotor_msgs/quadrotor_msgs/msg/detail/position_command__struct.hpp
[0.194s] -- Up-to-date: /home/zhr/YOPO-ROS2/Controller/install/quadrotor_msgs/include/quadrotor_msgs/quadrotor_msgs/msg/detail/so3_command__type_support.hpp
[0.194s] -- Up-to-date: /home/zhr/YOPO-ROS2/Controller/install/quadrotor_msgs/include/quadrotor_msgs/quadrotor_msgs/msg/detail/gains__type_support.hpp
[0.194s] -- Up-to-date: /home/zhr/YOPO-ROS2/Controller/install/quadrotor_msgs/include/quadrotor_msgs/quadrotor_msgs/msg/rosidl_generator_cpp__visibility_control.hpp
[0.194s] -- Up-to-date: /home/zhr/YOPO-ROS2/Controller/install/quadrotor_msgs/include/quadrotor_msgs/quadrotor_msgs/msg/odometry.hpp
[0.194s] -- Up-to-date: /home/zhr/YOPO-ROS2/Controller/install/quadrotor_msgs/include/quadrotor_msgs/quadrotor_msgs/msg/output_data.hpp
[0.194s] -- Up-to-date: /home/zhr/YOPO-ROS2/Controller/install/quadrotor_msgs/include/quadrotor_msgs/quadrotor_msgs/msg/position_command.hpp
[0.194s] -- Up-to-date: /home/zhr/YOPO-ROS2/Controller/install/quadrotor_msgs/include/quadrotor_msgs/quadrotor_msgs/msg/ppr_output_data.hpp
[0.194s] -- Up-to-date: /home/zhr/YOPO-ROS2/Controller/install/quadrotor_msgs/include/quadrotor_msgs/quadrotor_msgs/msg/serial.hpp
[0.194s] -- Up-to-date: /home/zhr/YOPO-ROS2/Controller/install/quadrotor_msgs/include/quadrotor_msgs/quadrotor_msgs/msg/lqr_trajectory.hpp
[0.194s] -- Up-to-date: /home/zhr/YOPO-ROS2/Controller/install/quadrotor_msgs/include/quadrotor_msgs/quadrotor_msgs/srv
[0.194s] -- Up-to-date: /home/zhr/YOPO-ROS2/Controller/install/quadrotor_msgs/include/quadrotor_msgs/quadrotor_msgs/srv/detail
[0.194s] -- Up-to-date: /home/zhr/YOPO-ROS2/Controller/install/quadrotor_msgs/include/quadrotor_msgs/quadrotor_msgs/srv/detail/set_takeoff_land__traits.hpp
[0.194s] -- Up-to-date: /home/zhr/YOPO-ROS2/Controller/install/quadrotor_msgs/include/quadrotor_msgs/quadrotor_msgs/srv/detail/set_takeoff_land__builder.hpp
[0.194s] -- Up-to-date: /home/zhr/YOPO-ROS2/Controller/install/quadrotor_msgs/include/quadrotor_msgs/quadrotor_msgs/srv/detail/set_takeoff_land__struct.hpp
[0.194s] -- Up-to-date: /home/zhr/YOPO-ROS2/Controller/install/quadrotor_msgs/include/quadrotor_msgs/quadrotor_msgs/srv/detail/set_takeoff_land__type_support.hpp
[0.194s] -- Up-to-date: /home/zhr/YOPO-ROS2/Controller/install/quadrotor_msgs/include/quadrotor_msgs/quadrotor_msgs/srv/set_takeoff_land.hpp
[0.194s] -- Up-to-date: /home/zhr/YOPO-ROS2/Controller/install/quadrotor_msgs/include/quadrotor_msgs/quadrotor_msgs
[0.194s] -- Up-to-date: /home/zhr/YOPO-ROS2/Controller/install/quadrotor_msgs/include/quadrotor_msgs/quadrotor_msgs/msg
[0.194s] -- Up-to-date: /home/zhr/YOPO-ROS2/Controller/install/quadrotor_msgs/include/quadrotor_msgs/quadrotor_msgs/msg/detail
[0.194s] -- Up-to-date: /home/zhr/YOPO-ROS2/Controller/install/quadrotor_msgs/include/quadrotor_msgs/quadrotor_msgs/msg/detail/aux_command__rosidl_typesupport_fastrtps_cpp.hpp
[0.194s] -- Up-to-date: /home/zhr/YOPO-ROS2/Controller/install/quadrotor_msgs/include/quadrotor_msgs/quadrotor_msgs/msg/detail/status_data__rosidl_typesupport_fastrtps_cpp.hpp
[0.194s] -- Up-to-date: /home/zhr/YOPO-ROS2/Controller/install/quadrotor_msgs/include/quadrotor_msgs/quadrotor_msgs/msg/detail/serial__rosidl_typesupport_fastrtps_cpp.hpp
[0.194s] -- Up-to-date: /home/zhr/YOPO-ROS2/Controller/install/quadrotor_msgs/include/quadrotor_msgs/quadrotor_msgs/msg/detail/dds_fastrtps
[0.194s] -- Up-to-date: /home/zhr/YOPO-ROS2/Controller/install/quadrotor_msgs/include/quadrotor_msgs/quadrotor_msgs/msg/detail/odometry__rosidl_typesupport_fastrtps_cpp.hpp
[0.194s] -- Up-to-date: /home/zhr/YOPO-ROS2/Controller/install/quadrotor_msgs/include/quadrotor_msgs/quadrotor_msgs/msg/detail/trpy_command__rosidl_typesupport_fastrtps_cpp.hpp
[0.194s] -- Up-to-date: /home/zhr/YOPO-ROS2/Controller/install/quadrotor_msgs/include/quadrotor_msgs/quadrotor_msgs/msg/detail/so3_command__rosidl_typesupport_fastrtps_cpp.hpp
[0.194s] -- Up-to-date: /home/zhr/YOPO-ROS2/Controller/install/quadrotor_msgs/include/quadrotor_msgs/quadrotor_msgs/msg/detail/polynomial_trajectory__rosidl_typesupport_fastrtps_cpp.hpp
[0.194s] -- Up-to-date: /home/zhr/YOPO-ROS2/Controller/install/quadrotor_msgs/include/quadrotor_msgs/quadrotor_msgs/msg/detail/ppr_output_data__rosidl_typesupport_fastrtps_cpp.hpp
[0.194s] -- Up-to-date: /home/zhr/YOPO-ROS2/Controller/install/quadrotor_msgs/include/quadrotor_msgs/quadrotor_msgs/msg/detail/position_command__rosidl_typesupport_fastrtps_cpp.hpp
[0.194s] -- Up-to-date: /home/zhr/YOPO-ROS2/Controller/install/quadrotor_msgs/include/quadrotor_msgs/quadrotor_msgs/msg/detail/corrections__rosidl_typesupport_fastrtps_cpp.hpp
[0.194s] -- Up-to-date: /home/zhr/YOPO-ROS2/Controller/install/quadrotor_msgs/include/quadrotor_msgs/quadrotor_msgs/msg/detail/output_data__rosidl_typesupport_fastrtps_cpp.hpp
[0.194s] -- Up-to-date: /home/zhr/YOPO-ROS2/Controller/install/quadrotor_msgs/include/quadrotor_msgs/quadrotor_msgs/msg/detail/lqr_trajectory__rosidl_typesupport_fastrtps_cpp.hpp
[0.194s] -- Up-to-date: /home/zhr/YOPO-ROS2/Controller/install/quadrotor_msgs/include/quadrotor_msgs/quadrotor_msgs/msg/detail/gains__rosidl_typesupport_fastrtps_cpp.hpp
[0.194s] -- Up-to-date: /home/zhr/YOPO-ROS2/Controller/install/quadrotor_msgs/include/quadrotor_msgs/quadrotor_msgs/msg/rosidl_typesupport_fastrtps_cpp__visibility_control.h
[0.194s] -- Up-to-date: /home/zhr/YOPO-ROS2/Controller/install/quadrotor_msgs/include/quadrotor_msgs/quadrotor_msgs/srv
[0.195s] -- Up-to-date: /home/zhr/YOPO-ROS2/Controller/install/quadrotor_msgs/include/quadrotor_msgs/quadrotor_msgs/srv/detail
[0.195s] -- Up-to-date: /home/zhr/YOPO-ROS2/Controller/install/quadrotor_msgs/include/quadrotor_msgs/quadrotor_msgs/srv/detail/dds_fastrtps
[0.195s] -- Up-to-date: /home/zhr/YOPO-ROS2/Controller/install/quadrotor_msgs/include/quadrotor_msgs/quadrotor_msgs/srv/detail/set_takeoff_land__rosidl_typesupport_fastrtps_cpp.hpp
[0.195s] -- Up-to-date: /home/zhr/YOPO-ROS2/Controller/install/quadrotor_msgs/lib/libquadrotor_msgs__rosidl_typesupport_fastrtps_cpp.so
[0.195s] -- Up-to-date: /home/zhr/YOPO-ROS2/Controller/install/quadrotor_msgs/include/quadrotor_msgs/quadrotor_msgs
[0.195s] -- Up-to-date: /home/zhr/YOPO-ROS2/Controller/install/quadrotor_msgs/include/quadrotor_msgs/quadrotor_msgs/msg
[0.195s] -- Up-to-date: /home/zhr/YOPO-ROS2/Controller/install/quadrotor_msgs/include/quadrotor_msgs/quadrotor_msgs/msg/detail
[0.195s] -- Up-to-date: /home/zhr/YOPO-ROS2/Controller/install/quadrotor_msgs/include/quadrotor_msgs/quadrotor_msgs/msg/detail/output_data__rosidl_typesupport_introspection_c.h
[0.195s] -- Up-to-date: /home/zhr/YOPO-ROS2/Controller/install/quadrotor_msgs/include/quadrotor_msgs/quadrotor_msgs/msg/detail/aux_command__rosidl_typesupport_introspection_c.h
[0.195s] -- Up-to-date: /home/zhr/YOPO-ROS2/Controller/install/quadrotor_msgs/include/quadrotor_msgs/quadrotor_msgs/msg/detail/position_command__type_support.c
[0.195s] -- Up-to-date: /home/zhr/YOPO-ROS2/Controller/install/quadrotor_msgs/include/quadrotor_msgs/quadrotor_msgs/msg/detail/output_data__type_support.c
[0.195s] -- Up-to-date: /home/zhr/YOPO-ROS2/Controller/install/quadrotor_msgs/include/quadrotor_msgs/quadrotor_msgs/msg/detail/ppr_output_data__rosidl_typesupport_introspection_c.h
[0.195s] -- Up-to-date: /home/zhr/YOPO-ROS2/Controller/install/quadrotor_msgs/include/quadrotor_msgs/quadrotor_msgs/msg/detail/lqr_trajectory__type_support.c
[0.195s] -- Up-to-date: /home/zhr/YOPO-ROS2/Controller/install/quadrotor_msgs/include/quadrotor_msgs/quadrotor_msgs/msg/detail/polynomial_trajectory__rosidl_typesupport_introspection_c.h
[0.195s] -- Up-to-date: /home/zhr/YOPO-ROS2/Controller/install/quadrotor_msgs/include/quadrotor_msgs/quadrotor_msgs/msg/detail/trpy_command__type_support.c
[0.195s] -- Up-to-date: /home/zhr/YOPO-ROS2/Controller/install/quadrotor_msgs/include/quadrotor_msgs/quadrotor_msgs/msg/detail/serial__type_support.c
[0.195s] -- Up-to-date: /home/zhr/YOPO-ROS2/Controller/install/quadrotor_msgs/include/quadrotor_msgs/quadrotor_msgs/msg/detail/status_data__type_support.c
[0.195s] -- Up-to-date: /home/zhr/YOPO-ROS2/Controller/install/quadrotor_msgs/include/quadrotor_msgs/quadrotor_msgs/msg/detail/ppr_output_data__type_support.c
[0.195s] -- Up-to-date: /home/zhr/YOPO-ROS2/Controller/install/quadrotor_msgs/include/quadrotor_msgs/quadrotor_msgs/msg/detail/status_data__rosidl_typesupport_introspection_c.h
[0.195s] -- Up-to-date: /home/zhr/YOPO-ROS2/Controller/install/quadrotor_msgs/include/quadrotor_msgs/quadrotor_msgs/msg/detail/odometry__rosidl_typesupport_introspection_c.h
[0.195s] -- Up-to-date: /home/zhr/YOPO-ROS2/Controller/install/quadrotor_msgs/include/quadrotor_msgs/quadrotor_msgs/msg/detail/polynomial_trajectory__type_support.c
[0.195s] -- Up-to-date: /home/zhr/YOPO-ROS2/Controller/install/quadrotor_msgs/include/quadrotor_msgs/quadrotor_msgs/msg/detail/corrections__type_support.c
[0.195s] -- Up-to-date: /home/zhr/YOPO-ROS2/Controller/install/quadrotor_msgs/include/quadrotor_msgs/quadrotor_msgs/msg/detail/aux_command__type_support.c
[0.195s] -- Up-to-date: /home/zhr/YOPO-ROS2/Controller/install/quadrotor_msgs/include/quadrotor_msgs/quadrotor_msgs/msg/detail/odometry__type_support.c
[0.195s] -- Up-to-date: /home/zhr/YOPO-ROS2/Controller/install/quadrotor_msgs/include/quadrotor_msgs/quadrotor_msgs/msg/detail/position_command__rosidl_typesupport_introspection_c.h
[0.195s] -- Up-to-date: /home/zhr/YOPO-ROS2/Controller/install/quadrotor_msgs/include/quadrotor_msgs/quadrotor_msgs/msg/detail/gains__type_support.c
[0.195s] -- Up-to-date: /home/zhr/YOPO-ROS2/Controller/install/quadrotor_msgs/include/quadrotor_msgs/quadrotor_msgs/msg/detail/so3_command__type_support.c
[0.195s] -- Up-to-date: /home/zhr/YOPO-ROS2/Controller/install/quadrotor_msgs/include/quadrotor_msgs/quadrotor_msgs/msg/detail/gains__rosidl_typesupport_introspection_c.h
[0.195s] -- Up-to-date: /home/zhr/YOPO-ROS2/Controller/install/quadrotor_msgs/include/quadrotor_msgs/quadrotor_msgs/msg/detail/lqr_trajectory__rosidl_typesupport_introspection_c.h
[0.195s] -- Up-to-date: /home/zhr/YOPO-ROS2/Controller/install/quadrotor_msgs/include/quadrotor_msgs/quadrotor_msgs/msg/detail/serial__rosidl_typesupport_introspection_c.h
[0.195s] -- Up-to-date: /home/zhr/YOPO-ROS2/Controller/install/quadrotor_msgs/include/quadrotor_msgs/quadrotor_msgs/msg/detail/so3_command__rosidl_typesupport_introspection_c.h
[0.195s] -- Up-to-date: /home/zhr/YOPO-ROS2/Controller/install/quadrotor_msgs/include/quadrotor_msgs/quadrotor_msgs/msg/detail/trpy_command__rosidl_typesupport_introspection_c.h
[0.195s] -- Up-to-date: /home/zhr/YOPO-ROS2/Controller/install/quadrotor_msgs/include/quadrotor_msgs/quadrotor_msgs/msg/detail/corrections__rosidl_typesupport_introspection_c.h
[0.195s] -- Up-to-date: /home/zhr/YOPO-ROS2/Controller/install/quadrotor_msgs/include/quadrotor_msgs/quadrotor_msgs/msg/rosidl_typesupport_introspection_c__visibility_control.h
[0.195s] -- Up-to-date: /home/zhr/YOPO-ROS2/Controller/install/quadrotor_msgs/include/quadrotor_msgs/quadrotor_msgs/srv
[0.195s] -- Up-to-date: /home/zhr/YOPO-ROS2/Controller/install/quadrotor_msgs/include/quadrotor_msgs/quadrotor_msgs/srv/detail
[0.195s] -- Up-to-date: /home/zhr/YOPO-ROS2/Controller/install/quadrotor_msgs/include/quadrotor_msgs/quadrotor_msgs/srv/detail/set_takeoff_land__rosidl_typesupport_introspection_c.h
[0.195s] -- Up-to-date: /home/zhr/YOPO-ROS2/Controller/install/quadrotor_msgs/include/quadrotor_msgs/quadrotor_msgs/srv/detail/set_takeoff_land__type_support.c
[0.195s] -- Up-to-date: /home/zhr/YOPO-ROS2/Controller/install/quadrotor_msgs/lib/libquadrotor_msgs__rosidl_typesupport_introspection_c.so
[0.195s] -- Up-to-date: /home/zhr/YOPO-ROS2/Controller/install/quadrotor_msgs/lib/libquadrotor_msgs__rosidl_typesupport_c.so
[0.195s] -- Up-to-date: /home/zhr/YOPO-ROS2/Controller/install/quadrotor_msgs/include/quadrotor_msgs/quadrotor_msgs
[0.196s] -- Up-to-date: /home/zhr/YOPO-ROS2/Controller/install/quadrotor_msgs/include/quadrotor_msgs/quadrotor_msgs/msg
[0.196s] -- Up-to-date: /home/zhr/YOPO-ROS2/Controller/install/quadrotor_msgs/include/quadrotor_msgs/quadrotor_msgs/msg/detail
[0.196s] -- Up-to-date: /home/zhr/YOPO-ROS2/Controller/install/quadrotor_msgs/include/quadrotor_msgs/quadrotor_msgs/msg/detail/odometry__rosidl_typesupport_introspection_cpp.hpp
[0.196s] -- Up-to-date: /home/zhr/YOPO-ROS2/Controller/install/quadrotor_msgs/include/quadrotor_msgs/quadrotor_msgs/msg/detail/so3_command__type_support.cpp
[0.196s] -- Up-to-date: /home/zhr/YOPO-ROS2/Controller/install/quadrotor_msgs/include/quadrotor_msgs/quadrotor_msgs/msg/detail/trpy_command__type_support.cpp
[0.196s] -- Up-to-date: /home/zhr/YOPO-ROS2/Controller/install/quadrotor_msgs/include/quadrotor_msgs/quadrotor_msgs/msg/detail/gains__type_support.cpp
[0.196s] -- Up-to-date: /home/zhr/YOPO-ROS2/Controller/install/quadrotor_msgs/include/quadrotor_msgs/quadrotor_msgs/msg/detail/ppr_output_data__type_support.cpp
[0.196s] -- Up-to-date: /home/zhr/YOPO-ROS2/Controller/install/quadrotor_msgs/include/quadrotor_msgs/quadrotor_msgs/msg/detail/odometry__type_support.cpp
[0.196s] -- Up-to-date: /home/zhr/YOPO-ROS2/Controller/install/quadrotor_msgs/include/quadrotor_msgs/quadrotor_msgs/msg/detail/corrections__type_support.cpp
[0.196s] -- Up-to-date: /home/zhr/YOPO-ROS2/Controller/install/quadrotor_msgs/include/quadrotor_msgs/quadrotor_msgs/msg/detail/polynomial_trajectory__rosidl_typesupport_introspection_cpp.hpp
[0.196s] -- Up-to-date: /home/zhr/YOPO-ROS2/Controller/install/quadrotor_msgs/include/quadrotor_msgs/quadrotor_msgs/msg/detail/corrections__rosidl_typesupport_introspection_cpp.hpp
[0.196s] -- Up-to-date: /home/zhr/YOPO-ROS2/Controller/install/quadrotor_msgs/include/quadrotor_msgs/quadrotor_msgs/msg/detail/output_data__rosidl_typesupport_introspection_cpp.hpp
[0.196s] -- Up-to-date: /home/zhr/YOPO-ROS2/Controller/install/quadrotor_msgs/include/quadrotor_msgs/quadrotor_msgs/msg/detail/polynomial_trajectory__type_support.cpp
[0.196s] -- Up-to-date: /home/zhr/YOPO-ROS2/Controller/install/quadrotor_msgs/include/quadrotor_msgs/quadrotor_msgs/msg/detail/aux_command__type_support.cpp
[0.196s] -- Up-to-date: /home/zhr/YOPO-ROS2/Controller/install/quadrotor_msgs/include/quadrotor_msgs/quadrotor_msgs/msg/detail/status_data__rosidl_typesupport_introspection_cpp.hpp
[0.196s] -- Up-to-date: /home/zhr/YOPO-ROS2/Controller/install/quadrotor_msgs/include/quadrotor_msgs/quadrotor_msgs/msg/detail/trpy_command__rosidl_typesupport_introspection_cpp.hpp
[0.196s] -- Up-to-date: /home/zhr/YOPO-ROS2/Controller/install/quadrotor_msgs/include/quadrotor_msgs/quadrotor_msgs/msg/detail/position_command__type_support.cpp
[0.196s] -- Up-to-date: /home/zhr/YOPO-ROS2/Controller/install/quadrotor_msgs/include/quadrotor_msgs/quadrotor_msgs/msg/detail/status_data__type_support.cpp
[0.196s] -- Up-to-date: /home/zhr/YOPO-ROS2/Controller/install/quadrotor_msgs/include/quadrotor_msgs/quadrotor_msgs/msg/detail/serial__type_support.cpp
[0.196s] -- Up-to-date: /home/zhr/YOPO-ROS2/Controller/install/quadrotor_msgs/include/quadrotor_msgs/quadrotor_msgs/msg/detail/lqr_trajectory__rosidl_typesupport_introspection_cpp.hpp
[0.196s] -- Up-to-date: /home/zhr/YOPO-ROS2/Controller/install/quadrotor_msgs/include/quadrotor_msgs/quadrotor_msgs/msg/detail/aux_command__rosidl_typesupport_introspection_cpp.hpp
[0.196s] -- Up-to-date: /home/zhr/YOPO-ROS2/Controller/install/quadrotor_msgs/include/quadrotor_msgs/quadrotor_msgs/msg/detail/ppr_output_data__rosidl_typesupport_introspection_cpp.hpp
[0.196s] -- Up-to-date: /home/zhr/YOPO-ROS2/Controller/install/quadrotor_msgs/include/quadrotor_msgs/quadrotor_msgs/msg/detail/gains__rosidl_typesupport_introspection_cpp.hpp
[0.196s] -- Up-to-date: /home/zhr/YOPO-ROS2/Controller/install/quadrotor_msgs/include/quadrotor_msgs/quadrotor_msgs/msg/detail/serial__rosidl_typesupport_introspection_cpp.hpp
[0.196s] -- Up-to-date: /home/zhr/YOPO-ROS2/Controller/install/quadrotor_msgs/include/quadrotor_msgs/quadrotor_msgs/msg/detail/output_data__type_support.cpp
[0.196s] -- Up-to-date: /home/zhr/YOPO-ROS2/Controller/install/quadrotor_msgs/include/quadrotor_msgs/quadrotor_msgs/msg/detail/so3_command__rosidl_typesupport_introspection_cpp.hpp
[0.196s] -- Up-to-date: /home/zhr/YOPO-ROS2/Controller/install/quadrotor_msgs/include/quadrotor_msgs/quadrotor_msgs/msg/detail/position_command__rosidl_typesupport_introspection_cpp.hpp
[0.196s] -- Up-to-date: /home/zhr/YOPO-ROS2/Controller/install/quadrotor_msgs/include/quadrotor_msgs/quadrotor_msgs/msg/detail/lqr_trajectory__type_support.cpp
[0.196s] -- Up-to-date: /home/zhr/YOPO-ROS2/Controller/install/quadrotor_msgs/include/quadrotor_msgs/quadrotor_msgs/srv
[0.196s] -- Up-to-date: /home/zhr/YOPO-ROS2/Controller/install/quadrotor_msgs/include/quadrotor_msgs/quadrotor_msgs/srv/detail
[0.196s] -- Up-to-date: /home/zhr/YOPO-ROS2/Controller/install/quadrotor_msgs/include/quadrotor_msgs/quadrotor_msgs/srv/detail/set_takeoff_land__type_support.cpp
[0.196s] -- Up-to-date: /home/zhr/YOPO-ROS2/Controller/install/quadrotor_msgs/include/quadrotor_msgs/quadrotor_msgs/srv/detail/set_takeoff_land__rosidl_typesupport_introspection_cpp.hpp
[0.196s] -- Up-to-date: /home/zhr/YOPO-ROS2/Controller/install/quadrotor_msgs/lib/libquadrotor_msgs__rosidl_typesupport_introspection_cpp.so
[0.196s] -- Up-to-date: /home/zhr/YOPO-ROS2/Controller/install/quadrotor_msgs/lib/libquadrotor_msgs__rosidl_typesupport_cpp.so
[0.196s] -- Up-to-date: /home/zhr/YOPO-ROS2/Controller/install/quadrotor_msgs/share/quadrotor_msgs/environment/pythonpath.sh
[0.196s] -- Up-to-date: /home/zhr/YOPO-ROS2/Controller/install/quadrotor_msgs/share/quadrotor_msgs/environment/pythonpath.dsv
[0.196s] -- Up-to-date: /home/zhr/YOPO-ROS2/Controller/install/quadrotor_msgs/lib/python3.12/site-packages/quadrotor_msgs-0.0.0-py3.12.egg-info
[0.196s] -- Installing: /home/zhr/YOPO-ROS2/Controller/install/quadrotor_msgs/lib/python3.12/site-packages/quadrotor_msgs-0.0.0-py3.12.egg-info/PKG-INFO
[0.196s] -- Installing: /home/zhr/YOPO-ROS2/Controller/install/quadrotor_msgs/lib/python3.12/site-packages/quadrotor_msgs-0.0.0-py3.12.egg-info/top_level.txt
[0.196s] -- Installing: /home/zhr/YOPO-ROS2/Controller/install/quadrotor_msgs/lib/python3.12/site-packages/quadrotor_msgs-0.0.0-py3.12.egg-info/SOURCES.txt
[0.196s] -- Installing: /home/zhr/YOPO-ROS2/Controller/install/quadrotor_msgs/lib/python3.12/site-packages/quadrotor_msgs-0.0.0-py3.12.egg-info/dependency_links.txt
[0.196s] -- Up-to-date: /home/zhr/YOPO-ROS2/Controller/install/quadrotor_msgs/lib/python3.12/site-packages/quadrotor_msgs
[0.196s] -- Up-to-date: /home/zhr/YOPO-ROS2/Controller/install/quadrotor_msgs/lib/python3.12/site-packages/quadrotor_msgs/msg
[0.196s] -- Up-to-date: /home/zhr/YOPO-ROS2/Controller/install/quadrotor_msgs/lib/python3.12/site-packages/quadrotor_msgs/msg/_corrections_s.c
[0.196s] -- Up-to-date: /home/zhr/YOPO-ROS2/Controller/install/quadrotor_msgs/lib/python3.12/site-packages/quadrotor_msgs/msg/_aux_command_s.c
[0.197s] -- Up-to-date: /home/zhr/YOPO-ROS2/Controller/install/quadrotor_msgs/lib/python3.12/site-packages/quadrotor_msgs/msg/_ppr_output_data.py
[0.197s] -- Up-to-date: /home/zhr/YOPO-ROS2/Controller/install/quadrotor_msgs/lib/python3.12/site-packages/quadrotor_msgs/msg/_lqr_trajectory.py
[0.197s] -- Up-to-date: /home/zhr/YOPO-ROS2/Controller/install/quadrotor_msgs/lib/python3.12/site-packages/quadrotor_msgs/msg/_position_command_s.c
[0.197s] -- Up-to-date: /home/zhr/YOPO-ROS2/Controller/install/quadrotor_msgs/lib/python3.12/site-packages/quadrotor_msgs/msg/_odometry_s.c
[0.197s] -- Up-to-date: /home/zhr/YOPO-ROS2/Controller/install/quadrotor_msgs/lib/python3.12/site-packages/quadrotor_msgs/msg/_lqr_trajectory_s.c
[0.197s] -- Up-to-date: /home/zhr/YOPO-ROS2/Controller/install/quadrotor_msgs/lib/python3.12/site-packages/quadrotor_msgs/msg/_polynomial_trajectory.py
[0.197s] -- Up-to-date: /home/zhr/YOPO-ROS2/Controller/install/quadrotor_msgs/lib/python3.12/site-packages/quadrotor_msgs/msg/__init__.py
[0.197s] -- Up-to-date: /home/zhr/YOPO-ROS2/Controller/install/quadrotor_msgs/lib/python3.12/site-packages/quadrotor_msgs/msg/_serial_s.c
[0.197s] -- Up-to-date: /home/zhr/YOPO-ROS2/Controller/install/quadrotor_msgs/lib/python3.12/site-packages/quadrotor_msgs/msg/_trpy_command.py
[0.197s] -- Up-to-date: /home/zhr/YOPO-ROS2/Controller/install/quadrotor_msgs/lib/python3.12/site-packages/quadrotor_msgs/msg/_gains_s.c
[0.197s] -- Up-to-date: /home/zhr/YOPO-ROS2/Controller/install/quadrotor_msgs/lib/python3.12/site-packages/quadrotor_msgs/msg/_ppr_output_data_s.c
[0.197s] -- Up-to-date: /home/zhr/YOPO-ROS2/Controller/install/quadrotor_msgs/lib/python3.12/site-packages/quadrotor_msgs/msg/_so3_command_s.c
[0.197s] -- Up-to-date: /home/zhr/YOPO-ROS2/Controller/install/quadrotor_msgs/lib/python3.12/site-packages/quadrotor_msgs/msg/_position_command.py
[0.197s] -- Up-to-date: /home/zhr/YOPO-ROS2/Controller/install/quadrotor_msgs/lib/python3.12/site-packages/quadrotor_msgs/msg/_gains.py
[0.197s] -- Up-to-date: /home/zhr/YOPO-ROS2/Controller/install/quadrotor_msgs/lib/python3.12/site-packages/quadrotor_msgs/msg/_output_data.py
[0.197s] -- Up-to-date: /home/zhr/YOPO-ROS2/Controller/install/quadrotor_msgs/lib/python3.12/site-packages/quadrotor_msgs/msg/_output_data_s.c
[0.197s] -- Up-to-date: /home/zhr/YOPO-ROS2/Controller/install/quadrotor_msgs/lib/python3.12/site-packages/quadrotor_msgs/msg/_aux_command.py
[0.197s] -- Up-to-date: /home/zhr/YOPO-ROS2/Controller/install/quadrotor_msgs/lib/python3.12/site-packages/quadrotor_msgs/msg/_corrections.py
[0.197s] -- Up-to-date: /home/zhr/YOPO-ROS2/Controller/install/quadrotor_msgs/lib/python3.12/site-packages/quadrotor_msgs/msg/_so3_command.py
[0.197s] -- Up-to-date: /home/zhr/YOPO-ROS2/Controller/install/quadrotor_msgs/lib/python3.12/site-packages/quadrotor_msgs/msg/_trpy_command_s.c
[0.197s] -- Up-to-date: /home/zhr/YOPO-ROS2/Controller/install/quadrotor_msgs/lib/python3.12/site-packages/quadrotor_msgs/msg/_status_data.py
[0.197s] -- Up-to-date: /home/zhr/YOPO-ROS2/Controller/install/quadrotor_msgs/lib/python3.12/site-packages/quadrotor_msgs/msg/_polynomial_trajectory_s.c
[0.197s] -- Up-to-date: /home/zhr/YOPO-ROS2/Controller/install/quadrotor_msgs/lib/python3.12/site-packages/quadrotor_msgs/msg/_serial.py
[0.197s] -- Up-to-date: /home/zhr/YOPO-ROS2/Controller/install/quadrotor_msgs/lib/python3.12/site-packages/quadrotor_msgs/msg/_odometry.py
[0.197s] -- Up-to-date: /home/zhr/YOPO-ROS2/Controller/install/quadrotor_msgs/lib/python3.12/site-packages/quadrotor_msgs/msg/_status_data_s.c
[0.197s] -- Up-to-date: /home/zhr/YOPO-ROS2/Controller/install/quadrotor_msgs/lib/python3.12/site-packages/quadrotor_msgs/quadrotor_msgs_s__rosidl_typesupport_fastrtps_c.so
[0.197s] -- Up-to-date: /home/zhr/YOPO-ROS2/Controller/install/quadrotor_msgs/lib/python3.12/site-packages/quadrotor_msgs/__init__.py
[0.197s] -- Up-to-date: /home/zhr/YOPO-ROS2/Controller/install/quadrotor_msgs/lib/python3.12/site-packages/quadrotor_msgs/_quadrotor_msgs_s.ep.rosidl_typesupport_introspection_c.c
[0.197s] -- Up-to-date: /home/zhr/YOPO-ROS2/Controller/install/quadrotor_msgs/lib/python3.12/site-packages/quadrotor_msgs/srv
[0.197s] -- Up-to-date: /home/zhr/YOPO-ROS2/Controller/install/quadrotor_msgs/lib/python3.12/site-packages/quadrotor_msgs/srv/__init__.py
[0.197s] -- Up-to-date: /home/zhr/YOPO-ROS2/Controller/install/quadrotor_msgs/lib/python3.12/site-packages/quadrotor_msgs/srv/_set_takeoff_land_s.c
[0.197s] -- Up-to-date: /home/zhr/YOPO-ROS2/Controller/install/quadrotor_msgs/lib/python3.12/site-packages/quadrotor_msgs/srv/_set_takeoff_land.py
[0.197s] -- Up-to-date: /home/zhr/YOPO-ROS2/Controller/install/quadrotor_msgs/lib/python3.12/site-packages/quadrotor_msgs/_quadrotor_msgs_s.ep.rosidl_typesupport_c.c
[0.197s] -- Up-to-date: /home/zhr/YOPO-ROS2/Controller/install/quadrotor_msgs/lib/python3.12/site-packages/quadrotor_msgs/_quadrotor_msgs_s.ep.rosidl_typesupport_fastrtps_c.c
[0.197s] -- Up-to-date: /home/zhr/YOPO-ROS2/Controller/install/quadrotor_msgs/lib/python3.12/site-packages/quadrotor_msgs/quadrotor_msgs_s__rosidl_typesupport_introspection_c.so
[0.197s] -- Up-to-date: /home/zhr/YOPO-ROS2/Controller/install/quadrotor_msgs/lib/python3.12/site-packages/quadrotor_msgs/quadrotor_msgs_s__rosidl_typesupport_c.so
[0.208s] Listing '/home/zhr/YOPO-ROS2/Controller/install/quadrotor_msgs/lib/python3.12/site-packages/quadrotor_msgs'...
[0.208s] Listing '/home/zhr/YOPO-ROS2/Controller/install/quadrotor_msgs/lib/python3.12/site-packages/quadrotor_msgs/msg'...
[0.208s] Listing '/home/zhr/YOPO-ROS2/Controller/install/quadrotor_msgs/lib/python3.12/site-packages/quadrotor_msgs/srv'...
[0.211s] -- Up-to-date: /home/zhr/YOPO-ROS2/Controller/install/quadrotor_msgs/lib/python3.12/site-packages/quadrotor_msgs/quadrotor_msgs_s__rosidl_typesupport_fastrtps_c.so
[0.211s] -- Up-to-date: /home/zhr/YOPO-ROS2/Controller/install/quadrotor_msgs/lib/python3.12/site-packages/quadrotor_msgs/quadrotor_msgs_s__rosidl_typesupport_introspection_c.so
[0.211s] -- Up-to-date: /home/zhr/YOPO-ROS2/Controller/install/quadrotor_msgs/lib/python3.12/site-packages/quadrotor_msgs/quadrotor_msgs_s__rosidl_typesupport_c.so
[0.211s] -- Up-to-date: /home/zhr/YOPO-ROS2/Controller/install/quadrotor_msgs/lib/libquadrotor_msgs__rosidl_generator_py.so
[0.212s] -- Up-to-date: /home/zhr/YOPO-ROS2/Controller/install/quadrotor_msgs/share/quadrotor_msgs/msg/AuxCommand.idl
[0.212s] -- Up-to-date: /home/zhr/YOPO-ROS2/Controller/install/quadrotor_msgs/share/quadrotor_msgs/msg/Corrections.idl
[0.212s] -- Up-to-date: /home/zhr/YOPO-ROS2/Controller/install/quadrotor_msgs/share/quadrotor_msgs/msg/Gains.idl
[0.212s] -- Up-to-date: /home/zhr/YOPO-ROS2/Controller/install/quadrotor_msgs/share/quadrotor_msgs/msg/OutputData.idl
[0.212s] -- Up-to-date: /home/zhr/YOPO-ROS2/Controller/install/quadrotor_msgs/share/quadrotor_msgs/msg/PositionCommand.idl
[0.212s] -- Up-to-date: /home/zhr/YOPO-ROS2/Controller/install/quadrotor_msgs/share/quadrotor_msgs/msg/PPROutputData.idl
[0.212s] -- Up-to-date: /home/zhr/YOPO-ROS2/Controller/install/quadrotor_msgs/share/quadrotor_msgs/msg/Serial.idl
[0.212s] -- Up-to-date: /home/zhr/YOPO-ROS2/Controller/install/quadrotor_msgs/share/quadrotor_msgs/msg/SO3Command.idl
[0.212s] -- Up-to-date: /home/zhr/YOPO-ROS2/Controller/install/quadrotor_msgs/share/quadrotor_msgs/msg/StatusData.idl
[0.212s] -- Up-to-date: /home/zhr/YOPO-ROS2/Controller/install/quadrotor_msgs/share/quadrotor_msgs/msg/TRPYCommand.idl
[0.212s] -- Up-to-date: /home/zhr/YOPO-ROS2/Controller/install/quadrotor_msgs/share/quadrotor_msgs/msg/Odometry.idl
[0.212s] -- Up-to-date: /home/zhr/YOPO-ROS2/Controller/install/quadrotor_msgs/share/quadrotor_msgs/msg/PolynomialTrajectory.idl
[0.212s] -- Up-to-date: /home/zhr/YOPO-ROS2/Controller/install/quadrotor_msgs/share/quadrotor_msgs/msg/LQRTrajectory.idl
[0.212s] -- Up-to-date: /home/zhr/YOPO-ROS2/Controller/install/quadrotor_msgs/share/quadrotor_msgs/srv/SetTakeoffLand.idl
[0.212s] -- Up-to-date: /home/zhr/YOPO-ROS2/Controller/install/quadrotor_msgs/share/quadrotor_msgs/msg/AuxCommand.msg
[0.212s] -- Up-to-date: /home/zhr/YOPO-ROS2/Controller/install/quadrotor_msgs/share/quadrotor_msgs/msg/Corrections.msg
[0.212s] -- Up-to-date: /home/zhr/YOPO-ROS2/Controller/install/quadrotor_msgs/share/quadrotor_msgs/msg/Gains.msg
[0.212s] -- Up-to-date: /home/zhr/YOPO-ROS2/Controller/install/quadrotor_msgs/share/quadrotor_msgs/msg/OutputData.msg
[0.212s] -- Up-to-date: /home/zhr/YOPO-ROS2/Controller/install/quadrotor_msgs/share/quadrotor_msgs/msg/PositionCommand.msg
[0.212s] -- Up-to-date: /home/zhr/YOPO-ROS2/Controller/install/quadrotor_msgs/share/quadrotor_msgs/msg/PPROutputData.msg
[0.212s] -- Up-to-date: /home/zhr/YOPO-ROS2/Controller/install/quadrotor_msgs/share/quadrotor_msgs/msg/Serial.msg
[0.212s] -- Up-to-date: /home/zhr/YOPO-ROS2/Controller/install/quadrotor_msgs/share/quadrotor_msgs/msg/SO3Command.msg
[0.212s] -- Up-to-date: /home/zhr/YOPO-ROS2/Controller/install/quadrotor_msgs/share/quadrotor_msgs/msg/StatusData.msg
[0.213s] -- Up-to-date: /home/zhr/YOPO-ROS2/Controller/install/quadrotor_msgs/share/quadrotor_msgs/msg/TRPYCommand.msg
[0.213s] -- Up-to-date: /home/zhr/YOPO-ROS2/Controller/install/quadrotor_msgs/share/quadrotor_msgs/msg/Odometry.msg
[0.213s] -- Up-to-date: /home/zhr/YOPO-ROS2/Controller/install/quadrotor_msgs/share/quadrotor_msgs/msg/PolynomialTrajectory.msg
[0.213s] -- Up-to-date: /home/zhr/YOPO-ROS2/Controller/install/quadrotor_msgs/share/quadrotor_msgs/msg/LQRTrajectory.msg
[0.213s] -- Up-to-date: /home/zhr/YOPO-ROS2/Controller/install/quadrotor_msgs/share/quadrotor_msgs/srv/SetTakeoffLand.srv
[0.213s] -- Up-to-date: /home/zhr/YOPO-ROS2/Controller/install/quadrotor_msgs/lib/libdecode_msgs.so
[0.213s] -- Up-to-date: /home/zhr/YOPO-ROS2/Controller/install/quadrotor_msgs/lib/libencode_msgs.so
[0.213s] -- Up-to-date: /home/zhr/YOPO-ROS2/Controller/install/quadrotor_msgs/include
[0.213s] -- Up-to-date: /home/zhr/YOPO-ROS2/Controller/install/quadrotor_msgs/include/quadrotor_msgs
[0.213s] -- Up-to-date: /home/zhr/YOPO-ROS2/Controller/install/quadrotor_msgs/include/quadrotor_msgs/comm_types.h
[0.213s] -- Up-to-date: /home/zhr/YOPO-ROS2/Controller/install/quadrotor_msgs/include/quadrotor_msgs/decode_msgs.h
[0.213s] -- Up-to-date: /home/zhr/YOPO-ROS2/Controller/install/quadrotor_msgs/include/quadrotor_msgs/encode_msgs.h
[0.213s] -- Up-to-date: /home/zhr/YOPO-ROS2/Controller/install/quadrotor_msgs/share/ament_index/resource_index/package_run_dependencies/quadrotor_msgs
[0.213s] -- Up-to-date: /home/zhr/YOPO-ROS2/Controller/install/quadrotor_msgs/share/ament_index/resource_index/parent_prefix_path/quadrotor_msgs
[0.213s] -- Up-to-date: /home/zhr/YOPO-ROS2/Controller/install/quadrotor_msgs/share/quadrotor_msgs/environment/ament_prefix_path.sh
[0.213s] -- Up-to-date: /home/zhr/YOPO-ROS2/Controller/install/quadrotor_msgs/share/quadrotor_msgs/environment/ament_prefix_path.dsv
[0.213s] -- Up-to-date: /home/zhr/YOPO-ROS2/Controller/install/quadrotor_msgs/share/quadrotor_msgs/environment/path.sh
[0.213s] -- Up-to-date: /home/zhr/YOPO-ROS2/Controller/install/quadrotor_msgs/share/quadrotor_msgs/environment/path.dsv
[0.213s] -- Up-to-date: /home/zhr/YOPO-ROS2/Controller/install/quadrotor_msgs/share/quadrotor_msgs/local_setup.bash
[0.213s] -- Up-to-date: /home/zhr/YOPO-ROS2/Controller/install/quadrotor_msgs/share/quadrotor_msgs/local_setup.sh
[0.213s] -- Up-to-date: /home/zhr/YOPO-ROS2/Controller/install/quadrotor_msgs/share/quadrotor_msgs/local_setup.zsh
[0.213s] -- Up-to-date: /home/zhr/YOPO-ROS2/Controller/install/quadrotor_msgs/share/quadrotor_msgs/local_setup.dsv
[0.213s] -- Installing: /home/zhr/YOPO-ROS2/Controller/install/quadrotor_msgs/share/quadrotor_msgs/package.dsv
[0.213s] -- Up-to-date: /home/zhr/YOPO-ROS2/Controller/install/quadrotor_msgs/share/ament_index/resource_index/packages/quadrotor_msgs
[0.213s] -- Up-to-date: /home/zhr/YOPO-ROS2/Controller/install/quadrotor_msgs/share/quadrotor_msgs/cmake/export_quadrotor_msgs__rosidl_generator_cExport.cmake
[0.213s] -- Up-to-date: /home/zhr/YOPO-ROS2/Controller/install/quadrotor_msgs/share/quadrotor_msgs/cmake/export_quadrotor_msgs__rosidl_generator_cExport-noconfig.cmake
[0.213s] -- Up-to-date: /home/zhr/YOPO-ROS2/Controller/install/quadrotor_msgs/share/quadrotor_msgs/cmake/export_quadrotor_msgs__rosidl_typesupport_fastrtps_cExport.cmake
[0.213s] -- Up-to-date: /home/zhr/YOPO-ROS2/Controller/install/quadrotor_msgs/share/quadrotor_msgs/cmake/export_quadrotor_msgs__rosidl_typesupport_fastrtps_cExport-noconfig.cmake
[0.214s] -- Up-to-date: /home/zhr/YOPO-ROS2/Controller/install/quadrotor_msgs/share/quadrotor_msgs/cmake/export_quadrotor_msgs__rosidl_generator_cppExport.cmake
[0.214s] -- Up-to-date: /home/zhr/YOPO-ROS2/Controller/install/quadrotor_msgs/share/quadrotor_msgs/cmake/export_quadrotor_msgs__rosidl_typesupport_fastrtps_cppExport.cmake
[0.214s] -- Up-to-date: /home/zhr/YOPO-ROS2/Controller/install/quadrotor_msgs/share/quadrotor_msgs/cmake/export_quadrotor_msgs__rosidl_typesupport_fastrtps_cppExport-noconfig.cmake
[0.214s] -- Up-to-date: /home/zhr/YOPO-ROS2/Controller/install/quadrotor_msgs/share/quadrotor_msgs/cmake/quadrotor_msgs__rosidl_typesupport_introspection_cExport.cmake
[0.214s] -- Up-to-date: /home/zhr/YOPO-ROS2/Controller/install/quadrotor_msgs/share/quadrotor_msgs/cmake/quadrotor_msgs__rosidl_typesupport_introspection_cExport-noconfig.cmake
[0.214s] -- Up-to-date: /home/zhr/YOPO-ROS2/Controller/install/quadrotor_msgs/share/quadrotor_msgs/cmake/quadrotor_msgs__rosidl_typesupport_cExport.cmake
[0.214s] -- Up-to-date: /home/zhr/YOPO-ROS2/Controller/install/quadrotor_msgs/share/quadrotor_msgs/cmake/quadrotor_msgs__rosidl_typesupport_cExport-noconfig.cmake
[0.214s] -- Up-to-date: /home/zhr/YOPO-ROS2/Controller/install/quadrotor_msgs/share/quadrotor_msgs/cmake/quadrotor_msgs__rosidl_typesupport_introspection_cppExport.cmake
[0.214s] -- Up-to-date: /home/zhr/YOPO-ROS2/Controller/install/quadrotor_msgs/share/quadrotor_msgs/cmake/quadrotor_msgs__rosidl_typesupport_introspection_cppExport-noconfig.cmake
[0.214s] -- Up-to-date: /home/zhr/YOPO-ROS2/Controller/install/quadrotor_msgs/share/quadrotor_msgs/cmake/quadrotor_msgs__rosidl_typesupport_cppExport.cmake
[0.214s] -- Up-to-date: /home/zhr/YOPO-ROS2/Controller/install/quadrotor_msgs/share/quadrotor_msgs/cmake/quadrotor_msgs__rosidl_typesupport_cppExport-noconfig.cmake
[0.214s] -- Up-to-date: /home/zhr/YOPO-ROS2/Controller/install/quadrotor_msgs/share/quadrotor_msgs/cmake/export_quadrotor_msgs__rosidl_generator_pyExport.cmake
[0.214s] -- Up-to-date: /home/zhr/YOPO-ROS2/Controller/install/quadrotor_msgs/share/quadrotor_msgs/cmake/export_quadrotor_msgs__rosidl_generator_pyExport-noconfig.cmake
[0.214s] -- Up-to-date: /home/zhr/YOPO-ROS2/Controller/install/quadrotor_msgs/share/quadrotor_msgs/cmake/rosidl_cmake-extras.cmake
[0.214s] -- Up-to-date: /home/zhr/YOPO-ROS2/Controller/install/quadrotor_msgs/share/quadrotor_msgs/cmake/ament_cmake_export_dependencies-extras.cmake
[0.214s] -- Up-to-date: /home/zhr/YOPO-ROS2/Controller/install/quadrotor_msgs/share/quadrotor_msgs/cmake/ament_cmake_export_include_directories-extras.cmake
[0.214s] -- Up-to-date: /home/zhr/YOPO-ROS2/Controller/install/quadrotor_msgs/share/quadrotor_msgs/cmake/ament_cmake_export_libraries-extras.cmake
[0.214s] -- Up-to-date: /home/zhr/YOPO-ROS2/Controller/install/quadrotor_msgs/share/quadrotor_msgs/cmake/ament_cmake_export_targets-extras.cmake
[0.214s] -- Up-to-date: /home/zhr/YOPO-ROS2/Controller/install/quadrotor_msgs/share/quadrotor_msgs/cmake/rosidl_cmake_export_typesupport_targets-extras.cmake
[0.214s] -- Up-to-date: /home/zhr/YOPO-ROS2/Controller/install/quadrotor_msgs/share/quadrotor_msgs/cmake/rosidl_cmake_export_typesupport_libraries-extras.cmake
[0.214s] -- Up-to-date: /home/zhr/YOPO-ROS2/Controller/install/quadrotor_msgs/share/quadrotor_msgs/cmake/quadrotor_msgsConfig.cmake
[0.214s] -- Up-to-date: /home/zhr/YOPO-ROS2/Controller/install/quadrotor_msgs/share/quadrotor_msgs/cmake/quadrotor_msgsConfig-version.cmake
[0.214s] -- Up-to-date: /home/zhr/YOPO-ROS2/Controller/install/quadrotor_msgs/share/quadrotor_msgs/package.xml
[0.222s] Invoked command in '/home/zhr/YOPO-ROS2/Controller/build/quadrotor_msgs' returned '0': CMAKE_PREFIX_PATH=${CMAKE_PREFIX_PATH}:/opt/ros/jazzy DEBUGINFOD_URLS=https://debuginfod.ubuntu.com /usr/bin/cmake --install /home/zhr/YOPO-ROS2/Controller/build/quadrotor_msgs
