[0.005s] Invoking command in '/home/zhr/YOPO-ROS2/Simulator/build/sensor_simulator': CMAKE_PREFIX_PATH=${CMAKE_PREFIX_PATH}:/opt/ros/jazzy CONDA_PROMPT_MODIFIER=(base) DEBUGINFOD_URLS=https://debuginfod.ubuntu.com /usr/bin/cmake --build /home/zhr/YOPO-ROS2/Simulator/build/sensor_simulator -- -j32 -l32
[0.020s] -- Found ament_cmake: 2.5.5 (/opt/ros/jazzy/share/ament_cmake/cmake)
[0.121s] -- Found rclcpp: 28.1.16 (/opt/ros/jazzy/share/rclcpp/cmake)
[0.133s] -- Found rosidl_generator_c: 4.6.7 (/opt/ros/jazzy/share/rosidl_generator_c/cmake)
[0.137s] -- Found rosidl_generator_cpp: 4.6.7 (/opt/ros/jazzy/share/rosidl_generator_cpp/cmake)
[0.142s] -- Using all available rosidl_typesupport_c: rosidl_typesupport_fastrtps_c;rosidl_typesupport_introspection_c
[0.147s] -- Using all available rosidl_typesupport_cpp: rosidl_typesupport_fastrtps_cpp;rosidl_typesupport_introspection_cpp
[0.175s] -- Found rmw_implementation_cmake: 7.3.3 (/opt/ros/jazzy/share/rmw_implementation_cmake/cmake)
[0.176s] -- Found rmw_fastrtps_cpp: 8.4.3 (/opt/ros/jazzy/share/rmw_fastrtps_cpp/cmake)
[0.207s] -- Using RMW implementation 'rmw_fastrtps_cpp' as default
[0.238s] -- Found nav_msgs: 5.3.6 (/opt/ros/jazzy/share/nav_msgs/cmake)
[0.267s] -- Found sensor_msgs: 5.3.6 (/opt/ros/jazzy/share/sensor_msgs/cmake)
[0.279s] -- Found cv_bridge: 4.1.0 (/opt/ros/jazzy/share/cv_bridge/cmake)
[0.284s] -- Found tf2: 0.36.19 (/opt/ros/jazzy/share/tf2/cmake)
[0.286s] -- Found tf2_ros: 0.36.19 (/opt/ros/jazzy/share/tf2_ros/cmake)
[0.339s] -- Found tf2_geometry_msgs: 0.36.19 (/opt/ros/jazzy/share/tf2_geometry_msgs/cmake)
[0.340s] -- Found eigen3_cmake_module: 0.3.0 (/opt/ros/jazzy/share/eigen3_cmake_module/cmake)
[0.341s] -- Found Eigen3: TRUE (found version "3.4.0") 
[0.341s] -- Ensuring Eigen3 include directory is part of orocos-kdl CMake target
[0.350s] CMake Warning (dev) at /usr/lib/x86_64-linux-gnu/cmake/pcl/Modules/FindFLANN.cmake:45 (find_package):
[0.350s]   Policy CMP0144 is not set: find_package uses upper-case <PACKAGENAME>_ROOT
[0.351s]   variables.  Run "cmake --help-policy CMP0144" for policy details.  Use the
[0.351s]   cmake_policy command to set the policy and suppress this warning.
[0.351s] 
[0.351s]   CMake variable FLANN_ROOT is set to:
[0.351s] 
[0.351s]     /usr
[0.351s] 
[0.351s]   For compatibility, find_package is ignoring the variable, but code in a
[0.351s]   .cmake module might still use it.
[0.351s] Call Stack (most recent call first):
[0.351s]   /usr/lib/x86_64-linux-gnu/cmake/pcl/PCLConfig.cmake:261 (find_package)
[0.351s]   /usr/lib/x86_64-linux-gnu/cmake/pcl/PCLConfig.cmake:306 (find_flann)
[0.351s]   /usr/lib/x86_64-linux-gnu/cmake/pcl/PCLConfig.cmake:570 (find_external_library)
[0.351s]   CMakeLists.txt:39 (find_package)
[0.351s] This warning is for project developers.  Use -Wno-dev to suppress it.
[0.351s] 
[0.351s] -- Found flann version 1.9.2
[0.352s] -- Found OpenMP: TRUE (found version "4.5") found components: CXX 
[0.455s] -- Found Eigen3: /usr/include/eigen3 (found version "3.4.0") 
[0.563s] -- OpenNI found (version: 1.5.4.0, include: /usr/include/ni, lib: /usr/lib/libOpenNI.so;libusb::libusb)
[0.566s] -- OpenNI2 found (version: 2.2.0.33, include: /usr/include/openni2, lib: /usr/lib/x86_64-linux-gnu/libOpenNI2.so;libusb::libusb)
[0.567s] -- Could NOT find Pcap (missing: PCAP_LIBRARIES PCAP_INCLUDE_DIRS) 
[0.567s] ** WARNING ** io features related to pcap will be disabled
[0.784s] -- OpenNI found (version: 1.5.4.0, include: /usr/include/ni, lib: /usr/lib/libOpenNI.so;libusb::libusb)
[0.786s] -- OpenNI2 found (version: 2.2.0.33, include: /usr/include/openni2, lib: /usr/lib/x86_64-linux-gnu/libOpenNI2.so;libusb::libusb)
[0.976s] -- Found Qhull version 8.0.2
[1.170s] -- OpenNI found (version: 1.5.4.0, include: /usr/include/ni, lib: /usr/lib/libOpenNI.so;libusb::libusb)
[1.359s] -- looking for PCL_COMMON
[1.359s] -- looking for PCL_KDTREE
[1.359s] -- looking for PCL_OCTREE
[1.359s] -- looking for PCL_SEARCH
[1.359s] -- looking for PCL_SAMPLE_CONSENSUS
[1.359s] -- looking for PCL_FILTERS
[1.359s] -- looking for PCL_2D
[1.360s] -- looking for PCL_GEOMETRY
[1.360s] -- looking for PCL_IO
[1.360s] -- looking for PCL_FEATURES
[1.360s] -- looking for PCL_ML
[1.360s] -- looking for PCL_SEGMENTATION
[1.360s] -- looking for PCL_VISUALIZATION
[1.360s] -- looking for PCL_SURFACE
[1.361s] -- looking for PCL_REGISTRATION
[1.361s] -- looking for PCL_KEYPOINTS
[1.361s] -- looking for PCL_TRACKING
[1.361s] -- looking for PCL_RECOGNITION
[1.361s] -- looking for PCL_STEREO
[1.361s] -- looking for PCL_APPS
[1.362s] -- looking for PCL_IN_HAND_SCANNER
[1.362s] -- looking for PCL_MODELER
[1.362s] -- looking for PCL_POINT_CLOUD_EDITOR
[1.362s] -- looking for PCL_OUTOFCORE
[1.362s] -- looking for PCL_PEOPLE
[1.366s] -- Found OpenMP: TRUE (found version "4.5")  
[1.367s] -- Found pcl_ros: 2.6.2 (/opt/ros/jazzy/share/pcl_ros/cmake)
[1.393s] CMake Warning (dev) at CMakeLists.txt:46 (find_package):
[1.393s]   Policy CMP0146 is not set: The FindCUDA module is removed.  Run "cmake
[1.393s]   --help-policy CMP0146" for policy details.  Use the cmake_policy command to
[1.393s]   set the policy and suppress this warning.
[1.393s] 
[1.393s] This warning is for project developers.  Use -Wno-dev to suppress it.
[1.393s] 
[1.396s] -- Autodetected CUDA architecture(s):  8.6+PTX
[1.396s] CMake Warning at CMakeLists.txt:56 (message):
[1.396s]   CUDA Architecture:
[1.396s]   -gencode;arch=compute_86,code=sm_86;-gencode;arch=compute_86,code=compute_86
[1.396s] 
[1.396s] 
[1.403s] -- Found ament_lint_auto: 0.17.4 (/opt/ros/jazzy/share/ament_lint_auto/cmake)
[1.445s] -- Configuring done (1.4s)
[1.490s] -- Generating done (0.0s)
[1.496s] -- Build files have been written to: /home/zhr/YOPO-ROS2/Simulator/build/sensor_simulator
[1.524s] [  7%] Linking CXX static library libraycast_cuda.a
[1.532s] [ 30%] Built target sensor_simulator
[1.537s] [ 38%] Built target raycast_cuda
[1.561s] [ 53%] Building CXX object CMakeFiles/sensor_simulator_cuda.dir/src/test_simulator_cuda.cpp.o
[1.561s] [ 53%] Building CXX object CMakeFiles/dataset_generator.dir/src/dataset_generator.cpp.o
[1.561s] [ 61%] Building CXX object CMakeFiles/dataset_generator.dir/src/maps.cpp.o
[1.561s] [ 69%] Building CXX object CMakeFiles/sensor_simulator_cuda.dir/src/maps.cpp.o
[4.239s] /home/zhr/YOPO-ROS2/Simulator/src/src/maps.cpp: In member function ‘void mocka::Maps::recursiveDivision(int, int, int, int, Eigen::MatrixXi&)’:
[4.239s] /home/zhr/YOPO-ROS2/Simulator/src/src/maps.cpp:379:10: warning: unused variable ‘valid’ [-Wunused-variable]
[4.239s]   379 |     bool valid     = false; // used to judge whether the wall selection is valid
[4.239s]       |          ^~~~~
[4.245s] /home/zhr/YOPO-ROS2/Simulator/src/src/maps.cpp: In member function ‘void mocka::Maps::recursiveDivision(int, int, int, int, Eigen::MatrixXi&)’:
[4.245s] /home/zhr/YOPO-ROS2/Simulator/src/src/maps.cpp:379:10: warning: unused variable ‘valid’ [-Wunused-variable]
[4.245s]   379 |     bool valid     = false; // used to judge whether the wall selection is valid
[4.245s]       |          ^~~~~
[4.248s] /home/zhr/YOPO-ROS2/Simulator/src/src/maps.cpp: In member function ‘void mocka::Maps::Maze3DGen()’:
[4.248s] /home/zhr/YOPO-ROS2/Simulator/src/src/maps.cpp:869:10: warning: unused variable ‘nodeRad’ [-Wunused-variable]
[4.248s]   869 |   int    nodeRad = 4;
[4.248s]       |          ^~~~~~~
[4.254s] /home/zhr/YOPO-ROS2/Simulator/src/src/maps.cpp: In member function ‘void mocka::Maps::Maze3DGen()’:
[4.254s] /home/zhr/YOPO-ROS2/Simulator/src/src/maps.cpp:869:10: warning: unused variable ‘nodeRad’ [-Wunused-variable]
[4.254s]   869 |   int    nodeRad = 4;
[4.255s]       |          ^~~~~~~
[4.597s] /home/zhr/YOPO-ROS2/Simulator/src/src/dataset_generator.cpp: In function ‘int main(int, char**)’:
[4.597s] /home/zhr/YOPO-ROS2/Simulator/src/src/dataset_generator.cpp:201:21: warning: unused variable ‘found_num’ [-Wunused-variable]
[4.597s]   201 |                 int found_num = kdtree.nearestKSearch(searchPoint, 1, pointIdxNKNSearch, pointNKNSquaredDistance);
[4.597s]       |                     ^~~~~~~~~
[4.598s] /home/zhr/YOPO-ROS2/Simulator/src/src/dataset_generator.cpp:83:14: warning: unused parameter ‘argc’ [-Wunused-parameter]
[4.598s]    83 | int main(int argc, char **argv)
[4.598s]       |          ~~~~^~~~
[4.598s] /home/zhr/YOPO-ROS2/Simulator/src/src/dataset_generator.cpp:83:27: warning: unused parameter ‘argv’ [-Wunused-parameter]
[4.599s]    83 | int main(int argc, char **argv)
[4.599s]       |                    ~~~~~~~^~~~
[7.253s] [ 76%] Linking CXX executable dataset_generator
[7.899s] [ 84%] Built target dataset_generator
[12.700s] [ 92%] Linking CXX executable sensor_simulator_cuda
[13.185s] [100%] Built target sensor_simulator_cuda
[13.191s] Invoked command in '/home/zhr/YOPO-ROS2/Simulator/build/sensor_simulator' returned '0': CMAKE_PREFIX_PATH=${CMAKE_PREFIX_PATH}:/opt/ros/jazzy CONDA_PROMPT_MODIFIER=(base) DEBUGINFOD_URLS=https://debuginfod.ubuntu.com /usr/bin/cmake --build /home/zhr/YOPO-ROS2/Simulator/build/sensor_simulator -- -j32 -l32
[13.195s] Invoking command in '/home/zhr/YOPO-ROS2/Simulator/build/sensor_simulator': CMAKE_PREFIX_PATH=${CMAKE_PREFIX_PATH}:/opt/ros/jazzy CONDA_PROMPT_MODIFIER=(base) DEBUGINFOD_URLS=https://debuginfod.ubuntu.com /usr/bin/cmake --install /home/zhr/YOPO-ROS2/Simulator/build/sensor_simulator
[13.198s] -- Install configuration: "Release"
[13.198s] -- Up-to-date: /home/zhr/YOPO-ROS2/Simulator/install/sensor_simulator/lib/sensor_simulator/sensor_simulator
[13.198s] -- Installing: /home/zhr/YOPO-ROS2/Simulator/install/sensor_simulator/lib/sensor_simulator/sensor_simulator_cuda
[13.199s] -- Set non-toolchain portion of runtime path of "/home/zhr/YOPO-ROS2/Simulator/install/sensor_simulator/lib/sensor_simulator/sensor_simulator_cuda" to ""
[13.200s] -- Installing: /home/zhr/YOPO-ROS2/Simulator/install/sensor_simulator/lib/sensor_simulator/dataset_generator
[13.200s] -- Set non-toolchain portion of runtime path of "/home/zhr/YOPO-ROS2/Simulator/install/sensor_simulator/lib/sensor_simulator/dataset_generator" to ""
[13.200s] -- Up-to-date: /home/zhr/YOPO-ROS2/Simulator/install/sensor_simulator/include
[13.200s] -- Up-to-date: /home/zhr/YOPO-ROS2/Simulator/install/sensor_simulator/include/perlinnoise.hpp
[13.200s] -- Up-to-date: /home/zhr/YOPO-ROS2/Simulator/install/sensor_simulator/include/sensor_simulator.cuh
[13.201s] -- Installing: /home/zhr/YOPO-ROS2/Simulator/install/sensor_simulator/include/maps.hpp
[13.201s] -- Up-to-date: /home/zhr/YOPO-ROS2/Simulator/install/sensor_simulator/include/sensor_simulator.h
[13.201s] -- Up-to-date: /home/zhr/YOPO-ROS2/Simulator/install/sensor_simulator/include/cuda_toolkit
[13.201s] -- Up-to-date: /home/zhr/YOPO-ROS2/Simulator/install/sensor_simulator/include/cuda_toolkit/matrix.cuh
[13.201s] -- Up-to-date: /home/zhr/YOPO-ROS2/Simulator/install/sensor_simulator/include/cuda_toolkit/se3.cuh
[13.201s] -- Up-to-date: /home/zhr/YOPO-ROS2/Simulator/install/sensor_simulator/include/cuda_toolkit/helper_math.h
[13.201s] -- Up-to-date: /home/zhr/YOPO-ROS2/Simulator/install/sensor_simulator/share/sensor_simulator/config
[13.201s] -- Installing: /home/zhr/YOPO-ROS2/Simulator/install/sensor_simulator/share/sensor_simulator/config/config.yaml
[13.201s] -- Installing: /home/zhr/YOPO-ROS2/Simulator/install/sensor_simulator/share/sensor_simulator/pointcloud
[13.201s] -- Installing: /home/zhr/YOPO-ROS2/Simulator/install/sensor_simulator/share/sensor_simulator/pointcloud/tree.ply
[13.202s] -- Up-to-date: /home/zhr/YOPO-ROS2/Simulator/install/sensor_simulator/share/ament_index/resource_index/package_run_dependencies/sensor_simulator
[13.202s] -- Up-to-date: /home/zhr/YOPO-ROS2/Simulator/install/sensor_simulator/share/ament_index/resource_index/parent_prefix_path/sensor_simulator
[13.202s] -- Up-to-date: /home/zhr/YOPO-ROS2/Simulator/install/sensor_simulator/share/sensor_simulator/environment/ament_prefix_path.sh
[13.202s] -- Up-to-date: /home/zhr/YOPO-ROS2/Simulator/install/sensor_simulator/share/sensor_simulator/environment/ament_prefix_path.dsv
[13.202s] -- Up-to-date: /home/zhr/YOPO-ROS2/Simulator/install/sensor_simulator/share/sensor_simulator/environment/path.sh
[13.202s] -- Up-to-date: /home/zhr/YOPO-ROS2/Simulator/install/sensor_simulator/share/sensor_simulator/environment/path.dsv
[13.202s] -- Up-to-date: /home/zhr/YOPO-ROS2/Simulator/install/sensor_simulator/share/sensor_simulator/local_setup.bash
[13.202s] -- Up-to-date: /home/zhr/YOPO-ROS2/Simulator/install/sensor_simulator/share/sensor_simulator/local_setup.sh
[13.202s] -- Up-to-date: /home/zhr/YOPO-ROS2/Simulator/install/sensor_simulator/share/sensor_simulator/local_setup.zsh
[13.202s] -- Up-to-date: /home/zhr/YOPO-ROS2/Simulator/install/sensor_simulator/share/sensor_simulator/local_setup.dsv
[13.202s] -- Installing: /home/zhr/YOPO-ROS2/Simulator/install/sensor_simulator/share/sensor_simulator/package.dsv
[13.202s] -- Up-to-date: /home/zhr/YOPO-ROS2/Simulator/install/sensor_simulator/share/ament_index/resource_index/packages/sensor_simulator
[13.202s] -- Up-to-date: /home/zhr/YOPO-ROS2/Simulator/install/sensor_simulator/share/sensor_simulator/cmake/ament_cmake_export_dependencies-extras.cmake
[13.202s] -- Up-to-date: /home/zhr/YOPO-ROS2/Simulator/install/sensor_simulator/share/sensor_simulator/cmake/sensor_simulatorConfig.cmake
[13.202s] -- Up-to-date: /home/zhr/YOPO-ROS2/Simulator/install/sensor_simulator/share/sensor_simulator/cmake/sensor_simulatorConfig-version.cmake
[13.202s] -- Up-to-date: /home/zhr/YOPO-ROS2/Simulator/install/sensor_simulator/share/sensor_simulator/package.xml
[13.203s] Invoked command in '/home/zhr/YOPO-ROS2/Simulator/build/sensor_simulator' returned '0': CMAKE_PREFIX_PATH=${CMAKE_PREFIX_PATH}:/opt/ros/jazzy CONDA_PROMPT_MODIFIER=(base) DEBUGINFOD_URLS=https://debuginfod.ubuntu.com /usr/bin/cmake --install /home/zhr/YOPO-ROS2/Simulator/build/sensor_simulator
