-- The C compiler identification is GNU 13.3.0
-- The CXX compiler identification is GNU 13.3.0
-- Detecting C compiler ABI info
-- Detecting C compiler ABI info - done
-- Check for working C compiler: /usr/bin/cc - skipped
-- Detecting C compile features
-- Detecting C compile features - done
-- Detecting CXX compiler ABI info
-- Detecting CXX compiler ABI info - done
-- Check for working CXX compiler: /usr/bin/c++ - skipped
-- Detecting CXX compile features
-- Detecting CXX compile features - done
-- Found ament_cmake: 2.5.5 (/opt/ros/jazzy/share/ament_cmake/cmake)
-- Found Python3: /usr/bin/python3 (found version "3.12.3") found components: Interpreter 
-- Found ament_index_cpp: 1.8.2 (/opt/ros/jazzy/share/ament_index_cpp/cmake)
-- Found rclcpp: 28.1.16 (/opt/ros/jazzy/share/rclcpp/cmake)
-- Found rosidl_generator_c: 4.6.7 (/opt/ros/jazzy/share/rosidl_generator_c/cmake)
-- Found rosidl_generator_cpp: 4.6.7 (/opt/ros/jazzy/share/rosidl_generator_cpp/cmake)
-- Using all available rosidl_typesupport_c: rosidl_typesupport_fastrtps_c;rosidl_typesupport_introspection_c
-- Using all available rosidl_typesupport_cpp: rosidl_typesupport_fastrtps_cpp;rosidl_typesupport_introspection_cpp
-- Found rmw_implementation_cmake: 7.3.3 (/opt/ros/jazzy/share/rmw_implementation_cmake/cmake)
-- Found rmw_fastrtps_cpp: 8.4.3 (/opt/ros/jazzy/share/rmw_fastrtps_cpp/cmake)
-- Found OpenSSL: /usr/lib/x86_64-linux-gnu/libcrypto.so (found version "3.0.13")  
-- Found FastRTPS: /opt/ros/jazzy/include (Required is at least version "2.13") 
-- Using RMW implementation 'rmw_fastrtps_cpp' as default
-- Found quadrotor_msgs: 0.0.0 (/home/zhr/YOPO-ROS2/install/quadrotor_msgs/share/quadrotor_msgs/cmake)
-- Found uav_utils: 0.0.0 (/home/zhr/YOPO-ROS2/install/uav_utils/share/uav_utils/cmake)
-- Found tf2_ros: 0.36.19 (/opt/ros/jazzy/share/tf2_ros/cmake)
-- Found visualization_msgs: 5.3.6 (/opt/ros/jazzy/share/visualization_msgs/cmake)
-- Found Armadillo: /usr/include (found version "12.6.7") 
-- Configuring done (0.7s)
-- Generating done (0.0s)
-- Build files have been written to: /home/zhr/YOPO-ROS2/build/so3_quadrotor_simulator
[ 25%] [32mBuilding CXX object CMakeFiles/quadrotor_dynamics.dir/src/dynamics/Quadrotor.cpp.o[0m
[ 50%] [32m[1mLinking CXX static library libquadrotor_dynamics.a[0m
[ 50%] Built target quadrotor_dynamics
[ 75%] [32mBuilding CXX object CMakeFiles/quadrotor_simulator_so3.dir/src/quadrotor_simulator_so3.cpp.o[0m
[100%] [32m[1mLinking CXX executable quadrotor_simulator_so3[0m
[100%] Built target quadrotor_simulator_so3
-- Install configuration: "Release"
-- Installing: /home/zhr/YOPO-ROS2/install/so3_quadrotor_simulator/lib/so3_quadrotor_simulator/quadrotor_simulator_so3
-- Set non-toolchain portion of runtime path of "/home/zhr/YOPO-ROS2/install/so3_quadrotor_simulator/lib/so3_quadrotor_simulator/quadrotor_simulator_so3" to ""
-- Installing: /home/zhr/YOPO-ROS2/install/so3_quadrotor_simulator/lib/so3_quadrotor_simulator/libquadrotor_dynamics.a
-- Installing: /home/zhr/YOPO-ROS2/install/so3_quadrotor_simulator/include
-- Installing: /home/zhr/YOPO-ROS2/install/so3_quadrotor_simulator/include/quadrotor_simulator
-- Installing: /home/zhr/YOPO-ROS2/install/so3_quadrotor_simulator/include/quadrotor_simulator/Quadrotor.h
-- Installing: /home/zhr/YOPO-ROS2/install/so3_quadrotor_simulator/include/ode
-- Installing: /home/zhr/YOPO-ROS2/install/so3_quadrotor_simulator/include/ode/README
-- Installing: /home/zhr/YOPO-ROS2/install/so3_quadrotor_simulator/include/ode/Jamroot
-- Installing: /home/zhr/YOPO-ROS2/install/so3_quadrotor_simulator/include/ode/libs
-- Installing: /home/zhr/YOPO-ROS2/install/so3_quadrotor_simulator/include/ode/libs/numeric
-- Installing: /home/zhr/YOPO-ROS2/install/so3_quadrotor_simulator/include/ode/libs/numeric/odeint
-- Installing: /home/zhr/YOPO-ROS2/install/so3_quadrotor_simulator/include/ode/libs/numeric/odeint/examples
-- Installing: /home/zhr/YOPO-ROS2/install/so3_quadrotor_simulator/include/ode/libs/numeric/odeint/examples/solar_system.cpp
-- Installing: /home/zhr/YOPO-ROS2/install/so3_quadrotor_simulator/include/ode/libs/numeric/odeint/examples/elliptic.py
-- Installing: /home/zhr/YOPO-ROS2/install/so3_quadrotor_simulator/include/ode/libs/numeric/odeint/examples/two_dimensional_phase_lattice.cpp
-- Installing: /home/zhr/YOPO-ROS2/install/so3_quadrotor_simulator/include/ode/libs/numeric/odeint/examples/van_der_pol_stiff.cpp
-- Installing: /home/zhr/YOPO-ROS2/install/so3_quadrotor_simulator/include/ode/libs/numeric/odeint/examples/point_type.hpp
-- Installing: /home/zhr/YOPO-ROS2/install/so3_quadrotor_simulator/include/ode/libs/numeric/odeint/examples/chaotic_system.cpp
-- Installing: /home/zhr/YOPO-ROS2/install/so3_quadrotor_simulator/include/ode/libs/numeric/odeint/examples/heun.cpp
-- Installing: /home/zhr/YOPO-ROS2/install/so3_quadrotor_simulator/include/ode/libs/numeric/odeint/examples/harmonic_oscillator.cpp
-- Installing: /home/zhr/YOPO-ROS2/install/so3_quadrotor_simulator/include/ode/libs/numeric/odeint/examples/stochastic_euler.cpp
-- Installing: /home/zhr/YOPO-ROS2/install/so3_quadrotor_simulator/include/ode/libs/numeric/odeint/examples/resizing_lattice.cpp
-- Installing: /home/zhr/YOPO-ROS2/install/so3_quadrotor_simulator/include/ode/libs/numeric/odeint/examples/gram_schmidt.hpp
-- Installing: /home/zhr/YOPO-ROS2/install/so3_quadrotor_simulator/include/ode/libs/numeric/odeint/examples/elliptic_functions.cpp
-- Installing: /home/zhr/YOPO-ROS2/install/so3_quadrotor_simulator/include/ode/libs/numeric/odeint/examples/stiff_system.cpp
-- Installing: /home/zhr/YOPO-ROS2/install/so3_quadrotor_simulator/include/ode/libs/numeric/odeint/examples/mtl
-- Installing: /home/zhr/YOPO-ROS2/install/so3_quadrotor_simulator/include/ode/libs/numeric/odeint/examples/mtl/gauss_packet.cpp
-- Installing: /home/zhr/YOPO-ROS2/install/so3_quadrotor_simulator/include/ode/libs/numeric/odeint/examples/mtl/Jamfile.v2
-- Installing: /home/zhr/YOPO-ROS2/install/so3_quadrotor_simulator/include/ode/libs/numeric/odeint/examples/mtl/implicit_euler_mtl.cpp
-- Installing: /home/zhr/YOPO-ROS2/install/so3_quadrotor_simulator/include/ode/libs/numeric/odeint/examples/bind_member_functions_cpp11.cpp
-- Installing: /home/zhr/YOPO-ROS2/install/so3_quadrotor_simulator/include/ode/libs/numeric/odeint/examples/list_lattice.cpp
-- Installing: /home/zhr/YOPO-ROS2/install/so3_quadrotor_simulator/include/ode/libs/numeric/odeint/examples/generation_functions.cpp
-- Installing: /home/zhr/YOPO-ROS2/install/so3_quadrotor_simulator/include/ode/libs/numeric/odeint/examples/2d_lattice
-- Installing: /home/zhr/YOPO-ROS2/install/so3_quadrotor_simulator/include/ode/libs/numeric/odeint/examples/2d_lattice/vector_vector_resize.hpp
-- Installing: /home/zhr/YOPO-ROS2/install/so3_quadrotor_simulator/include/ode/libs/numeric/odeint/examples/2d_lattice/lattice2d.hpp
-- Installing: /home/zhr/YOPO-ROS2/install/so3_quadrotor_simulator/include/ode/libs/numeric/odeint/examples/2d_lattice/nested_range_algebra.hpp
-- Installing: /home/zhr/YOPO-ROS2/install/so3_quadrotor_simulator/include/ode/libs/numeric/odeint/examples/2d_lattice/Jamfile.v2
-- Installing: /home/zhr/YOPO-ROS2/install/so3_quadrotor_simulator/include/ode/libs/numeric/odeint/examples/2d_lattice/spreading.cpp
-- Installing: /home/zhr/YOPO-ROS2/install/so3_quadrotor_simulator/include/ode/libs/numeric/odeint/examples/phase_oscillator_ensemble.cpp
-- Installing: /home/zhr/YOPO-ROS2/install/so3_quadrotor_simulator/include/ode/libs/numeric/odeint/examples/gmpxx
-- Installing: /home/zhr/YOPO-ROS2/install/so3_quadrotor_simulator/include/ode/libs/numeric/odeint/examples/gmpxx/lorenz_gmpxx.cpp
-- Installing: /home/zhr/YOPO-ROS2/install/so3_quadrotor_simulator/include/ode/libs/numeric/odeint/examples/Jamfile.v2
-- Installing: /home/zhr/YOPO-ROS2/install/so3_quadrotor_simulator/include/ode/libs/numeric/odeint/examples/stuart_landau.cpp
-- Installing: /home/zhr/YOPO-ROS2/install/so3_quadrotor_simulator/include/ode/libs/numeric/odeint/examples/harmonic_oscillator_units.cpp
-- Installing: /home/zhr/YOPO-ROS2/install/so3_quadrotor_simulator/include/ode/libs/numeric/odeint/examples/thrust
-- Installing: /home/zhr/YOPO-ROS2/install/so3_quadrotor_simulator/include/ode/libs/numeric/odeint/examples/thrust/phase_oscillator_chain.cu
-- Installing: /home/zhr/YOPO-ROS2/install/so3_quadrotor_simulator/include/ode/libs/numeric/odeint/examples/thrust/lorenz_parameters.cu
-- Installing: /home/zhr/YOPO-ROS2/install/so3_quadrotor_simulator/include/ode/libs/numeric/odeint/examples/thrust/phase_oscillator_ensemble.cu
-- Installing: /home/zhr/YOPO-ROS2/install/so3_quadrotor_simulator/include/ode/libs/numeric/odeint/examples/thrust/Makefile
-- Installing: /home/zhr/YOPO-ROS2/install/so3_quadrotor_simulator/include/ode/libs/numeric/odeint/examples/thrust/relaxation.cu
-- Installing: /home/zhr/YOPO-ROS2/install/so3_quadrotor_simulator/include/ode/libs/numeric/odeint/examples/solar_system.agr
-- Installing: /home/zhr/YOPO-ROS2/install/so3_quadrotor_simulator/include/ode/libs/numeric/odeint/examples/lorenz_point.cpp
-- Installing: /home/zhr/YOPO-ROS2/install/so3_quadrotor_simulator/include/ode/libs/numeric/odeint/examples/stepper_details.cpp
-- Installing: /home/zhr/YOPO-ROS2/install/so3_quadrotor_simulator/include/ode/libs/numeric/odeint/examples/bulirsch_stoer.cpp
-- Installing: /home/zhr/YOPO-ROS2/install/so3_quadrotor_simulator/include/ode/libs/numeric/odeint/examples/simple1d.cpp
-- Installing: /home/zhr/YOPO-ROS2/install/so3_quadrotor_simulator/include/ode/libs/numeric/odeint/examples/quadmath
-- Installing: /home/zhr/YOPO-ROS2/install/so3_quadrotor_simulator/include/ode/libs/numeric/odeint/examples/quadmath/Jamfile.v2
-- Installing: /home/zhr/YOPO-ROS2/install/so3_quadrotor_simulator/include/ode/libs/numeric/odeint/examples/quadmath/black_hole.cpp
-- Installing: /home/zhr/YOPO-ROS2/install/so3_quadrotor_simulator/include/ode/libs/numeric/odeint/examples/vexcl
-- Installing: /home/zhr/YOPO-ROS2/install/so3_quadrotor_simulator/include/ode/libs/numeric/odeint/examples/vexcl/lorenz_ensemble.cpp
-- Installing: /home/zhr/YOPO-ROS2/install/so3_quadrotor_simulator/include/ode/libs/numeric/odeint/examples/vexcl/Jamfile.v2
-- Installing: /home/zhr/YOPO-ROS2/install/so3_quadrotor_simulator/include/ode/libs/numeric/odeint/examples/ublas
-- Installing: /home/zhr/YOPO-ROS2/install/so3_quadrotor_simulator/include/ode/libs/numeric/odeint/examples/ublas/lorenz_ublas.cpp
-- Installing: /home/zhr/YOPO-ROS2/install/so3_quadrotor_simulator/include/ode/libs/numeric/odeint/examples/ublas/Jamfile.v2
-- Installing: /home/zhr/YOPO-ROS2/install/so3_quadrotor_simulator/include/ode/libs/numeric/odeint/examples/bind_member_functions.cpp
-- Installing: /home/zhr/YOPO-ROS2/install/so3_quadrotor_simulator/include/ode/libs/numeric/odeint/examples/fpu.cpp
-- Installing: /home/zhr/YOPO-ROS2/install/so3_quadrotor_simulator/include/ode/libs/numeric/odeint/examples/my_vector.cpp
-- Installing: /home/zhr/YOPO-ROS2/install/so3_quadrotor_simulator/include/ode/libs/numeric/odeint/test_external
-- Installing: /home/zhr/YOPO-ROS2/install/so3_quadrotor_simulator/include/ode/libs/numeric/odeint/test_external/gmp
-- Installing: /home/zhr/YOPO-ROS2/install/so3_quadrotor_simulator/include/ode/libs/numeric/odeint/test_external/gmp/gmp_integrate.cpp
-- Installing: /home/zhr/YOPO-ROS2/install/so3_quadrotor_simulator/include/ode/libs/numeric/odeint/test_external/gmp/check_gmp.cpp
-- Installing: /home/zhr/YOPO-ROS2/install/so3_quadrotor_simulator/include/ode/libs/numeric/odeint/test_external/gmp/Jamfile.v2
-- Installing: /home/zhr/YOPO-ROS2/install/so3_quadrotor_simulator/include/ode/libs/numeric/odeint/test_external/mkl
-- Installing: /home/zhr/YOPO-ROS2/install/so3_quadrotor_simulator/include/ode/libs/numeric/odeint/test_external/mkl/check_mkl.cpp
-- Installing: /home/zhr/YOPO-ROS2/install/so3_quadrotor_simulator/include/ode/libs/numeric/odeint/test_external/mkl/Jamfile.v2
-- Installing: /home/zhr/YOPO-ROS2/install/so3_quadrotor_simulator/include/ode/libs/numeric/odeint/test_external/thrust
-- Installing: /home/zhr/YOPO-ROS2/install/so3_quadrotor_simulator/include/ode/libs/numeric/odeint/test_external/thrust/Makefile
-- Installing: /home/zhr/YOPO-ROS2/install/so3_quadrotor_simulator/include/ode/libs/numeric/odeint/test_external/thrust/check_thrust.cu
-- Installing: /home/zhr/YOPO-ROS2/install/so3_quadrotor_simulator/include/ode/libs/numeric/odeint/test_external/gsl
-- Installing: /home/zhr/YOPO-ROS2/install/so3_quadrotor_simulator/include/ode/libs/numeric/odeint/test_external/gsl/check_gsl.cpp
-- Installing: /home/zhr/YOPO-ROS2/install/so3_quadrotor_simulator/include/ode/libs/numeric/odeint/test_external/gsl/Jamfile.v2
-- Installing: /home/zhr/YOPO-ROS2/install/so3_quadrotor_simulator/include/ode/libs/numeric/odeint/test_external/mtl4
-- Installing: /home/zhr/YOPO-ROS2/install/so3_quadrotor_simulator/include/ode/libs/numeric/odeint/test_external/mtl4/mtl4_resize.cpp
-- Installing: /home/zhr/YOPO-ROS2/install/so3_quadrotor_simulator/include/ode/libs/numeric/odeint/test_external/mtl4/Jamfile.v2
-- Installing: /home/zhr/YOPO-ROS2/install/so3_quadrotor_simulator/include/ode/libs/numeric/odeint/test_external/vexcl
-- Installing: /home/zhr/YOPO-ROS2/install/so3_quadrotor_simulator/include/ode/libs/numeric/odeint/test_external/vexcl/lorenz.cpp
-- Installing: /home/zhr/YOPO-ROS2/install/so3_quadrotor_simulator/include/ode/libs/numeric/odeint/test_external/vexcl/Jamfile.v2
-- Installing: /home/zhr/YOPO-ROS2/install/so3_quadrotor_simulator/include/ode/libs/numeric/odeint/performance
-- Installing: /home/zhr/YOPO-ROS2/install/so3_quadrotor_simulator/include/ode/libs/numeric/odeint/performance/phase_lattice.hpp
-- Installing: /home/zhr/YOPO-ROS2/install/so3_quadrotor_simulator/include/ode/libs/numeric/odeint/performance/rk4_lorenz.f
-- Installing: /home/zhr/YOPO-ROS2/install/so3_quadrotor_simulator/include/ode/libs/numeric/odeint/performance/phase_lattice_mkl.hpp
-- Installing: /home/zhr/YOPO-ROS2/install/so3_quadrotor_simulator/include/ode/libs/numeric/odeint/performance/lorenz_gsl.hpp
-- Installing: /home/zhr/YOPO-ROS2/install/so3_quadrotor_simulator/include/ode/libs/numeric/odeint/performance/odeint_rk4_lorenz_range.cpp
-- Installing: /home/zhr/YOPO-ROS2/install/so3_quadrotor_simulator/include/ode/libs/numeric/odeint/performance/odeint_rk4_phase_lattice_mkl.cpp
-- Installing: /home/zhr/YOPO-ROS2/install/so3_quadrotor_simulator/include/ode/libs/numeric/odeint/performance/rt_algebra.hpp
-- Installing: /home/zhr/YOPO-ROS2/install/so3_quadrotor_simulator/include/ode/libs/numeric/odeint/performance/generic_odeint_rk4_lorenz.cpp
-- Installing: /home/zhr/YOPO-ROS2/install/so3_quadrotor_simulator/include/ode/libs/numeric/odeint/performance/fusion_algebra.hpp
-- Installing: /home/zhr/YOPO-ROS2/install/so3_quadrotor_simulator/include/ode/libs/numeric/odeint/performance/rt_explicit_rk.hpp
-- Installing: /home/zhr/YOPO-ROS2/install/so3_quadrotor_simulator/include/ode/libs/numeric/odeint/performance/lorenz.hpp
-- Installing: /home/zhr/YOPO-ROS2/install/so3_quadrotor_simulator/include/ode/libs/numeric/odeint/performance/nr_rk4_lorenz.cpp
-- Installing: /home/zhr/YOPO-ROS2/install/so3_quadrotor_simulator/include/ode/libs/numeric/odeint/performance/performance.py
-- Installing: /home/zhr/YOPO-ROS2/install/so3_quadrotor_simulator/include/ode/libs/numeric/odeint/performance/nr_rk4_phase_lattice.cpp
-- Installing: /home/zhr/YOPO-ROS2/install/so3_quadrotor_simulator/include/ode/libs/numeric/odeint/performance/gsl_rk4_lorenz.cpp
-- Installing: /home/zhr/YOPO-ROS2/install/so3_quadrotor_simulator/include/ode/libs/numeric/odeint/performance/fusion_explicit_rk_new.hpp
-- Installing: /home/zhr/YOPO-ROS2/install/so3_quadrotor_simulator/include/ode/libs/numeric/odeint/performance/Jamfile.v2
-- Installing: /home/zhr/YOPO-ROS2/install/so3_quadrotor_simulator/include/ode/libs/numeric/odeint/performance/rt_generic_rk4_lorenz.cpp
-- Installing: /home/zhr/YOPO-ROS2/install/so3_quadrotor_simulator/include/ode/libs/numeric/odeint/performance/rk_performance_test_case.hpp
-- Installing: /home/zhr/YOPO-ROS2/install/so3_quadrotor_simulator/include/ode/libs/numeric/odeint/performance/odeint_rk4_phase_lattice.cpp
-- Installing: /home/zhr/YOPO-ROS2/install/so3_quadrotor_simulator/include/ode/libs/numeric/odeint/performance/odeint_rk4_lorenz_array.cpp
-- Installing: /home/zhr/YOPO-ROS2/install/so3_quadrotor_simulator/include/ode/libs/numeric/odeint/performance/plot_result.py
-- Installing: /home/zhr/YOPO-ROS2/install/so3_quadrotor_simulator/include/ode/libs/numeric/odeint/performance/fusion_explicit_error_rk.hpp
-- Installing: /home/zhr/YOPO-ROS2/install/so3_quadrotor_simulator/include/ode/libs/numeric/odeint/performance/rt_generic_rk4_phase_lattice.cpp
-- Installing: /home/zhr/YOPO-ROS2/install/so3_quadrotor_simulator/include/ode/libs/numeric/odeint/index.html
-- Installing: /home/zhr/YOPO-ROS2/install/so3_quadrotor_simulator/include/ode/libs/numeric/odeint/doc
-- Installing: /home/zhr/YOPO-ROS2/install/so3_quadrotor_simulator/include/ode/libs/numeric/odeint/doc/details_steppers.qbk
-- Installing: /home/zhr/YOPO-ROS2/install/so3_quadrotor_simulator/include/ode/libs/numeric/odeint/doc/examples_table.qbk
-- Installing: /home/zhr/YOPO-ROS2/install/so3_quadrotor_simulator/include/ode/libs/numeric/odeint/doc/make_dense_output_table.qbk
-- Installing: /home/zhr/YOPO-ROS2/install/so3_quadrotor_simulator/include/ode/libs/numeric/odeint/doc/make_controlled_table.qbk
-- Installing: /home/zhr/YOPO-ROS2/install/so3_quadrotor_simulator/include/ode/libs/numeric/odeint/doc/stepper_table.qbk
-- Installing: /home/zhr/YOPO-ROS2/install/so3_quadrotor_simulator/include/ode/libs/numeric/odeint/doc/getting_started.qbk
-- Installing: /home/zhr/YOPO-ROS2/install/so3_quadrotor_simulator/include/ode/libs/numeric/odeint/doc/tutorial_vexcl_opencl.qbk
-- Installing: /home/zhr/YOPO-ROS2/install/so3_quadrotor_simulator/include/ode/libs/numeric/odeint/doc/details_integrate_functions.qbk
-- Installing: /home/zhr/YOPO-ROS2/install/so3_quadrotor_simulator/include/ode/libs/numeric/odeint/doc/tutorial_chaotic_system.qbk
-- Installing: /home/zhr/YOPO-ROS2/install/so3_quadrotor_simulator/include/ode/libs/numeric/odeint/doc/details_state_types_algebras_operations.qbk
-- Installing: /home/zhr/YOPO-ROS2/install/so3_quadrotor_simulator/include/ode/libs/numeric/odeint/doc/tutorial_stiff_systems.qbk
-- Installing: /home/zhr/YOPO-ROS2/install/so3_quadrotor_simulator/include/ode/libs/numeric/odeint/doc/tutorial_thrust_cuda.qbk
-- Installing: /home/zhr/YOPO-ROS2/install/so3_quadrotor_simulator/include/ode/libs/numeric/odeint/doc/odeint.idx
-- Installing: /home/zhr/YOPO-ROS2/install/so3_quadrotor_simulator/include/ode/libs/numeric/odeint/doc/html
-- Installing: /home/zhr/YOPO-ROS2/install/so3_quadrotor_simulator/include/ode/libs/numeric/odeint/doc/html/solar_system.jpg
-- Installing: /home/zhr/YOPO-ROS2/install/so3_quadrotor_simulator/include/ode/libs/numeric/odeint/doc/html/boostbook.css
-- Installing: /home/zhr/YOPO-ROS2/install/so3_quadrotor_simulator/include/ode/libs/numeric/odeint/doc/html/logo.jpg
-- Installing: /home/zhr/YOPO-ROS2/install/so3_quadrotor_simulator/include/ode/libs/numeric/odeint/doc/html/images
-- Installing: /home/zhr/YOPO-ROS2/install/so3_quadrotor_simulator/include/ode/libs/numeric/odeint/doc/html/images/prev.png
-- Installing: /home/zhr/YOPO-ROS2/install/so3_quadrotor_simulator/include/ode/libs/numeric/odeint/doc/html/images/warning.png
-- Installing: /home/zhr/YOPO-ROS2/install/so3_quadrotor_simulator/include/ode/libs/numeric/odeint/doc/html/images/tip.png
-- Installing: /home/zhr/YOPO-ROS2/install/so3_quadrotor_simulator/include/ode/libs/numeric/odeint/doc/html/images/home.png
-- Installing: /home/zhr/YOPO-ROS2/install/so3_quadrotor_simulator/include/ode/libs/numeric/odeint/doc/html/images/warning.svg
-- Installing: /home/zhr/YOPO-ROS2/install/so3_quadrotor_simulator/include/ode/libs/numeric/odeint/doc/html/images/alert.png
-- Installing: /home/zhr/YOPO-ROS2/install/so3_quadrotor_simulator/include/ode/libs/numeric/odeint/doc/html/images/next.png
-- Installing: /home/zhr/YOPO-ROS2/install/so3_quadrotor_simulator/include/ode/libs/numeric/odeint/doc/html/images/important.png
-- Installing: /home/zhr/YOPO-ROS2/install/so3_quadrotor_simulator/include/ode/libs/numeric/odeint/doc/html/images/tip.svg
-- Installing: /home/zhr/YOPO-ROS2/install/so3_quadrotor_simulator/include/ode/libs/numeric/odeint/doc/html/images/callouts
-- Installing: /home/zhr/YOPO-ROS2/install/so3_quadrotor_simulator/include/ode/libs/numeric/odeint/doc/html/images/callouts/1.png
-- Installing: /home/zhr/YOPO-ROS2/install/so3_quadrotor_simulator/include/ode/libs/numeric/odeint/doc/html/images/callouts/5.png
-- Installing: /home/zhr/YOPO-ROS2/install/so3_quadrotor_simulator/include/ode/libs/numeric/odeint/doc/html/images/callouts/23.svg
-- Installing: /home/zhr/YOPO-ROS2/install/so3_quadrotor_simulator/include/ode/libs/numeric/odeint/doc/html/images/callouts/27.svg
-- Installing: /home/zhr/YOPO-ROS2/install/so3_quadrotor_simulator/include/ode/libs/numeric/odeint/doc/html/images/callouts/7.svg
-- Installing: /home/zhr/YOPO-ROS2/install/so3_quadrotor_simulator/include/ode/libs/numeric/odeint/doc/html/images/callouts/30.svg
-- Installing: /home/zhr/YOPO-ROS2/install/so3_quadrotor_simulator/include/ode/libs/numeric/odeint/doc/html/images/callouts/13.svg
-- Installing: /home/zhr/YOPO-ROS2/install/so3_quadrotor_simulator/include/ode/libs/numeric/odeint/doc/html/images/callouts/9.png
-- Installing: /home/zhr/YOPO-ROS2/install/so3_quadrotor_simulator/include/ode/libs/numeric/odeint/doc/html/images/callouts/20.svg
-- Installing: /home/zhr/YOPO-ROS2/install/so3_quadrotor_simulator/include/ode/libs/numeric/odeint/doc/html/images/callouts/6.png
-- Installing: /home/zhr/YOPO-ROS2/install/so3_quadrotor_simulator/include/ode/libs/numeric/odeint/doc/html/images/callouts/12.svg
-- Installing: /home/zhr/YOPO-ROS2/install/so3_quadrotor_simulator/include/ode/libs/numeric/odeint/doc/html/images/callouts/8.png
-- Installing: /home/zhr/YOPO-ROS2/install/so3_quadrotor_simulator/include/ode/libs/numeric/odeint/doc/html/images/callouts/17.svg
-- Installing: /home/zhr/YOPO-ROS2/install/so3_quadrotor_simulator/include/ode/libs/numeric/odeint/doc/html/images/callouts/18.svg
-- Installing: /home/zhr/YOPO-ROS2/install/so3_quadrotor_simulator/include/ode/libs/numeric/odeint/doc/html/images/callouts/21.svg
-- Installing: /home/zhr/YOPO-ROS2/install/so3_quadrotor_simulator/include/ode/libs/numeric/odeint/doc/html/images/callouts/2.png
-- Installing: /home/zhr/YOPO-ROS2/install/so3_quadrotor_simulator/include/ode/libs/numeric/odeint/doc/html/images/callouts/4.png
-- Installing: /home/zhr/YOPO-ROS2/install/so3_quadrotor_simulator/include/ode/libs/numeric/odeint/doc/html/images/callouts/6.svg
-- Installing: /home/zhr/YOPO-ROS2/install/so3_quadrotor_simulator/include/ode/libs/numeric/odeint/doc/html/images/callouts/11.svg
-- Installing: /home/zhr/YOPO-ROS2/install/so3_quadrotor_simulator/include/ode/libs/numeric/odeint/doc/html/images/callouts/29.svg
-- Installing: /home/zhr/YOPO-ROS2/install/so3_quadrotor_simulator/include/ode/libs/numeric/odeint/doc/html/images/callouts/16.svg
-- Installing: /home/zhr/YOPO-ROS2/install/so3_quadrotor_simulator/include/ode/libs/numeric/odeint/doc/html/images/callouts/14.png
-- Installing: /home/zhr/YOPO-ROS2/install/so3_quadrotor_simulator/include/ode/libs/numeric/odeint/doc/html/images/callouts/4.svg
-- Installing: /home/zhr/YOPO-ROS2/install/so3_quadrotor_simulator/include/ode/libs/numeric/odeint/doc/html/images/callouts/3.svg
-- Installing: /home/zhr/YOPO-ROS2/install/so3_quadrotor_simulator/include/ode/libs/numeric/odeint/doc/html/images/callouts/19.svg
-- Installing: /home/zhr/YOPO-ROS2/install/so3_quadrotor_simulator/include/ode/libs/numeric/odeint/doc/html/images/callouts/9.svg
-- Installing: /home/zhr/YOPO-ROS2/install/so3_quadrotor_simulator/include/ode/libs/numeric/odeint/doc/html/images/callouts/26.svg
-- Installing: /home/zhr/YOPO-ROS2/install/so3_quadrotor_simulator/include/ode/libs/numeric/odeint/doc/html/images/callouts/22.svg
-- Installing: /home/zhr/YOPO-ROS2/install/so3_quadrotor_simulator/include/ode/libs/numeric/odeint/doc/html/images/callouts/10.svg
-- Installing: /home/zhr/YOPO-ROS2/install/so3_quadrotor_simulator/include/ode/libs/numeric/odeint/doc/html/images/callouts/10.png
-- Installing: /home/zhr/YOPO-ROS2/install/so3_quadrotor_simulator/include/ode/libs/numeric/odeint/doc/html/images/callouts/3.png
-- Installing: /home/zhr/YOPO-ROS2/install/so3_quadrotor_simulator/include/ode/libs/numeric/odeint/doc/html/images/callouts/25.svg
-- Installing: /home/zhr/YOPO-ROS2/install/so3_quadrotor_simulator/include/ode/libs/numeric/odeint/doc/html/images/callouts/28.svg
-- Installing: /home/zhr/YOPO-ROS2/install/so3_quadrotor_simulator/include/ode/libs/numeric/odeint/doc/html/images/callouts/5.svg
-- Installing: /home/zhr/YOPO-ROS2/install/so3_quadrotor_simulator/include/ode/libs/numeric/odeint/doc/html/images/callouts/24.svg
-- Installing: /home/zhr/YOPO-ROS2/install/so3_quadrotor_simulator/include/ode/libs/numeric/odeint/doc/html/images/callouts/11.png
-- Installing: /home/zhr/YOPO-ROS2/install/so3_quadrotor_simulator/include/ode/libs/numeric/odeint/doc/html/images/callouts/1.svg
-- Installing: /home/zhr/YOPO-ROS2/install/so3_quadrotor_simulator/include/ode/libs/numeric/odeint/doc/html/images/callouts/8.svg
-- Installing: /home/zhr/YOPO-ROS2/install/so3_quadrotor_simulator/include/ode/libs/numeric/odeint/doc/html/images/callouts/14.svg
-- Installing: /home/zhr/YOPO-ROS2/install/so3_quadrotor_simulator/include/ode/libs/numeric/odeint/doc/html/images/callouts/15.png
-- Installing: /home/zhr/YOPO-ROS2/install/so3_quadrotor_simulator/include/ode/libs/numeric/odeint/doc/html/images/callouts/12.png
-- Installing: /home/zhr/YOPO-ROS2/install/so3_quadrotor_simulator/include/ode/libs/numeric/odeint/doc/html/images/callouts/15.svg
-- Installing: /home/zhr/YOPO-ROS2/install/so3_quadrotor_simulator/include/ode/libs/numeric/odeint/doc/html/images/callouts/13.png
-- Installing: /home/zhr/YOPO-ROS2/install/so3_quadrotor_simulator/include/ode/libs/numeric/odeint/doc/html/images/callouts/2.svg
-- Installing: /home/zhr/YOPO-ROS2/install/so3_quadrotor_simulator/include/ode/libs/numeric/odeint/doc/html/images/callouts/7.png
-- Installing: /home/zhr/YOPO-ROS2/install/so3_quadrotor_simulator/include/ode/libs/numeric/odeint/doc/html/images/next.svg
-- Installing: /home/zhr/YOPO-ROS2/install/so3_quadrotor_simulator/include/ode/libs/numeric/odeint/doc/html/images/blank.png
-- Installing: /home/zhr/YOPO-ROS2/install/so3_quadrotor_simulator/include/ode/libs/numeric/odeint/doc/html/images/caution.png
-- Installing: /home/zhr/YOPO-ROS2/install/so3_quadrotor_simulator/include/ode/libs/numeric/odeint/doc/html/images/up.png
-- Installing: /home/zhr/YOPO-ROS2/install/so3_quadrotor_simulator/include/ode/libs/numeric/odeint/doc/html/images/note.png
-- Installing: /home/zhr/YOPO-ROS2/install/so3_quadrotor_simulator/include/ode/libs/numeric/odeint/doc/html/images/home.svg
-- Installing: /home/zhr/YOPO-ROS2/install/so3_quadrotor_simulator/include/ode/libs/numeric/odeint/doc/html/images/up_disabled.png
-- Installing: /home/zhr/YOPO-ROS2/install/so3_quadrotor_simulator/include/ode/libs/numeric/odeint/doc/html/images/important.svg
-- Installing: /home/zhr/YOPO-ROS2/install/so3_quadrotor_simulator/include/ode/libs/numeric/odeint/doc/html/images/toc-blank.png
-- Installing: /home/zhr/YOPO-ROS2/install/so3_quadrotor_simulator/include/ode/libs/numeric/odeint/doc/html/images/smiley.png
-- Installing: /home/zhr/YOPO-ROS2/install/so3_quadrotor_simulator/include/ode/libs/numeric/odeint/doc/html/images/caution.svg
-- Installing: /home/zhr/YOPO-ROS2/install/so3_quadrotor_simulator/include/ode/libs/numeric/odeint/doc/html/images/next_disabled.png
-- Installing: /home/zhr/YOPO-ROS2/install/so3_quadrotor_simulator/include/ode/libs/numeric/odeint/doc/html/images/note.svg
-- Installing: /home/zhr/YOPO-ROS2/install/so3_quadrotor_simulator/include/ode/libs/numeric/odeint/doc/html/images/prev_disabled.png
-- Installing: /home/zhr/YOPO-ROS2/install/so3_quadrotor_simulator/include/ode/libs/numeric/odeint/doc/html/images/toc-plus.png
-- Installing: /home/zhr/YOPO-ROS2/install/so3_quadrotor_simulator/include/ode/libs/numeric/odeint/doc/html/images/draft.png
-- Installing: /home/zhr/YOPO-ROS2/install/so3_quadrotor_simulator/include/ode/libs/numeric/odeint/doc/html/images/up.svg
-- Installing: /home/zhr/YOPO-ROS2/install/so3_quadrotor_simulator/include/ode/libs/numeric/odeint/doc/html/images/toc-minus.png
-- Installing: /home/zhr/YOPO-ROS2/install/so3_quadrotor_simulator/include/ode/libs/numeric/odeint/doc/html/images/prev.svg
-- Installing: /home/zhr/YOPO-ROS2/install/so3_quadrotor_simulator/include/ode/libs/numeric/odeint/doc/html/phase_lattice_2d_1000.jpg
-- Installing: /home/zhr/YOPO-ROS2/install/so3_quadrotor_simulator/include/ode/libs/numeric/odeint/doc/html/phase_lattice_2d_0000.jpg
-- Installing: /home/zhr/YOPO-ROS2/install/so3_quadrotor_simulator/include/ode/libs/numeric/odeint/doc/html/phase_lattice_2d_0100.jpg
-- Installing: /home/zhr/YOPO-ROS2/install/so3_quadrotor_simulator/include/ode/libs/numeric/odeint/doc/odeint.qbk
-- Installing: /home/zhr/YOPO-ROS2/install/so3_quadrotor_simulator/include/ode/libs/numeric/odeint/doc/tutorial.qbk
-- Installing: /home/zhr/YOPO-ROS2/install/so3_quadrotor_simulator/include/ode/libs/numeric/odeint/doc/tutorial_special_topics.qbk
-- Installing: /home/zhr/YOPO-ROS2/install/so3_quadrotor_simulator/include/ode/libs/numeric/odeint/doc/details_boost_ref.qbk
-- Installing: /home/zhr/YOPO-ROS2/install/so3_quadrotor_simulator/include/ode/libs/numeric/odeint/doc/details_generation_functions.qbk
-- Installing: /home/zhr/YOPO-ROS2/install/so3_quadrotor_simulator/include/ode/libs/numeric/odeint/doc/concepts.qbk
-- Installing: /home/zhr/YOPO-ROS2/install/so3_quadrotor_simulator/include/ode/libs/numeric/odeint/doc/Jamfile.v2
-- Installing: /home/zhr/YOPO-ROS2/install/so3_quadrotor_simulator/include/ode/libs/numeric/odeint/doc/concepts
-- Installing: /home/zhr/YOPO-ROS2/install/so3_quadrotor_simulator/include/ode/libs/numeric/odeint/doc/concepts/state_algebra_operations.qbk
-- Installing: /home/zhr/YOPO-ROS2/install/so3_quadrotor_simulator/include/ode/libs/numeric/odeint/doc/concepts/dense_output_stepper.qbk
-- Installing: /home/zhr/YOPO-ROS2/install/so3_quadrotor_simulator/include/ode/libs/numeric/odeint/doc/concepts/system.qbk
-- Installing: /home/zhr/YOPO-ROS2/install/so3_quadrotor_simulator/include/ode/libs/numeric/odeint/doc/concepts/symplectic_system.qbk
-- Installing: /home/zhr/YOPO-ROS2/install/so3_quadrotor_simulator/include/ode/libs/numeric/odeint/doc/concepts/state_wrapper.qbk
-- Installing: /home/zhr/YOPO-ROS2/install/so3_quadrotor_simulator/include/ode/libs/numeric/odeint/doc/concepts/error_stepper.qbk
-- Installing: /home/zhr/YOPO-ROS2/install/so3_quadrotor_simulator/include/ode/libs/numeric/odeint/doc/concepts/stepper.qbk
-- Installing: /home/zhr/YOPO-ROS2/install/so3_quadrotor_simulator/include/ode/libs/numeric/odeint/doc/concepts/implicit_system.qbk
-- Installing: /home/zhr/YOPO-ROS2/install/so3_quadrotor_simulator/include/ode/libs/numeric/odeint/doc/concepts/controlled_stepper.qbk
-- Installing: /home/zhr/YOPO-ROS2/install/so3_quadrotor_simulator/include/ode/libs/numeric/odeint/doc/literature.qbk
-- Installing: /home/zhr/YOPO-ROS2/install/so3_quadrotor_simulator/include/ode/libs/numeric/odeint/doc/details_boost_range.qbk
-- Installing: /home/zhr/YOPO-ROS2/install/so3_quadrotor_simulator/include/ode/libs/numeric/odeint/doc/range_table.qbk
-- Installing: /home/zhr/YOPO-ROS2/install/so3_quadrotor_simulator/include/ode/libs/numeric/odeint/doc/tutorial_solar_system.qbk
-- Installing: /home/zhr/YOPO-ROS2/install/so3_quadrotor_simulator/include/ode/libs/numeric/odeint/doc/acknowledgements.qbk
-- Installing: /home/zhr/YOPO-ROS2/install/so3_quadrotor_simulator/include/ode/libs/numeric/odeint/doc/tutorial_harmonic_oscillator.qbk
-- Installing: /home/zhr/YOPO-ROS2/install/so3_quadrotor_simulator/include/ode/libs/numeric/odeint/doc/details_bind_member_functions.qbk
-- Installing: /home/zhr/YOPO-ROS2/install/so3_quadrotor_simulator/include/ode/libs/numeric/odeint/doc/details.qbk
-- Installing: /home/zhr/YOPO-ROS2/install/so3_quadrotor_simulator/include/ode/libs/numeric/odeint/doc/controlled_stepper_table.qbk
-- Installing: /home/zhr/YOPO-ROS2/install/so3_quadrotor_simulator/include/ode/libs/numeric/odeint/test
-- Installing: /home/zhr/YOPO-ROS2/install/so3_quadrotor_simulator/include/ode/libs/numeric/odeint/test/fusion_algebra.cpp
-- Installing: /home/zhr/YOPO-ROS2/install/so3_quadrotor_simulator/include/ode/libs/numeric/odeint/test/stepper_with_units.cpp
-- Installing: /home/zhr/YOPO-ROS2/install/so3_quadrotor_simulator/include/ode/libs/numeric/odeint/test/integrate_times.cpp
-- Installing: /home/zhr/YOPO-ROS2/install/so3_quadrotor_simulator/include/ode/libs/numeric/odeint/test/boost_units_helpers.hpp
-- Installing: /home/zhr/YOPO-ROS2/install/so3_quadrotor_simulator/include/ode/libs/numeric/odeint/test/runge_kutta_controlled_concepts.cpp
-- Installing: /home/zhr/YOPO-ROS2/install/so3_quadrotor_simulator/include/ode/libs/numeric/odeint/test/default_operations.cpp
-- Installing: /home/zhr/YOPO-ROS2/install/so3_quadrotor_simulator/include/ode/libs/numeric/odeint/test/runge_kutta_concepts.cpp
-- Installing: /home/zhr/YOPO-ROS2/install/so3_quadrotor_simulator/include/ode/libs/numeric/odeint/test/resizing.cpp
-- Installing: /home/zhr/YOPO-ROS2/install/so3_quadrotor_simulator/include/ode/libs/numeric/odeint/test/diagnostic_state_type.hpp
-- Installing: /home/zhr/YOPO-ROS2/install/so3_quadrotor_simulator/include/ode/libs/numeric/odeint/test/generic_stepper.cpp
-- Installing: /home/zhr/YOPO-ROS2/install/so3_quadrotor_simulator/include/ode/libs/numeric/odeint/test/prepare_stepper_testing.hpp
-- Installing: /home/zhr/YOPO-ROS2/install/so3_quadrotor_simulator/include/ode/libs/numeric/odeint/test/same_size.cpp
-- Installing: /home/zhr/YOPO-ROS2/install/so3_quadrotor_simulator/include/ode/libs/numeric/odeint/test/is_pair.cpp
-- Installing: /home/zhr/YOPO-ROS2/install/so3_quadrotor_simulator/include/ode/libs/numeric/odeint/test/stepper_with_ranges.cpp
-- Installing: /home/zhr/YOPO-ROS2/install/so3_quadrotor_simulator/include/ode/libs/numeric/odeint/test/trivial_state.cpp
-- Installing: /home/zhr/YOPO-ROS2/install/so3_quadrotor_simulator/include/ode/libs/numeric/odeint/test/symplectic_steppers.cpp
-- Installing: /home/zhr/YOPO-ROS2/install/so3_quadrotor_simulator/include/ode/libs/numeric/odeint/test/adams_moulton.cpp
-- Installing: /home/zhr/YOPO-ROS2/install/so3_quadrotor_simulator/include/ode/libs/numeric/odeint/test/dummy_odes.hpp
-- Installing: /home/zhr/YOPO-ROS2/install/so3_quadrotor_simulator/include/ode/libs/numeric/odeint/test/implicit_euler.cpp
-- Installing: /home/zhr/YOPO-ROS2/install/so3_quadrotor_simulator/include/ode/libs/numeric/odeint/test/stepper_copying.cpp
-- Installing: /home/zhr/YOPO-ROS2/install/so3_quadrotor_simulator/include/ode/libs/numeric/odeint/test/Jamfile.v2
-- Installing: /home/zhr/YOPO-ROS2/install/so3_quadrotor_simulator/include/ode/libs/numeric/odeint/test/integrate.cpp
-- Installing: /home/zhr/YOPO-ROS2/install/so3_quadrotor_simulator/include/ode/libs/numeric/odeint/test/adams_bashforth.cpp
-- Installing: /home/zhr/YOPO-ROS2/install/so3_quadrotor_simulator/include/ode/libs/numeric/odeint/test/generation.cpp
-- Installing: /home/zhr/YOPO-ROS2/install/so3_quadrotor_simulator/include/ode/libs/numeric/odeint/test/numeric
-- Installing: /home/zhr/YOPO-ROS2/install/so3_quadrotor_simulator/include/ode/libs/numeric/odeint/test/numeric/Jamfile.v2
-- Installing: /home/zhr/YOPO-ROS2/install/so3_quadrotor_simulator/include/ode/libs/numeric/odeint/test/numeric/symplectic.cpp
-- Installing: /home/zhr/YOPO-ROS2/install/so3_quadrotor_simulator/include/ode/libs/numeric/odeint/test/numeric/rosenbrock.cpp
-- Installing: /home/zhr/YOPO-ROS2/install/so3_quadrotor_simulator/include/ode/libs/numeric/odeint/test/numeric/runge_kutta.cpp
-- Installing: /home/zhr/YOPO-ROS2/install/so3_quadrotor_simulator/include/ode/libs/numeric/odeint/test/runge_kutta_error_concepts.cpp
-- Installing: /home/zhr/YOPO-ROS2/install/so3_quadrotor_simulator/include/ode/libs/numeric/odeint/test/generic_error_stepper.cpp
-- Installing: /home/zhr/YOPO-ROS2/install/so3_quadrotor_simulator/include/ode/libs/numeric/odeint/test/const_range.hpp
-- Installing: /home/zhr/YOPO-ROS2/install/so3_quadrotor_simulator/include/ode/libs/numeric/odeint/test/rosenbrock4.cpp
-- Installing: /home/zhr/YOPO-ROS2/install/so3_quadrotor_simulator/include/ode/libs/numeric/odeint/test/bulirsch_stoer.cpp
-- Installing: /home/zhr/YOPO-ROS2/install/so3_quadrotor_simulator/include/ode/libs/numeric/odeint/test/vector_space_1d.hpp
-- Installing: /home/zhr/YOPO-ROS2/install/so3_quadrotor_simulator/include/ode/libs/numeric/odeint/test/range_algebra.cpp
-- Installing: /home/zhr/YOPO-ROS2/install/so3_quadrotor_simulator/include/ode/libs/numeric/odeint/test/resize.cpp
-- Installing: /home/zhr/YOPO-ROS2/install/so3_quadrotor_simulator/include/ode/libs/numeric/odeint/test/is_resizeable.cpp
-- Installing: /home/zhr/YOPO-ROS2/install/so3_quadrotor_simulator/include/ode/libs/numeric/odeint/test/integrate_implicit.cpp
-- Installing: /home/zhr/YOPO-ROS2/install/so3_quadrotor_simulator/include/ode/libs/numeric/odeint/test/euler_stepper.cpp
-- Installing: /home/zhr/YOPO-ROS2/install/so3_quadrotor_simulator/include/ode/libs/numeric/odeint/test/dummy_steppers.hpp
-- Installing: /home/zhr/YOPO-ROS2/install/so3_quadrotor_simulator/include/ode/libs/numeric/odeint/test/adams_bashforth_moulton.cpp
-- Installing: /home/zhr/YOPO-ROS2/install/so3_quadrotor_simulator/include/ode/CHANGELOG
-- Installing: /home/zhr/YOPO-ROS2/install/so3_quadrotor_simulator/include/ode/boost
-- Installing: /home/zhr/YOPO-ROS2/install/so3_quadrotor_simulator/include/ode/boost/numeric
-- Installing: /home/zhr/YOPO-ROS2/install/so3_quadrotor_simulator/include/ode/boost/numeric/odeint
-- Installing: /home/zhr/YOPO-ROS2/install/so3_quadrotor_simulator/include/ode/boost/numeric/odeint/integrate
-- Installing: /home/zhr/YOPO-ROS2/install/so3_quadrotor_simulator/include/ode/boost/numeric/odeint/integrate/integrate.hpp
-- Installing: /home/zhr/YOPO-ROS2/install/so3_quadrotor_simulator/include/ode/boost/numeric/odeint/integrate/integrate_const.hpp
-- Installing: /home/zhr/YOPO-ROS2/install/so3_quadrotor_simulator/include/ode/boost/numeric/odeint/integrate/integrate_n_steps.hpp
-- Installing: /home/zhr/YOPO-ROS2/install/so3_quadrotor_simulator/include/ode/boost/numeric/odeint/integrate/null_observer.hpp
-- Installing: /home/zhr/YOPO-ROS2/install/so3_quadrotor_simulator/include/ode/boost/numeric/odeint/integrate/detail
-- Installing: /home/zhr/YOPO-ROS2/install/so3_quadrotor_simulator/include/ode/boost/numeric/odeint/integrate/detail/integrate_const.hpp
-- Installing: /home/zhr/YOPO-ROS2/install/so3_quadrotor_simulator/include/ode/boost/numeric/odeint/integrate/detail/integrate_n_steps.hpp
-- Installing: /home/zhr/YOPO-ROS2/install/so3_quadrotor_simulator/include/ode/boost/numeric/odeint/integrate/detail/integrate_times.hpp
-- Installing: /home/zhr/YOPO-ROS2/install/so3_quadrotor_simulator/include/ode/boost/numeric/odeint/integrate/detail/integrate_adaptive.hpp
-- Installing: /home/zhr/YOPO-ROS2/install/so3_quadrotor_simulator/include/ode/boost/numeric/odeint/integrate/observer_collection.hpp
-- Installing: /home/zhr/YOPO-ROS2/install/so3_quadrotor_simulator/include/ode/boost/numeric/odeint/integrate/integrate_times.hpp
-- Installing: /home/zhr/YOPO-ROS2/install/so3_quadrotor_simulator/include/ode/boost/numeric/odeint/integrate/integrate_adaptive.hpp
-- Installing: /home/zhr/YOPO-ROS2/install/so3_quadrotor_simulator/include/ode/boost/numeric/odeint/algebra
-- Installing: /home/zhr/YOPO-ROS2/install/so3_quadrotor_simulator/include/ode/boost/numeric/odeint/algebra/fusion_algebra.hpp
-- Installing: /home/zhr/YOPO-ROS2/install/so3_quadrotor_simulator/include/ode/boost/numeric/odeint/algebra/default_operations.hpp
-- Installing: /home/zhr/YOPO-ROS2/install/so3_quadrotor_simulator/include/ode/boost/numeric/odeint/algebra/array_algebra.hpp
-- Installing: /home/zhr/YOPO-ROS2/install/so3_quadrotor_simulator/include/ode/boost/numeric/odeint/algebra/detail
-- Installing: /home/zhr/YOPO-ROS2/install/so3_quadrotor_simulator/include/ode/boost/numeric/odeint/algebra/detail/reduce.hpp
-- Installing: /home/zhr/YOPO-ROS2/install/so3_quadrotor_simulator/include/ode/boost/numeric/odeint/algebra/detail/for_each.hpp
-- Installing: /home/zhr/YOPO-ROS2/install/so3_quadrotor_simulator/include/ode/boost/numeric/odeint/algebra/detail/macros.hpp
-- Installing: /home/zhr/YOPO-ROS2/install/so3_quadrotor_simulator/include/ode/boost/numeric/odeint/algebra/range_algebra.hpp
-- Installing: /home/zhr/YOPO-ROS2/install/so3_quadrotor_simulator/include/ode/boost/numeric/odeint/algebra/vector_space_algebra.hpp
-- Installing: /home/zhr/YOPO-ROS2/install/so3_quadrotor_simulator/include/ode/boost/numeric/odeint/external
-- Installing: /home/zhr/YOPO-ROS2/install/so3_quadrotor_simulator/include/ode/boost/numeric/odeint/external/mkl
-- Installing: /home/zhr/YOPO-ROS2/install/so3_quadrotor_simulator/include/ode/boost/numeric/odeint/external/mkl/mkl_operations.hpp
-- Installing: /home/zhr/YOPO-ROS2/install/so3_quadrotor_simulator/include/ode/boost/numeric/odeint/external/viennacl
-- Installing: /home/zhr/YOPO-ROS2/install/so3_quadrotor_simulator/include/ode/boost/numeric/odeint/external/viennacl/viennacl_operations.hpp
-- Installing: /home/zhr/YOPO-ROS2/install/so3_quadrotor_simulator/include/ode/boost/numeric/odeint/external/viennacl/viennacl_resize.hpp
-- Installing: /home/zhr/YOPO-ROS2/install/so3_quadrotor_simulator/include/ode/boost/numeric/odeint/external/thrust
-- Installing: /home/zhr/YOPO-ROS2/install/so3_quadrotor_simulator/include/ode/boost/numeric/odeint/external/thrust/thrust_operations.hpp
-- Installing: /home/zhr/YOPO-ROS2/install/so3_quadrotor_simulator/include/ode/boost/numeric/odeint/external/thrust/thrust_algebra.hpp
-- Installing: /home/zhr/YOPO-ROS2/install/so3_quadrotor_simulator/include/ode/boost/numeric/odeint/external/thrust/thrust_resize.hpp
-- Installing: /home/zhr/YOPO-ROS2/install/so3_quadrotor_simulator/include/ode/boost/numeric/odeint/external/gsl
-- Installing: /home/zhr/YOPO-ROS2/install/so3_quadrotor_simulator/include/ode/boost/numeric/odeint/external/gsl/gsl_wrapper.hpp
-- Installing: /home/zhr/YOPO-ROS2/install/so3_quadrotor_simulator/include/ode/boost/numeric/odeint/external/mtl4
-- Installing: /home/zhr/YOPO-ROS2/install/so3_quadrotor_simulator/include/ode/boost/numeric/odeint/external/mtl4/mtl4_resize.hpp
-- Installing: /home/zhr/YOPO-ROS2/install/so3_quadrotor_simulator/include/ode/boost/numeric/odeint/external/mtl4/implicit_euler_mtl4.hpp
-- Installing: /home/zhr/YOPO-ROS2/install/so3_quadrotor_simulator/include/ode/boost/numeric/odeint/external/vexcl
-- Installing: /home/zhr/YOPO-ROS2/install/so3_quadrotor_simulator/include/ode/boost/numeric/odeint/external/vexcl/vexcl_resize.hpp
-- Installing: /home/zhr/YOPO-ROS2/install/so3_quadrotor_simulator/include/ode/boost/numeric/odeint/stepper
-- Installing: /home/zhr/YOPO-ROS2/install/so3_quadrotor_simulator/include/ode/boost/numeric/odeint/stepper/runge_kutta_fehlberg78.hpp
-- Installing: /home/zhr/YOPO-ROS2/install/so3_quadrotor_simulator/include/ode/boost/numeric/odeint/stepper/bulirsch_stoer_dense_out.hpp
-- Installing: /home/zhr/YOPO-ROS2/install/so3_quadrotor_simulator/include/ode/boost/numeric/odeint/stepper/controlled_runge_kutta.hpp
-- Installing: /home/zhr/YOPO-ROS2/install/so3_quadrotor_simulator/include/ode/boost/numeric/odeint/stepper/runge_kutta4_classic.hpp
-- Installing: /home/zhr/YOPO-ROS2/install/so3_quadrotor_simulator/include/ode/boost/numeric/odeint/stepper/symplectic_rkn_sb3a_m4_mclachlan.hpp
-- Installing: /home/zhr/YOPO-ROS2/install/so3_quadrotor_simulator/include/ode/boost/numeric/odeint/stepper/modified_midpoint.hpp
-- Installing: /home/zhr/YOPO-ROS2/install/so3_quadrotor_simulator/include/ode/boost/numeric/odeint/stepper/stepper_categories.hpp
-- Installing: /home/zhr/YOPO-ROS2/install/so3_quadrotor_simulator/include/ode/boost/numeric/odeint/stepper/rosenbrock4.hpp
-- Installing: /home/zhr/YOPO-ROS2/install/so3_quadrotor_simulator/include/ode/boost/numeric/odeint/stepper/runge_kutta_dopri5.hpp
-- Installing: /home/zhr/YOPO-ROS2/install/so3_quadrotor_simulator/include/ode/boost/numeric/odeint/stepper/explicit_error_generic_rk.hpp
-- Installing: /home/zhr/YOPO-ROS2/install/so3_quadrotor_simulator/include/ode/boost/numeric/odeint/stepper/euler.hpp
-- Installing: /home/zhr/YOPO-ROS2/install/so3_quadrotor_simulator/include/ode/boost/numeric/odeint/stepper/implicit_euler.hpp
-- Installing: /home/zhr/YOPO-ROS2/install/so3_quadrotor_simulator/include/ode/boost/numeric/odeint/stepper/detail
-- Installing: /home/zhr/YOPO-ROS2/install/so3_quadrotor_simulator/include/ode/boost/numeric/odeint/stepper/detail/generic_rk_algorithm.hpp
-- Installing: /home/zhr/YOPO-ROS2/install/so3_quadrotor_simulator/include/ode/boost/numeric/odeint/stepper/detail/rotating_buffer.hpp
-- Installing: /home/zhr/YOPO-ROS2/install/so3_quadrotor_simulator/include/ode/boost/numeric/odeint/stepper/detail/adams_bashforth_call_algebra.hpp
-- Installing: /home/zhr/YOPO-ROS2/install/so3_quadrotor_simulator/include/ode/boost/numeric/odeint/stepper/detail/adams_moulton_coefficients.hpp
-- Installing: /home/zhr/YOPO-ROS2/install/so3_quadrotor_simulator/include/ode/boost/numeric/odeint/stepper/detail/generic_rk_call_algebra.hpp
-- Installing: /home/zhr/YOPO-ROS2/install/so3_quadrotor_simulator/include/ode/boost/numeric/odeint/stepper/detail/adams_bashforth_coefficients.hpp
-- Installing: /home/zhr/YOPO-ROS2/install/so3_quadrotor_simulator/include/ode/boost/numeric/odeint/stepper/detail/generic_rk_operations.hpp
-- Installing: /home/zhr/YOPO-ROS2/install/so3_quadrotor_simulator/include/ode/boost/numeric/odeint/stepper/detail/adams_moulton_call_algebra.hpp
-- Installing: /home/zhr/YOPO-ROS2/install/so3_quadrotor_simulator/include/ode/boost/numeric/odeint/stepper/base
-- Installing: /home/zhr/YOPO-ROS2/install/so3_quadrotor_simulator/include/ode/boost/numeric/odeint/stepper/base/explicit_error_stepper_base.hpp
-- Installing: /home/zhr/YOPO-ROS2/install/so3_quadrotor_simulator/include/ode/boost/numeric/odeint/stepper/base/algebra_stepper_base.hpp
-- Installing: /home/zhr/YOPO-ROS2/install/so3_quadrotor_simulator/include/ode/boost/numeric/odeint/stepper/base/explicit_stepper_base.hpp
-- Installing: /home/zhr/YOPO-ROS2/install/so3_quadrotor_simulator/include/ode/boost/numeric/odeint/stepper/base/explicit_error_stepper_fsal_base.hpp
-- Installing: /home/zhr/YOPO-ROS2/install/so3_quadrotor_simulator/include/ode/boost/numeric/odeint/stepper/base/symplectic_rkn_stepper_base.hpp
-- Installing: /home/zhr/YOPO-ROS2/install/so3_quadrotor_simulator/include/ode/boost/numeric/odeint/stepper/runge_kutta_cash_karp54.hpp
-- Installing: /home/zhr/YOPO-ROS2/install/so3_quadrotor_simulator/include/ode/boost/numeric/odeint/stepper/symplectic_euler.hpp
-- Installing: /home/zhr/YOPO-ROS2/install/so3_quadrotor_simulator/include/ode/boost/numeric/odeint/stepper/dense_output_runge_kutta.hpp
-- Installing: /home/zhr/YOPO-ROS2/install/so3_quadrotor_simulator/include/ode/boost/numeric/odeint/stepper/adams_moulton.hpp
-- Installing: /home/zhr/YOPO-ROS2/install/so3_quadrotor_simulator/include/ode/boost/numeric/odeint/stepper/runge_kutta_cash_karp54_classic.hpp
-- Installing: /home/zhr/YOPO-ROS2/install/so3_quadrotor_simulator/include/ode/boost/numeric/odeint/stepper/adams_bashforth.hpp
-- Installing: /home/zhr/YOPO-ROS2/install/so3_quadrotor_simulator/include/ode/boost/numeric/odeint/stepper/generation
-- Installing: /home/zhr/YOPO-ROS2/install/so3_quadrotor_simulator/include/ode/boost/numeric/odeint/stepper/generation/generation_runge_kutta_dopri5.hpp
-- Installing: /home/zhr/YOPO-ROS2/install/so3_quadrotor_simulator/include/ode/boost/numeric/odeint/stepper/generation/generation_controlled_runge_kutta.hpp
-- Installing: /home/zhr/YOPO-ROS2/install/so3_quadrotor_simulator/include/ode/boost/numeric/odeint/stepper/generation/make_controlled.hpp
-- Installing: /home/zhr/YOPO-ROS2/install/so3_quadrotor_simulator/include/ode/boost/numeric/odeint/stepper/generation/generation_runge_kutta_cash_karp54_classic.hpp
-- Installing: /home/zhr/YOPO-ROS2/install/so3_quadrotor_simulator/include/ode/boost/numeric/odeint/stepper/generation/generation_runge_kutta_cash_karp54.hpp
-- Installing: /home/zhr/YOPO-ROS2/install/so3_quadrotor_simulator/include/ode/boost/numeric/odeint/stepper/generation/generation_rosenbrock4.hpp
-- Installing: /home/zhr/YOPO-ROS2/install/so3_quadrotor_simulator/include/ode/boost/numeric/odeint/stepper/generation/make_dense_output.hpp
-- Installing: /home/zhr/YOPO-ROS2/install/so3_quadrotor_simulator/include/ode/boost/numeric/odeint/stepper/generation/generation_dense_output_runge_kutta.hpp
-- Installing: /home/zhr/YOPO-ROS2/install/so3_quadrotor_simulator/include/ode/boost/numeric/odeint/stepper/generation/generation_runge_kutta_fehlberg78.hpp
-- Installing: /home/zhr/YOPO-ROS2/install/so3_quadrotor_simulator/include/ode/boost/numeric/odeint/stepper/explicit_generic_rk.hpp
-- Installing: /home/zhr/YOPO-ROS2/install/so3_quadrotor_simulator/include/ode/boost/numeric/odeint/stepper/generation.hpp
-- Installing: /home/zhr/YOPO-ROS2/install/so3_quadrotor_simulator/include/ode/boost/numeric/odeint/stepper/rosenbrock4_dense_output.hpp
-- Installing: /home/zhr/YOPO-ROS2/install/so3_quadrotor_simulator/include/ode/boost/numeric/odeint/stepper/controlled_step_result.hpp
-- Installing: /home/zhr/YOPO-ROS2/install/so3_quadrotor_simulator/include/ode/boost/numeric/odeint/stepper/runge_kutta4.hpp
-- Installing: /home/zhr/YOPO-ROS2/install/so3_quadrotor_simulator/include/ode/boost/numeric/odeint/stepper/rosenbrock4_controller.hpp
-- Installing: /home/zhr/YOPO-ROS2/install/so3_quadrotor_simulator/include/ode/boost/numeric/odeint/stepper/bulirsch_stoer.hpp
-- Installing: /home/zhr/YOPO-ROS2/install/so3_quadrotor_simulator/include/ode/boost/numeric/odeint/stepper/symplectic_rkn_sb3a_mclachlan.hpp
-- Installing: /home/zhr/YOPO-ROS2/install/so3_quadrotor_simulator/include/ode/boost/numeric/odeint/stepper/adams_bashforth_moulton.hpp
-- Installing: /home/zhr/YOPO-ROS2/install/so3_quadrotor_simulator/include/ode/boost/numeric/odeint/version.hpp
-- Installing: /home/zhr/YOPO-ROS2/install/so3_quadrotor_simulator/include/ode/boost/numeric/odeint/config.hpp
-- Installing: /home/zhr/YOPO-ROS2/install/so3_quadrotor_simulator/include/ode/boost/numeric/odeint/util
-- Installing: /home/zhr/YOPO-ROS2/install/so3_quadrotor_simulator/include/ode/boost/numeric/odeint/util/bind.hpp
-- Installing: /home/zhr/YOPO-ROS2/install/so3_quadrotor_simulator/include/ode/boost/numeric/odeint/util/state_wrapper.hpp
-- Installing: /home/zhr/YOPO-ROS2/install/so3_quadrotor_simulator/include/ode/boost/numeric/odeint/util/unwrap_reference.hpp
-- Installing: /home/zhr/YOPO-ROS2/install/so3_quadrotor_simulator/include/ode/boost/numeric/odeint/util/is_resizeable.hpp
-- Installing: /home/zhr/YOPO-ROS2/install/so3_quadrotor_simulator/include/ode/boost/numeric/odeint/util/is_pair.hpp
-- Installing: /home/zhr/YOPO-ROS2/install/so3_quadrotor_simulator/include/ode/boost/numeric/odeint/util/resizer.hpp
-- Installing: /home/zhr/YOPO-ROS2/install/so3_quadrotor_simulator/include/ode/boost/numeric/odeint/util/detail
-- Installing: /home/zhr/YOPO-ROS2/install/so3_quadrotor_simulator/include/ode/boost/numeric/odeint/util/detail/is_range.hpp
-- Installing: /home/zhr/YOPO-ROS2/install/so3_quadrotor_simulator/include/ode/boost/numeric/odeint/util/detail/less_with_sign.hpp
-- Installing: /home/zhr/YOPO-ROS2/install/so3_quadrotor_simulator/include/ode/boost/numeric/odeint/util/same_instance.hpp
-- Installing: /home/zhr/YOPO-ROS2/install/so3_quadrotor_simulator/include/ode/boost/numeric/odeint/util/resize.hpp
-- Installing: /home/zhr/YOPO-ROS2/install/so3_quadrotor_simulator/include/ode/boost/numeric/odeint/util/same_size.hpp
-- Installing: /home/zhr/YOPO-ROS2/install/so3_quadrotor_simulator/include/ode/boost/numeric/odeint/util/copy.hpp
-- Installing: /home/zhr/YOPO-ROS2/install/so3_quadrotor_simulator/include/ode/boost/numeric/odeint/util/unit_helper.hpp
-- Installing: /home/zhr/YOPO-ROS2/install/so3_quadrotor_simulator/include/ode/boost/numeric/odeint/util/ublas_wrapper.hpp
-- Installing: /home/zhr/YOPO-ROS2/install/so3_quadrotor_simulator/include/ode/boost/numeric/odeint.hpp
-- Installing: /home/zhr/YOPO-ROS2/install/so3_quadrotor_simulator/share/so3_quadrotor_simulator/config
-- Installing: /home/zhr/YOPO-ROS2/install/so3_quadrotor_simulator/share/so3_quadrotor_simulator/config/rviz.rviz
-- Installing: /home/zhr/YOPO-ROS2/install/so3_quadrotor_simulator/share/so3_quadrotor_simulator/config/uav.dae
-- Installing: /home/zhr/YOPO-ROS2/install/so3_quadrotor_simulator/share/so3_quadrotor_simulator/launch
-- Installing: /home/zhr/YOPO-ROS2/install/so3_quadrotor_simulator/share/so3_quadrotor_simulator/launch/simulator_attitude_control.launch
-- Installing: /home/zhr/YOPO-ROS2/install/so3_quadrotor_simulator/share/so3_quadrotor_simulator/launch/simulator_position_control.launch.py
-- Installing: /home/zhr/YOPO-ROS2/install/so3_quadrotor_simulator/share/so3_quadrotor_simulator/launch/simulator_attitude_control.launch.py
-- Installing: /home/zhr/YOPO-ROS2/install/so3_quadrotor_simulator/share/so3_quadrotor_simulator/launch/simulator_position_control.launch
-- Installing: /home/zhr/YOPO-ROS2/install/so3_quadrotor_simulator/share/so3_quadrotor_simulator/meshes/uav.dae
-- Installing: /home/zhr/YOPO-ROS2/install/so3_quadrotor_simulator/share/so3_quadrotor_simulator/environment/library_path.sh
-- Installing: /home/zhr/YOPO-ROS2/install/so3_quadrotor_simulator/share/so3_quadrotor_simulator/environment/library_path.dsv
-- Installing: /home/zhr/YOPO-ROS2/install/so3_quadrotor_simulator/share/ament_index/resource_index/package_run_dependencies/so3_quadrotor_simulator
-- Installing: /home/zhr/YOPO-ROS2/install/so3_quadrotor_simulator/share/ament_index/resource_index/parent_prefix_path/so3_quadrotor_simulator
-- Installing: /home/zhr/YOPO-ROS2/install/so3_quadrotor_simulator/share/so3_quadrotor_simulator/environment/ament_prefix_path.sh
-- Installing: /home/zhr/YOPO-ROS2/install/so3_quadrotor_simulator/share/so3_quadrotor_simulator/environment/ament_prefix_path.dsv
-- Installing: /home/zhr/YOPO-ROS2/install/so3_quadrotor_simulator/share/so3_quadrotor_simulator/environment/path.sh
-- Installing: /home/zhr/YOPO-ROS2/install/so3_quadrotor_simulator/share/so3_quadrotor_simulator/environment/path.dsv
-- Installing: /home/zhr/YOPO-ROS2/install/so3_quadrotor_simulator/share/so3_quadrotor_simulator/local_setup.bash
-- Installing: /home/zhr/YOPO-ROS2/install/so3_quadrotor_simulator/share/so3_quadrotor_simulator/local_setup.sh
-- Installing: /home/zhr/YOPO-ROS2/install/so3_quadrotor_simulator/share/so3_quadrotor_simulator/local_setup.zsh
-- Installing: /home/zhr/YOPO-ROS2/install/so3_quadrotor_simulator/share/so3_quadrotor_simulator/local_setup.dsv
-- Installing: /home/zhr/YOPO-ROS2/install/so3_quadrotor_simulator/share/so3_quadrotor_simulator/package.dsv
-- Installing: /home/zhr/YOPO-ROS2/install/so3_quadrotor_simulator/share/ament_index/resource_index/packages/so3_quadrotor_simulator
-- Installing: /home/zhr/YOPO-ROS2/install/so3_quadrotor_simulator/share/so3_quadrotor_simulator/cmake/ament_cmake_export_dependencies-extras.cmake
-- Installing: /home/zhr/YOPO-ROS2/install/so3_quadrotor_simulator/share/so3_quadrotor_simulator/cmake/ament_cmake_export_include_directories-extras.cmake
-- Installing: /home/zhr/YOPO-ROS2/install/so3_quadrotor_simulator/share/so3_quadrotor_simulator/cmake/ament_cmake_export_libraries-extras.cmake
-- Installing: /home/zhr/YOPO-ROS2/install/so3_quadrotor_simulator/share/so3_quadrotor_simulator/cmake/so3_quadrotor_simulatorConfig.cmake
-- Installing: /home/zhr/YOPO-ROS2/install/so3_quadrotor_simulator/share/so3_quadrotor_simulator/cmake/so3_quadrotor_simulatorConfig-version.cmake
-- Installing: /home/zhr/YOPO-ROS2/install/so3_quadrotor_simulator/share/so3_quadrotor_simulator/package.xml
