[0.006s] Invoking command in '/home/zhr/YOPO-ROS2/build/so3_quadrotor_simulator': AMENT_PREFIX_PATH=/home/zhr/YOPO-ROS2/install/uav_utils:/home/zhr/YOPO-ROS2/install/quadrotor_msgs:/home/zhr/YOPO-ROS2/install/cmake_utils:${AMENT_PREFIX_PATH} CMAKE_PREFIX_PATH=/home/zhr/YOPO-ROS2/install/uav_utils:/home/zhr/YOPO-ROS2/install/quadrotor_msgs:/home/zhr/YOPO-ROS2/install/cmake_utils:/home/zhr/YOPO-ROS2/Controller/install/so3_quadrotor_simulator:/home/zhr/YOPO-ROS2/Controller/install/uav_utils:/home/zhr/YOPO-ROS2/Controller/install/so3_control:/home/zhr/YOPO-ROS2/Controller/install/quadrotor_msgs:/home/zhr/YOPO-ROS2/Controller/install/mavros_msgs:/home/zhr/YOPO-ROS2/Controller/install/cmake_utils:/home/zhr/YOPO-ROS2/Simulator/install/sensor_simulator:/opt/ros/jazzy/opt/gz_math_vendor:/opt/ros/jazzy/opt/gz_utils_vendor:/opt/ros/jazzy/opt/gz_cmake_vendor:/opt/ros/jazzy DEBUGINFOD_URLS=https://debuginfod.ubuntu.com LD_LIBRARY_PATH=/home/zhr/YOPO-ROS2/install/quadrotor_msgs/lib:${LD_LIBRARY_PATH} PYTHONPATH=/home/zhr/YOPO-ROS2/install/quadrotor_msgs/lib/python3.12/site-packages:${PYTHONPATH} /usr/bin/cmake /home/zhr/YOPO-ROS2/Controller/src/so3_quadrotor_simulator -DCMAKE_INSTALL_PREFIX=/home/zhr/YOPO-ROS2/install/so3_quadrotor_simulator
[0.030s] -- The C compiler identification is GNU 13.3.0
[0.056s] -- The CXX compiler identification is GNU 13.3.0
[0.063s] -- Detecting C compiler ABI info
[0.102s] -- Detecting C compiler ABI info - done
[0.106s] -- Check for working C compiler: /usr/bin/cc - skipped
[0.106s] -- Detecting C compile features
[0.106s] -- Detecting C compile features - done
[0.111s] -- Detecting CXX compiler ABI info
[0.154s] -- Detecting CXX compiler ABI info - done
[0.158s] -- Check for working CXX compiler: /usr/bin/c++ - skipped
[0.158s] -- Detecting CXX compile features
[0.159s] -- Detecting CXX compile features - done
[0.160s] -- Found ament_cmake: 2.5.5 (/opt/ros/jazzy/share/ament_cmake/cmake)
[0.234s] -- Found Python3: /usr/bin/python3 (found version "3.12.3") found components: Interpreter 
[0.288s] -- Found ament_index_cpp: 1.8.2 (/opt/ros/jazzy/share/ament_index_cpp/cmake)
[0.289s] -- Found rclcpp: 28.1.16 (/opt/ros/jazzy/share/rclcpp/cmake)
[0.311s] -- Found rosidl_generator_c: 4.6.7 (/opt/ros/jazzy/share/rosidl_generator_c/cmake)
[0.318s] -- Found rosidl_generator_cpp: 4.6.7 (/opt/ros/jazzy/share/rosidl_generator_cpp/cmake)
[0.327s] -- Using all available rosidl_typesupport_c: rosidl_typesupport_fastrtps_c;rosidl_typesupport_introspection_c
[0.338s] -- Using all available rosidl_typesupport_cpp: rosidl_typesupport_fastrtps_cpp;rosidl_typesupport_introspection_cpp
[0.375s] -- Found rmw_implementation_cmake: 7.3.3 (/opt/ros/jazzy/share/rmw_implementation_cmake/cmake)
[0.376s] -- Found rmw_fastrtps_cpp: 8.4.3 (/opt/ros/jazzy/share/rmw_fastrtps_cpp/cmake)
[0.410s] -- Found OpenSSL: /usr/lib/x86_64-linux-gnu/libcrypto.so (found version "3.0.13")  
[0.421s] -- Found FastRTPS: /opt/ros/jazzy/include (Required is at least version "2.13") 
[0.433s] -- Using RMW implementation 'rmw_fastrtps_cpp' as default
[0.469s] -- Found quadrotor_msgs: 0.0.0 (/home/zhr/YOPO-ROS2/install/quadrotor_msgs/share/quadrotor_msgs/cmake)
[0.518s] -- Found uav_utils: 0.0.0 (/home/zhr/YOPO-ROS2/install/uav_utils/share/uav_utils/cmake)
[0.538s] -- Found tf2_ros: 0.36.19 (/opt/ros/jazzy/share/tf2_ros/cmake)
[0.605s] -- Found visualization_msgs: 5.3.6 (/opt/ros/jazzy/share/visualization_msgs/cmake)
[0.625s] -- Found Armadillo: /usr/include (found version "12.6.7") 
[0.681s] -- Configuring done (0.7s)
[0.693s] -- Generating done (0.0s)
[0.696s] -- Build files have been written to: /home/zhr/YOPO-ROS2/build/so3_quadrotor_simulator
[0.704s] Invoked command in '/home/zhr/YOPO-ROS2/build/so3_quadrotor_simulator' returned '0': AMENT_PREFIX_PATH=/home/zhr/YOPO-ROS2/install/uav_utils:/home/zhr/YOPO-ROS2/install/quadrotor_msgs:/home/zhr/YOPO-ROS2/install/cmake_utils:${AMENT_PREFIX_PATH} CMAKE_PREFIX_PATH=/home/zhr/YOPO-ROS2/install/uav_utils:/home/zhr/YOPO-ROS2/install/quadrotor_msgs:/home/zhr/YOPO-ROS2/install/cmake_utils:/home/zhr/YOPO-ROS2/Controller/install/so3_quadrotor_simulator:/home/zhr/YOPO-ROS2/Controller/install/uav_utils:/home/zhr/YOPO-ROS2/Controller/install/so3_control:/home/zhr/YOPO-ROS2/Controller/install/quadrotor_msgs:/home/zhr/YOPO-ROS2/Controller/install/mavros_msgs:/home/zhr/YOPO-ROS2/Controller/install/cmake_utils:/home/zhr/YOPO-ROS2/Simulator/install/sensor_simulator:/opt/ros/jazzy/opt/gz_math_vendor:/opt/ros/jazzy/opt/gz_utils_vendor:/opt/ros/jazzy/opt/gz_cmake_vendor:/opt/ros/jazzy DEBUGINFOD_URLS=https://debuginfod.ubuntu.com LD_LIBRARY_PATH=/home/zhr/YOPO-ROS2/install/quadrotor_msgs/lib:${LD_LIBRARY_PATH} PYTHONPATH=/home/zhr/YOPO-ROS2/install/quadrotor_msgs/lib/python3.12/site-packages:${PYTHONPATH} /usr/bin/cmake /home/zhr/YOPO-ROS2/Controller/src/so3_quadrotor_simulator -DCMAKE_INSTALL_PREFIX=/home/zhr/YOPO-ROS2/install/so3_quadrotor_simulator
[0.705s] Invoking command in '/home/zhr/YOPO-ROS2/build/so3_quadrotor_simulator': AMENT_PREFIX_PATH=/home/zhr/YOPO-ROS2/install/uav_utils:/home/zhr/YOPO-ROS2/install/quadrotor_msgs:/home/zhr/YOPO-ROS2/install/cmake_utils:${AMENT_PREFIX_PATH} CMAKE_PREFIX_PATH=/home/zhr/YOPO-ROS2/install/uav_utils:/home/zhr/YOPO-ROS2/install/quadrotor_msgs:/home/zhr/YOPO-ROS2/install/cmake_utils:/home/zhr/YOPO-ROS2/Controller/install/so3_quadrotor_simulator:/home/zhr/YOPO-ROS2/Controller/install/uav_utils:/home/zhr/YOPO-ROS2/Controller/install/so3_control:/home/zhr/YOPO-ROS2/Controller/install/quadrotor_msgs:/home/zhr/YOPO-ROS2/Controller/install/mavros_msgs:/home/zhr/YOPO-ROS2/Controller/install/cmake_utils:/home/zhr/YOPO-ROS2/Simulator/install/sensor_simulator:/opt/ros/jazzy/opt/gz_math_vendor:/opt/ros/jazzy/opt/gz_utils_vendor:/opt/ros/jazzy/opt/gz_cmake_vendor:/opt/ros/jazzy DEBUGINFOD_URLS=https://debuginfod.ubuntu.com LD_LIBRARY_PATH=/home/zhr/YOPO-ROS2/install/quadrotor_msgs/lib:${LD_LIBRARY_PATH} PYTHONPATH=/home/zhr/YOPO-ROS2/install/quadrotor_msgs/lib/python3.12/site-packages:${PYTHONPATH} /usr/bin/cmake --build /home/zhr/YOPO-ROS2/build/so3_quadrotor_simulator -- -j32 -l32
[0.734s] [ 25%] [32mBuilding CXX object CMakeFiles/quadrotor_dynamics.dir/src/dynamics/Quadrotor.cpp.o[0m
[2.483s] In file included from [01m[K/usr/include/boost/typeof/detail/requires_cxx11.hpp:9[m[K,
[2.483s]                  from [01m[K/usr/include/boost/typeof/typeof.hpp:16[m[K,
[2.483s]                  from [01m[K/usr/include/boost/numeric/ublas/traits.hpp:29[m[K,
[2.483s]                  from [01m[K/usr/include/boost/numeric/ublas/storage.hpp:27[m[K,
[2.483s]                  from [01m[K/usr/include/boost/numeric/ublas/vector.hpp:21[m[K,
[2.483s]                  from [01m[K/home/zhr/YOPO-ROS2/Controller/src/so3_quadrotor_simulator/include/ode/boost/numeric/odeint/util/ublas_wrapper.hpp:23[m[K,
[2.483s]                  from [01m[K/home/zhr/YOPO-ROS2/Controller/src/so3_quadrotor_simulator/include/ode/boost/numeric/odeint.hpp:25[m[K,
[2.483s]                  from [01m[K/home/zhr/YOPO-ROS2/Controller/src/so3_quadrotor_simulator/src/dynamics/Quadrotor.cpp:2[m[K:
[2.483s] [01m[K/usr/include/boost/bind.hpp:36:1:[m[K [01;36m[Knote: [m[K‘[01m[K#pragma message: The practice of declaring the Bind placeholders (_1, _2, ...) in the global namespace is deprecated. Please use <boost/bind/bind.hpp> + using namespace boost::placeholders, or define BOOST_BIND_GLOBAL_PLACEHOLDERS to retain the current behavior.[m[K’
[2.483s]    36 | [01;36m[KBOOST_PRAGMA_MESSAGE[m[K(
[2.483s]       | [01;36m[K^~~~~~~~~~~~~~~~~~~~[m[K
[4.646s] [ 50%] [32m[1mLinking CXX static library libquadrotor_dynamics.a[0m
[4.675s] [ 50%] Built target quadrotor_dynamics
[4.684s] [ 75%] [32mBuilding CXX object CMakeFiles/quadrotor_simulator_so3.dir/src/quadrotor_simulator_so3.cpp.o[0m
[19.536s] [100%] [32m[1mLinking CXX executable quadrotor_simulator_so3[0m
[19.770s] [100%] Built target quadrotor_simulator_so3
[19.774s] Invoked command in '/home/zhr/YOPO-ROS2/build/so3_quadrotor_simulator' returned '0': AMENT_PREFIX_PATH=/home/zhr/YOPO-ROS2/install/uav_utils:/home/zhr/YOPO-ROS2/install/quadrotor_msgs:/home/zhr/YOPO-ROS2/install/cmake_utils:${AMENT_PREFIX_PATH} CMAKE_PREFIX_PATH=/home/zhr/YOPO-ROS2/install/uav_utils:/home/zhr/YOPO-ROS2/install/quadrotor_msgs:/home/zhr/YOPO-ROS2/install/cmake_utils:/home/zhr/YOPO-ROS2/Controller/install/so3_quadrotor_simulator:/home/zhr/YOPO-ROS2/Controller/install/uav_utils:/home/zhr/YOPO-ROS2/Controller/install/so3_control:/home/zhr/YOPO-ROS2/Controller/install/quadrotor_msgs:/home/zhr/YOPO-ROS2/Controller/install/mavros_msgs:/home/zhr/YOPO-ROS2/Controller/install/cmake_utils:/home/zhr/YOPO-ROS2/Simulator/install/sensor_simulator:/opt/ros/jazzy/opt/gz_math_vendor:/opt/ros/jazzy/opt/gz_utils_vendor:/opt/ros/jazzy/opt/gz_cmake_vendor:/opt/ros/jazzy DEBUGINFOD_URLS=https://debuginfod.ubuntu.com LD_LIBRARY_PATH=/home/zhr/YOPO-ROS2/install/quadrotor_msgs/lib:${LD_LIBRARY_PATH} PYTHONPATH=/home/zhr/YOPO-ROS2/install/quadrotor_msgs/lib/python3.12/site-packages:${PYTHONPATH} /usr/bin/cmake --build /home/zhr/YOPO-ROS2/build/so3_quadrotor_simulator -- -j32 -l32
[19.775s] Invoking command in '/home/zhr/YOPO-ROS2/build/so3_quadrotor_simulator': AMENT_PREFIX_PATH=/home/zhr/YOPO-ROS2/install/uav_utils:/home/zhr/YOPO-ROS2/install/quadrotor_msgs:/home/zhr/YOPO-ROS2/install/cmake_utils:${AMENT_PREFIX_PATH} CMAKE_PREFIX_PATH=/home/zhr/YOPO-ROS2/install/uav_utils:/home/zhr/YOPO-ROS2/install/quadrotor_msgs:/home/zhr/YOPO-ROS2/install/cmake_utils:/home/zhr/YOPO-ROS2/Controller/install/so3_quadrotor_simulator:/home/zhr/YOPO-ROS2/Controller/install/uav_utils:/home/zhr/YOPO-ROS2/Controller/install/so3_control:/home/zhr/YOPO-ROS2/Controller/install/quadrotor_msgs:/home/zhr/YOPO-ROS2/Controller/install/mavros_msgs:/home/zhr/YOPO-ROS2/Controller/install/cmake_utils:/home/zhr/YOPO-ROS2/Simulator/install/sensor_simulator:/opt/ros/jazzy/opt/gz_math_vendor:/opt/ros/jazzy/opt/gz_utils_vendor:/opt/ros/jazzy/opt/gz_cmake_vendor:/opt/ros/jazzy DEBUGINFOD_URLS=https://debuginfod.ubuntu.com LD_LIBRARY_PATH=/home/zhr/YOPO-ROS2/install/quadrotor_msgs/lib:${LD_LIBRARY_PATH} PYTHONPATH=/home/zhr/YOPO-ROS2/install/quadrotor_msgs/lib/python3.12/site-packages:${PYTHONPATH} /usr/bin/cmake --install /home/zhr/YOPO-ROS2/build/so3_quadrotor_simulator
[19.779s] -- Install configuration: "Release"
[19.779s] -- Installing: /home/zhr/YOPO-ROS2/install/so3_quadrotor_simulator/lib/so3_quadrotor_simulator/quadrotor_simulator_so3
[19.786s] -- Set non-toolchain portion of runtime path of "/home/zhr/YOPO-ROS2/install/so3_quadrotor_simulator/lib/so3_quadrotor_simulator/quadrotor_simulator_so3" to ""
[19.786s] -- Installing: /home/zhr/YOPO-ROS2/install/so3_quadrotor_simulator/lib/so3_quadrotor_simulator/libquadrotor_dynamics.a
[19.789s] -- Installing: /home/zhr/YOPO-ROS2/install/so3_quadrotor_simulator/include
[19.789s] -- Installing: /home/zhr/YOPO-ROS2/install/so3_quadrotor_simulator/include/quadrotor_simulator
[19.789s] -- Installing: /home/zhr/YOPO-ROS2/install/so3_quadrotor_simulator/include/quadrotor_simulator/Quadrotor.h
[19.789s] -- Installing: /home/zhr/YOPO-ROS2/install/so3_quadrotor_simulator/include/ode
[19.789s] -- Installing: /home/zhr/YOPO-ROS2/install/so3_quadrotor_simulator/include/ode/README
[19.789s] -- Installing: /home/zhr/YOPO-ROS2/install/so3_quadrotor_simulator/include/ode/Jamroot
[19.789s] -- Installing: /home/zhr/YOPO-ROS2/install/so3_quadrotor_simulator/include/ode/libs
[19.789s] -- Installing: /home/zhr/YOPO-ROS2/install/so3_quadrotor_simulator/include/ode/libs/numeric
[19.789s] -- Installing: /home/zhr/YOPO-ROS2/install/so3_quadrotor_simulator/include/ode/libs/numeric/odeint
[19.789s] -- Installing: /home/zhr/YOPO-ROS2/install/so3_quadrotor_simulator/include/ode/libs/numeric/odeint/examples
[19.789s] -- Installing: /home/zhr/YOPO-ROS2/install/so3_quadrotor_simulator/include/ode/libs/numeric/odeint/examples/solar_system.cpp
[19.789s] -- Installing: /home/zhr/YOPO-ROS2/install/so3_quadrotor_simulator/include/ode/libs/numeric/odeint/examples/elliptic.py
[19.789s] -- Installing: /home/zhr/YOPO-ROS2/install/so3_quadrotor_simulator/include/ode/libs/numeric/odeint/examples/two_dimensional_phase_lattice.cpp
[19.789s] -- Installing: /home/zhr/YOPO-ROS2/install/so3_quadrotor_simulator/include/ode/libs/numeric/odeint/examples/van_der_pol_stiff.cpp
[19.789s] -- Installing: /home/zhr/YOPO-ROS2/install/so3_quadrotor_simulator/include/ode/libs/numeric/odeint/examples/point_type.hpp
[19.789s] -- Installing: /home/zhr/YOPO-ROS2/install/so3_quadrotor_simulator/include/ode/libs/numeric/odeint/examples/chaotic_system.cpp
[19.789s] -- Installing: /home/zhr/YOPO-ROS2/install/so3_quadrotor_simulator/include/ode/libs/numeric/odeint/examples/heun.cpp
[19.789s] -- Installing: /home/zhr/YOPO-ROS2/install/so3_quadrotor_simulator/include/ode/libs/numeric/odeint/examples/harmonic_oscillator.cpp
[19.789s] -- Installing: /home/zhr/YOPO-ROS2/install/so3_quadrotor_simulator/include/ode/libs/numeric/odeint/examples/stochastic_euler.cpp
[19.790s] -- Installing: /home/zhr/YOPO-ROS2/install/so3_quadrotor_simulator/include/ode/libs/numeric/odeint/examples/resizing_lattice.cpp
[19.790s] -- Installing: /home/zhr/YOPO-ROS2/install/so3_quadrotor_simulator/include/ode/libs/numeric/odeint/examples/gram_schmidt.hpp
[19.790s] -- Installing: /home/zhr/YOPO-ROS2/install/so3_quadrotor_simulator/include/ode/libs/numeric/odeint/examples/elliptic_functions.cpp
[19.790s] -- Installing: /home/zhr/YOPO-ROS2/install/so3_quadrotor_simulator/include/ode/libs/numeric/odeint/examples/stiff_system.cpp
[19.790s] -- Installing: /home/zhr/YOPO-ROS2/install/so3_quadrotor_simulator/include/ode/libs/numeric/odeint/examples/mtl
[19.790s] -- Installing: /home/zhr/YOPO-ROS2/install/so3_quadrotor_simulator/include/ode/libs/numeric/odeint/examples/mtl/gauss_packet.cpp
[19.790s] -- Installing: /home/zhr/YOPO-ROS2/install/so3_quadrotor_simulator/include/ode/libs/numeric/odeint/examples/mtl/Jamfile.v2
[19.790s] -- Installing: /home/zhr/YOPO-ROS2/install/so3_quadrotor_simulator/include/ode/libs/numeric/odeint/examples/mtl/implicit_euler_mtl.cpp
[19.790s] -- Installing: /home/zhr/YOPO-ROS2/install/so3_quadrotor_simulator/include/ode/libs/numeric/odeint/examples/bind_member_functions_cpp11.cpp
[19.790s] -- Installing: /home/zhr/YOPO-ROS2/install/so3_quadrotor_simulator/include/ode/libs/numeric/odeint/examples/list_lattice.cpp
[19.790s] -- Installing: /home/zhr/YOPO-ROS2/install/so3_quadrotor_simulator/include/ode/libs/numeric/odeint/examples/generation_functions.cpp
[19.790s] -- Installing: /home/zhr/YOPO-ROS2/install/so3_quadrotor_simulator/include/ode/libs/numeric/odeint/examples/2d_lattice
[19.790s] -- Installing: /home/zhr/YOPO-ROS2/install/so3_quadrotor_simulator/include/ode/libs/numeric/odeint/examples/2d_lattice/vector_vector_resize.hpp
[19.790s] -- Installing: /home/zhr/YOPO-ROS2/install/so3_quadrotor_simulator/include/ode/libs/numeric/odeint/examples/2d_lattice/lattice2d.hpp
[19.790s] -- Installing: /home/zhr/YOPO-ROS2/install/so3_quadrotor_simulator/include/ode/libs/numeric/odeint/examples/2d_lattice/nested_range_algebra.hpp
[19.790s] -- Installing: /home/zhr/YOPO-ROS2/install/so3_quadrotor_simulator/include/ode/libs/numeric/odeint/examples/2d_lattice/Jamfile.v2
[19.790s] -- Installing: /home/zhr/YOPO-ROS2/install/so3_quadrotor_simulator/include/ode/libs/numeric/odeint/examples/2d_lattice/spreading.cpp
[19.790s] -- Installing: /home/zhr/YOPO-ROS2/install/so3_quadrotor_simulator/include/ode/libs/numeric/odeint/examples/phase_oscillator_ensemble.cpp
[19.790s] -- Installing: /home/zhr/YOPO-ROS2/install/so3_quadrotor_simulator/include/ode/libs/numeric/odeint/examples/gmpxx
[19.790s] -- Installing: /home/zhr/YOPO-ROS2/install/so3_quadrotor_simulator/include/ode/libs/numeric/odeint/examples/gmpxx/lorenz_gmpxx.cpp
[19.790s] -- Installing: /home/zhr/YOPO-ROS2/install/so3_quadrotor_simulator/include/ode/libs/numeric/odeint/examples/Jamfile.v2
[19.790s] -- Installing: /home/zhr/YOPO-ROS2/install/so3_quadrotor_simulator/include/ode/libs/numeric/odeint/examples/stuart_landau.cpp
[19.790s] -- Installing: /home/zhr/YOPO-ROS2/install/so3_quadrotor_simulator/include/ode/libs/numeric/odeint/examples/harmonic_oscillator_units.cpp
[19.790s] -- Installing: /home/zhr/YOPO-ROS2/install/so3_quadrotor_simulator/include/ode/libs/numeric/odeint/examples/thrust
[19.790s] -- Installing: /home/zhr/YOPO-ROS2/install/so3_quadrotor_simulator/include/ode/libs/numeric/odeint/examples/thrust/phase_oscillator_chain.cu
[19.791s] -- Installing: /home/zhr/YOPO-ROS2/install/so3_quadrotor_simulator/include/ode/libs/numeric/odeint/examples/thrust/lorenz_parameters.cu
[19.791s] -- Installing: /home/zhr/YOPO-ROS2/install/so3_quadrotor_simulator/include/ode/libs/numeric/odeint/examples/thrust/phase_oscillator_ensemble.cu
[19.791s] -- Installing: /home/zhr/YOPO-ROS2/install/so3_quadrotor_simulator/include/ode/libs/numeric/odeint/examples/thrust/Makefile
[19.791s] -- Installing: /home/zhr/YOPO-ROS2/install/so3_quadrotor_simulator/include/ode/libs/numeric/odeint/examples/thrust/relaxation.cu
[19.791s] -- Installing: /home/zhr/YOPO-ROS2/install/so3_quadrotor_simulator/include/ode/libs/numeric/odeint/examples/solar_system.agr
[19.791s] -- Installing: /home/zhr/YOPO-ROS2/install/so3_quadrotor_simulator/include/ode/libs/numeric/odeint/examples/lorenz_point.cpp
[19.791s] -- Installing: /home/zhr/YOPO-ROS2/install/so3_quadrotor_simulator/include/ode/libs/numeric/odeint/examples/stepper_details.cpp
[19.791s] -- Installing: /home/zhr/YOPO-ROS2/install/so3_quadrotor_simulator/include/ode/libs/numeric/odeint/examples/bulirsch_stoer.cpp
[19.791s] -- Installing: /home/zhr/YOPO-ROS2/install/so3_quadrotor_simulator/include/ode/libs/numeric/odeint/examples/simple1d.cpp
[19.791s] -- Installing: /home/zhr/YOPO-ROS2/install/so3_quadrotor_simulator/include/ode/libs/numeric/odeint/examples/quadmath
[19.791s] -- Installing: /home/zhr/YOPO-ROS2/install/so3_quadrotor_simulator/include/ode/libs/numeric/odeint/examples/quadmath/Jamfile.v2
[19.791s] -- Installing: /home/zhr/YOPO-ROS2/install/so3_quadrotor_simulator/include/ode/libs/numeric/odeint/examples/quadmath/black_hole.cpp
[19.791s] -- Installing: /home/zhr/YOPO-ROS2/install/so3_quadrotor_simulator/include/ode/libs/numeric/odeint/examples/vexcl
[19.791s] -- Installing: /home/zhr/YOPO-ROS2/install/so3_quadrotor_simulator/include/ode/libs/numeric/odeint/examples/vexcl/lorenz_ensemble.cpp
[19.791s] -- Installing: /home/zhr/YOPO-ROS2/install/so3_quadrotor_simulator/include/ode/libs/numeric/odeint/examples/vexcl/Jamfile.v2
[19.791s] -- Installing: /home/zhr/YOPO-ROS2/install/so3_quadrotor_simulator/include/ode/libs/numeric/odeint/examples/ublas
[19.791s] -- Installing: /home/zhr/YOPO-ROS2/install/so3_quadrotor_simulator/include/ode/libs/numeric/odeint/examples/ublas/lorenz_ublas.cpp
[19.791s] -- Installing: /home/zhr/YOPO-ROS2/install/so3_quadrotor_simulator/include/ode/libs/numeric/odeint/examples/ublas/Jamfile.v2
[19.791s] -- Installing: /home/zhr/YOPO-ROS2/install/so3_quadrotor_simulator/include/ode/libs/numeric/odeint/examples/bind_member_functions.cpp
[19.791s] -- Installing: /home/zhr/YOPO-ROS2/install/so3_quadrotor_simulator/include/ode/libs/numeric/odeint/examples/fpu.cpp
[19.791s] -- Installing: /home/zhr/YOPO-ROS2/install/so3_quadrotor_simulator/include/ode/libs/numeric/odeint/examples/my_vector.cpp
[19.792s] -- Installing: /home/zhr/YOPO-ROS2/install/so3_quadrotor_simulator/include/ode/libs/numeric/odeint/test_external
[19.792s] -- Installing: /home/zhr/YOPO-ROS2/install/so3_quadrotor_simulator/include/ode/libs/numeric/odeint/test_external/gmp
[19.792s] -- Installing: /home/zhr/YOPO-ROS2/install/so3_quadrotor_simulator/include/ode/libs/numeric/odeint/test_external/gmp/gmp_integrate.cpp
[19.792s] -- Installing: /home/zhr/YOPO-ROS2/install/so3_quadrotor_simulator/include/ode/libs/numeric/odeint/test_external/gmp/check_gmp.cpp
[19.792s] -- Installing: /home/zhr/YOPO-ROS2/install/so3_quadrotor_simulator/include/ode/libs/numeric/odeint/test_external/gmp/Jamfile.v2
[19.792s] -- Installing: /home/zhr/YOPO-ROS2/install/so3_quadrotor_simulator/include/ode/libs/numeric/odeint/test_external/mkl
[19.792s] -- Installing: /home/zhr/YOPO-ROS2/install/so3_quadrotor_simulator/include/ode/libs/numeric/odeint/test_external/mkl/check_mkl.cpp
[19.792s] -- Installing: /home/zhr/YOPO-ROS2/install/so3_quadrotor_simulator/include/ode/libs/numeric/odeint/test_external/mkl/Jamfile.v2
[19.792s] -- Installing: /home/zhr/YOPO-ROS2/install/so3_quadrotor_simulator/include/ode/libs/numeric/odeint/test_external/thrust
[19.792s] -- Installing: /home/zhr/YOPO-ROS2/install/so3_quadrotor_simulator/include/ode/libs/numeric/odeint/test_external/thrust/Makefile
[19.792s] -- Installing: /home/zhr/YOPO-ROS2/install/so3_quadrotor_simulator/include/ode/libs/numeric/odeint/test_external/thrust/check_thrust.cu
[19.792s] -- Installing: /home/zhr/YOPO-ROS2/install/so3_quadrotor_simulator/include/ode/libs/numeric/odeint/test_external/gsl
[19.792s] -- Installing: /home/zhr/YOPO-ROS2/install/so3_quadrotor_simulator/include/ode/libs/numeric/odeint/test_external/gsl/check_gsl.cpp
[19.792s] -- Installing: /home/zhr/YOPO-ROS2/install/so3_quadrotor_simulator/include/ode/libs/numeric/odeint/test_external/gsl/Jamfile.v2
[19.792s] -- Installing: /home/zhr/YOPO-ROS2/install/so3_quadrotor_simulator/include/ode/libs/numeric/odeint/test_external/mtl4
[19.792s] -- Installing: /home/zhr/YOPO-ROS2/install/so3_quadrotor_simulator/include/ode/libs/numeric/odeint/test_external/mtl4/mtl4_resize.cpp
[19.792s] -- Installing: /home/zhr/YOPO-ROS2/install/so3_quadrotor_simulator/include/ode/libs/numeric/odeint/test_external/mtl4/Jamfile.v2
[19.792s] -- Installing: /home/zhr/YOPO-ROS2/install/so3_quadrotor_simulator/include/ode/libs/numeric/odeint/test_external/vexcl
[19.792s] -- Installing: /home/zhr/YOPO-ROS2/install/so3_quadrotor_simulator/include/ode/libs/numeric/odeint/test_external/vexcl/lorenz.cpp
[19.792s] -- Installing: /home/zhr/YOPO-ROS2/install/so3_quadrotor_simulator/include/ode/libs/numeric/odeint/test_external/vexcl/Jamfile.v2
[19.792s] -- Installing: /home/zhr/YOPO-ROS2/install/so3_quadrotor_simulator/include/ode/libs/numeric/odeint/performance
[19.792s] -- Installing: /home/zhr/YOPO-ROS2/install/so3_quadrotor_simulator/include/ode/libs/numeric/odeint/performance/phase_lattice.hpp
[19.792s] -- Installing: /home/zhr/YOPO-ROS2/install/so3_quadrotor_simulator/include/ode/libs/numeric/odeint/performance/rk4_lorenz.f
[19.792s] -- Installing: /home/zhr/YOPO-ROS2/install/so3_quadrotor_simulator/include/ode/libs/numeric/odeint/performance/phase_lattice_mkl.hpp
[19.792s] -- Installing: /home/zhr/YOPO-ROS2/install/so3_quadrotor_simulator/include/ode/libs/numeric/odeint/performance/lorenz_gsl.hpp
[19.792s] -- Installing: /home/zhr/YOPO-ROS2/install/so3_quadrotor_simulator/include/ode/libs/numeric/odeint/performance/odeint_rk4_lorenz_range.cpp
[19.792s] -- Installing: /home/zhr/YOPO-ROS2/install/so3_quadrotor_simulator/include/ode/libs/numeric/odeint/performance/odeint_rk4_phase_lattice_mkl.cpp
[19.792s] -- Installing: /home/zhr/YOPO-ROS2/install/so3_quadrotor_simulator/include/ode/libs/numeric/odeint/performance/rt_algebra.hpp
[19.792s] -- Installing: /home/zhr/YOPO-ROS2/install/so3_quadrotor_simulator/include/ode/libs/numeric/odeint/performance/generic_odeint_rk4_lorenz.cpp
[19.792s] -- Installing: /home/zhr/YOPO-ROS2/install/so3_quadrotor_simulator/include/ode/libs/numeric/odeint/performance/fusion_algebra.hpp
[19.792s] -- Installing: /home/zhr/YOPO-ROS2/install/so3_quadrotor_simulator/include/ode/libs/numeric/odeint/performance/rt_explicit_rk.hpp
[19.792s] -- Installing: /home/zhr/YOPO-ROS2/install/so3_quadrotor_simulator/include/ode/libs/numeric/odeint/performance/lorenz.hpp
[19.792s] -- Installing: /home/zhr/YOPO-ROS2/install/so3_quadrotor_simulator/include/ode/libs/numeric/odeint/performance/nr_rk4_lorenz.cpp
[19.792s] -- Installing: /home/zhr/YOPO-ROS2/install/so3_quadrotor_simulator/include/ode/libs/numeric/odeint/performance/performance.py
[19.792s] -- Installing: /home/zhr/YOPO-ROS2/install/so3_quadrotor_simulator/include/ode/libs/numeric/odeint/performance/nr_rk4_phase_lattice.cpp
[19.792s] -- Installing: /home/zhr/YOPO-ROS2/install/so3_quadrotor_simulator/include/ode/libs/numeric/odeint/performance/gsl_rk4_lorenz.cpp
[19.792s] -- Installing: /home/zhr/YOPO-ROS2/install/so3_quadrotor_simulator/include/ode/libs/numeric/odeint/performance/fusion_explicit_rk_new.hpp
[19.792s] -- Installing: /home/zhr/YOPO-ROS2/install/so3_quadrotor_simulator/include/ode/libs/numeric/odeint/performance/Jamfile.v2
[19.792s] -- Installing: /home/zhr/YOPO-ROS2/install/so3_quadrotor_simulator/include/ode/libs/numeric/odeint/performance/rt_generic_rk4_lorenz.cpp
[19.792s] -- Installing: /home/zhr/YOPO-ROS2/install/so3_quadrotor_simulator/include/ode/libs/numeric/odeint/performance/rk_performance_test_case.hpp
[19.793s] -- Installing: /home/zhr/YOPO-ROS2/install/so3_quadrotor_simulator/include/ode/libs/numeric/odeint/performance/odeint_rk4_phase_lattice.cpp
[19.793s] -- Installing: /home/zhr/YOPO-ROS2/install/so3_quadrotor_simulator/include/ode/libs/numeric/odeint/performance/odeint_rk4_lorenz_array.cpp
[19.793s] -- Installing: /home/zhr/YOPO-ROS2/install/so3_quadrotor_simulator/include/ode/libs/numeric/odeint/performance/plot_result.py
[19.793s] -- Installing: /home/zhr/YOPO-ROS2/install/so3_quadrotor_simulator/include/ode/libs/numeric/odeint/performance/fusion_explicit_error_rk.hpp
[19.793s] -- Installing: /home/zhr/YOPO-ROS2/install/so3_quadrotor_simulator/include/ode/libs/numeric/odeint/performance/rt_generic_rk4_phase_lattice.cpp
[19.793s] -- Installing: /home/zhr/YOPO-ROS2/install/so3_quadrotor_simulator/include/ode/libs/numeric/odeint/index.html
[19.793s] -- Installing: /home/zhr/YOPO-ROS2/install/so3_quadrotor_simulator/include/ode/libs/numeric/odeint/doc
[19.793s] -- Installing: /home/zhr/YOPO-ROS2/install/so3_quadrotor_simulator/include/ode/libs/numeric/odeint/doc/details_steppers.qbk
[19.793s] -- Installing: /home/zhr/YOPO-ROS2/install/so3_quadrotor_simulator/include/ode/libs/numeric/odeint/doc/examples_table.qbk
[19.793s] -- Installing: /home/zhr/YOPO-ROS2/install/so3_quadrotor_simulator/include/ode/libs/numeric/odeint/doc/make_dense_output_table.qbk
[19.793s] -- Installing: /home/zhr/YOPO-ROS2/install/so3_quadrotor_simulator/include/ode/libs/numeric/odeint/doc/make_controlled_table.qbk
[19.793s] -- Installing: /home/zhr/YOPO-ROS2/install/so3_quadrotor_simulator/include/ode/libs/numeric/odeint/doc/stepper_table.qbk
[19.793s] -- Installing: /home/zhr/YOPO-ROS2/install/so3_quadrotor_simulator/include/ode/libs/numeric/odeint/doc/getting_started.qbk
[19.793s] -- Installing: /home/zhr/YOPO-ROS2/install/so3_quadrotor_simulator/include/ode/libs/numeric/odeint/doc/tutorial_vexcl_opencl.qbk
[19.793s] -- Installing: /home/zhr/YOPO-ROS2/install/so3_quadrotor_simulator/include/ode/libs/numeric/odeint/doc/details_integrate_functions.qbk
[19.793s] -- Installing: /home/zhr/YOPO-ROS2/install/so3_quadrotor_simulator/include/ode/libs/numeric/odeint/doc/tutorial_chaotic_system.qbk
[19.793s] -- Installing: /home/zhr/YOPO-ROS2/install/so3_quadrotor_simulator/include/ode/libs/numeric/odeint/doc/details_state_types_algebras_operations.qbk
[19.793s] -- Installing: /home/zhr/YOPO-ROS2/install/so3_quadrotor_simulator/include/ode/libs/numeric/odeint/doc/tutorial_stiff_systems.qbk
[19.793s] -- Installing: /home/zhr/YOPO-ROS2/install/so3_quadrotor_simulator/include/ode/libs/numeric/odeint/doc/tutorial_thrust_cuda.qbk
[19.793s] -- Installing: /home/zhr/YOPO-ROS2/install/so3_quadrotor_simulator/include/ode/libs/numeric/odeint/doc/odeint.idx
[19.793s] -- Installing: /home/zhr/YOPO-ROS2/install/so3_quadrotor_simulator/include/ode/libs/numeric/odeint/doc/html
[19.794s] -- Installing: /home/zhr/YOPO-ROS2/install/so3_quadrotor_simulator/include/ode/libs/numeric/odeint/doc/html/solar_system.jpg
[19.794s] -- Installing: /home/zhr/YOPO-ROS2/install/so3_quadrotor_simulator/include/ode/libs/numeric/odeint/doc/html/boostbook.css
[19.794s] -- Installing: /home/zhr/YOPO-ROS2/install/so3_quadrotor_simulator/include/ode/libs/numeric/odeint/doc/html/logo.jpg
[19.794s] -- Installing: /home/zhr/YOPO-ROS2/install/so3_quadrotor_simulator/include/ode/libs/numeric/odeint/doc/html/images
[19.794s] -- Installing: /home/zhr/YOPO-ROS2/install/so3_quadrotor_simulator/include/ode/libs/numeric/odeint/doc/html/images/prev.png
[19.794s] -- Installing: /home/zhr/YOPO-ROS2/install/so3_quadrotor_simulator/include/ode/libs/numeric/odeint/doc/html/images/warning.png
[19.794s] -- Installing: /home/zhr/YOPO-ROS2/install/so3_quadrotor_simulator/include/ode/libs/numeric/odeint/doc/html/images/tip.png
[19.794s] -- Installing: /home/zhr/YOPO-ROS2/install/so3_quadrotor_simulator/include/ode/libs/numeric/odeint/doc/html/images/home.png
[19.794s] -- Installing: /home/zhr/YOPO-ROS2/install/so3_quadrotor_simulator/include/ode/libs/numeric/odeint/doc/html/images/warning.svg
[19.794s] -- Installing: /home/zhr/YOPO-ROS2/install/so3_quadrotor_simulator/include/ode/libs/numeric/odeint/doc/html/images/alert.png
[19.794s] -- Installing: /home/zhr/YOPO-ROS2/install/so3_quadrotor_simulator/include/ode/libs/numeric/odeint/doc/html/images/next.png
[19.794s] -- Installing: /home/zhr/YOPO-ROS2/install/so3_quadrotor_simulator/include/ode/libs/numeric/odeint/doc/html/images/important.png
[19.794s] -- Installing: /home/zhr/YOPO-ROS2/install/so3_quadrotor_simulator/include/ode/libs/numeric/odeint/doc/html/images/tip.svg
[19.794s] -- Installing: /home/zhr/YOPO-ROS2/install/so3_quadrotor_simulator/include/ode/libs/numeric/odeint/doc/html/images/callouts
[19.794s] -- Installing: /home/zhr/YOPO-ROS2/install/so3_quadrotor_simulator/include/ode/libs/numeric/odeint/doc/html/images/callouts/1.png
[19.794s] -- Installing: /home/zhr/YOPO-ROS2/install/so3_quadrotor_simulator/include/ode/libs/numeric/odeint/doc/html/images/callouts/5.png
[19.794s] -- Installing: /home/zhr/YOPO-ROS2/install/so3_quadrotor_simulator/include/ode/libs/numeric/odeint/doc/html/images/callouts/23.svg
[19.794s] -- Installing: /home/zhr/YOPO-ROS2/install/so3_quadrotor_simulator/include/ode/libs/numeric/odeint/doc/html/images/callouts/27.svg
[19.794s] -- Installing: /home/zhr/YOPO-ROS2/install/so3_quadrotor_simulator/include/ode/libs/numeric/odeint/doc/html/images/callouts/7.svg
[19.794s] -- Installing: /home/zhr/YOPO-ROS2/install/so3_quadrotor_simulator/include/ode/libs/numeric/odeint/doc/html/images/callouts/30.svg
[19.794s] -- Installing: /home/zhr/YOPO-ROS2/install/so3_quadrotor_simulator/include/ode/libs/numeric/odeint/doc/html/images/callouts/13.svg
[19.794s] -- Installing: /home/zhr/YOPO-ROS2/install/so3_quadrotor_simulator/include/ode/libs/numeric/odeint/doc/html/images/callouts/9.png
[19.794s] -- Installing: /home/zhr/YOPO-ROS2/install/so3_quadrotor_simulator/include/ode/libs/numeric/odeint/doc/html/images/callouts/20.svg
[19.794s] -- Installing: /home/zhr/YOPO-ROS2/install/so3_quadrotor_simulator/include/ode/libs/numeric/odeint/doc/html/images/callouts/6.png
[19.794s] -- Installing: /home/zhr/YOPO-ROS2/install/so3_quadrotor_simulator/include/ode/libs/numeric/odeint/doc/html/images/callouts/12.svg
[19.794s] -- Installing: /home/zhr/YOPO-ROS2/install/so3_quadrotor_simulator/include/ode/libs/numeric/odeint/doc/html/images/callouts/8.png
[19.794s] -- Installing: /home/zhr/YOPO-ROS2/install/so3_quadrotor_simulator/include/ode/libs/numeric/odeint/doc/html/images/callouts/17.svg
[19.794s] -- Installing: /home/zhr/YOPO-ROS2/install/so3_quadrotor_simulator/include/ode/libs/numeric/odeint/doc/html/images/callouts/18.svg
[19.794s] -- Installing: /home/zhr/YOPO-ROS2/install/so3_quadrotor_simulator/include/ode/libs/numeric/odeint/doc/html/images/callouts/21.svg
[19.794s] -- Installing: /home/zhr/YOPO-ROS2/install/so3_quadrotor_simulator/include/ode/libs/numeric/odeint/doc/html/images/callouts/2.png
[19.794s] -- Installing: /home/zhr/YOPO-ROS2/install/so3_quadrotor_simulator/include/ode/libs/numeric/odeint/doc/html/images/callouts/4.png
[19.794s] -- Installing: /home/zhr/YOPO-ROS2/install/so3_quadrotor_simulator/include/ode/libs/numeric/odeint/doc/html/images/callouts/6.svg
[19.794s] -- Installing: /home/zhr/YOPO-ROS2/install/so3_quadrotor_simulator/include/ode/libs/numeric/odeint/doc/html/images/callouts/11.svg
[19.794s] -- Installing: /home/zhr/YOPO-ROS2/install/so3_quadrotor_simulator/include/ode/libs/numeric/odeint/doc/html/images/callouts/29.svg
[19.795s] -- Installing: /home/zhr/YOPO-ROS2/install/so3_quadrotor_simulator/include/ode/libs/numeric/odeint/doc/html/images/callouts/16.svg
[19.795s] -- Installing: /home/zhr/YOPO-ROS2/install/so3_quadrotor_simulator/include/ode/libs/numeric/odeint/doc/html/images/callouts/14.png
[19.795s] -- Installing: /home/zhr/YOPO-ROS2/install/so3_quadrotor_simulator/include/ode/libs/numeric/odeint/doc/html/images/callouts/4.svg
[19.795s] -- Installing: /home/zhr/YOPO-ROS2/install/so3_quadrotor_simulator/include/ode/libs/numeric/odeint/doc/html/images/callouts/3.svg
[19.795s] -- Installing: /home/zhr/YOPO-ROS2/install/so3_quadrotor_simulator/include/ode/libs/numeric/odeint/doc/html/images/callouts/19.svg
[19.795s] -- Installing: /home/zhr/YOPO-ROS2/install/so3_quadrotor_simulator/include/ode/libs/numeric/odeint/doc/html/images/callouts/9.svg
[19.795s] -- Installing: /home/zhr/YOPO-ROS2/install/so3_quadrotor_simulator/include/ode/libs/numeric/odeint/doc/html/images/callouts/26.svg
[19.795s] -- Installing: /home/zhr/YOPO-ROS2/install/so3_quadrotor_simulator/include/ode/libs/numeric/odeint/doc/html/images/callouts/22.svg
[19.795s] -- Installing: /home/zhr/YOPO-ROS2/install/so3_quadrotor_simulator/include/ode/libs/numeric/odeint/doc/html/images/callouts/10.svg
[19.795s] -- Installing: /home/zhr/YOPO-ROS2/install/so3_quadrotor_simulator/include/ode/libs/numeric/odeint/doc/html/images/callouts/10.png
[19.795s] -- Installing: /home/zhr/YOPO-ROS2/install/so3_quadrotor_simulator/include/ode/libs/numeric/odeint/doc/html/images/callouts/3.png
[19.795s] -- Installing: /home/zhr/YOPO-ROS2/install/so3_quadrotor_simulator/include/ode/libs/numeric/odeint/doc/html/images/callouts/25.svg
[19.795s] -- Installing: /home/zhr/YOPO-ROS2/install/so3_quadrotor_simulator/include/ode/libs/numeric/odeint/doc/html/images/callouts/28.svg
[19.795s] -- Installing: /home/zhr/YOPO-ROS2/install/so3_quadrotor_simulator/include/ode/libs/numeric/odeint/doc/html/images/callouts/5.svg
[19.795s] -- Installing: /home/zhr/YOPO-ROS2/install/so3_quadrotor_simulator/include/ode/libs/numeric/odeint/doc/html/images/callouts/24.svg
[19.795s] -- Installing: /home/zhr/YOPO-ROS2/install/so3_quadrotor_simulator/include/ode/libs/numeric/odeint/doc/html/images/callouts/11.png
[19.795s] -- Installing: /home/zhr/YOPO-ROS2/install/so3_quadrotor_simulator/include/ode/libs/numeric/odeint/doc/html/images/callouts/1.svg
[19.795s] -- Installing: /home/zhr/YOPO-ROS2/install/so3_quadrotor_simulator/include/ode/libs/numeric/odeint/doc/html/images/callouts/8.svg
[19.795s] -- Installing: /home/zhr/YOPO-ROS2/install/so3_quadrotor_simulator/include/ode/libs/numeric/odeint/doc/html/images/callouts/14.svg
[19.795s] -- Installing: /home/zhr/YOPO-ROS2/install/so3_quadrotor_simulator/include/ode/libs/numeric/odeint/doc/html/images/callouts/15.png
[19.795s] -- Installing: /home/zhr/YOPO-ROS2/install/so3_quadrotor_simulator/include/ode/libs/numeric/odeint/doc/html/images/callouts/12.png
[19.795s] -- Installing: /home/zhr/YOPO-ROS2/install/so3_quadrotor_simulator/include/ode/libs/numeric/odeint/doc/html/images/callouts/15.svg
[19.795s] -- Installing: /home/zhr/YOPO-ROS2/install/so3_quadrotor_simulator/include/ode/libs/numeric/odeint/doc/html/images/callouts/13.png
[19.795s] -- Installing: /home/zhr/YOPO-ROS2/install/so3_quadrotor_simulator/include/ode/libs/numeric/odeint/doc/html/images/callouts/2.svg
[19.795s] -- Installing: /home/zhr/YOPO-ROS2/install/so3_quadrotor_simulator/include/ode/libs/numeric/odeint/doc/html/images/callouts/7.png
[19.795s] -- Installing: /home/zhr/YOPO-ROS2/install/so3_quadrotor_simulator/include/ode/libs/numeric/odeint/doc/html/images/next.svg
[19.795s] -- Installing: /home/zhr/YOPO-ROS2/install/so3_quadrotor_simulator/include/ode/libs/numeric/odeint/doc/html/images/blank.png
[19.796s] -- Installing: /home/zhr/YOPO-ROS2/install/so3_quadrotor_simulator/include/ode/libs/numeric/odeint/doc/html/images/caution.png
[19.796s] -- Installing: /home/zhr/YOPO-ROS2/install/so3_quadrotor_simulator/include/ode/libs/numeric/odeint/doc/html/images/up.png
[19.796s] -- Installing: /home/zhr/YOPO-ROS2/install/so3_quadrotor_simulator/include/ode/libs/numeric/odeint/doc/html/images/note.png
[19.796s] -- Installing: /home/zhr/YOPO-ROS2/install/so3_quadrotor_simulator/include/ode/libs/numeric/odeint/doc/html/images/home.svg
[19.796s] -- Installing: /home/zhr/YOPO-ROS2/install/so3_quadrotor_simulator/include/ode/libs/numeric/odeint/doc/html/images/up_disabled.png
[19.796s] -- Installing: /home/zhr/YOPO-ROS2/install/so3_quadrotor_simulator/include/ode/libs/numeric/odeint/doc/html/images/important.svg
[19.796s] -- Installing: /home/zhr/YOPO-ROS2/install/so3_quadrotor_simulator/include/ode/libs/numeric/odeint/doc/html/images/toc-blank.png
[19.796s] -- Installing: /home/zhr/YOPO-ROS2/install/so3_quadrotor_simulator/include/ode/libs/numeric/odeint/doc/html/images/smiley.png
[19.796s] -- Installing: /home/zhr/YOPO-ROS2/install/so3_quadrotor_simulator/include/ode/libs/numeric/odeint/doc/html/images/caution.svg
[19.796s] -- Installing: /home/zhr/YOPO-ROS2/install/so3_quadrotor_simulator/include/ode/libs/numeric/odeint/doc/html/images/next_disabled.png
[19.796s] -- Installing: /home/zhr/YOPO-ROS2/install/so3_quadrotor_simulator/include/ode/libs/numeric/odeint/doc/html/images/note.svg
[19.796s] -- Installing: /home/zhr/YOPO-ROS2/install/so3_quadrotor_simulator/include/ode/libs/numeric/odeint/doc/html/images/prev_disabled.png
[19.796s] -- Installing: /home/zhr/YOPO-ROS2/install/so3_quadrotor_simulator/include/ode/libs/numeric/odeint/doc/html/images/toc-plus.png
[19.796s] -- Installing: /home/zhr/YOPO-ROS2/install/so3_quadrotor_simulator/include/ode/libs/numeric/odeint/doc/html/images/draft.png
[19.796s] -- Installing: /home/zhr/YOPO-ROS2/install/so3_quadrotor_simulator/include/ode/libs/numeric/odeint/doc/html/images/up.svg
[19.796s] -- Installing: /home/zhr/YOPO-ROS2/install/so3_quadrotor_simulator/include/ode/libs/numeric/odeint/doc/html/images/toc-minus.png
[19.796s] -- Installing: /home/zhr/YOPO-ROS2/install/so3_quadrotor_simulator/include/ode/libs/numeric/odeint/doc/html/images/prev.svg
[19.796s] -- Installing: /home/zhr/YOPO-ROS2/install/so3_quadrotor_simulator/include/ode/libs/numeric/odeint/doc/html/phase_lattice_2d_1000.jpg
[19.796s] -- Installing: /home/zhr/YOPO-ROS2/install/so3_quadrotor_simulator/include/ode/libs/numeric/odeint/doc/html/phase_lattice_2d_0000.jpg
[19.796s] -- Installing: /home/zhr/YOPO-ROS2/install/so3_quadrotor_simulator/include/ode/libs/numeric/odeint/doc/html/phase_lattice_2d_0100.jpg
[19.796s] -- Installing: /home/zhr/YOPO-ROS2/install/so3_quadrotor_simulator/include/ode/libs/numeric/odeint/doc/odeint.qbk
[19.796s] -- Installing: /home/zhr/YOPO-ROS2/install/so3_quadrotor_simulator/include/ode/libs/numeric/odeint/doc/tutorial.qbk
[19.796s] -- Installing: /home/zhr/YOPO-ROS2/install/so3_quadrotor_simulator/include/ode/libs/numeric/odeint/doc/tutorial_special_topics.qbk
[19.796s] -- Installing: /home/zhr/YOPO-ROS2/install/so3_quadrotor_simulator/include/ode/libs/numeric/odeint/doc/details_boost_ref.qbk
[19.796s] -- Installing: /home/zhr/YOPO-ROS2/install/so3_quadrotor_simulator/include/ode/libs/numeric/odeint/doc/details_generation_functions.qbk
[19.796s] -- Installing: /home/zhr/YOPO-ROS2/install/so3_quadrotor_simulator/include/ode/libs/numeric/odeint/doc/concepts.qbk
[19.797s] -- Installing: /home/zhr/YOPO-ROS2/install/so3_quadrotor_simulator/include/ode/libs/numeric/odeint/doc/Jamfile.v2
[19.797s] -- Installing: /home/zhr/YOPO-ROS2/install/so3_quadrotor_simulator/include/ode/libs/numeric/odeint/doc/concepts
[19.797s] -- Installing: /home/zhr/YOPO-ROS2/install/so3_quadrotor_simulator/include/ode/libs/numeric/odeint/doc/concepts/state_algebra_operations.qbk
[19.797s] -- Installing: /home/zhr/YOPO-ROS2/install/so3_quadrotor_simulator/include/ode/libs/numeric/odeint/doc/concepts/dense_output_stepper.qbk
[19.797s] -- Installing: /home/zhr/YOPO-ROS2/install/so3_quadrotor_simulator/include/ode/libs/numeric/odeint/doc/concepts/system.qbk
[19.797s] -- Installing: /home/zhr/YOPO-ROS2/install/so3_quadrotor_simulator/include/ode/libs/numeric/odeint/doc/concepts/symplectic_system.qbk
[19.797s] -- Installing: /home/zhr/YOPO-ROS2/install/so3_quadrotor_simulator/include/ode/libs/numeric/odeint/doc/concepts/state_wrapper.qbk
[19.797s] -- Installing: /home/zhr/YOPO-ROS2/install/so3_quadrotor_simulator/include/ode/libs/numeric/odeint/doc/concepts/error_stepper.qbk
[19.797s] -- Installing: /home/zhr/YOPO-ROS2/install/so3_quadrotor_simulator/include/ode/libs/numeric/odeint/doc/concepts/stepper.qbk
[19.797s] -- Installing: /home/zhr/YOPO-ROS2/install/so3_quadrotor_simulator/include/ode/libs/numeric/odeint/doc/concepts/implicit_system.qbk
[19.797s] -- Installing: /home/zhr/YOPO-ROS2/install/so3_quadrotor_simulator/include/ode/libs/numeric/odeint/doc/concepts/controlled_stepper.qbk
[19.797s] -- Installing: /home/zhr/YOPO-ROS2/install/so3_quadrotor_simulator/include/ode/libs/numeric/odeint/doc/literature.qbk
[19.797s] -- Installing: /home/zhr/YOPO-ROS2/install/so3_quadrotor_simulator/include/ode/libs/numeric/odeint/doc/details_boost_range.qbk
[19.797s] -- Installing: /home/zhr/YOPO-ROS2/install/so3_quadrotor_simulator/include/ode/libs/numeric/odeint/doc/range_table.qbk
[19.797s] -- Installing: /home/zhr/YOPO-ROS2/install/so3_quadrotor_simulator/include/ode/libs/numeric/odeint/doc/tutorial_solar_system.qbk
[19.797s] -- Installing: /home/zhr/YOPO-ROS2/install/so3_quadrotor_simulator/include/ode/libs/numeric/odeint/doc/acknowledgements.qbk
[19.797s] -- Installing: /home/zhr/YOPO-ROS2/install/so3_quadrotor_simulator/include/ode/libs/numeric/odeint/doc/tutorial_harmonic_oscillator.qbk
[19.797s] -- Installing: /home/zhr/YOPO-ROS2/install/so3_quadrotor_simulator/include/ode/libs/numeric/odeint/doc/details_bind_member_functions.qbk
[19.797s] -- Installing: /home/zhr/YOPO-ROS2/install/so3_quadrotor_simulator/include/ode/libs/numeric/odeint/doc/details.qbk
[19.797s] -- Installing: /home/zhr/YOPO-ROS2/install/so3_quadrotor_simulator/include/ode/libs/numeric/odeint/doc/controlled_stepper_table.qbk
[19.797s] -- Installing: /home/zhr/YOPO-ROS2/install/so3_quadrotor_simulator/include/ode/libs/numeric/odeint/test
[19.797s] -- Installing: /home/zhr/YOPO-ROS2/install/so3_quadrotor_simulator/include/ode/libs/numeric/odeint/test/fusion_algebra.cpp
[19.797s] -- Installing: /home/zhr/YOPO-ROS2/install/so3_quadrotor_simulator/include/ode/libs/numeric/odeint/test/stepper_with_units.cpp
[19.797s] -- Installing: /home/zhr/YOPO-ROS2/install/so3_quadrotor_simulator/include/ode/libs/numeric/odeint/test/integrate_times.cpp
[19.797s] -- Installing: /home/zhr/YOPO-ROS2/install/so3_quadrotor_simulator/include/ode/libs/numeric/odeint/test/boost_units_helpers.hpp
[19.797s] -- Installing: /home/zhr/YOPO-ROS2/install/so3_quadrotor_simulator/include/ode/libs/numeric/odeint/test/runge_kutta_controlled_concepts.cpp
[19.798s] -- Installing: /home/zhr/YOPO-ROS2/install/so3_quadrotor_simulator/include/ode/libs/numeric/odeint/test/default_operations.cpp
[19.798s] -- Installing: /home/zhr/YOPO-ROS2/install/so3_quadrotor_simulator/include/ode/libs/numeric/odeint/test/runge_kutta_concepts.cpp
[19.798s] -- Installing: /home/zhr/YOPO-ROS2/install/so3_quadrotor_simulator/include/ode/libs/numeric/odeint/test/resizing.cpp
[19.798s] -- Installing: /home/zhr/YOPO-ROS2/install/so3_quadrotor_simulator/include/ode/libs/numeric/odeint/test/diagnostic_state_type.hpp
[19.798s] -- Installing: /home/zhr/YOPO-ROS2/install/so3_quadrotor_simulator/include/ode/libs/numeric/odeint/test/generic_stepper.cpp
[19.798s] -- Installing: /home/zhr/YOPO-ROS2/install/so3_quadrotor_simulator/include/ode/libs/numeric/odeint/test/prepare_stepper_testing.hpp
[19.798s] -- Installing: /home/zhr/YOPO-ROS2/install/so3_quadrotor_simulator/include/ode/libs/numeric/odeint/test/same_size.cpp
[19.798s] -- Installing: /home/zhr/YOPO-ROS2/install/so3_quadrotor_simulator/include/ode/libs/numeric/odeint/test/is_pair.cpp
[19.798s] -- Installing: /home/zhr/YOPO-ROS2/install/so3_quadrotor_simulator/include/ode/libs/numeric/odeint/test/stepper_with_ranges.cpp
[19.798s] -- Installing: /home/zhr/YOPO-ROS2/install/so3_quadrotor_simulator/include/ode/libs/numeric/odeint/test/trivial_state.cpp
[19.798s] -- Installing: /home/zhr/YOPO-ROS2/install/so3_quadrotor_simulator/include/ode/libs/numeric/odeint/test/symplectic_steppers.cpp
[19.798s] -- Installing: /home/zhr/YOPO-ROS2/install/so3_quadrotor_simulator/include/ode/libs/numeric/odeint/test/adams_moulton.cpp
[19.798s] -- Installing: /home/zhr/YOPO-ROS2/install/so3_quadrotor_simulator/include/ode/libs/numeric/odeint/test/dummy_odes.hpp
[19.798s] -- Installing: /home/zhr/YOPO-ROS2/install/so3_quadrotor_simulator/include/ode/libs/numeric/odeint/test/implicit_euler.cpp
[19.798s] -- Installing: /home/zhr/YOPO-ROS2/install/so3_quadrotor_simulator/include/ode/libs/numeric/odeint/test/stepper_copying.cpp
[19.798s] -- Installing: /home/zhr/YOPO-ROS2/install/so3_quadrotor_simulator/include/ode/libs/numeric/odeint/test/Jamfile.v2
[19.798s] -- Installing: /home/zhr/YOPO-ROS2/install/so3_quadrotor_simulator/include/ode/libs/numeric/odeint/test/integrate.cpp
[19.798s] -- Installing: /home/zhr/YOPO-ROS2/install/so3_quadrotor_simulator/include/ode/libs/numeric/odeint/test/adams_bashforth.cpp
[19.798s] -- Installing: /home/zhr/YOPO-ROS2/install/so3_quadrotor_simulator/include/ode/libs/numeric/odeint/test/generation.cpp
[19.798s] -- Installing: /home/zhr/YOPO-ROS2/install/so3_quadrotor_simulator/include/ode/libs/numeric/odeint/test/numeric
[19.798s] -- Installing: /home/zhr/YOPO-ROS2/install/so3_quadrotor_simulator/include/ode/libs/numeric/odeint/test/numeric/Jamfile.v2
[19.798s] -- Installing: /home/zhr/YOPO-ROS2/install/so3_quadrotor_simulator/include/ode/libs/numeric/odeint/test/numeric/symplectic.cpp
[19.798s] -- Installing: /home/zhr/YOPO-ROS2/install/so3_quadrotor_simulator/include/ode/libs/numeric/odeint/test/numeric/rosenbrock.cpp
[19.798s] -- Installing: /home/zhr/YOPO-ROS2/install/so3_quadrotor_simulator/include/ode/libs/numeric/odeint/test/numeric/runge_kutta.cpp
[19.798s] -- Installing: /home/zhr/YOPO-ROS2/install/so3_quadrotor_simulator/include/ode/libs/numeric/odeint/test/runge_kutta_error_concepts.cpp
[19.798s] -- Installing: /home/zhr/YOPO-ROS2/install/so3_quadrotor_simulator/include/ode/libs/numeric/odeint/test/generic_error_stepper.cpp
[19.798s] -- Installing: /home/zhr/YOPO-ROS2/install/so3_quadrotor_simulator/include/ode/libs/numeric/odeint/test/const_range.hpp
[19.798s] -- Installing: /home/zhr/YOPO-ROS2/install/so3_quadrotor_simulator/include/ode/libs/numeric/odeint/test/rosenbrock4.cpp
[19.799s] -- Installing: /home/zhr/YOPO-ROS2/install/so3_quadrotor_simulator/include/ode/libs/numeric/odeint/test/bulirsch_stoer.cpp
[19.799s] -- Installing: /home/zhr/YOPO-ROS2/install/so3_quadrotor_simulator/include/ode/libs/numeric/odeint/test/vector_space_1d.hpp
[19.799s] -- Installing: /home/zhr/YOPO-ROS2/install/so3_quadrotor_simulator/include/ode/libs/numeric/odeint/test/range_algebra.cpp
[19.799s] -- Installing: /home/zhr/YOPO-ROS2/install/so3_quadrotor_simulator/include/ode/libs/numeric/odeint/test/resize.cpp
[19.799s] -- Installing: /home/zhr/YOPO-ROS2/install/so3_quadrotor_simulator/include/ode/libs/numeric/odeint/test/is_resizeable.cpp
[19.799s] -- Installing: /home/zhr/YOPO-ROS2/install/so3_quadrotor_simulator/include/ode/libs/numeric/odeint/test/integrate_implicit.cpp
[19.799s] -- Installing: /home/zhr/YOPO-ROS2/install/so3_quadrotor_simulator/include/ode/libs/numeric/odeint/test/euler_stepper.cpp
[19.799s] -- Installing: /home/zhr/YOPO-ROS2/install/so3_quadrotor_simulator/include/ode/libs/numeric/odeint/test/dummy_steppers.hpp
[19.799s] -- Installing: /home/zhr/YOPO-ROS2/install/so3_quadrotor_simulator/include/ode/libs/numeric/odeint/test/adams_bashforth_moulton.cpp
[19.799s] -- Installing: /home/zhr/YOPO-ROS2/install/so3_quadrotor_simulator/include/ode/CHANGELOG
[19.799s] -- Installing: /home/zhr/YOPO-ROS2/install/so3_quadrotor_simulator/include/ode/boost
[19.799s] -- Installing: /home/zhr/YOPO-ROS2/install/so3_quadrotor_simulator/include/ode/boost/numeric
[19.799s] -- Installing: /home/zhr/YOPO-ROS2/install/so3_quadrotor_simulator/include/ode/boost/numeric/odeint
[19.799s] -- Installing: /home/zhr/YOPO-ROS2/install/so3_quadrotor_simulator/include/ode/boost/numeric/odeint/integrate
[19.799s] -- Installing: /home/zhr/YOPO-ROS2/install/so3_quadrotor_simulator/include/ode/boost/numeric/odeint/integrate/integrate.hpp
[19.799s] -- Installing: /home/zhr/YOPO-ROS2/install/so3_quadrotor_simulator/include/ode/boost/numeric/odeint/integrate/integrate_const.hpp
[19.799s] -- Installing: /home/zhr/YOPO-ROS2/install/so3_quadrotor_simulator/include/ode/boost/numeric/odeint/integrate/integrate_n_steps.hpp
[19.799s] -- Installing: /home/zhr/YOPO-ROS2/install/so3_quadrotor_simulator/include/ode/boost/numeric/odeint/integrate/null_observer.hpp
[19.799s] -- Installing: /home/zhr/YOPO-ROS2/install/so3_quadrotor_simulator/include/ode/boost/numeric/odeint/integrate/detail
[19.799s] -- Installing: /home/zhr/YOPO-ROS2/install/so3_quadrotor_simulator/include/ode/boost/numeric/odeint/integrate/detail/integrate_const.hpp
[19.799s] -- Installing: /home/zhr/YOPO-ROS2/install/so3_quadrotor_simulator/include/ode/boost/numeric/odeint/integrate/detail/integrate_n_steps.hpp
[19.799s] -- Installing: /home/zhr/YOPO-ROS2/install/so3_quadrotor_simulator/include/ode/boost/numeric/odeint/integrate/detail/integrate_times.hpp
[19.799s] -- Installing: /home/zhr/YOPO-ROS2/install/so3_quadrotor_simulator/include/ode/boost/numeric/odeint/integrate/detail/integrate_adaptive.hpp
[19.799s] -- Installing: /home/zhr/YOPO-ROS2/install/so3_quadrotor_simulator/include/ode/boost/numeric/odeint/integrate/observer_collection.hpp
[19.799s] -- Installing: /home/zhr/YOPO-ROS2/install/so3_quadrotor_simulator/include/ode/boost/numeric/odeint/integrate/integrate_times.hpp
[19.799s] -- Installing: /home/zhr/YOPO-ROS2/install/so3_quadrotor_simulator/include/ode/boost/numeric/odeint/integrate/integrate_adaptive.hpp
[19.799s] -- Installing: /home/zhr/YOPO-ROS2/install/so3_quadrotor_simulator/include/ode/boost/numeric/odeint/algebra
[19.799s] -- Installing: /home/zhr/YOPO-ROS2/install/so3_quadrotor_simulator/include/ode/boost/numeric/odeint/algebra/fusion_algebra.hpp
[19.799s] -- Installing: /home/zhr/YOPO-ROS2/install/so3_quadrotor_simulator/include/ode/boost/numeric/odeint/algebra/default_operations.hpp
[19.799s] -- Installing: /home/zhr/YOPO-ROS2/install/so3_quadrotor_simulator/include/ode/boost/numeric/odeint/algebra/array_algebra.hpp
[19.799s] -- Installing: /home/zhr/YOPO-ROS2/install/so3_quadrotor_simulator/include/ode/boost/numeric/odeint/algebra/detail
[19.800s] -- Installing: /home/zhr/YOPO-ROS2/install/so3_quadrotor_simulator/include/ode/boost/numeric/odeint/algebra/detail/reduce.hpp
[19.800s] -- Installing: /home/zhr/YOPO-ROS2/install/so3_quadrotor_simulator/include/ode/boost/numeric/odeint/algebra/detail/for_each.hpp
[19.800s] -- Installing: /home/zhr/YOPO-ROS2/install/so3_quadrotor_simulator/include/ode/boost/numeric/odeint/algebra/detail/macros.hpp
[19.800s] -- Installing: /home/zhr/YOPO-ROS2/install/so3_quadrotor_simulator/include/ode/boost/numeric/odeint/algebra/range_algebra.hpp
[19.800s] -- Installing: /home/zhr/YOPO-ROS2/install/so3_quadrotor_simulator/include/ode/boost/numeric/odeint/algebra/vector_space_algebra.hpp
[19.800s] -- Installing: /home/zhr/YOPO-ROS2/install/so3_quadrotor_simulator/include/ode/boost/numeric/odeint/external
[19.800s] -- Installing: /home/zhr/YOPO-ROS2/install/so3_quadrotor_simulator/include/ode/boost/numeric/odeint/external/mkl
[19.800s] -- Installing: /home/zhr/YOPO-ROS2/install/so3_quadrotor_simulator/include/ode/boost/numeric/odeint/external/mkl/mkl_operations.hpp
[19.800s] -- Installing: /home/zhr/YOPO-ROS2/install/so3_quadrotor_simulator/include/ode/boost/numeric/odeint/external/viennacl
[19.800s] -- Installing: /home/zhr/YOPO-ROS2/install/so3_quadrotor_simulator/include/ode/boost/numeric/odeint/external/viennacl/viennacl_operations.hpp
[19.800s] -- Installing: /home/zhr/YOPO-ROS2/install/so3_quadrotor_simulator/include/ode/boost/numeric/odeint/external/viennacl/viennacl_resize.hpp
[19.800s] -- Installing: /home/zhr/YOPO-ROS2/install/so3_quadrotor_simulator/include/ode/boost/numeric/odeint/external/thrust
[19.800s] -- Installing: /home/zhr/YOPO-ROS2/install/so3_quadrotor_simulator/include/ode/boost/numeric/odeint/external/thrust/thrust_operations.hpp
[19.800s] -- Installing: /home/zhr/YOPO-ROS2/install/so3_quadrotor_simulator/include/ode/boost/numeric/odeint/external/thrust/thrust_algebra.hpp
[19.800s] -- Installing: /home/zhr/YOPO-ROS2/install/so3_quadrotor_simulator/include/ode/boost/numeric/odeint/external/thrust/thrust_resize.hpp
[19.800s] -- Installing: /home/zhr/YOPO-ROS2/install/so3_quadrotor_simulator/include/ode/boost/numeric/odeint/external/gsl
[19.800s] -- Installing: /home/zhr/YOPO-ROS2/install/so3_quadrotor_simulator/include/ode/boost/numeric/odeint/external/gsl/gsl_wrapper.hpp
[19.800s] -- Installing: /home/zhr/YOPO-ROS2/install/so3_quadrotor_simulator/include/ode/boost/numeric/odeint/external/mtl4
[19.800s] -- Installing: /home/zhr/YOPO-ROS2/install/so3_quadrotor_simulator/include/ode/boost/numeric/odeint/external/mtl4/mtl4_resize.hpp
[19.800s] -- Installing: /home/zhr/YOPO-ROS2/install/so3_quadrotor_simulator/include/ode/boost/numeric/odeint/external/mtl4/implicit_euler_mtl4.hpp
[19.800s] -- Installing: /home/zhr/YOPO-ROS2/install/so3_quadrotor_simulator/include/ode/boost/numeric/odeint/external/vexcl
[19.800s] -- Installing: /home/zhr/YOPO-ROS2/install/so3_quadrotor_simulator/include/ode/boost/numeric/odeint/external/vexcl/vexcl_resize.hpp
[19.800s] -- Installing: /home/zhr/YOPO-ROS2/install/so3_quadrotor_simulator/include/ode/boost/numeric/odeint/stepper
[19.800s] -- Installing: /home/zhr/YOPO-ROS2/install/so3_quadrotor_simulator/include/ode/boost/numeric/odeint/stepper/runge_kutta_fehlberg78.hpp
[19.800s] -- Installing: /home/zhr/YOPO-ROS2/install/so3_quadrotor_simulator/include/ode/boost/numeric/odeint/stepper/bulirsch_stoer_dense_out.hpp
[19.800s] -- Installing: /home/zhr/YOPO-ROS2/install/so3_quadrotor_simulator/include/ode/boost/numeric/odeint/stepper/controlled_runge_kutta.hpp
[19.800s] -- Installing: /home/zhr/YOPO-ROS2/install/so3_quadrotor_simulator/include/ode/boost/numeric/odeint/stepper/runge_kutta4_classic.hpp
[19.800s] -- Installing: /home/zhr/YOPO-ROS2/install/so3_quadrotor_simulator/include/ode/boost/numeric/odeint/stepper/symplectic_rkn_sb3a_m4_mclachlan.hpp
[19.800s] -- Installing: /home/zhr/YOPO-ROS2/install/so3_quadrotor_simulator/include/ode/boost/numeric/odeint/stepper/modified_midpoint.hpp
[19.800s] -- Installing: /home/zhr/YOPO-ROS2/install/so3_quadrotor_simulator/include/ode/boost/numeric/odeint/stepper/stepper_categories.hpp
[19.800s] -- Installing: /home/zhr/YOPO-ROS2/install/so3_quadrotor_simulator/include/ode/boost/numeric/odeint/stepper/rosenbrock4.hpp
[19.801s] -- Installing: /home/zhr/YOPO-ROS2/install/so3_quadrotor_simulator/include/ode/boost/numeric/odeint/stepper/runge_kutta_dopri5.hpp
[19.801s] -- Installing: /home/zhr/YOPO-ROS2/install/so3_quadrotor_simulator/include/ode/boost/numeric/odeint/stepper/explicit_error_generic_rk.hpp
[19.801s] -- Installing: /home/zhr/YOPO-ROS2/install/so3_quadrotor_simulator/include/ode/boost/numeric/odeint/stepper/euler.hpp
[19.801s] -- Installing: /home/zhr/YOPO-ROS2/install/so3_quadrotor_simulator/include/ode/boost/numeric/odeint/stepper/implicit_euler.hpp
[19.801s] -- Installing: /home/zhr/YOPO-ROS2/install/so3_quadrotor_simulator/include/ode/boost/numeric/odeint/stepper/detail
[19.801s] -- Installing: /home/zhr/YOPO-ROS2/install/so3_quadrotor_simulator/include/ode/boost/numeric/odeint/stepper/detail/generic_rk_algorithm.hpp
[19.801s] -- Installing: /home/zhr/YOPO-ROS2/install/so3_quadrotor_simulator/include/ode/boost/numeric/odeint/stepper/detail/rotating_buffer.hpp
[19.801s] -- Installing: /home/zhr/YOPO-ROS2/install/so3_quadrotor_simulator/include/ode/boost/numeric/odeint/stepper/detail/adams_bashforth_call_algebra.hpp
[19.801s] -- Installing: /home/zhr/YOPO-ROS2/install/so3_quadrotor_simulator/include/ode/boost/numeric/odeint/stepper/detail/adams_moulton_coefficients.hpp
[19.801s] -- Installing: /home/zhr/YOPO-ROS2/install/so3_quadrotor_simulator/include/ode/boost/numeric/odeint/stepper/detail/generic_rk_call_algebra.hpp
[19.801s] -- Installing: /home/zhr/YOPO-ROS2/install/so3_quadrotor_simulator/include/ode/boost/numeric/odeint/stepper/detail/adams_bashforth_coefficients.hpp
[19.801s] -- Installing: /home/zhr/YOPO-ROS2/install/so3_quadrotor_simulator/include/ode/boost/numeric/odeint/stepper/detail/generic_rk_operations.hpp
[19.801s] -- Installing: /home/zhr/YOPO-ROS2/install/so3_quadrotor_simulator/include/ode/boost/numeric/odeint/stepper/detail/adams_moulton_call_algebra.hpp
[19.801s] -- Installing: /home/zhr/YOPO-ROS2/install/so3_quadrotor_simulator/include/ode/boost/numeric/odeint/stepper/base
[19.801s] -- Installing: /home/zhr/YOPO-ROS2/install/so3_quadrotor_simulator/include/ode/boost/numeric/odeint/stepper/base/explicit_error_stepper_base.hpp
[19.801s] -- Installing: /home/zhr/YOPO-ROS2/install/so3_quadrotor_simulator/include/ode/boost/numeric/odeint/stepper/base/algebra_stepper_base.hpp
[19.801s] -- Installing: /home/zhr/YOPO-ROS2/install/so3_quadrotor_simulator/include/ode/boost/numeric/odeint/stepper/base/explicit_stepper_base.hpp
[19.801s] -- Installing: /home/zhr/YOPO-ROS2/install/so3_quadrotor_simulator/include/ode/boost/numeric/odeint/stepper/base/explicit_error_stepper_fsal_base.hpp
[19.801s] -- Installing: /home/zhr/YOPO-ROS2/install/so3_quadrotor_simulator/include/ode/boost/numeric/odeint/stepper/base/symplectic_rkn_stepper_base.hpp
[19.801s] -- Installing: /home/zhr/YOPO-ROS2/install/so3_quadrotor_simulator/include/ode/boost/numeric/odeint/stepper/runge_kutta_cash_karp54.hpp
[19.801s] -- Installing: /home/zhr/YOPO-ROS2/install/so3_quadrotor_simulator/include/ode/boost/numeric/odeint/stepper/symplectic_euler.hpp
[19.801s] -- Installing: /home/zhr/YOPO-ROS2/install/so3_quadrotor_simulator/include/ode/boost/numeric/odeint/stepper/dense_output_runge_kutta.hpp
[19.801s] -- Installing: /home/zhr/YOPO-ROS2/install/so3_quadrotor_simulator/include/ode/boost/numeric/odeint/stepper/adams_moulton.hpp
[19.801s] -- Installing: /home/zhr/YOPO-ROS2/install/so3_quadrotor_simulator/include/ode/boost/numeric/odeint/stepper/runge_kutta_cash_karp54_classic.hpp
[19.801s] -- Installing: /home/zhr/YOPO-ROS2/install/so3_quadrotor_simulator/include/ode/boost/numeric/odeint/stepper/adams_bashforth.hpp
[19.801s] -- Installing: /home/zhr/YOPO-ROS2/install/so3_quadrotor_simulator/include/ode/boost/numeric/odeint/stepper/generation
[19.801s] -- Installing: /home/zhr/YOPO-ROS2/install/so3_quadrotor_simulator/include/ode/boost/numeric/odeint/stepper/generation/generation_runge_kutta_dopri5.hpp
[19.802s] -- Installing: /home/zhr/YOPO-ROS2/install/so3_quadrotor_simulator/include/ode/boost/numeric/odeint/stepper/generation/generation_controlled_runge_kutta.hpp
[19.802s] -- Installing: /home/zhr/YOPO-ROS2/install/so3_quadrotor_simulator/include/ode/boost/numeric/odeint/stepper/generation/make_controlled.hpp
[19.802s] -- Installing: /home/zhr/YOPO-ROS2/install/so3_quadrotor_simulator/include/ode/boost/numeric/odeint/stepper/generation/generation_runge_kutta_cash_karp54_classic.hpp
[19.802s] -- Installing: /home/zhr/YOPO-ROS2/install/so3_quadrotor_simulator/include/ode/boost/numeric/odeint/stepper/generation/generation_runge_kutta_cash_karp54.hpp
[19.802s] -- Installing: /home/zhr/YOPO-ROS2/install/so3_quadrotor_simulator/include/ode/boost/numeric/odeint/stepper/generation/generation_rosenbrock4.hpp
[19.802s] -- Installing: /home/zhr/YOPO-ROS2/install/so3_quadrotor_simulator/include/ode/boost/numeric/odeint/stepper/generation/make_dense_output.hpp
[19.802s] -- Installing: /home/zhr/YOPO-ROS2/install/so3_quadrotor_simulator/include/ode/boost/numeric/odeint/stepper/generation/generation_dense_output_runge_kutta.hpp
[19.802s] -- Installing: /home/zhr/YOPO-ROS2/install/so3_quadrotor_simulator/include/ode/boost/numeric/odeint/stepper/generation/generation_runge_kutta_fehlberg78.hpp
[19.802s] -- Installing: /home/zhr/YOPO-ROS2/install/so3_quadrotor_simulator/include/ode/boost/numeric/odeint/stepper/explicit_generic_rk.hpp
[19.802s] -- Installing: /home/zhr/YOPO-ROS2/install/so3_quadrotor_simulator/include/ode/boost/numeric/odeint/stepper/generation.hpp
[19.802s] -- Installing: /home/zhr/YOPO-ROS2/install/so3_quadrotor_simulator/include/ode/boost/numeric/odeint/stepper/rosenbrock4_dense_output.hpp
[19.802s] -- Installing: /home/zhr/YOPO-ROS2/install/so3_quadrotor_simulator/include/ode/boost/numeric/odeint/stepper/controlled_step_result.hpp
[19.802s] -- Installing: /home/zhr/YOPO-ROS2/install/so3_quadrotor_simulator/include/ode/boost/numeric/odeint/stepper/runge_kutta4.hpp
[19.802s] -- Installing: /home/zhr/YOPO-ROS2/install/so3_quadrotor_simulator/include/ode/boost/numeric/odeint/stepper/rosenbrock4_controller.hpp
[19.802s] -- Installing: /home/zhr/YOPO-ROS2/install/so3_quadrotor_simulator/include/ode/boost/numeric/odeint/stepper/bulirsch_stoer.hpp
[19.802s] -- Installing: /home/zhr/YOPO-ROS2/install/so3_quadrotor_simulator/include/ode/boost/numeric/odeint/stepper/symplectic_rkn_sb3a_mclachlan.hpp
[19.802s] -- Installing: /home/zhr/YOPO-ROS2/install/so3_quadrotor_simulator/include/ode/boost/numeric/odeint/stepper/adams_bashforth_moulton.hpp
[19.802s] -- Installing: /home/zhr/YOPO-ROS2/install/so3_quadrotor_simulator/include/ode/boost/numeric/odeint/version.hpp
[19.802s] -- Installing: /home/zhr/YOPO-ROS2/install/so3_quadrotor_simulator/include/ode/boost/numeric/odeint/config.hpp
[19.802s] -- Installing: /home/zhr/YOPO-ROS2/install/so3_quadrotor_simulator/include/ode/boost/numeric/odeint/util
[19.802s] -- Installing: /home/zhr/YOPO-ROS2/install/so3_quadrotor_simulator/include/ode/boost/numeric/odeint/util/bind.hpp
[19.802s] -- Installing: /home/zhr/YOPO-ROS2/install/so3_quadrotor_simulator/include/ode/boost/numeric/odeint/util/state_wrapper.hpp
[19.802s] -- Installing: /home/zhr/YOPO-ROS2/install/so3_quadrotor_simulator/include/ode/boost/numeric/odeint/util/unwrap_reference.hpp
[19.803s] -- Installing: /home/zhr/YOPO-ROS2/install/so3_quadrotor_simulator/include/ode/boost/numeric/odeint/util/is_resizeable.hpp
[19.803s] -- Installing: /home/zhr/YOPO-ROS2/install/so3_quadrotor_simulator/include/ode/boost/numeric/odeint/util/is_pair.hpp
[19.803s] -- Installing: /home/zhr/YOPO-ROS2/install/so3_quadrotor_simulator/include/ode/boost/numeric/odeint/util/resizer.hpp
[19.803s] -- Installing: /home/zhr/YOPO-ROS2/install/so3_quadrotor_simulator/include/ode/boost/numeric/odeint/util/detail
[19.803s] -- Installing: /home/zhr/YOPO-ROS2/install/so3_quadrotor_simulator/include/ode/boost/numeric/odeint/util/detail/is_range.hpp
[19.803s] -- Installing: /home/zhr/YOPO-ROS2/install/so3_quadrotor_simulator/include/ode/boost/numeric/odeint/util/detail/less_with_sign.hpp
[19.803s] -- Installing: /home/zhr/YOPO-ROS2/install/so3_quadrotor_simulator/include/ode/boost/numeric/odeint/util/same_instance.hpp
[19.803s] -- Installing: /home/zhr/YOPO-ROS2/install/so3_quadrotor_simulator/include/ode/boost/numeric/odeint/util/resize.hpp
[19.803s] -- Installing: /home/zhr/YOPO-ROS2/install/so3_quadrotor_simulator/include/ode/boost/numeric/odeint/util/same_size.hpp
[19.803s] -- Installing: /home/zhr/YOPO-ROS2/install/so3_quadrotor_simulator/include/ode/boost/numeric/odeint/util/copy.hpp
[19.803s] -- Installing: /home/zhr/YOPO-ROS2/install/so3_quadrotor_simulator/include/ode/boost/numeric/odeint/util/unit_helper.hpp
[19.803s] -- Installing: /home/zhr/YOPO-ROS2/install/so3_quadrotor_simulator/include/ode/boost/numeric/odeint/util/ublas_wrapper.hpp
[19.803s] -- Installing: /home/zhr/YOPO-ROS2/install/so3_quadrotor_simulator/include/ode/boost/numeric/odeint.hpp
[19.803s] -- Installing: /home/zhr/YOPO-ROS2/install/so3_quadrotor_simulator/share/so3_quadrotor_simulator/config
[19.803s] -- Installing: /home/zhr/YOPO-ROS2/install/so3_quadrotor_simulator/share/so3_quadrotor_simulator/config/rviz.rviz
[19.803s] -- Installing: /home/zhr/YOPO-ROS2/install/so3_quadrotor_simulator/share/so3_quadrotor_simulator/config/uav.dae
[19.804s] -- Installing: /home/zhr/YOPO-ROS2/install/so3_quadrotor_simulator/share/so3_quadrotor_simulator/launch
[19.804s] -- Installing: /home/zhr/YOPO-ROS2/install/so3_quadrotor_simulator/share/so3_quadrotor_simulator/launch/simulator_attitude_control.launch
[19.804s] -- Installing: /home/zhr/YOPO-ROS2/install/so3_quadrotor_simulator/share/so3_quadrotor_simulator/launch/simulator_position_control.launch.py
[19.804s] -- Installing: /home/zhr/YOPO-ROS2/install/so3_quadrotor_simulator/share/so3_quadrotor_simulator/launch/simulator_attitude_control.launch.py
[19.804s] -- Installing: /home/zhr/YOPO-ROS2/install/so3_quadrotor_simulator/share/so3_quadrotor_simulator/launch/simulator_position_control.launch
[19.805s] -- Installing: /home/zhr/YOPO-ROS2/install/so3_quadrotor_simulator/share/so3_quadrotor_simulator/meshes/uav.dae
[19.806s] -- Installing: /home/zhr/YOPO-ROS2/install/so3_quadrotor_simulator/share/so3_quadrotor_simulator/environment/library_path.sh
[19.806s] -- Installing: /home/zhr/YOPO-ROS2/install/so3_quadrotor_simulator/share/so3_quadrotor_simulator/environment/library_path.dsv
[19.806s] -- Installing: /home/zhr/YOPO-ROS2/install/so3_quadrotor_simulator/share/ament_index/resource_index/package_run_dependencies/so3_quadrotor_simulator
[19.806s] -- Installing: /home/zhr/YOPO-ROS2/install/so3_quadrotor_simulator/share/ament_index/resource_index/parent_prefix_path/so3_quadrotor_simulator
[19.806s] -- Installing: /home/zhr/YOPO-ROS2/install/so3_quadrotor_simulator/share/so3_quadrotor_simulator/environment/ament_prefix_path.sh
[19.806s] -- Installing: /home/zhr/YOPO-ROS2/install/so3_quadrotor_simulator/share/so3_quadrotor_simulator/environment/ament_prefix_path.dsv
[19.806s] -- Installing: /home/zhr/YOPO-ROS2/install/so3_quadrotor_simulator/share/so3_quadrotor_simulator/environment/path.sh
[19.806s] -- Installing: /home/zhr/YOPO-ROS2/install/so3_quadrotor_simulator/share/so3_quadrotor_simulator/environment/path.dsv
[19.806s] -- Installing: /home/zhr/YOPO-ROS2/install/so3_quadrotor_simulator/share/so3_quadrotor_simulator/local_setup.bash
[19.806s] -- Installing: /home/zhr/YOPO-ROS2/install/so3_quadrotor_simulator/share/so3_quadrotor_simulator/local_setup.sh
[19.806s] -- Installing: /home/zhr/YOPO-ROS2/install/so3_quadrotor_simulator/share/so3_quadrotor_simulator/local_setup.zsh
[19.806s] -- Installing: /home/zhr/YOPO-ROS2/install/so3_quadrotor_simulator/share/so3_quadrotor_simulator/local_setup.dsv
[19.806s] -- Installing: /home/zhr/YOPO-ROS2/install/so3_quadrotor_simulator/share/so3_quadrotor_simulator/package.dsv
[19.806s] -- Installing: /home/zhr/YOPO-ROS2/install/so3_quadrotor_simulator/share/ament_index/resource_index/packages/so3_quadrotor_simulator
[19.806s] -- Installing: /home/zhr/YOPO-ROS2/install/so3_quadrotor_simulator/share/so3_quadrotor_simulator/cmake/ament_cmake_export_dependencies-extras.cmake
[19.806s] -- Installing: /home/zhr/YOPO-ROS2/install/so3_quadrotor_simulator/share/so3_quadrotor_simulator/cmake/ament_cmake_export_include_directories-extras.cmake
[19.807s] -- Installing: /home/zhr/YOPO-ROS2/install/so3_quadrotor_simulator/share/so3_quadrotor_simulator/cmake/ament_cmake_export_libraries-extras.cmake
[19.807s] -- Installing: /home/zhr/YOPO-ROS2/install/so3_quadrotor_simulator/share/so3_quadrotor_simulator/cmake/so3_quadrotor_simulatorConfig.cmake
[19.807s] -- Installing: /home/zhr/YOPO-ROS2/install/so3_quadrotor_simulator/share/so3_quadrotor_simulator/cmake/so3_quadrotor_simulatorConfig-version.cmake
[19.807s] -- Installing: /home/zhr/YOPO-ROS2/install/so3_quadrotor_simulator/share/so3_quadrotor_simulator/package.xml
[19.808s] Invoked command in '/home/zhr/YOPO-ROS2/build/so3_quadrotor_simulator' returned '0': AMENT_PREFIX_PATH=/home/zhr/YOPO-ROS2/install/uav_utils:/home/zhr/YOPO-ROS2/install/quadrotor_msgs:/home/zhr/YOPO-ROS2/install/cmake_utils:${AMENT_PREFIX_PATH} CMAKE_PREFIX_PATH=/home/zhr/YOPO-ROS2/install/uav_utils:/home/zhr/YOPO-ROS2/install/quadrotor_msgs:/home/zhr/YOPO-ROS2/install/cmake_utils:/home/zhr/YOPO-ROS2/Controller/install/so3_quadrotor_simulator:/home/zhr/YOPO-ROS2/Controller/install/uav_utils:/home/zhr/YOPO-ROS2/Controller/install/so3_control:/home/zhr/YOPO-ROS2/Controller/install/quadrotor_msgs:/home/zhr/YOPO-ROS2/Controller/install/mavros_msgs:/home/zhr/YOPO-ROS2/Controller/install/cmake_utils:/home/zhr/YOPO-ROS2/Simulator/install/sensor_simulator:/opt/ros/jazzy/opt/gz_math_vendor:/opt/ros/jazzy/opt/gz_utils_vendor:/opt/ros/jazzy/opt/gz_cmake_vendor:/opt/ros/jazzy DEBUGINFOD_URLS=https://debuginfod.ubuntu.com LD_LIBRARY_PATH=/home/zhr/YOPO-ROS2/install/quadrotor_msgs/lib:${LD_LIBRARY_PATH} PYTHONPATH=/home/zhr/YOPO-ROS2/install/quadrotor_msgs/lib/python3.12/site-packages:${PYTHONPATH} /usr/bin/cmake --install /home/zhr/YOPO-ROS2/build/so3_quadrotor_simulator
