-- The C compiler identification is GNU 13.3.0
-- The CXX compiler identification is GNU 13.3.0
-- Detecting C compiler ABI info
-- Detecting C compiler ABI info - done
-- Check for working C compiler: /usr/bin/cc - skipped
-- Detecting C compile features
-- Detecting C compile features - done
-- Detecting CXX compiler ABI info
-- Detecting CXX compiler ABI info - done
-- Check for working CXX compiler: /usr/bin/c++ - skipped
-- Detecting CXX compile features
-- Detecting CXX compile features - done
-- Found ament_cmake: 2.5.5 (/opt/ros/jazzy/share/ament_cmake/cmake)
-- Found Python3: /usr/bin/python3 (found version "3.12.3") found components: Interpreter 
-- Found rclcpp: 28.1.16 (/opt/ros/jazzy/share/rclcpp/cmake)
-- Found rosidl_generator_c: 4.6.7 (/opt/ros/jazzy/share/rosidl_generator_c/cmake)
-- Found rosidl_generator_cpp: 4.6.7 (/opt/ros/jazzy/share/rosidl_generator_cpp/cmake)
-- Using all available rosidl_typesupport_c: rosidl_typesupport_fastrtps_c;rosidl_typesupport_introspection_c
-- Using all available rosidl_typesupport_cpp: rosidl_typesupport_fastrtps_cpp;rosidl_typesupport_introspection_cpp
-- Found rmw_implementation_cmake: 7.3.3 (/opt/ros/jazzy/share/rmw_implementation_cmake/cmake)
-- Found rmw_fastrtps_cpp: 8.4.3 (/opt/ros/jazzy/share/rmw_fastrtps_cpp/cmake)
-- Found OpenSSL: /usr/lib/x86_64-linux-gnu/libcrypto.so (found version "3.0.13")  
-- Found FastRTPS: /opt/ros/jazzy/include (Required is at least version "2.13") 
-- Using RMW implementation 'rmw_fastrtps_cpp' as default
-- Found rclpy: 7.1.9 (/opt/ros/jazzy/share/rclpy/cmake)
-- Found cmake_utils: 0.0.0 (/home/zhr/YOPO-ROS2/install/cmake_utils/share/cmake_utils/cmake)
-- Found geometry_msgs: 5.3.6 (/opt/ros/jazzy/share/geometry_msgs/cmake)
-- Found nav_msgs: 5.3.6 (/opt/ros/jazzy/share/nav_msgs/cmake)
-- Found sensor_msgs: 5.3.6 (/opt/ros/jazzy/share/sensor_msgs/cmake)
-- Configuring done (0.5s)
-- Generating done (0.0s)
-- Build files have been written to: /home/zhr/YOPO-ROS2/build/uav_utils
-- Install configuration: ""
-- Installing: /home/zhr/YOPO-ROS2/install/uav_utils/include/uav_utils
-- Installing: /home/zhr/YOPO-ROS2/install/uav_utils/include/uav_utils/geometry_utils.h
-- Installing: /home/zhr/YOPO-ROS2/install/uav_utils/include/uav_utils/utils.h
-- Installing: /home/zhr/YOPO-ROS2/install/uav_utils/include/uav_utils/converters.h
-- Installing: /home/zhr/YOPO-ROS2/install/uav_utils/share/ament_index/resource_index/package_run_dependencies/uav_utils
-- Installing: /home/zhr/YOPO-ROS2/install/uav_utils/share/ament_index/resource_index/parent_prefix_path/uav_utils
-- Installing: /home/zhr/YOPO-ROS2/install/uav_utils/share/uav_utils/environment/ament_prefix_path.sh
-- Installing: /home/zhr/YOPO-ROS2/install/uav_utils/share/uav_utils/environment/ament_prefix_path.dsv
-- Installing: /home/zhr/YOPO-ROS2/install/uav_utils/share/uav_utils/environment/path.sh
-- Installing: /home/zhr/YOPO-ROS2/install/uav_utils/share/uav_utils/environment/path.dsv
-- Installing: /home/zhr/YOPO-ROS2/install/uav_utils/share/uav_utils/local_setup.bash
-- Installing: /home/zhr/YOPO-ROS2/install/uav_utils/share/uav_utils/local_setup.sh
-- Installing: /home/zhr/YOPO-ROS2/install/uav_utils/share/uav_utils/local_setup.zsh
-- Installing: /home/zhr/YOPO-ROS2/install/uav_utils/share/uav_utils/local_setup.dsv
-- Installing: /home/zhr/YOPO-ROS2/install/uav_utils/share/uav_utils/package.dsv
-- Installing: /home/zhr/YOPO-ROS2/install/uav_utils/share/ament_index/resource_index/packages/uav_utils
-- Installing: /home/zhr/YOPO-ROS2/install/uav_utils/share/uav_utils/cmake/ament_cmake_export_dependencies-extras.cmake
-- Installing: /home/zhr/YOPO-ROS2/install/uav_utils/share/uav_utils/cmake/ament_cmake_export_include_directories-extras.cmake
-- Installing: /home/zhr/YOPO-ROS2/install/uav_utils/share/uav_utils/cmake/uav_utilsConfig.cmake
-- Installing: /home/zhr/YOPO-ROS2/install/uav_utils/share/uav_utils/cmake/uav_utilsConfig-version.cmake
-- Installing: /home/zhr/YOPO-ROS2/install/uav_utils/share/uav_utils/package.xml
