-- The C compiler identification is GNU 13.3.0
-- The CXX compiler identification is GNU 13.3.0
-- Detecting C compiler ABI info
-- Detecting C compiler ABI info - done
-- Check for working C compiler: /usr/bin/cc - skipped
-- Detecting C compile features
-- Detecting C compile features - done
-- Detecting CXX compiler ABI info
-- Detecting CXX compiler ABI info - done
-- Check for working CXX compiler: /usr/bin/c++ - skipped
-- Detecting CXX compile features
-- Detecting CXX compile features - done
-- Found ament_cmake: 2.5.5 (/opt/ros/jazzy/share/ament_cmake/cmake)
-- Found Python3: /usr/bin/python3 (found version "3.12.3") found components: Interpreter 
-- Found builtin_interfaces: 2.0.3 (/opt/ros/jazzy/share/builtin_interfaces/cmake)
-- Found rosidl_generator_c: 4.6.7 (/opt/ros/jazzy/share/rosidl_generator_c/cmake)
-- Found rosidl_generator_cpp: 4.6.7 (/opt/ros/jazzy/share/rosidl_generator_cpp/cmake)
-- Using all available rosidl_typesupport_c: rosidl_typesupport_fastrtps_c;rosidl_typesupport_introspection_c
-- Using all available rosidl_typesupport_cpp: rosidl_typesupport_fastrtps_cpp;rosidl_typesupport_introspection_cpp
-- Found geometry_msgs: 5.3.6 (/opt/ros/jazzy/share/geometry_msgs/cmake)
-- Found nav_msgs: 5.3.6 (/opt/ros/jazzy/share/nav_msgs/cmake)
-- Found rosidl_default_generators: 1.6.0 (/opt/ros/jazzy/share/rosidl_default_generators/cmake)
-- Found rosidl_adapter: 4.6.7 (/opt/ros/jazzy/share/rosidl_adapter/cmake)
-- Found ament_cmake_ros: 0.12.0 (/opt/ros/jazzy/share/ament_cmake_ros/cmake)
-- Using all available rosidl_typesupport_c: rosidl_typesupport_fastrtps_c;rosidl_typesupport_introspection_c
-- Using all available rosidl_typesupport_cpp: rosidl_typesupport_fastrtps_cpp;rosidl_typesupport_introspection_cpp
-- Found python_cmake_module: 0.11.1 (/opt/ros/jazzy/share/python_cmake_module/cmake)
-- Found PythonExtra: /usr/bin/python3  
-- Found Python3: /usr/bin/python3 (found version "3.12.3") found components: Interpreter Development NumPy Development.Module Development.Embed 
-- Configuring done (1.6s)
-- Generating done (0.0s)
-- Build files have been written to: /home/zhr/YOPO-ROS2/build/quadrotor_msgs
[  1%] [34m[1mGenerating type hashes for ROS interfaces[0m
[  1%] Built target ament_cmake_python_copy_quadrotor_msgs
running egg_info
creating quadrotor_msgs.egg-info
writing quadrotor_msgs.egg-info/PKG-INFO
writing dependency_links to quadrotor_msgs.egg-info/dependency_links.txt
writing top-level names to quadrotor_msgs.egg-info/top_level.txt
writing manifest file 'quadrotor_msgs.egg-info/SOURCES.txt'
reading manifest file 'quadrotor_msgs.egg-info/SOURCES.txt'
writing manifest file 'quadrotor_msgs.egg-info/SOURCES.txt'
[  1%] Built target ament_cmake_python_build_quadrotor_msgs_egg
[  1%] Built target quadrotor_msgs__rosidl_generator_type_description
[  2%] [34m[1mGenerating C code for ROS interfaces[0m
[  2%] [34m[1mGenerating C++ code for ROS interfaces[0m
[  2%] Built target quadrotor_msgs__cpp
[  4%] [32mBuilding C object CMakeFiles/quadrotor_msgs__rosidl_generator_c.dir/rosidl_generator_c/quadrotor_msgs/msg/detail/aux_command__type_support.c.o[0m
[  4%] [32mBuilding C object CMakeFiles/quadrotor_msgs__rosidl_generator_c.dir/rosidl_generator_c/quadrotor_msgs/msg/detail/corrections__description.c.o[0m
[  4%] [32mBuilding C object CMakeFiles/quadrotor_msgs__rosidl_generator_c.dir/rosidl_generator_c/quadrotor_msgs/msg/detail/aux_command__functions.c.o[0m
[  4%] [32mBuilding C object CMakeFiles/quadrotor_msgs__rosidl_generator_c.dir/rosidl_generator_c/quadrotor_msgs/msg/detail/aux_command__description.c.o[0m
[  4%] [32mBuilding C object CMakeFiles/quadrotor_msgs__rosidl_generator_c.dir/rosidl_generator_c/quadrotor_msgs/msg/detail/corrections__type_support.c.o[0m
[  5%] [32mBuilding C object CMakeFiles/quadrotor_msgs__rosidl_generator_c.dir/rosidl_generator_c/quadrotor_msgs/msg/detail/gains__description.c.o[0m
[  5%] [32mBuilding C object CMakeFiles/quadrotor_msgs__rosidl_generator_c.dir/rosidl_generator_c/quadrotor_msgs/msg/detail/gains__functions.c.o[0m
[  6%] [32mBuilding C object CMakeFiles/quadrotor_msgs__rosidl_generator_c.dir/rosidl_generator_c/quadrotor_msgs/msg/detail/output_data__description.c.o[0m
[  6%] [32mBuilding C object CMakeFiles/quadrotor_msgs__rosidl_generator_c.dir/rosidl_generator_c/quadrotor_msgs/msg/detail/position_command__description.c.o[0m
[ 10%] [32mBuilding C object CMakeFiles/quadrotor_msgs__rosidl_generator_c.dir/rosidl_generator_c/quadrotor_msgs/msg/detail/output_data__type_support.c.o[0m
[ 10%] [32mBuilding C object CMakeFiles/quadrotor_msgs__rosidl_generator_c.dir/rosidl_generator_c/quadrotor_msgs/msg/detail/corrections__functions.c.o[0m
[ 11%] [32mBuilding C object CMakeFiles/quadrotor_msgs__rosidl_generator_c.dir/rosidl_generator_c/quadrotor_msgs/msg/detail/position_command__type_support.c.o[0m
[ 11%] [32mBuilding C object CMakeFiles/quadrotor_msgs__rosidl_generator_c.dir/rosidl_generator_c/quadrotor_msgs/msg/detail/position_command__functions.c.o[0m
[ 11%] [32mBuilding C object CMakeFiles/quadrotor_msgs__rosidl_generator_c.dir/rosidl_generator_c/quadrotor_msgs/msg/detail/gains__type_support.c.o[0m
[ 11%] [32mBuilding C object CMakeFiles/quadrotor_msgs__rosidl_generator_c.dir/rosidl_generator_c/quadrotor_msgs/msg/detail/output_data__functions.c.o[0m
[ 12%] [32mBuilding C object CMakeFiles/quadrotor_msgs__rosidl_generator_c.dir/rosidl_generator_c/quadrotor_msgs/msg/detail/serial__description.c.o[0m
[ 12%] [32mBuilding C object CMakeFiles/quadrotor_msgs__rosidl_generator_c.dir/rosidl_generator_c/quadrotor_msgs/msg/detail/ppr_output_data__type_support.c.o[0m
[ 13%] [32mBuilding C object CMakeFiles/quadrotor_msgs__rosidl_generator_c.dir/rosidl_generator_c/quadrotor_msgs/msg/detail/ppr_output_data__functions.c.o[0m
[ 13%] [32mBuilding C object CMakeFiles/quadrotor_msgs__rosidl_generator_c.dir/rosidl_generator_c/quadrotor_msgs/msg/detail/ppr_output_data__description.c.o[0m
[ 14%] [32mBuilding C object CMakeFiles/quadrotor_msgs__rosidl_generator_c.dir/rosidl_generator_c/quadrotor_msgs/msg/detail/serial__functions.c.o[0m
[ 14%] [32mBuilding C object CMakeFiles/quadrotor_msgs__rosidl_generator_c.dir/rosidl_generator_c/quadrotor_msgs/msg/detail/serial__type_support.c.o[0m
[ 15%] [32mBuilding C object CMakeFiles/quadrotor_msgs__rosidl_generator_c.dir/rosidl_generator_c/quadrotor_msgs/msg/detail/so3_command__description.c.o[0m
[ 15%] [32mBuilding C object CMakeFiles/quadrotor_msgs__rosidl_generator_c.dir/rosidl_generator_c/quadrotor_msgs/msg/detail/so3_command__functions.c.o[0m
[ 16%] [32mBuilding C object CMakeFiles/quadrotor_msgs__rosidl_generator_c.dir/rosidl_generator_c/quadrotor_msgs/msg/detail/so3_command__type_support.c.o[0m
[ 16%] [32mBuilding C object CMakeFiles/quadrotor_msgs__rosidl_generator_c.dir/rosidl_generator_c/quadrotor_msgs/msg/detail/status_data__functions.c.o[0m
[ 17%] [32mBuilding C object CMakeFiles/quadrotor_msgs__rosidl_generator_c.dir/rosidl_generator_c/quadrotor_msgs/msg/detail/status_data__description.c.o[0m
[ 18%] [32mBuilding C object CMakeFiles/quadrotor_msgs__rosidl_generator_c.dir/rosidl_generator_c/quadrotor_msgs/msg/detail/trpy_command__functions.c.o[0m
[ 18%] [32mBuilding C object CMakeFiles/quadrotor_msgs__rosidl_generator_c.dir/rosidl_generator_c/quadrotor_msgs/msg/detail/trpy_command__description.c.o[0m
[ 20%] [32mBuilding C object CMakeFiles/quadrotor_msgs__rosidl_generator_c.dir/rosidl_generator_c/quadrotor_msgs/msg/detail/trpy_command__type_support.c.o[0m
[ 20%] [32mBuilding C object CMakeFiles/quadrotor_msgs__rosidl_generator_c.dir/rosidl_generator_c/quadrotor_msgs/msg/detail/odometry__functions.c.o[0m
[ 21%] [32mBuilding C object CMakeFiles/quadrotor_msgs__rosidl_generator_c.dir/rosidl_generator_c/quadrotor_msgs/msg/detail/odometry__description.c.o[0m
[ 21%] [32mBuilding C object CMakeFiles/quadrotor_msgs__rosidl_generator_c.dir/rosidl_generator_c/quadrotor_msgs/msg/detail/status_data__type_support.c.o[0m
[ 22%] [32mBuilding C object CMakeFiles/quadrotor_msgs__rosidl_generator_c.dir/rosidl_generator_c/quadrotor_msgs/msg/detail/polynomial_trajectory__description.c.o[0m
[ 22%] [32mBuilding C object CMakeFiles/quadrotor_msgs__rosidl_generator_c.dir/rosidl_generator_c/quadrotor_msgs/msg/detail/odometry__type_support.c.o[0m
[ 23%] [32mBuilding C object CMakeFiles/quadrotor_msgs__rosidl_generator_c.dir/rosidl_generator_c/quadrotor_msgs/msg/detail/polynomial_trajectory__functions.c.o[0m
[ 23%] [32mBuilding C object CMakeFiles/quadrotor_msgs__rosidl_generator_c.dir/rosidl_generator_c/quadrotor_msgs/msg/detail/lqr_trajectory__functions.c.o[0m
[ 23%] [32mBuilding C object CMakeFiles/quadrotor_msgs__rosidl_generator_c.dir/rosidl_generator_c/quadrotor_msgs/msg/detail/polynomial_trajectory__type_support.c.o[0m
[ 24%] [32mBuilding C object CMakeFiles/quadrotor_msgs__rosidl_generator_c.dir/rosidl_generator_c/quadrotor_msgs/msg/detail/lqr_trajectory__description.c.o[0m
[ 25%] [32mBuilding C object CMakeFiles/quadrotor_msgs__rosidl_generator_c.dir/rosidl_generator_c/quadrotor_msgs/msg/detail/lqr_trajectory__type_support.c.o[0m
[ 25%] [32mBuilding C object CMakeFiles/quadrotor_msgs__rosidl_generator_c.dir/rosidl_generator_c/quadrotor_msgs/srv/detail/set_takeoff_land__description.c.o[0m
[ 26%] [32mBuilding C object CMakeFiles/quadrotor_msgs__rosidl_generator_c.dir/rosidl_generator_c/quadrotor_msgs/srv/detail/set_takeoff_land__functions.c.o[0m
[ 27%] [32mBuilding C object CMakeFiles/quadrotor_msgs__rosidl_generator_c.dir/rosidl_generator_c/quadrotor_msgs/srv/detail/set_takeoff_land__type_support.c.o[0m
[ 27%] [32m[1mLinking C shared library libquadrotor_msgs__rosidl_generator_c.so[0m
[ 27%] Built target quadrotor_msgs__rosidl_generator_c
[ 27%] [34m[1mGenerating C introspection for ROS interfaces[0m
[ 28%] [34m[1mGenerating C++ introspection for ROS interfaces[0m
[ 29%] [34m[1mGenerating C type support dispatch for ROS interfaces[0m
[ 29%] [34m[1mGenerating C type support for eProsima Fast-RTPS[0m
[ 29%] [34m[1mGenerating C++ type support dispatch for ROS interfaces[0m
[ 30%] [34m[1mGenerating C++ type support for eProsima Fast-RTPS[0m
[ 30%] [32mBuilding CXX object CMakeFiles/quadrotor_msgs__rosidl_typesupport_cpp.dir/rosidl_typesupport_cpp/quadrotor_msgs/msg/corrections__type_support.cpp.o[0m
[ 31%] [32mBuilding CXX object CMakeFiles/quadrotor_msgs__rosidl_typesupport_cpp.dir/rosidl_typesupport_cpp/quadrotor_msgs/msg/position_command__type_support.cpp.o[0m
[ 31%] [32mBuilding CXX object CMakeFiles/quadrotor_msgs__rosidl_typesupport_cpp.dir/rosidl_typesupport_cpp/quadrotor_msgs/msg/ppr_output_data__type_support.cpp.o[0m
[ 31%] [32mBuilding CXX object CMakeFiles/quadrotor_msgs__rosidl_typesupport_cpp.dir/rosidl_typesupport_cpp/quadrotor_msgs/msg/output_data__type_support.cpp.o[0m
[ 33%] [32mBuilding CXX object CMakeFiles/quadrotor_msgs__rosidl_typesupport_cpp.dir/rosidl_typesupport_cpp/quadrotor_msgs/msg/gains__type_support.cpp.o[0m
[ 33%] [32mBuilding CXX object CMakeFiles/quadrotor_msgs__rosidl_typesupport_cpp.dir/rosidl_typesupport_cpp/quadrotor_msgs/msg/aux_command__type_support.cpp.o[0m
[ 35%] [32mBuilding CXX object CMakeFiles/quadrotor_msgs__rosidl_typesupport_cpp.dir/rosidl_typesupport_cpp/quadrotor_msgs/msg/so3_command__type_support.cpp.o[0m
[ 35%] [32mBuilding CXX object CMakeFiles/quadrotor_msgs__rosidl_typesupport_cpp.dir/rosidl_typesupport_cpp/quadrotor_msgs/msg/serial__type_support.cpp.o[0m
[ 35%] [32mBuilding CXX object CMakeFiles/quadrotor_msgs__rosidl_typesupport_cpp.dir/rosidl_typesupport_cpp/quadrotor_msgs/msg/status_data__type_support.cpp.o[0m
[ 36%] [32mBuilding CXX object CMakeFiles/quadrotor_msgs__rosidl_typesupport_cpp.dir/rosidl_typesupport_cpp/quadrotor_msgs/msg/polynomial_trajectory__type_support.cpp.o[0m
[ 36%] [32mBuilding CXX object CMakeFiles/quadrotor_msgs__rosidl_typesupport_cpp.dir/rosidl_typesupport_cpp/quadrotor_msgs/msg/odometry__type_support.cpp.o[0m
[ 37%] [32mBuilding CXX object CMakeFiles/quadrotor_msgs__rosidl_typesupport_cpp.dir/rosidl_typesupport_cpp/quadrotor_msgs/msg/trpy_command__type_support.cpp.o[0m
[ 37%] [32mBuilding CXX object CMakeFiles/quadrotor_msgs__rosidl_typesupport_cpp.dir/rosidl_typesupport_cpp/quadrotor_msgs/srv/set_takeoff_land__type_support.cpp.o[0m
[ 38%] [32mBuilding CXX object CMakeFiles/quadrotor_msgs__rosidl_typesupport_cpp.dir/rosidl_typesupport_cpp/quadrotor_msgs/msg/lqr_trajectory__type_support.cpp.o[0m
[ 39%] [32mBuilding CXX object CMakeFiles/quadrotor_msgs__rosidl_typesupport_c.dir/rosidl_typesupport_c/quadrotor_msgs/msg/corrections__type_support.cpp.o[0m
[ 39%] [32mBuilding CXX object CMakeFiles/quadrotor_msgs__rosidl_typesupport_c.dir/rosidl_typesupport_c/quadrotor_msgs/msg/gains__type_support.cpp.o[0m
[ 40%] [32mBuilding CXX object CMakeFiles/quadrotor_msgs__rosidl_typesupport_c.dir/rosidl_typesupport_c/quadrotor_msgs/msg/ppr_output_data__type_support.cpp.o[0m
[ 41%] [32mBuilding CXX object CMakeFiles/quadrotor_msgs__rosidl_typesupport_c.dir/rosidl_typesupport_c/quadrotor_msgs/msg/output_data__type_support.cpp.o[0m
[ 43%] [32mBuilding CXX object CMakeFiles/quadrotor_msgs__rosidl_typesupport_c.dir/rosidl_typesupport_c/quadrotor_msgs/msg/serial__type_support.cpp.o[0m
[ 43%] [32mBuilding CXX object CMakeFiles/quadrotor_msgs__rosidl_typesupport_c.dir/rosidl_typesupport_c/quadrotor_msgs/msg/trpy_command__type_support.cpp.o[0m
[ 43%] [32mBuilding CXX object CMakeFiles/quadrotor_msgs__rosidl_typesupport_c.dir/rosidl_typesupport_c/quadrotor_msgs/msg/status_data__type_support.cpp.o[0m
[ 43%] [32mBuilding CXX object CMakeFiles/quadrotor_msgs__rosidl_typesupport_c.dir/rosidl_typesupport_c/quadrotor_msgs/msg/so3_command__type_support.cpp.o[0m
[ 43%] [32mBuilding CXX object CMakeFiles/quadrotor_msgs__rosidl_typesupport_c.dir/rosidl_typesupport_c/quadrotor_msgs/msg/position_command__type_support.cpp.o[0m
[ 44%] [32mBuilding CXX object CMakeFiles/quadrotor_msgs__rosidl_typesupport_c.dir/rosidl_typesupport_c/quadrotor_msgs/msg/aux_command__type_support.cpp.o[0m
[ 45%] [32mBuilding CXX object CMakeFiles/quadrotor_msgs__rosidl_typesupport_c.dir/rosidl_typesupport_c/quadrotor_msgs/msg/odometry__type_support.cpp.o[0m
[ 46%] [32mBuilding CXX object CMakeFiles/quadrotor_msgs__rosidl_typesupport_c.dir/rosidl_typesupport_c/quadrotor_msgs/msg/lqr_trajectory__type_support.cpp.o[0m
[ 46%] [32mBuilding CXX object CMakeFiles/quadrotor_msgs__rosidl_typesupport_c.dir/rosidl_typesupport_c/quadrotor_msgs/srv/set_takeoff_land__type_support.cpp.o[0m
[ 47%] [32mBuilding CXX object CMakeFiles/quadrotor_msgs__rosidl_typesupport_c.dir/rosidl_typesupport_c/quadrotor_msgs/msg/polynomial_trajectory__type_support.cpp.o[0m
[ 47%] [32m[1mLinking CXX shared library libquadrotor_msgs__rosidl_typesupport_c.so[0m
[ 47%] Built target quadrotor_msgs__rosidl_typesupport_c
[ 48%] [32mBuilding C object CMakeFiles/quadrotor_msgs__rosidl_typesupport_introspection_c.dir/rosidl_typesupport_introspection_c/quadrotor_msgs/msg/detail/gains__type_support.c.o[0m
[ 48%] [32mBuilding C object CMakeFiles/quadrotor_msgs__rosidl_typesupport_introspection_c.dir/rosidl_typesupport_introspection_c/quadrotor_msgs/msg/detail/so3_command__type_support.c.o[0m
[ 50%] [32mBuilding C object CMakeFiles/quadrotor_msgs__rosidl_typesupport_introspection_c.dir/rosidl_typesupport_introspection_c/quadrotor_msgs/msg/detail/ppr_output_data__type_support.c.o[0m
[ 50%] [32mBuilding C object CMakeFiles/quadrotor_msgs__rosidl_typesupport_introspection_c.dir/rosidl_typesupport_introspection_c/quadrotor_msgs/msg/detail/aux_command__type_support.c.o[0m
[ 48%] [32mBuilding C object CMakeFiles/quadrotor_msgs__rosidl_typesupport_introspection_c.dir/rosidl_typesupport_introspection_c/quadrotor_msgs/msg/detail/position_command__type_support.c.o[0m
[ 50%] [32mBuilding C object CMakeFiles/quadrotor_msgs__rosidl_typesupport_introspection_c.dir/rosidl_typesupport_introspection_c/quadrotor_msgs/msg/detail/serial__type_support.c.o[0m
[ 52%] [32mBuilding C object CMakeFiles/quadrotor_msgs__rosidl_typesupport_introspection_c.dir/rosidl_typesupport_introspection_c/quadrotor_msgs/msg/detail/corrections__type_support.c.o[0m
[ 52%] [32mBuilding C object CMakeFiles/quadrotor_msgs__rosidl_typesupport_introspection_c.dir/rosidl_typesupport_introspection_c/quadrotor_msgs/msg/detail/status_data__type_support.c.o[0m
[ 53%] [32mBuilding C object CMakeFiles/quadrotor_msgs__rosidl_typesupport_introspection_c.dir/rosidl_typesupport_introspection_c/quadrotor_msgs/msg/detail/output_data__type_support.c.o[0m
[ 53%] [32mBuilding C object CMakeFiles/quadrotor_msgs__rosidl_typesupport_introspection_c.dir/rosidl_typesupport_introspection_c/quadrotor_msgs/msg/detail/trpy_command__type_support.c.o[0m
[ 54%] [32mBuilding C object CMakeFiles/quadrotor_msgs__rosidl_typesupport_introspection_c.dir/rosidl_typesupport_introspection_c/quadrotor_msgs/msg/detail/polynomial_trajectory__type_support.c.o[0m
[ 55%] [32mBuilding C object CMakeFiles/quadrotor_msgs__rosidl_typesupport_introspection_c.dir/rosidl_typesupport_introspection_c/quadrotor_msgs/msg/detail/odometry__type_support.c.o[0m
[ 56%] [32mBuilding C object CMakeFiles/quadrotor_msgs__rosidl_typesupport_introspection_c.dir/rosidl_typesupport_introspection_c/quadrotor_msgs/srv/detail/set_takeoff_land__type_support.c.o[0m
[ 56%] [32mBuilding C object CMakeFiles/quadrotor_msgs__rosidl_typesupport_introspection_c.dir/rosidl_typesupport_introspection_c/quadrotor_msgs/msg/detail/lqr_trajectory__type_support.c.o[0m
[ 56%] [32m[1mLinking C shared library libquadrotor_msgs__rosidl_typesupport_introspection_c.so[0m
[ 58%] [32mBuilding CXX object CMakeFiles/quadrotor_msgs__rosidl_typesupport_introspection_cpp.dir/rosidl_typesupport_introspection_cpp/quadrotor_msgs/msg/detail/position_command__type_support.cpp.o[0m
[ 58%] [32mBuilding CXX object CMakeFiles/quadrotor_msgs__rosidl_typesupport_introspection_cpp.dir/rosidl_typesupport_introspection_cpp/quadrotor_msgs/msg/detail/aux_command__type_support.cpp.o[0m
[ 58%] [32mBuilding CXX object CMakeFiles/quadrotor_msgs__rosidl_typesupport_introspection_cpp.dir/rosidl_typesupport_introspection_cpp/quadrotor_msgs/msg/detail/corrections__type_support.cpp.o[0m
[ 59%] [32mBuilding CXX object CMakeFiles/quadrotor_msgs__rosidl_typesupport_introspection_cpp.dir/rosidl_typesupport_introspection_cpp/quadrotor_msgs/msg/detail/trpy_command__type_support.cpp.o[0m
[ 59%] [32mBuilding CXX object CMakeFiles/quadrotor_msgs__rosidl_typesupport_introspection_cpp.dir/rosidl_typesupport_introspection_cpp/quadrotor_msgs/msg/detail/status_data__type_support.cpp.o[0m
[ 59%] [32mBuilding CXX object CMakeFiles/quadrotor_msgs__rosidl_typesupport_introspection_cpp.dir/rosidl_typesupport_introspection_cpp/quadrotor_msgs/srv/detail/set_takeoff_land__type_support.cpp.o[0m
[ 60%] [32mBuilding CXX object CMakeFiles/quadrotor_msgs__rosidl_typesupport_introspection_cpp.dir/rosidl_typesupport_introspection_cpp/quadrotor_msgs/msg/detail/lqr_trajectory__type_support.cpp.o[0m
[ 61%] [32mBuilding CXX object CMakeFiles/quadrotor_msgs__rosidl_typesupport_introspection_cpp.dir/rosidl_typesupport_introspection_cpp/quadrotor_msgs/msg/detail/ppr_output_data__type_support.cpp.o[0m
[ 61%] [32mBuilding CXX object CMakeFiles/quadrotor_msgs__rosidl_typesupport_introspection_cpp.dir/rosidl_typesupport_introspection_cpp/quadrotor_msgs/msg/detail/polynomial_trajectory__type_support.cpp.o[0m
[ 61%] [32mBuilding CXX object CMakeFiles/quadrotor_msgs__rosidl_typesupport_introspection_cpp.dir/rosidl_typesupport_introspection_cpp/quadrotor_msgs/msg/detail/serial__type_support.cpp.o[0m
[ 63%] [32mBuilding CXX object CMakeFiles/quadrotor_msgs__rosidl_typesupport_introspection_cpp.dir/rosidl_typesupport_introspection_cpp/quadrotor_msgs/msg/detail/so3_command__type_support.cpp.o[0m
[ 63%] [32mBuilding CXX object CMakeFiles/quadrotor_msgs__rosidl_typesupport_introspection_cpp.dir/rosidl_typesupport_introspection_cpp/quadrotor_msgs/msg/detail/output_data__type_support.cpp.o[0m
[ 64%] [32mBuilding CXX object CMakeFiles/quadrotor_msgs__rosidl_typesupport_introspection_cpp.dir/rosidl_typesupport_introspection_cpp/quadrotor_msgs/msg/detail/odometry__type_support.cpp.o[0m
[ 64%] [32mBuilding CXX object CMakeFiles/quadrotor_msgs__rosidl_typesupport_introspection_cpp.dir/rosidl_typesupport_introspection_cpp/quadrotor_msgs/msg/detail/gains__type_support.cpp.o[0m
[ 64%] Built target quadrotor_msgs__rosidl_typesupport_introspection_c
[ 65%] [32m[1mLinking CXX shared library libquadrotor_msgs__rosidl_typesupport_cpp.so[0m
[ 66%] [32mBuilding CXX object CMakeFiles/quadrotor_msgs__rosidl_typesupport_fastrtps_c.dir/rosidl_typesupport_fastrtps_c/quadrotor_msgs/msg/detail/aux_command__type_support_c.cpp.o[0m
[ 66%] [32mBuilding CXX object CMakeFiles/quadrotor_msgs__rosidl_typesupport_fastrtps_c.dir/rosidl_typesupport_fastrtps_c/quadrotor_msgs/msg/detail/gains__type_support_c.cpp.o[0m
[ 69%] [32mBuilding CXX object CMakeFiles/quadrotor_msgs__rosidl_typesupport_fastrtps_c.dir/rosidl_typesupport_fastrtps_c/quadrotor_msgs/msg/detail/corrections__type_support_c.cpp.o[0m
[ 69%] [32mBuilding CXX object CMakeFiles/quadrotor_msgs__rosidl_typesupport_fastrtps_c.dir/rosidl_typesupport_fastrtps_c/quadrotor_msgs/msg/detail/output_data__type_support_c.cpp.o[0m
[ 69%] [32mBuilding CXX object CMakeFiles/quadrotor_msgs__rosidl_typesupport_fastrtps_c.dir/rosidl_typesupport_fastrtps_c/quadrotor_msgs/msg/detail/ppr_output_data__type_support_c.cpp.o[0m
[ 70%] [32mBuilding CXX object CMakeFiles/quadrotor_msgs__rosidl_typesupport_fastrtps_c.dir/rosidl_typesupport_fastrtps_c/quadrotor_msgs/msg/detail/serial__type_support_c.cpp.o[0m
[ 70%] [32mBuilding CXX object CMakeFiles/quadrotor_msgs__rosidl_typesupport_fastrtps_c.dir/rosidl_typesupport_fastrtps_c/quadrotor_msgs/msg/detail/so3_command__type_support_c.cpp.o[0m
[ 70%] [32mBuilding CXX object CMakeFiles/quadrotor_msgs__rosidl_typesupport_fastrtps_c.dir/rosidl_typesupport_fastrtps_c/quadrotor_msgs/msg/detail/position_command__type_support_c.cpp.o[0m
[ 71%] [32mBuilding CXX object CMakeFiles/quadrotor_msgs__rosidl_typesupport_fastrtps_c.dir/rosidl_typesupport_fastrtps_c/quadrotor_msgs/msg/detail/trpy_command__type_support_c.cpp.o[0m
[ 71%] [32mBuilding CXX object CMakeFiles/quadrotor_msgs__rosidl_typesupport_fastrtps_c.dir/rosidl_typesupport_fastrtps_c/quadrotor_msgs/msg/detail/status_data__type_support_c.cpp.o[0m
[ 72%] [32mBuilding CXX object CMakeFiles/quadrotor_msgs__rosidl_typesupport_fastrtps_c.dir/rosidl_typesupport_fastrtps_c/quadrotor_msgs/msg/detail/odometry__type_support_c.cpp.o[0m
[ 73%] [32mBuilding CXX object CMakeFiles/quadrotor_msgs__rosidl_typesupport_fastrtps_c.dir/rosidl_typesupport_fastrtps_c/quadrotor_msgs/msg/detail/polynomial_trajectory__type_support_c.cpp.o[0m
[ 73%] [32mBuilding CXX object CMakeFiles/quadrotor_msgs__rosidl_typesupport_fastrtps_c.dir/rosidl_typesupport_fastrtps_c/quadrotor_msgs/msg/detail/lqr_trajectory__type_support_c.cpp.o[0m
[ 74%] [32mBuilding CXX object CMakeFiles/quadrotor_msgs__rosidl_typesupport_fastrtps_c.dir/rosidl_typesupport_fastrtps_c/quadrotor_msgs/srv/detail/set_takeoff_land__type_support_c.cpp.o[0m
[ 74%] Built target quadrotor_msgs__rosidl_typesupport_cpp
[ 74%] [32mBuilding CXX object CMakeFiles/quadrotor_msgs__rosidl_typesupport_fastrtps_cpp.dir/rosidl_typesupport_fastrtps_cpp/quadrotor_msgs/msg/detail/dds_fastrtps/output_data__type_support.cpp.o[0m
[ 74%] [32mBuilding CXX object CMakeFiles/quadrotor_msgs__rosidl_typesupport_fastrtps_cpp.dir/rosidl_typesupport_fastrtps_cpp/quadrotor_msgs/msg/detail/dds_fastrtps/corrections__type_support.cpp.o[0m
[ 75%] [32mBuilding CXX object CMakeFiles/quadrotor_msgs__rosidl_typesupport_fastrtps_cpp.dir/rosidl_typesupport_fastrtps_cpp/quadrotor_msgs/msg/detail/dds_fastrtps/serial__type_support.cpp.o[0m
[ 75%] [32mBuilding CXX object CMakeFiles/quadrotor_msgs__rosidl_typesupport_fastrtps_cpp.dir/rosidl_typesupport_fastrtps_cpp/quadrotor_msgs/msg/detail/dds_fastrtps/ppr_output_data__type_support.cpp.o[0m
[ 76%] [32mBuilding CXX object CMakeFiles/quadrotor_msgs__rosidl_typesupport_fastrtps_cpp.dir/rosidl_typesupport_fastrtps_cpp/quadrotor_msgs/msg/detail/dds_fastrtps/gains__type_support.cpp.o[0m
[ 77%] [32mBuilding CXX object CMakeFiles/quadrotor_msgs__rosidl_typesupport_fastrtps_cpp.dir/rosidl_typesupport_fastrtps_cpp/quadrotor_msgs/msg/detail/dds_fastrtps/aux_command__type_support.cpp.o[0m
[ 79%] [32mBuilding CXX object CMakeFiles/quadrotor_msgs__rosidl_typesupport_fastrtps_cpp.dir/rosidl_typesupport_fastrtps_cpp/quadrotor_msgs/msg/detail/dds_fastrtps/so3_command__type_support.cpp.o[0m
[ 79%] [32mBuilding CXX object CMakeFiles/quadrotor_msgs__rosidl_typesupport_fastrtps_cpp.dir/rosidl_typesupport_fastrtps_cpp/quadrotor_msgs/msg/detail/dds_fastrtps/position_command__type_support.cpp.o[0m
[ 80%] [32mBuilding CXX object CMakeFiles/quadrotor_msgs__rosidl_typesupport_fastrtps_cpp.dir/rosidl_typesupport_fastrtps_cpp/quadrotor_msgs/msg/detail/dds_fastrtps/trpy_command__type_support.cpp.o[0m
[ 81%] [32mBuilding CXX object CMakeFiles/quadrotor_msgs__rosidl_typesupport_fastrtps_cpp.dir/rosidl_typesupport_fastrtps_cpp/quadrotor_msgs/msg/detail/dds_fastrtps/status_data__type_support.cpp.o[0m
[ 81%] [32mBuilding CXX object CMakeFiles/quadrotor_msgs__rosidl_typesupport_fastrtps_cpp.dir/rosidl_typesupport_fastrtps_cpp/quadrotor_msgs/msg/detail/dds_fastrtps/odometry__type_support.cpp.o[0m
[ 82%] [32mBuilding CXX object CMakeFiles/quadrotor_msgs__rosidl_typesupport_fastrtps_cpp.dir/rosidl_typesupport_fastrtps_cpp/quadrotor_msgs/msg/detail/dds_fastrtps/lqr_trajectory__type_support.cpp.o[0m
[ 82%] [32mBuilding CXX object CMakeFiles/quadrotor_msgs__rosidl_typesupport_fastrtps_cpp.dir/rosidl_typesupport_fastrtps_cpp/quadrotor_msgs/srv/detail/dds_fastrtps/set_takeoff_land__type_support.cpp.o[0m
[ 82%] [32mBuilding CXX object CMakeFiles/quadrotor_msgs__rosidl_typesupport_fastrtps_cpp.dir/rosidl_typesupport_fastrtps_cpp/quadrotor_msgs/msg/detail/dds_fastrtps/polynomial_trajectory__type_support.cpp.o[0m
[ 83%] [32m[1mLinking CXX shared library libquadrotor_msgs__rosidl_typesupport_introspection_cpp.so[0m
[ 83%] Built target quadrotor_msgs__rosidl_typesupport_introspection_cpp
[ 83%] [32m[1mLinking CXX shared library libquadrotor_msgs__rosidl_typesupport_fastrtps_c.so[0m
[ 83%] Built target quadrotor_msgs__rosidl_typesupport_fastrtps_c
[ 84%] [32m[1mLinking CXX shared library libquadrotor_msgs__rosidl_typesupport_fastrtps_cpp.so[0m
[ 84%] Built target quadrotor_msgs__rosidl_typesupport_fastrtps_cpp
[ 84%] Built target quadrotor_msgs
[ 84%] [32mBuilding CXX object CMakeFiles/encode_msgs.dir/src/encode_msgs.cpp.o[0m
[ 85%] [34m[1mGenerating Python code for ROS interfaces[0m
[ 86%] [32m[1mLinking CXX shared library libencode_msgs.so[0m
[ 86%] Built target encode_msgs
[ 86%] [32mBuilding CXX object CMakeFiles/decode_msgs.dir/src/decode_msgs.cpp.o[0m
[ 87%] [32m[1mLinking CXX shared library libdecode_msgs.so[0m
[ 87%] Built target decode_msgs
[ 87%] Built target quadrotor_msgs__py
[ 88%] [32mBuilding C object CMakeFiles/quadrotor_msgs__rosidl_generator_py.dir/rosidl_generator_py/quadrotor_msgs/msg/_aux_command_s.c.o[0m
[ 88%] [32mBuilding C object CMakeFiles/quadrotor_msgs__rosidl_generator_py.dir/rosidl_generator_py/quadrotor_msgs/msg/_position_command_s.c.o[0m
[ 89%] [32mBuilding C object CMakeFiles/quadrotor_msgs__rosidl_generator_py.dir/rosidl_generator_py/quadrotor_msgs/msg/_gains_s.c.o[0m
[ 90%] [32mBuilding C object CMakeFiles/quadrotor_msgs__rosidl_generator_py.dir/rosidl_generator_py/quadrotor_msgs/msg/_ppr_output_data_s.c.o[0m
[ 91%] [32mBuilding C object CMakeFiles/quadrotor_msgs__rosidl_generator_py.dir/rosidl_generator_py/quadrotor_msgs/msg/_output_data_s.c.o[0m
[ 92%] [32mBuilding C object CMakeFiles/quadrotor_msgs__rosidl_generator_py.dir/rosidl_generator_py/quadrotor_msgs/msg/_so3_command_s.c.o[0m
[ 92%] [32mBuilding C object CMakeFiles/quadrotor_msgs__rosidl_generator_py.dir/rosidl_generator_py/quadrotor_msgs/msg/_trpy_command_s.c.o[0m
[ 94%] [32mBuilding C object CMakeFiles/quadrotor_msgs__rosidl_generator_py.dir/rosidl_generator_py/quadrotor_msgs/msg/_status_data_s.c.o[0m
[ 94%] [32mBuilding C object CMakeFiles/quadrotor_msgs__rosidl_generator_py.dir/rosidl_generator_py/quadrotor_msgs/msg/_odometry_s.c.o[0m
[ 94%] [32mBuilding C object CMakeFiles/quadrotor_msgs__rosidl_generator_py.dir/rosidl_generator_py/quadrotor_msgs/msg/_polynomial_trajectory_s.c.o[0m
[ 95%] [32mBuilding C object CMakeFiles/quadrotor_msgs__rosidl_generator_py.dir/rosidl_generator_py/quadrotor_msgs/srv/_set_takeoff_land_s.c.o[0m
[ 96%] [32mBuilding C object CMakeFiles/quadrotor_msgs__rosidl_generator_py.dir/rosidl_generator_py/quadrotor_msgs/msg/_corrections_s.c.o[0m
[ 96%] [32mBuilding C object CMakeFiles/quadrotor_msgs__rosidl_generator_py.dir/rosidl_generator_py/quadrotor_msgs/msg/_serial_s.c.o[0m
[ 96%] [32mBuilding C object CMakeFiles/quadrotor_msgs__rosidl_generator_py.dir/rosidl_generator_py/quadrotor_msgs/msg/_lqr_trajectory_s.c.o[0m
[ 96%] [32m[1mLinking C shared library libquadrotor_msgs__rosidl_generator_py.so[0m
[ 96%] Built target quadrotor_msgs__rosidl_generator_py
[ 97%] [32mBuilding C object CMakeFiles/quadrotor_msgs_s__rosidl_typesupport_introspection_c.dir/rosidl_generator_py/quadrotor_msgs/_quadrotor_msgs_s.ep.rosidl_typesupport_introspection_c.c.o[0m
[ 98%] [32mBuilding C object CMakeFiles/quadrotor_msgs_s__rosidl_typesupport_c.dir/rosidl_generator_py/quadrotor_msgs/_quadrotor_msgs_s.ep.rosidl_typesupport_c.c.o[0m
[ 99%] [32mBuilding C object CMakeFiles/quadrotor_msgs_s__rosidl_typesupport_fastrtps_c.dir/rosidl_generator_py/quadrotor_msgs/_quadrotor_msgs_s.ep.rosidl_typesupport_fastrtps_c.c.o[0m
[100%] [32m[1mLinking C shared module rosidl_generator_py/quadrotor_msgs/quadrotor_msgs_s__rosidl_typesupport_fastrtps_c.so[0m
[100%] [32m[1mLinking C shared module rosidl_generator_py/quadrotor_msgs/quadrotor_msgs_s__rosidl_typesupport_introspection_c.so[0m
[100%] [32m[1mLinking C shared module rosidl_generator_py/quadrotor_msgs/quadrotor_msgs_s__rosidl_typesupport_c.so[0m
[100%] Built target quadrotor_msgs_s__rosidl_typesupport_c
[100%] Built target quadrotor_msgs_s__rosidl_typesupport_fastrtps_c
[100%] Built target quadrotor_msgs_s__rosidl_typesupport_introspection_c
-- Install configuration: ""
-- Installing: /home/zhr/YOPO-ROS2/install/quadrotor_msgs/share/ament_index/resource_index/rosidl_interfaces/quadrotor_msgs
-- Installing: /home/zhr/YOPO-ROS2/install/quadrotor_msgs/share/quadrotor_msgs/msg/AuxCommand.json
-- Installing: /home/zhr/YOPO-ROS2/install/quadrotor_msgs/share/quadrotor_msgs/msg/Corrections.json
-- Installing: /home/zhr/YOPO-ROS2/install/quadrotor_msgs/share/quadrotor_msgs/msg/Gains.json
-- Installing: /home/zhr/YOPO-ROS2/install/quadrotor_msgs/share/quadrotor_msgs/msg/OutputData.json
-- Installing: /home/zhr/YOPO-ROS2/install/quadrotor_msgs/share/quadrotor_msgs/msg/PositionCommand.json
-- Installing: /home/zhr/YOPO-ROS2/install/quadrotor_msgs/share/quadrotor_msgs/msg/PPROutputData.json
-- Installing: /home/zhr/YOPO-ROS2/install/quadrotor_msgs/share/quadrotor_msgs/msg/Serial.json
-- Installing: /home/zhr/YOPO-ROS2/install/quadrotor_msgs/share/quadrotor_msgs/msg/SO3Command.json
-- Installing: /home/zhr/YOPO-ROS2/install/quadrotor_msgs/share/quadrotor_msgs/msg/StatusData.json
-- Installing: /home/zhr/YOPO-ROS2/install/quadrotor_msgs/share/quadrotor_msgs/msg/TRPYCommand.json
-- Installing: /home/zhr/YOPO-ROS2/install/quadrotor_msgs/share/quadrotor_msgs/msg/Odometry.json
-- Installing: /home/zhr/YOPO-ROS2/install/quadrotor_msgs/share/quadrotor_msgs/msg/PolynomialTrajectory.json
-- Installing: /home/zhr/YOPO-ROS2/install/quadrotor_msgs/share/quadrotor_msgs/msg/LQRTrajectory.json
-- Installing: /home/zhr/YOPO-ROS2/install/quadrotor_msgs/share/quadrotor_msgs/srv/SetTakeoffLand.json
-- Installing: /home/zhr/YOPO-ROS2/install/quadrotor_msgs/include/quadrotor_msgs/quadrotor_msgs
-- Installing: /home/zhr/YOPO-ROS2/install/quadrotor_msgs/include/quadrotor_msgs/quadrotor_msgs/msg
-- Installing: /home/zhr/YOPO-ROS2/install/quadrotor_msgs/include/quadrotor_msgs/quadrotor_msgs/msg/so3_command.h
-- Installing: /home/zhr/YOPO-ROS2/install/quadrotor_msgs/include/quadrotor_msgs/quadrotor_msgs/msg/output_data.h
-- Installing: /home/zhr/YOPO-ROS2/install/quadrotor_msgs/include/quadrotor_msgs/quadrotor_msgs/msg/trpy_command.h
-- Installing: /home/zhr/YOPO-ROS2/install/quadrotor_msgs/include/quadrotor_msgs/quadrotor_msgs/msg/lqr_trajectory.h
-- Installing: /home/zhr/YOPO-ROS2/install/quadrotor_msgs/include/quadrotor_msgs/quadrotor_msgs/msg/gains.h
-- Installing: /home/zhr/YOPO-ROS2/install/quadrotor_msgs/include/quadrotor_msgs/quadrotor_msgs/msg/polynomial_trajectory.h
-- Installing: /home/zhr/YOPO-ROS2/install/quadrotor_msgs/include/quadrotor_msgs/quadrotor_msgs/msg/detail
-- Installing: /home/zhr/YOPO-ROS2/install/quadrotor_msgs/include/quadrotor_msgs/quadrotor_msgs/msg/detail/polynomial_trajectory__description.c
-- Installing: /home/zhr/YOPO-ROS2/install/quadrotor_msgs/include/quadrotor_msgs/quadrotor_msgs/msg/detail/serial__functions.c
-- Installing: /home/zhr/YOPO-ROS2/install/quadrotor_msgs/include/quadrotor_msgs/quadrotor_msgs/msg/detail/corrections__description.c
-- Installing: /home/zhr/YOPO-ROS2/install/quadrotor_msgs/include/quadrotor_msgs/quadrotor_msgs/msg/detail/serial__description.c
-- Installing: /home/zhr/YOPO-ROS2/install/quadrotor_msgs/include/quadrotor_msgs/quadrotor_msgs/msg/detail/position_command__type_support.c
-- Installing: /home/zhr/YOPO-ROS2/install/quadrotor_msgs/include/quadrotor_msgs/quadrotor_msgs/msg/detail/lqr_trajectory__type_support.h
-- Installing: /home/zhr/YOPO-ROS2/install/quadrotor_msgs/include/quadrotor_msgs/quadrotor_msgs/msg/detail/position_command__functions.h
-- Installing: /home/zhr/YOPO-ROS2/install/quadrotor_msgs/include/quadrotor_msgs/quadrotor_msgs/msg/detail/trpy_command__functions.c
-- Installing: /home/zhr/YOPO-ROS2/install/quadrotor_msgs/include/quadrotor_msgs/quadrotor_msgs/msg/detail/output_data__type_support.c
-- Installing: /home/zhr/YOPO-ROS2/install/quadrotor_msgs/include/quadrotor_msgs/quadrotor_msgs/msg/detail/odometry__functions.c
-- Installing: /home/zhr/YOPO-ROS2/install/quadrotor_msgs/include/quadrotor_msgs/quadrotor_msgs/msg/detail/so3_command__type_support.h
-- Installing: /home/zhr/YOPO-ROS2/install/quadrotor_msgs/include/quadrotor_msgs/quadrotor_msgs/msg/detail/aux_command__functions.h
-- Installing: /home/zhr/YOPO-ROS2/install/quadrotor_msgs/include/quadrotor_msgs/quadrotor_msgs/msg/detail/lqr_trajectory__type_support.c
-- Installing: /home/zhr/YOPO-ROS2/install/quadrotor_msgs/include/quadrotor_msgs/quadrotor_msgs/msg/detail/polynomial_trajectory__functions.h
-- Installing: /home/zhr/YOPO-ROS2/install/quadrotor_msgs/include/quadrotor_msgs/quadrotor_msgs/msg/detail/ppr_output_data__struct.h
-- Installing: /home/zhr/YOPO-ROS2/install/quadrotor_msgs/include/quadrotor_msgs/quadrotor_msgs/msg/detail/corrections__functions.h
-- Installing: /home/zhr/YOPO-ROS2/install/quadrotor_msgs/include/quadrotor_msgs/quadrotor_msgs/msg/detail/lqr_trajectory__functions.h
-- Installing: /home/zhr/YOPO-ROS2/install/quadrotor_msgs/include/quadrotor_msgs/quadrotor_msgs/msg/detail/position_command__functions.c
-- Installing: /home/zhr/YOPO-ROS2/install/quadrotor_msgs/include/quadrotor_msgs/quadrotor_msgs/msg/detail/lqr_trajectory__functions.c
-- Installing: /home/zhr/YOPO-ROS2/install/quadrotor_msgs/include/quadrotor_msgs/quadrotor_msgs/msg/detail/trpy_command__type_support.h
-- Installing: /home/zhr/YOPO-ROS2/install/quadrotor_msgs/include/quadrotor_msgs/quadrotor_msgs/msg/detail/serial__type_support.h
-- Installing: /home/zhr/YOPO-ROS2/install/quadrotor_msgs/include/quadrotor_msgs/quadrotor_msgs/msg/detail/polynomial_trajectory__functions.c
-- Installing: /home/zhr/YOPO-ROS2/install/quadrotor_msgs/include/quadrotor_msgs/quadrotor_msgs/msg/detail/status_data__struct.h
-- Installing: /home/zhr/YOPO-ROS2/install/quadrotor_msgs/include/quadrotor_msgs/quadrotor_msgs/msg/detail/trpy_command__type_support.c
-- Installing: /home/zhr/YOPO-ROS2/install/quadrotor_msgs/include/quadrotor_msgs/quadrotor_msgs/msg/detail/lqr_trajectory__description.c
-- Installing: /home/zhr/YOPO-ROS2/install/quadrotor_msgs/include/quadrotor_msgs/quadrotor_msgs/msg/detail/ppr_output_data__functions.h
-- Installing: /home/zhr/YOPO-ROS2/install/quadrotor_msgs/include/quadrotor_msgs/quadrotor_msgs/msg/detail/position_command__struct.h
-- Installing: /home/zhr/YOPO-ROS2/install/quadrotor_msgs/include/quadrotor_msgs/quadrotor_msgs/msg/detail/ppr_output_data__type_support.h
-- Installing: /home/zhr/YOPO-ROS2/install/quadrotor_msgs/include/quadrotor_msgs/quadrotor_msgs/msg/detail/polynomial_trajectory__struct.h
-- Installing: /home/zhr/YOPO-ROS2/install/quadrotor_msgs/include/quadrotor_msgs/quadrotor_msgs/msg/detail/serial__type_support.c
-- Installing: /home/zhr/YOPO-ROS2/install/quadrotor_msgs/include/quadrotor_msgs/quadrotor_msgs/msg/detail/output_data__struct.h
-- Installing: /home/zhr/YOPO-ROS2/install/quadrotor_msgs/include/quadrotor_msgs/quadrotor_msgs/msg/detail/gains__functions.c
-- Installing: /home/zhr/YOPO-ROS2/install/quadrotor_msgs/include/quadrotor_msgs/quadrotor_msgs/msg/detail/aux_command__struct.h
-- Installing: /home/zhr/YOPO-ROS2/install/quadrotor_msgs/include/quadrotor_msgs/quadrotor_msgs/msg/detail/position_command__type_support.h
-- Installing: /home/zhr/YOPO-ROS2/install/quadrotor_msgs/include/quadrotor_msgs/quadrotor_msgs/msg/detail/trpy_command__functions.h
-- Installing: /home/zhr/YOPO-ROS2/install/quadrotor_msgs/include/quadrotor_msgs/quadrotor_msgs/msg/detail/status_data__type_support.h
-- Installing: /home/zhr/YOPO-ROS2/install/quadrotor_msgs/include/quadrotor_msgs/quadrotor_msgs/msg/detail/serial__struct.h
-- Installing: /home/zhr/YOPO-ROS2/install/quadrotor_msgs/include/quadrotor_msgs/quadrotor_msgs/msg/detail/aux_command__description.c
-- Installing: /home/zhr/YOPO-ROS2/install/quadrotor_msgs/include/quadrotor_msgs/quadrotor_msgs/msg/detail/gains__type_support.h
-- Installing: /home/zhr/YOPO-ROS2/install/quadrotor_msgs/include/quadrotor_msgs/quadrotor_msgs/msg/detail/odometry__type_support.h
-- Installing: /home/zhr/YOPO-ROS2/install/quadrotor_msgs/include/quadrotor_msgs/quadrotor_msgs/msg/detail/output_data__description.c
-- Installing: /home/zhr/YOPO-ROS2/install/quadrotor_msgs/include/quadrotor_msgs/quadrotor_msgs/msg/detail/corrections__struct.h
-- Installing: /home/zhr/YOPO-ROS2/install/quadrotor_msgs/include/quadrotor_msgs/quadrotor_msgs/msg/detail/status_data__type_support.c
-- Installing: /home/zhr/YOPO-ROS2/install/quadrotor_msgs/include/quadrotor_msgs/quadrotor_msgs/msg/detail/ppr_output_data__type_support.c
-- Installing: /home/zhr/YOPO-ROS2/install/quadrotor_msgs/include/quadrotor_msgs/quadrotor_msgs/msg/detail/corrections__type_support.h
-- Installing: /home/zhr/YOPO-ROS2/install/quadrotor_msgs/include/quadrotor_msgs/quadrotor_msgs/msg/detail/position_command__description.c
-- Installing: /home/zhr/YOPO-ROS2/install/quadrotor_msgs/include/quadrotor_msgs/quadrotor_msgs/msg/detail/status_data__description.c
-- Installing: /home/zhr/YOPO-ROS2/install/quadrotor_msgs/include/quadrotor_msgs/quadrotor_msgs/msg/detail/polynomial_trajectory__type_support.c
-- Installing: /home/zhr/YOPO-ROS2/install/quadrotor_msgs/include/quadrotor_msgs/quadrotor_msgs/msg/detail/odometry__description.c
-- Installing: /home/zhr/YOPO-ROS2/install/quadrotor_msgs/include/quadrotor_msgs/quadrotor_msgs/msg/detail/odometry__functions.h
-- Installing: /home/zhr/YOPO-ROS2/install/quadrotor_msgs/include/quadrotor_msgs/quadrotor_msgs/msg/detail/corrections__type_support.c
-- Installing: /home/zhr/YOPO-ROS2/install/quadrotor_msgs/include/quadrotor_msgs/quadrotor_msgs/msg/detail/output_data__functions.h
-- Installing: /home/zhr/YOPO-ROS2/install/quadrotor_msgs/include/quadrotor_msgs/quadrotor_msgs/msg/detail/aux_command__functions.c
-- Installing: /home/zhr/YOPO-ROS2/install/quadrotor_msgs/include/quadrotor_msgs/quadrotor_msgs/msg/detail/aux_command__type_support.c
-- Installing: /home/zhr/YOPO-ROS2/install/quadrotor_msgs/include/quadrotor_msgs/quadrotor_msgs/msg/detail/aux_command__type_support.h
-- Installing: /home/zhr/YOPO-ROS2/install/quadrotor_msgs/include/quadrotor_msgs/quadrotor_msgs/msg/detail/status_data__functions.c
-- Installing: /home/zhr/YOPO-ROS2/install/quadrotor_msgs/include/quadrotor_msgs/quadrotor_msgs/msg/detail/output_data__functions.c
-- Installing: /home/zhr/YOPO-ROS2/install/quadrotor_msgs/include/quadrotor_msgs/quadrotor_msgs/msg/detail/ppr_output_data__description.c
-- Installing: /home/zhr/YOPO-ROS2/install/quadrotor_msgs/include/quadrotor_msgs/quadrotor_msgs/msg/detail/output_data__type_support.h
-- Installing: /home/zhr/YOPO-ROS2/install/quadrotor_msgs/include/quadrotor_msgs/quadrotor_msgs/msg/detail/odometry__type_support.c
-- Installing: /home/zhr/YOPO-ROS2/install/quadrotor_msgs/include/quadrotor_msgs/quadrotor_msgs/msg/detail/so3_command__struct.h
-- Installing: /home/zhr/YOPO-ROS2/install/quadrotor_msgs/include/quadrotor_msgs/quadrotor_msgs/msg/detail/lqr_trajectory__struct.h
-- Installing: /home/zhr/YOPO-ROS2/install/quadrotor_msgs/include/quadrotor_msgs/quadrotor_msgs/msg/detail/status_data__functions.h
-- Installing: /home/zhr/YOPO-ROS2/install/quadrotor_msgs/include/quadrotor_msgs/quadrotor_msgs/msg/detail/polynomial_trajectory__type_support.h
-- Installing: /home/zhr/YOPO-ROS2/install/quadrotor_msgs/include/quadrotor_msgs/quadrotor_msgs/msg/detail/gains__description.c
-- Installing: /home/zhr/YOPO-ROS2/install/quadrotor_msgs/include/quadrotor_msgs/quadrotor_msgs/msg/detail/gains__type_support.c
-- Installing: /home/zhr/YOPO-ROS2/install/quadrotor_msgs/include/quadrotor_msgs/quadrotor_msgs/msg/detail/so3_command__type_support.c
-- Installing: /home/zhr/YOPO-ROS2/install/quadrotor_msgs/include/quadrotor_msgs/quadrotor_msgs/msg/detail/ppr_output_data__functions.c
-- Installing: /home/zhr/YOPO-ROS2/install/quadrotor_msgs/include/quadrotor_msgs/quadrotor_msgs/msg/detail/odometry__struct.h
-- Installing: /home/zhr/YOPO-ROS2/install/quadrotor_msgs/include/quadrotor_msgs/quadrotor_msgs/msg/detail/gains__struct.h
-- Installing: /home/zhr/YOPO-ROS2/install/quadrotor_msgs/include/quadrotor_msgs/quadrotor_msgs/msg/detail/trpy_command__description.c
-- Installing: /home/zhr/YOPO-ROS2/install/quadrotor_msgs/include/quadrotor_msgs/quadrotor_msgs/msg/detail/trpy_command__struct.h
-- Installing: /home/zhr/YOPO-ROS2/install/quadrotor_msgs/include/quadrotor_msgs/quadrotor_msgs/msg/detail/corrections__functions.c
-- Installing: /home/zhr/YOPO-ROS2/install/quadrotor_msgs/include/quadrotor_msgs/quadrotor_msgs/msg/detail/so3_command__functions.c
-- Installing: /home/zhr/YOPO-ROS2/install/quadrotor_msgs/include/quadrotor_msgs/quadrotor_msgs/msg/detail/gains__functions.h
-- Installing: /home/zhr/YOPO-ROS2/install/quadrotor_msgs/include/quadrotor_msgs/quadrotor_msgs/msg/detail/so3_command__functions.h
-- Installing: /home/zhr/YOPO-ROS2/install/quadrotor_msgs/include/quadrotor_msgs/quadrotor_msgs/msg/detail/so3_command__description.c
-- Installing: /home/zhr/YOPO-ROS2/install/quadrotor_msgs/include/quadrotor_msgs/quadrotor_msgs/msg/detail/serial__functions.h
-- Installing: /home/zhr/YOPO-ROS2/install/quadrotor_msgs/include/quadrotor_msgs/quadrotor_msgs/msg/status_data.h
-- Installing: /home/zhr/YOPO-ROS2/install/quadrotor_msgs/include/quadrotor_msgs/quadrotor_msgs/msg/aux_command.h
-- Installing: /home/zhr/YOPO-ROS2/install/quadrotor_msgs/include/quadrotor_msgs/quadrotor_msgs/msg/corrections.h
-- Installing: /home/zhr/YOPO-ROS2/install/quadrotor_msgs/include/quadrotor_msgs/quadrotor_msgs/msg/odometry.h
-- Installing: /home/zhr/YOPO-ROS2/install/quadrotor_msgs/include/quadrotor_msgs/quadrotor_msgs/msg/rosidl_generator_c__visibility_control.h
-- Installing: /home/zhr/YOPO-ROS2/install/quadrotor_msgs/include/quadrotor_msgs/quadrotor_msgs/msg/position_command.h
-- Installing: /home/zhr/YOPO-ROS2/install/quadrotor_msgs/include/quadrotor_msgs/quadrotor_msgs/msg/ppr_output_data.h
-- Installing: /home/zhr/YOPO-ROS2/install/quadrotor_msgs/include/quadrotor_msgs/quadrotor_msgs/msg/serial.h
-- Installing: /home/zhr/YOPO-ROS2/install/quadrotor_msgs/include/quadrotor_msgs/quadrotor_msgs/srv
-- Installing: /home/zhr/YOPO-ROS2/install/quadrotor_msgs/include/quadrotor_msgs/quadrotor_msgs/srv/detail
-- Installing: /home/zhr/YOPO-ROS2/install/quadrotor_msgs/include/quadrotor_msgs/quadrotor_msgs/srv/detail/set_takeoff_land__type_support.h
-- Installing: /home/zhr/YOPO-ROS2/install/quadrotor_msgs/include/quadrotor_msgs/quadrotor_msgs/srv/detail/set_takeoff_land__type_support.c
-- Installing: /home/zhr/YOPO-ROS2/install/quadrotor_msgs/include/quadrotor_msgs/quadrotor_msgs/srv/detail/set_takeoff_land__functions.c
-- Installing: /home/zhr/YOPO-ROS2/install/quadrotor_msgs/include/quadrotor_msgs/quadrotor_msgs/srv/detail/set_takeoff_land__struct.h
-- Installing: /home/zhr/YOPO-ROS2/install/quadrotor_msgs/include/quadrotor_msgs/quadrotor_msgs/srv/detail/set_takeoff_land__functions.h
-- Installing: /home/zhr/YOPO-ROS2/install/quadrotor_msgs/include/quadrotor_msgs/quadrotor_msgs/srv/detail/set_takeoff_land__description.c
-- Installing: /home/zhr/YOPO-ROS2/install/quadrotor_msgs/include/quadrotor_msgs/quadrotor_msgs/srv/set_takeoff_land.h
-- Installing: /home/zhr/YOPO-ROS2/install/quadrotor_msgs/share/quadrotor_msgs/environment/library_path.sh
-- Installing: /home/zhr/YOPO-ROS2/install/quadrotor_msgs/share/quadrotor_msgs/environment/library_path.dsv
-- Installing: /home/zhr/YOPO-ROS2/install/quadrotor_msgs/lib/libquadrotor_msgs__rosidl_generator_c.so
-- Set non-toolchain portion of runtime path of "/home/zhr/YOPO-ROS2/install/quadrotor_msgs/lib/libquadrotor_msgs__rosidl_generator_c.so" to ""
-- Up-to-date: /home/zhr/YOPO-ROS2/install/quadrotor_msgs/include/quadrotor_msgs/quadrotor_msgs
-- Up-to-date: /home/zhr/YOPO-ROS2/install/quadrotor_msgs/include/quadrotor_msgs/quadrotor_msgs/msg
-- Installing: /home/zhr/YOPO-ROS2/install/quadrotor_msgs/include/quadrotor_msgs/quadrotor_msgs/msg/rosidl_typesupport_fastrtps_c__visibility_control.h
-- Up-to-date: /home/zhr/YOPO-ROS2/install/quadrotor_msgs/include/quadrotor_msgs/quadrotor_msgs/msg/detail
-- Installing: /home/zhr/YOPO-ROS2/install/quadrotor_msgs/include/quadrotor_msgs/quadrotor_msgs/msg/detail/so3_command__rosidl_typesupport_fastrtps_c.h
-- Installing: /home/zhr/YOPO-ROS2/install/quadrotor_msgs/include/quadrotor_msgs/quadrotor_msgs/msg/detail/output_data__rosidl_typesupport_fastrtps_c.h
-- Installing: /home/zhr/YOPO-ROS2/install/quadrotor_msgs/include/quadrotor_msgs/quadrotor_msgs/msg/detail/status_data__rosidl_typesupport_fastrtps_c.h
-- Installing: /home/zhr/YOPO-ROS2/install/quadrotor_msgs/include/quadrotor_msgs/quadrotor_msgs/msg/detail/position_command__rosidl_typesupport_fastrtps_c.h
-- Installing: /home/zhr/YOPO-ROS2/install/quadrotor_msgs/include/quadrotor_msgs/quadrotor_msgs/msg/detail/gains__rosidl_typesupport_fastrtps_c.h
-- Installing: /home/zhr/YOPO-ROS2/install/quadrotor_msgs/include/quadrotor_msgs/quadrotor_msgs/msg/detail/aux_command__rosidl_typesupport_fastrtps_c.h
-- Installing: /home/zhr/YOPO-ROS2/install/quadrotor_msgs/include/quadrotor_msgs/quadrotor_msgs/msg/detail/trpy_command__rosidl_typesupport_fastrtps_c.h
-- Installing: /home/zhr/YOPO-ROS2/install/quadrotor_msgs/include/quadrotor_msgs/quadrotor_msgs/msg/detail/corrections__rosidl_typesupport_fastrtps_c.h
-- Installing: /home/zhr/YOPO-ROS2/install/quadrotor_msgs/include/quadrotor_msgs/quadrotor_msgs/msg/detail/serial__rosidl_typesupport_fastrtps_c.h
-- Installing: /home/zhr/YOPO-ROS2/install/quadrotor_msgs/include/quadrotor_msgs/quadrotor_msgs/msg/detail/lqr_trajectory__rosidl_typesupport_fastrtps_c.h
-- Installing: /home/zhr/YOPO-ROS2/install/quadrotor_msgs/include/quadrotor_msgs/quadrotor_msgs/msg/detail/polynomial_trajectory__rosidl_typesupport_fastrtps_c.h
-- Installing: /home/zhr/YOPO-ROS2/install/quadrotor_msgs/include/quadrotor_msgs/quadrotor_msgs/msg/detail/odometry__rosidl_typesupport_fastrtps_c.h
-- Installing: /home/zhr/YOPO-ROS2/install/quadrotor_msgs/include/quadrotor_msgs/quadrotor_msgs/msg/detail/ppr_output_data__rosidl_typesupport_fastrtps_c.h
-- Up-to-date: /home/zhr/YOPO-ROS2/install/quadrotor_msgs/include/quadrotor_msgs/quadrotor_msgs/srv
-- Up-to-date: /home/zhr/YOPO-ROS2/install/quadrotor_msgs/include/quadrotor_msgs/quadrotor_msgs/srv/detail
-- Installing: /home/zhr/YOPO-ROS2/install/quadrotor_msgs/include/quadrotor_msgs/quadrotor_msgs/srv/detail/set_takeoff_land__rosidl_typesupport_fastrtps_c.h
-- Installing: /home/zhr/YOPO-ROS2/install/quadrotor_msgs/lib/libquadrotor_msgs__rosidl_typesupport_fastrtps_c.so
-- Set non-toolchain portion of runtime path of "/home/zhr/YOPO-ROS2/install/quadrotor_msgs/lib/libquadrotor_msgs__rosidl_typesupport_fastrtps_c.so" to ""
-- Up-to-date: /home/zhr/YOPO-ROS2/install/quadrotor_msgs/include/quadrotor_msgs/quadrotor_msgs
-- Up-to-date: /home/zhr/YOPO-ROS2/install/quadrotor_msgs/include/quadrotor_msgs/quadrotor_msgs/msg
-- Installing: /home/zhr/YOPO-ROS2/install/quadrotor_msgs/include/quadrotor_msgs/quadrotor_msgs/msg/polynomial_trajectory.hpp
-- Installing: /home/zhr/YOPO-ROS2/install/quadrotor_msgs/include/quadrotor_msgs/quadrotor_msgs/msg/aux_command.hpp
-- Installing: /home/zhr/YOPO-ROS2/install/quadrotor_msgs/include/quadrotor_msgs/quadrotor_msgs/msg/corrections.hpp
-- Installing: /home/zhr/YOPO-ROS2/install/quadrotor_msgs/include/quadrotor_msgs/quadrotor_msgs/msg/trpy_command.hpp
-- Installing: /home/zhr/YOPO-ROS2/install/quadrotor_msgs/include/quadrotor_msgs/quadrotor_msgs/msg/so3_command.hpp
-- Installing: /home/zhr/YOPO-ROS2/install/quadrotor_msgs/include/quadrotor_msgs/quadrotor_msgs/msg/gains.hpp
-- Installing: /home/zhr/YOPO-ROS2/install/quadrotor_msgs/include/quadrotor_msgs/quadrotor_msgs/msg/status_data.hpp
-- Up-to-date: /home/zhr/YOPO-ROS2/install/quadrotor_msgs/include/quadrotor_msgs/quadrotor_msgs/msg/detail
-- Installing: /home/zhr/YOPO-ROS2/install/quadrotor_msgs/include/quadrotor_msgs/quadrotor_msgs/msg/detail/serial__traits.hpp
-- Installing: /home/zhr/YOPO-ROS2/install/quadrotor_msgs/include/quadrotor_msgs/quadrotor_msgs/msg/detail/so3_command__builder.hpp
-- Installing: /home/zhr/YOPO-ROS2/install/quadrotor_msgs/include/quadrotor_msgs/quadrotor_msgs/msg/detail/trpy_command__type_support.hpp
-- Installing: /home/zhr/YOPO-ROS2/install/quadrotor_msgs/include/quadrotor_msgs/quadrotor_msgs/msg/detail/polynomial_trajectory__type_support.hpp
-- Installing: /home/zhr/YOPO-ROS2/install/quadrotor_msgs/include/quadrotor_msgs/quadrotor_msgs/msg/detail/lqr_trajectory__struct.hpp
-- Installing: /home/zhr/YOPO-ROS2/install/quadrotor_msgs/include/quadrotor_msgs/quadrotor_msgs/msg/detail/lqr_trajectory__traits.hpp
-- Installing: /home/zhr/YOPO-ROS2/install/quadrotor_msgs/include/quadrotor_msgs/quadrotor_msgs/msg/detail/trpy_command__builder.hpp
-- Installing: /home/zhr/YOPO-ROS2/install/quadrotor_msgs/include/quadrotor_msgs/quadrotor_msgs/msg/detail/position_command__builder.hpp
-- Installing: /home/zhr/YOPO-ROS2/install/quadrotor_msgs/include/quadrotor_msgs/quadrotor_msgs/msg/detail/status_data__builder.hpp
-- Installing: /home/zhr/YOPO-ROS2/install/quadrotor_msgs/include/quadrotor_msgs/quadrotor_msgs/msg/detail/corrections__type_support.hpp
-- Installing: /home/zhr/YOPO-ROS2/install/quadrotor_msgs/include/quadrotor_msgs/quadrotor_msgs/msg/detail/corrections__traits.hpp
-- Installing: /home/zhr/YOPO-ROS2/install/quadrotor_msgs/include/quadrotor_msgs/quadrotor_msgs/msg/detail/polynomial_trajectory__builder.hpp
-- Installing: /home/zhr/YOPO-ROS2/install/quadrotor_msgs/include/quadrotor_msgs/quadrotor_msgs/msg/detail/ppr_output_data__traits.hpp
-- Installing: /home/zhr/YOPO-ROS2/install/quadrotor_msgs/include/quadrotor_msgs/quadrotor_msgs/msg/detail/status_data__traits.hpp
-- Installing: /home/zhr/YOPO-ROS2/install/quadrotor_msgs/include/quadrotor_msgs/quadrotor_msgs/msg/detail/aux_command__traits.hpp
-- Installing: /home/zhr/YOPO-ROS2/install/quadrotor_msgs/include/quadrotor_msgs/quadrotor_msgs/msg/detail/status_data__struct.hpp
-- Installing: /home/zhr/YOPO-ROS2/install/quadrotor_msgs/include/quadrotor_msgs/quadrotor_msgs/msg/detail/serial__builder.hpp
-- Installing: /home/zhr/YOPO-ROS2/install/quadrotor_msgs/include/quadrotor_msgs/quadrotor_msgs/msg/detail/so3_command__traits.hpp
-- Installing: /home/zhr/YOPO-ROS2/install/quadrotor_msgs/include/quadrotor_msgs/quadrotor_msgs/msg/detail/serial__struct.hpp
-- Installing: /home/zhr/YOPO-ROS2/install/quadrotor_msgs/include/quadrotor_msgs/quadrotor_msgs/msg/detail/gains__traits.hpp
-- Installing: /home/zhr/YOPO-ROS2/install/quadrotor_msgs/include/quadrotor_msgs/quadrotor_msgs/msg/detail/status_data__type_support.hpp
-- Installing: /home/zhr/YOPO-ROS2/install/quadrotor_msgs/include/quadrotor_msgs/quadrotor_msgs/msg/detail/aux_command__struct.hpp
-- Installing: /home/zhr/YOPO-ROS2/install/quadrotor_msgs/include/quadrotor_msgs/quadrotor_msgs/msg/detail/lqr_trajectory__builder.hpp
-- Installing: /home/zhr/YOPO-ROS2/install/quadrotor_msgs/include/quadrotor_msgs/quadrotor_msgs/msg/detail/corrections__struct.hpp
-- Installing: /home/zhr/YOPO-ROS2/install/quadrotor_msgs/include/quadrotor_msgs/quadrotor_msgs/msg/detail/ppr_output_data__type_support.hpp
-- Installing: /home/zhr/YOPO-ROS2/install/quadrotor_msgs/include/quadrotor_msgs/quadrotor_msgs/msg/detail/polynomial_trajectory__traits.hpp
-- Installing: /home/zhr/YOPO-ROS2/install/quadrotor_msgs/include/quadrotor_msgs/quadrotor_msgs/msg/detail/output_data__traits.hpp
-- Installing: /home/zhr/YOPO-ROS2/install/quadrotor_msgs/include/quadrotor_msgs/quadrotor_msgs/msg/detail/gains__struct.hpp
-- Installing: /home/zhr/YOPO-ROS2/install/quadrotor_msgs/include/quadrotor_msgs/quadrotor_msgs/msg/detail/corrections__builder.hpp
-- Installing: /home/zhr/YOPO-ROS2/install/quadrotor_msgs/include/quadrotor_msgs/quadrotor_msgs/msg/detail/polynomial_trajectory__struct.hpp
-- Installing: /home/zhr/YOPO-ROS2/install/quadrotor_msgs/include/quadrotor_msgs/quadrotor_msgs/msg/detail/serial__type_support.hpp
-- Installing: /home/zhr/YOPO-ROS2/install/quadrotor_msgs/include/quadrotor_msgs/quadrotor_msgs/msg/detail/trpy_command__traits.hpp
-- Installing: /home/zhr/YOPO-ROS2/install/quadrotor_msgs/include/quadrotor_msgs/quadrotor_msgs/msg/detail/position_command__traits.hpp
-- Installing: /home/zhr/YOPO-ROS2/install/quadrotor_msgs/include/quadrotor_msgs/quadrotor_msgs/msg/detail/so3_command__struct.hpp
-- Installing: /home/zhr/YOPO-ROS2/install/quadrotor_msgs/include/quadrotor_msgs/quadrotor_msgs/msg/detail/output_data__struct.hpp
-- Installing: /home/zhr/YOPO-ROS2/install/quadrotor_msgs/include/quadrotor_msgs/quadrotor_msgs/msg/detail/odometry__type_support.hpp
-- Installing: /home/zhr/YOPO-ROS2/install/quadrotor_msgs/include/quadrotor_msgs/quadrotor_msgs/msg/detail/lqr_trajectory__type_support.hpp
-- Installing: /home/zhr/YOPO-ROS2/install/quadrotor_msgs/include/quadrotor_msgs/quadrotor_msgs/msg/detail/output_data__builder.hpp
-- Installing: /home/zhr/YOPO-ROS2/install/quadrotor_msgs/include/quadrotor_msgs/quadrotor_msgs/msg/detail/odometry__traits.hpp
-- Installing: /home/zhr/YOPO-ROS2/install/quadrotor_msgs/include/quadrotor_msgs/quadrotor_msgs/msg/detail/ppr_output_data__builder.hpp
-- Installing: /home/zhr/YOPO-ROS2/install/quadrotor_msgs/include/quadrotor_msgs/quadrotor_msgs/msg/detail/output_data__type_support.hpp
-- Installing: /home/zhr/YOPO-ROS2/install/quadrotor_msgs/include/quadrotor_msgs/quadrotor_msgs/msg/detail/odometry__builder.hpp
-- Installing: /home/zhr/YOPO-ROS2/install/quadrotor_msgs/include/quadrotor_msgs/quadrotor_msgs/msg/detail/ppr_output_data__struct.hpp
-- Installing: /home/zhr/YOPO-ROS2/install/quadrotor_msgs/include/quadrotor_msgs/quadrotor_msgs/msg/detail/aux_command__builder.hpp
-- Installing: /home/zhr/YOPO-ROS2/install/quadrotor_msgs/include/quadrotor_msgs/quadrotor_msgs/msg/detail/trpy_command__struct.hpp
-- Installing: /home/zhr/YOPO-ROS2/install/quadrotor_msgs/include/quadrotor_msgs/quadrotor_msgs/msg/detail/gains__builder.hpp
-- Installing: /home/zhr/YOPO-ROS2/install/quadrotor_msgs/include/quadrotor_msgs/quadrotor_msgs/msg/detail/aux_command__type_support.hpp
-- Installing: /home/zhr/YOPO-ROS2/install/quadrotor_msgs/include/quadrotor_msgs/quadrotor_msgs/msg/detail/position_command__type_support.hpp
-- Installing: /home/zhr/YOPO-ROS2/install/quadrotor_msgs/include/quadrotor_msgs/quadrotor_msgs/msg/detail/odometry__struct.hpp
-- Installing: /home/zhr/YOPO-ROS2/install/quadrotor_msgs/include/quadrotor_msgs/quadrotor_msgs/msg/detail/position_command__struct.hpp
-- Installing: /home/zhr/YOPO-ROS2/install/quadrotor_msgs/include/quadrotor_msgs/quadrotor_msgs/msg/detail/so3_command__type_support.hpp
-- Installing: /home/zhr/YOPO-ROS2/install/quadrotor_msgs/include/quadrotor_msgs/quadrotor_msgs/msg/detail/gains__type_support.hpp
-- Installing: /home/zhr/YOPO-ROS2/install/quadrotor_msgs/include/quadrotor_msgs/quadrotor_msgs/msg/rosidl_generator_cpp__visibility_control.hpp
-- Installing: /home/zhr/YOPO-ROS2/install/quadrotor_msgs/include/quadrotor_msgs/quadrotor_msgs/msg/odometry.hpp
-- Installing: /home/zhr/YOPO-ROS2/install/quadrotor_msgs/include/quadrotor_msgs/quadrotor_msgs/msg/output_data.hpp
-- Installing: /home/zhr/YOPO-ROS2/install/quadrotor_msgs/include/quadrotor_msgs/quadrotor_msgs/msg/position_command.hpp
-- Installing: /home/zhr/YOPO-ROS2/install/quadrotor_msgs/include/quadrotor_msgs/quadrotor_msgs/msg/ppr_output_data.hpp
-- Installing: /home/zhr/YOPO-ROS2/install/quadrotor_msgs/include/quadrotor_msgs/quadrotor_msgs/msg/serial.hpp
-- Installing: /home/zhr/YOPO-ROS2/install/quadrotor_msgs/include/quadrotor_msgs/quadrotor_msgs/msg/lqr_trajectory.hpp
-- Up-to-date: /home/zhr/YOPO-ROS2/install/quadrotor_msgs/include/quadrotor_msgs/quadrotor_msgs/srv
-- Up-to-date: /home/zhr/YOPO-ROS2/install/quadrotor_msgs/include/quadrotor_msgs/quadrotor_msgs/srv/detail
-- Installing: /home/zhr/YOPO-ROS2/install/quadrotor_msgs/include/quadrotor_msgs/quadrotor_msgs/srv/detail/set_takeoff_land__traits.hpp
-- Installing: /home/zhr/YOPO-ROS2/install/quadrotor_msgs/include/quadrotor_msgs/quadrotor_msgs/srv/detail/set_takeoff_land__builder.hpp
-- Installing: /home/zhr/YOPO-ROS2/install/quadrotor_msgs/include/quadrotor_msgs/quadrotor_msgs/srv/detail/set_takeoff_land__struct.hpp
-- Installing: /home/zhr/YOPO-ROS2/install/quadrotor_msgs/include/quadrotor_msgs/quadrotor_msgs/srv/detail/set_takeoff_land__type_support.hpp
-- Installing: /home/zhr/YOPO-ROS2/install/quadrotor_msgs/include/quadrotor_msgs/quadrotor_msgs/srv/set_takeoff_land.hpp
-- Up-to-date: /home/zhr/YOPO-ROS2/install/quadrotor_msgs/include/quadrotor_msgs/quadrotor_msgs
-- Up-to-date: /home/zhr/YOPO-ROS2/install/quadrotor_msgs/include/quadrotor_msgs/quadrotor_msgs/msg
-- Up-to-date: /home/zhr/YOPO-ROS2/install/quadrotor_msgs/include/quadrotor_msgs/quadrotor_msgs/msg/detail
-- Installing: /home/zhr/YOPO-ROS2/install/quadrotor_msgs/include/quadrotor_msgs/quadrotor_msgs/msg/detail/aux_command__rosidl_typesupport_fastrtps_cpp.hpp
-- Installing: /home/zhr/YOPO-ROS2/install/quadrotor_msgs/include/quadrotor_msgs/quadrotor_msgs/msg/detail/status_data__rosidl_typesupport_fastrtps_cpp.hpp
-- Installing: /home/zhr/YOPO-ROS2/install/quadrotor_msgs/include/quadrotor_msgs/quadrotor_msgs/msg/detail/serial__rosidl_typesupport_fastrtps_cpp.hpp
-- Installing: /home/zhr/YOPO-ROS2/install/quadrotor_msgs/include/quadrotor_msgs/quadrotor_msgs/msg/detail/dds_fastrtps
-- Installing: /home/zhr/YOPO-ROS2/install/quadrotor_msgs/include/quadrotor_msgs/quadrotor_msgs/msg/detail/odometry__rosidl_typesupport_fastrtps_cpp.hpp
-- Installing: /home/zhr/YOPO-ROS2/install/quadrotor_msgs/include/quadrotor_msgs/quadrotor_msgs/msg/detail/trpy_command__rosidl_typesupport_fastrtps_cpp.hpp
-- Installing: /home/zhr/YOPO-ROS2/install/quadrotor_msgs/include/quadrotor_msgs/quadrotor_msgs/msg/detail/so3_command__rosidl_typesupport_fastrtps_cpp.hpp
-- Installing: /home/zhr/YOPO-ROS2/install/quadrotor_msgs/include/quadrotor_msgs/quadrotor_msgs/msg/detail/polynomial_trajectory__rosidl_typesupport_fastrtps_cpp.hpp
-- Installing: /home/zhr/YOPO-ROS2/install/quadrotor_msgs/include/quadrotor_msgs/quadrotor_msgs/msg/detail/ppr_output_data__rosidl_typesupport_fastrtps_cpp.hpp
-- Installing: /home/zhr/YOPO-ROS2/install/quadrotor_msgs/include/quadrotor_msgs/quadrotor_msgs/msg/detail/position_command__rosidl_typesupport_fastrtps_cpp.hpp
-- Installing: /home/zhr/YOPO-ROS2/install/quadrotor_msgs/include/quadrotor_msgs/quadrotor_msgs/msg/detail/corrections__rosidl_typesupport_fastrtps_cpp.hpp
-- Installing: /home/zhr/YOPO-ROS2/install/quadrotor_msgs/include/quadrotor_msgs/quadrotor_msgs/msg/detail/output_data__rosidl_typesupport_fastrtps_cpp.hpp
-- Installing: /home/zhr/YOPO-ROS2/install/quadrotor_msgs/include/quadrotor_msgs/quadrotor_msgs/msg/detail/lqr_trajectory__rosidl_typesupport_fastrtps_cpp.hpp
-- Installing: /home/zhr/YOPO-ROS2/install/quadrotor_msgs/include/quadrotor_msgs/quadrotor_msgs/msg/detail/gains__rosidl_typesupport_fastrtps_cpp.hpp
-- Installing: /home/zhr/YOPO-ROS2/install/quadrotor_msgs/include/quadrotor_msgs/quadrotor_msgs/msg/rosidl_typesupport_fastrtps_cpp__visibility_control.h
-- Up-to-date: /home/zhr/YOPO-ROS2/install/quadrotor_msgs/include/quadrotor_msgs/quadrotor_msgs/srv
-- Up-to-date: /home/zhr/YOPO-ROS2/install/quadrotor_msgs/include/quadrotor_msgs/quadrotor_msgs/srv/detail
-- Installing: /home/zhr/YOPO-ROS2/install/quadrotor_msgs/include/quadrotor_msgs/quadrotor_msgs/srv/detail/dds_fastrtps
-- Installing: /home/zhr/YOPO-ROS2/install/quadrotor_msgs/include/quadrotor_msgs/quadrotor_msgs/srv/detail/set_takeoff_land__rosidl_typesupport_fastrtps_cpp.hpp
-- Installing: /home/zhr/YOPO-ROS2/install/quadrotor_msgs/lib/libquadrotor_msgs__rosidl_typesupport_fastrtps_cpp.so
-- Set non-toolchain portion of runtime path of "/home/zhr/YOPO-ROS2/install/quadrotor_msgs/lib/libquadrotor_msgs__rosidl_typesupport_fastrtps_cpp.so" to ""
-- Up-to-date: /home/zhr/YOPO-ROS2/install/quadrotor_msgs/include/quadrotor_msgs/quadrotor_msgs
-- Up-to-date: /home/zhr/YOPO-ROS2/install/quadrotor_msgs/include/quadrotor_msgs/quadrotor_msgs/msg
-- Up-to-date: /home/zhr/YOPO-ROS2/install/quadrotor_msgs/include/quadrotor_msgs/quadrotor_msgs/msg/detail
-- Installing: /home/zhr/YOPO-ROS2/install/quadrotor_msgs/include/quadrotor_msgs/quadrotor_msgs/msg/detail/output_data__rosidl_typesupport_introspection_c.h
-- Installing: /home/zhr/YOPO-ROS2/install/quadrotor_msgs/include/quadrotor_msgs/quadrotor_msgs/msg/detail/aux_command__rosidl_typesupport_introspection_c.h
-- Installing: /home/zhr/YOPO-ROS2/install/quadrotor_msgs/include/quadrotor_msgs/quadrotor_msgs/msg/detail/position_command__type_support.c
-- Installing: /home/zhr/YOPO-ROS2/install/quadrotor_msgs/include/quadrotor_msgs/quadrotor_msgs/msg/detail/output_data__type_support.c
-- Installing: /home/zhr/YOPO-ROS2/install/quadrotor_msgs/include/quadrotor_msgs/quadrotor_msgs/msg/detail/ppr_output_data__rosidl_typesupport_introspection_c.h
-- Installing: /home/zhr/YOPO-ROS2/install/quadrotor_msgs/include/quadrotor_msgs/quadrotor_msgs/msg/detail/lqr_trajectory__type_support.c
-- Installing: /home/zhr/YOPO-ROS2/install/quadrotor_msgs/include/quadrotor_msgs/quadrotor_msgs/msg/detail/polynomial_trajectory__rosidl_typesupport_introspection_c.h
-- Installing: /home/zhr/YOPO-ROS2/install/quadrotor_msgs/include/quadrotor_msgs/quadrotor_msgs/msg/detail/trpy_command__type_support.c
-- Installing: /home/zhr/YOPO-ROS2/install/quadrotor_msgs/include/quadrotor_msgs/quadrotor_msgs/msg/detail/serial__type_support.c
-- Installing: /home/zhr/YOPO-ROS2/install/quadrotor_msgs/include/quadrotor_msgs/quadrotor_msgs/msg/detail/status_data__type_support.c
-- Installing: /home/zhr/YOPO-ROS2/install/quadrotor_msgs/include/quadrotor_msgs/quadrotor_msgs/msg/detail/ppr_output_data__type_support.c
-- Installing: /home/zhr/YOPO-ROS2/install/quadrotor_msgs/include/quadrotor_msgs/quadrotor_msgs/msg/detail/status_data__rosidl_typesupport_introspection_c.h
-- Installing: /home/zhr/YOPO-ROS2/install/quadrotor_msgs/include/quadrotor_msgs/quadrotor_msgs/msg/detail/odometry__rosidl_typesupport_introspection_c.h
-- Installing: /home/zhr/YOPO-ROS2/install/quadrotor_msgs/include/quadrotor_msgs/quadrotor_msgs/msg/detail/polynomial_trajectory__type_support.c
-- Installing: /home/zhr/YOPO-ROS2/install/quadrotor_msgs/include/quadrotor_msgs/quadrotor_msgs/msg/detail/corrections__type_support.c
-- Installing: /home/zhr/YOPO-ROS2/install/quadrotor_msgs/include/quadrotor_msgs/quadrotor_msgs/msg/detail/aux_command__type_support.c
-- Installing: /home/zhr/YOPO-ROS2/install/quadrotor_msgs/include/quadrotor_msgs/quadrotor_msgs/msg/detail/odometry__type_support.c
-- Installing: /home/zhr/YOPO-ROS2/install/quadrotor_msgs/include/quadrotor_msgs/quadrotor_msgs/msg/detail/position_command__rosidl_typesupport_introspection_c.h
-- Installing: /home/zhr/YOPO-ROS2/install/quadrotor_msgs/include/quadrotor_msgs/quadrotor_msgs/msg/detail/gains__type_support.c
-- Installing: /home/zhr/YOPO-ROS2/install/quadrotor_msgs/include/quadrotor_msgs/quadrotor_msgs/msg/detail/so3_command__type_support.c
-- Installing: /home/zhr/YOPO-ROS2/install/quadrotor_msgs/include/quadrotor_msgs/quadrotor_msgs/msg/detail/gains__rosidl_typesupport_introspection_c.h
-- Installing: /home/zhr/YOPO-ROS2/install/quadrotor_msgs/include/quadrotor_msgs/quadrotor_msgs/msg/detail/lqr_trajectory__rosidl_typesupport_introspection_c.h
-- Installing: /home/zhr/YOPO-ROS2/install/quadrotor_msgs/include/quadrotor_msgs/quadrotor_msgs/msg/detail/serial__rosidl_typesupport_introspection_c.h
-- Installing: /home/zhr/YOPO-ROS2/install/quadrotor_msgs/include/quadrotor_msgs/quadrotor_msgs/msg/detail/so3_command__rosidl_typesupport_introspection_c.h
-- Installing: /home/zhr/YOPO-ROS2/install/quadrotor_msgs/include/quadrotor_msgs/quadrotor_msgs/msg/detail/trpy_command__rosidl_typesupport_introspection_c.h
-- Installing: /home/zhr/YOPO-ROS2/install/quadrotor_msgs/include/quadrotor_msgs/quadrotor_msgs/msg/detail/corrections__rosidl_typesupport_introspection_c.h
-- Installing: /home/zhr/YOPO-ROS2/install/quadrotor_msgs/include/quadrotor_msgs/quadrotor_msgs/msg/rosidl_typesupport_introspection_c__visibility_control.h
-- Up-to-date: /home/zhr/YOPO-ROS2/install/quadrotor_msgs/include/quadrotor_msgs/quadrotor_msgs/srv
-- Up-to-date: /home/zhr/YOPO-ROS2/install/quadrotor_msgs/include/quadrotor_msgs/quadrotor_msgs/srv/detail
-- Installing: /home/zhr/YOPO-ROS2/install/quadrotor_msgs/include/quadrotor_msgs/quadrotor_msgs/srv/detail/set_takeoff_land__rosidl_typesupport_introspection_c.h
-- Installing: /home/zhr/YOPO-ROS2/install/quadrotor_msgs/include/quadrotor_msgs/quadrotor_msgs/srv/detail/set_takeoff_land__type_support.c
-- Installing: /home/zhr/YOPO-ROS2/install/quadrotor_msgs/lib/libquadrotor_msgs__rosidl_typesupport_introspection_c.so
-- Set non-toolchain portion of runtime path of "/home/zhr/YOPO-ROS2/install/quadrotor_msgs/lib/libquadrotor_msgs__rosidl_typesupport_introspection_c.so" to ""
-- Installing: /home/zhr/YOPO-ROS2/install/quadrotor_msgs/lib/libquadrotor_msgs__rosidl_typesupport_c.so
-- Set non-toolchain portion of runtime path of "/home/zhr/YOPO-ROS2/install/quadrotor_msgs/lib/libquadrotor_msgs__rosidl_typesupport_c.so" to ""
-- Up-to-date: /home/zhr/YOPO-ROS2/install/quadrotor_msgs/include/quadrotor_msgs/quadrotor_msgs
-- Up-to-date: /home/zhr/YOPO-ROS2/install/quadrotor_msgs/include/quadrotor_msgs/quadrotor_msgs/msg
-- Up-to-date: /home/zhr/YOPO-ROS2/install/quadrotor_msgs/include/quadrotor_msgs/quadrotor_msgs/msg/detail
-- Installing: /home/zhr/YOPO-ROS2/install/quadrotor_msgs/include/quadrotor_msgs/quadrotor_msgs/msg/detail/odometry__rosidl_typesupport_introspection_cpp.hpp
-- Installing: /home/zhr/YOPO-ROS2/install/quadrotor_msgs/include/quadrotor_msgs/quadrotor_msgs/msg/detail/so3_command__type_support.cpp
-- Installing: /home/zhr/YOPO-ROS2/install/quadrotor_msgs/include/quadrotor_msgs/quadrotor_msgs/msg/detail/trpy_command__type_support.cpp
-- Installing: /home/zhr/YOPO-ROS2/install/quadrotor_msgs/include/quadrotor_msgs/quadrotor_msgs/msg/detail/gains__type_support.cpp
-- Installing: /home/zhr/YOPO-ROS2/install/quadrotor_msgs/include/quadrotor_msgs/quadrotor_msgs/msg/detail/ppr_output_data__type_support.cpp
-- Installing: /home/zhr/YOPO-ROS2/install/quadrotor_msgs/include/quadrotor_msgs/quadrotor_msgs/msg/detail/odometry__type_support.cpp
-- Installing: /home/zhr/YOPO-ROS2/install/quadrotor_msgs/include/quadrotor_msgs/quadrotor_msgs/msg/detail/corrections__type_support.cpp
-- Installing: /home/zhr/YOPO-ROS2/install/quadrotor_msgs/include/quadrotor_msgs/quadrotor_msgs/msg/detail/polynomial_trajectory__rosidl_typesupport_introspection_cpp.hpp
-- Installing: /home/zhr/YOPO-ROS2/install/quadrotor_msgs/include/quadrotor_msgs/quadrotor_msgs/msg/detail/corrections__rosidl_typesupport_introspection_cpp.hpp
-- Installing: /home/zhr/YOPO-ROS2/install/quadrotor_msgs/include/quadrotor_msgs/quadrotor_msgs/msg/detail/output_data__rosidl_typesupport_introspection_cpp.hpp
-- Installing: /home/zhr/YOPO-ROS2/install/quadrotor_msgs/include/quadrotor_msgs/quadrotor_msgs/msg/detail/polynomial_trajectory__type_support.cpp
-- Installing: /home/zhr/YOPO-ROS2/install/quadrotor_msgs/include/quadrotor_msgs/quadrotor_msgs/msg/detail/aux_command__type_support.cpp
-- Installing: /home/zhr/YOPO-ROS2/install/quadrotor_msgs/include/quadrotor_msgs/quadrotor_msgs/msg/detail/status_data__rosidl_typesupport_introspection_cpp.hpp
-- Installing: /home/zhr/YOPO-ROS2/install/quadrotor_msgs/include/quadrotor_msgs/quadrotor_msgs/msg/detail/trpy_command__rosidl_typesupport_introspection_cpp.hpp
-- Installing: /home/zhr/YOPO-ROS2/install/quadrotor_msgs/include/quadrotor_msgs/quadrotor_msgs/msg/detail/position_command__type_support.cpp
-- Installing: /home/zhr/YOPO-ROS2/install/quadrotor_msgs/include/quadrotor_msgs/quadrotor_msgs/msg/detail/status_data__type_support.cpp
-- Installing: /home/zhr/YOPO-ROS2/install/quadrotor_msgs/include/quadrotor_msgs/quadrotor_msgs/msg/detail/serial__type_support.cpp
-- Installing: /home/zhr/YOPO-ROS2/install/quadrotor_msgs/include/quadrotor_msgs/quadrotor_msgs/msg/detail/lqr_trajectory__rosidl_typesupport_introspection_cpp.hpp
-- Installing: /home/zhr/YOPO-ROS2/install/quadrotor_msgs/include/quadrotor_msgs/quadrotor_msgs/msg/detail/aux_command__rosidl_typesupport_introspection_cpp.hpp
-- Installing: /home/zhr/YOPO-ROS2/install/quadrotor_msgs/include/quadrotor_msgs/quadrotor_msgs/msg/detail/ppr_output_data__rosidl_typesupport_introspection_cpp.hpp
-- Installing: /home/zhr/YOPO-ROS2/install/quadrotor_msgs/include/quadrotor_msgs/quadrotor_msgs/msg/detail/gains__rosidl_typesupport_introspection_cpp.hpp
-- Installing: /home/zhr/YOPO-ROS2/install/quadrotor_msgs/include/quadrotor_msgs/quadrotor_msgs/msg/detail/serial__rosidl_typesupport_introspection_cpp.hpp
-- Installing: /home/zhr/YOPO-ROS2/install/quadrotor_msgs/include/quadrotor_msgs/quadrotor_msgs/msg/detail/output_data__type_support.cpp
-- Installing: /home/zhr/YOPO-ROS2/install/quadrotor_msgs/include/quadrotor_msgs/quadrotor_msgs/msg/detail/so3_command__rosidl_typesupport_introspection_cpp.hpp
-- Installing: /home/zhr/YOPO-ROS2/install/quadrotor_msgs/include/quadrotor_msgs/quadrotor_msgs/msg/detail/position_command__rosidl_typesupport_introspection_cpp.hpp
-- Installing: /home/zhr/YOPO-ROS2/install/quadrotor_msgs/include/quadrotor_msgs/quadrotor_msgs/msg/detail/lqr_trajectory__type_support.cpp
-- Up-to-date: /home/zhr/YOPO-ROS2/install/quadrotor_msgs/include/quadrotor_msgs/quadrotor_msgs/srv
-- Up-to-date: /home/zhr/YOPO-ROS2/install/quadrotor_msgs/include/quadrotor_msgs/quadrotor_msgs/srv/detail
-- Installing: /home/zhr/YOPO-ROS2/install/quadrotor_msgs/include/quadrotor_msgs/quadrotor_msgs/srv/detail/set_takeoff_land__type_support.cpp
-- Installing: /home/zhr/YOPO-ROS2/install/quadrotor_msgs/include/quadrotor_msgs/quadrotor_msgs/srv/detail/set_takeoff_land__rosidl_typesupport_introspection_cpp.hpp
-- Installing: /home/zhr/YOPO-ROS2/install/quadrotor_msgs/lib/libquadrotor_msgs__rosidl_typesupport_introspection_cpp.so
-- Set non-toolchain portion of runtime path of "/home/zhr/YOPO-ROS2/install/quadrotor_msgs/lib/libquadrotor_msgs__rosidl_typesupport_introspection_cpp.so" to ""
-- Installing: /home/zhr/YOPO-ROS2/install/quadrotor_msgs/lib/libquadrotor_msgs__rosidl_typesupport_cpp.so
-- Set non-toolchain portion of runtime path of "/home/zhr/YOPO-ROS2/install/quadrotor_msgs/lib/libquadrotor_msgs__rosidl_typesupport_cpp.so" to ""
-- Installing: /home/zhr/YOPO-ROS2/install/quadrotor_msgs/share/quadrotor_msgs/environment/pythonpath.sh
-- Installing: /home/zhr/YOPO-ROS2/install/quadrotor_msgs/share/quadrotor_msgs/environment/pythonpath.dsv
-- Installing: /home/zhr/YOPO-ROS2/install/quadrotor_msgs/lib/python3.12/site-packages/quadrotor_msgs-0.0.0-py3.12.egg-info
-- Installing: /home/zhr/YOPO-ROS2/install/quadrotor_msgs/lib/python3.12/site-packages/quadrotor_msgs-0.0.0-py3.12.egg-info/PKG-INFO
-- Installing: /home/zhr/YOPO-ROS2/install/quadrotor_msgs/lib/python3.12/site-packages/quadrotor_msgs-0.0.0-py3.12.egg-info/top_level.txt
-- Installing: /home/zhr/YOPO-ROS2/install/quadrotor_msgs/lib/python3.12/site-packages/quadrotor_msgs-0.0.0-py3.12.egg-info/SOURCES.txt
-- Installing: /home/zhr/YOPO-ROS2/install/quadrotor_msgs/lib/python3.12/site-packages/quadrotor_msgs-0.0.0-py3.12.egg-info/dependency_links.txt
-- Installing: /home/zhr/YOPO-ROS2/install/quadrotor_msgs/lib/python3.12/site-packages/quadrotor_msgs
-- Installing: /home/zhr/YOPO-ROS2/install/quadrotor_msgs/lib/python3.12/site-packages/quadrotor_msgs/msg
-- Installing: /home/zhr/YOPO-ROS2/install/quadrotor_msgs/lib/python3.12/site-packages/quadrotor_msgs/msg/_corrections_s.c
-- Installing: /home/zhr/YOPO-ROS2/install/quadrotor_msgs/lib/python3.12/site-packages/quadrotor_msgs/msg/_aux_command_s.c
-- Installing: /home/zhr/YOPO-ROS2/install/quadrotor_msgs/lib/python3.12/site-packages/quadrotor_msgs/msg/_ppr_output_data.py
-- Installing: /home/zhr/YOPO-ROS2/install/quadrotor_msgs/lib/python3.12/site-packages/quadrotor_msgs/msg/_lqr_trajectory.py
-- Installing: /home/zhr/YOPO-ROS2/install/quadrotor_msgs/lib/python3.12/site-packages/quadrotor_msgs/msg/_position_command_s.c
-- Installing: /home/zhr/YOPO-ROS2/install/quadrotor_msgs/lib/python3.12/site-packages/quadrotor_msgs/msg/_odometry_s.c
-- Installing: /home/zhr/YOPO-ROS2/install/quadrotor_msgs/lib/python3.12/site-packages/quadrotor_msgs/msg/_lqr_trajectory_s.c
-- Installing: /home/zhr/YOPO-ROS2/install/quadrotor_msgs/lib/python3.12/site-packages/quadrotor_msgs/msg/_polynomial_trajectory.py
-- Installing: /home/zhr/YOPO-ROS2/install/quadrotor_msgs/lib/python3.12/site-packages/quadrotor_msgs/msg/__init__.py
-- Installing: /home/zhr/YOPO-ROS2/install/quadrotor_msgs/lib/python3.12/site-packages/quadrotor_msgs/msg/_serial_s.c
-- Installing: /home/zhr/YOPO-ROS2/install/quadrotor_msgs/lib/python3.12/site-packages/quadrotor_msgs/msg/_trpy_command.py
-- Installing: /home/zhr/YOPO-ROS2/install/quadrotor_msgs/lib/python3.12/site-packages/quadrotor_msgs/msg/_gains_s.c
-- Installing: /home/zhr/YOPO-ROS2/install/quadrotor_msgs/lib/python3.12/site-packages/quadrotor_msgs/msg/_ppr_output_data_s.c
-- Installing: /home/zhr/YOPO-ROS2/install/quadrotor_msgs/lib/python3.12/site-packages/quadrotor_msgs/msg/_so3_command_s.c
-- Installing: /home/zhr/YOPO-ROS2/install/quadrotor_msgs/lib/python3.12/site-packages/quadrotor_msgs/msg/_position_command.py
-- Installing: /home/zhr/YOPO-ROS2/install/quadrotor_msgs/lib/python3.12/site-packages/quadrotor_msgs/msg/_gains.py
-- Installing: /home/zhr/YOPO-ROS2/install/quadrotor_msgs/lib/python3.12/site-packages/quadrotor_msgs/msg/_output_data.py
-- Installing: /home/zhr/YOPO-ROS2/install/quadrotor_msgs/lib/python3.12/site-packages/quadrotor_msgs/msg/_output_data_s.c
-- Installing: /home/zhr/YOPO-ROS2/install/quadrotor_msgs/lib/python3.12/site-packages/quadrotor_msgs/msg/_aux_command.py
-- Installing: /home/zhr/YOPO-ROS2/install/quadrotor_msgs/lib/python3.12/site-packages/quadrotor_msgs/msg/_corrections.py
-- Installing: /home/zhr/YOPO-ROS2/install/quadrotor_msgs/lib/python3.12/site-packages/quadrotor_msgs/msg/_so3_command.py
-- Installing: /home/zhr/YOPO-ROS2/install/quadrotor_msgs/lib/python3.12/site-packages/quadrotor_msgs/msg/_trpy_command_s.c
-- Installing: /home/zhr/YOPO-ROS2/install/quadrotor_msgs/lib/python3.12/site-packages/quadrotor_msgs/msg/_status_data.py
-- Installing: /home/zhr/YOPO-ROS2/install/quadrotor_msgs/lib/python3.12/site-packages/quadrotor_msgs/msg/_polynomial_trajectory_s.c
-- Installing: /home/zhr/YOPO-ROS2/install/quadrotor_msgs/lib/python3.12/site-packages/quadrotor_msgs/msg/_serial.py
-- Installing: /home/zhr/YOPO-ROS2/install/quadrotor_msgs/lib/python3.12/site-packages/quadrotor_msgs/msg/_odometry.py
-- Installing: /home/zhr/YOPO-ROS2/install/quadrotor_msgs/lib/python3.12/site-packages/quadrotor_msgs/msg/_status_data_s.c
-- Installing: /home/zhr/YOPO-ROS2/install/quadrotor_msgs/lib/python3.12/site-packages/quadrotor_msgs/quadrotor_msgs_s__rosidl_typesupport_fastrtps_c.so
-- Installing: /home/zhr/YOPO-ROS2/install/quadrotor_msgs/lib/python3.12/site-packages/quadrotor_msgs/__init__.py
-- Installing: /home/zhr/YOPO-ROS2/install/quadrotor_msgs/lib/python3.12/site-packages/quadrotor_msgs/_quadrotor_msgs_s.ep.rosidl_typesupport_introspection_c.c
-- Installing: /home/zhr/YOPO-ROS2/install/quadrotor_msgs/lib/python3.12/site-packages/quadrotor_msgs/srv
-- Installing: /home/zhr/YOPO-ROS2/install/quadrotor_msgs/lib/python3.12/site-packages/quadrotor_msgs/srv/__init__.py
-- Installing: /home/zhr/YOPO-ROS2/install/quadrotor_msgs/lib/python3.12/site-packages/quadrotor_msgs/srv/_set_takeoff_land_s.c
-- Installing: /home/zhr/YOPO-ROS2/install/quadrotor_msgs/lib/python3.12/site-packages/quadrotor_msgs/srv/_set_takeoff_land.py
-- Installing: /home/zhr/YOPO-ROS2/install/quadrotor_msgs/lib/python3.12/site-packages/quadrotor_msgs/_quadrotor_msgs_s.ep.rosidl_typesupport_c.c
-- Installing: /home/zhr/YOPO-ROS2/install/quadrotor_msgs/lib/python3.12/site-packages/quadrotor_msgs/_quadrotor_msgs_s.ep.rosidl_typesupport_fastrtps_c.c
-- Installing: /home/zhr/YOPO-ROS2/install/quadrotor_msgs/lib/python3.12/site-packages/quadrotor_msgs/quadrotor_msgs_s__rosidl_typesupport_introspection_c.so
-- Installing: /home/zhr/YOPO-ROS2/install/quadrotor_msgs/lib/python3.12/site-packages/quadrotor_msgs/quadrotor_msgs_s__rosidl_typesupport_c.so
Listing '/home/zhr/YOPO-ROS2/install/quadrotor_msgs/lib/python3.12/site-packages/quadrotor_msgs'...
Compiling '/home/zhr/YOPO-ROS2/install/quadrotor_msgs/lib/python3.12/site-packages/quadrotor_msgs/__init__.py'...
Listing '/home/zhr/YOPO-ROS2/install/quadrotor_msgs/lib/python3.12/site-packages/quadrotor_msgs/msg'...
Compiling '/home/zhr/YOPO-ROS2/install/quadrotor_msgs/lib/python3.12/site-packages/quadrotor_msgs/msg/__init__.py'...
Compiling '/home/zhr/YOPO-ROS2/install/quadrotor_msgs/lib/python3.12/site-packages/quadrotor_msgs/msg/_aux_command.py'...
Compiling '/home/zhr/YOPO-ROS2/install/quadrotor_msgs/lib/python3.12/site-packages/quadrotor_msgs/msg/_corrections.py'...
Compiling '/home/zhr/YOPO-ROS2/install/quadrotor_msgs/lib/python3.12/site-packages/quadrotor_msgs/msg/_gains.py'...
Compiling '/home/zhr/YOPO-ROS2/install/quadrotor_msgs/lib/python3.12/site-packages/quadrotor_msgs/msg/_lqr_trajectory.py'...
Compiling '/home/zhr/YOPO-ROS2/install/quadrotor_msgs/lib/python3.12/site-packages/quadrotor_msgs/msg/_odometry.py'...
Compiling '/home/zhr/YOPO-ROS2/install/quadrotor_msgs/lib/python3.12/site-packages/quadrotor_msgs/msg/_output_data.py'...
Compiling '/home/zhr/YOPO-ROS2/install/quadrotor_msgs/lib/python3.12/site-packages/quadrotor_msgs/msg/_polynomial_trajectory.py'...
Compiling '/home/zhr/YOPO-ROS2/install/quadrotor_msgs/lib/python3.12/site-packages/quadrotor_msgs/msg/_position_command.py'...
Compiling '/home/zhr/YOPO-ROS2/install/quadrotor_msgs/lib/python3.12/site-packages/quadrotor_msgs/msg/_ppr_output_data.py'...
Compiling '/home/zhr/YOPO-ROS2/install/quadrotor_msgs/lib/python3.12/site-packages/quadrotor_msgs/msg/_serial.py'...
Compiling '/home/zhr/YOPO-ROS2/install/quadrotor_msgs/lib/python3.12/site-packages/quadrotor_msgs/msg/_so3_command.py'...
Compiling '/home/zhr/YOPO-ROS2/install/quadrotor_msgs/lib/python3.12/site-packages/quadrotor_msgs/msg/_status_data.py'...
Compiling '/home/zhr/YOPO-ROS2/install/quadrotor_msgs/lib/python3.12/site-packages/quadrotor_msgs/msg/_trpy_command.py'...
Listing '/home/zhr/YOPO-ROS2/install/quadrotor_msgs/lib/python3.12/site-packages/quadrotor_msgs/srv'...
Compiling '/home/zhr/YOPO-ROS2/install/quadrotor_msgs/lib/python3.12/site-packages/quadrotor_msgs/srv/__init__.py'...
Compiling '/home/zhr/YOPO-ROS2/install/quadrotor_msgs/lib/python3.12/site-packages/quadrotor_msgs/srv/_set_takeoff_land.py'...
-- Installing: /home/zhr/YOPO-ROS2/install/quadrotor_msgs/lib/python3.12/site-packages/quadrotor_msgs/quadrotor_msgs_s__rosidl_typesupport_fastrtps_c.so
-- Set non-toolchain portion of runtime path of "/home/zhr/YOPO-ROS2/install/quadrotor_msgs/lib/python3.12/site-packages/quadrotor_msgs/quadrotor_msgs_s__rosidl_typesupport_fastrtps_c.so" to ""
-- Installing: /home/zhr/YOPO-ROS2/install/quadrotor_msgs/lib/python3.12/site-packages/quadrotor_msgs/quadrotor_msgs_s__rosidl_typesupport_introspection_c.so
-- Set non-toolchain portion of runtime path of "/home/zhr/YOPO-ROS2/install/quadrotor_msgs/lib/python3.12/site-packages/quadrotor_msgs/quadrotor_msgs_s__rosidl_typesupport_introspection_c.so" to ""
-- Installing: /home/zhr/YOPO-ROS2/install/quadrotor_msgs/lib/python3.12/site-packages/quadrotor_msgs/quadrotor_msgs_s__rosidl_typesupport_c.so
-- Set non-toolchain portion of runtime path of "/home/zhr/YOPO-ROS2/install/quadrotor_msgs/lib/python3.12/site-packages/quadrotor_msgs/quadrotor_msgs_s__rosidl_typesupport_c.so" to ""
-- Installing: /home/zhr/YOPO-ROS2/install/quadrotor_msgs/lib/libquadrotor_msgs__rosidl_generator_py.so
-- Set non-toolchain portion of runtime path of "/home/zhr/YOPO-ROS2/install/quadrotor_msgs/lib/libquadrotor_msgs__rosidl_generator_py.so" to ""
-- Installing: /home/zhr/YOPO-ROS2/install/quadrotor_msgs/share/quadrotor_msgs/msg/AuxCommand.idl
-- Installing: /home/zhr/YOPO-ROS2/install/quadrotor_msgs/share/quadrotor_msgs/msg/Corrections.idl
-- Installing: /home/zhr/YOPO-ROS2/install/quadrotor_msgs/share/quadrotor_msgs/msg/Gains.idl
-- Installing: /home/zhr/YOPO-ROS2/install/quadrotor_msgs/share/quadrotor_msgs/msg/OutputData.idl
-- Installing: /home/zhr/YOPO-ROS2/install/quadrotor_msgs/share/quadrotor_msgs/msg/PositionCommand.idl
-- Installing: /home/zhr/YOPO-ROS2/install/quadrotor_msgs/share/quadrotor_msgs/msg/PPROutputData.idl
-- Installing: /home/zhr/YOPO-ROS2/install/quadrotor_msgs/share/quadrotor_msgs/msg/Serial.idl
-- Installing: /home/zhr/YOPO-ROS2/install/quadrotor_msgs/share/quadrotor_msgs/msg/SO3Command.idl
-- Installing: /home/zhr/YOPO-ROS2/install/quadrotor_msgs/share/quadrotor_msgs/msg/StatusData.idl
-- Installing: /home/zhr/YOPO-ROS2/install/quadrotor_msgs/share/quadrotor_msgs/msg/TRPYCommand.idl
-- Installing: /home/zhr/YOPO-ROS2/install/quadrotor_msgs/share/quadrotor_msgs/msg/Odometry.idl
-- Installing: /home/zhr/YOPO-ROS2/install/quadrotor_msgs/share/quadrotor_msgs/msg/PolynomialTrajectory.idl
-- Installing: /home/zhr/YOPO-ROS2/install/quadrotor_msgs/share/quadrotor_msgs/msg/LQRTrajectory.idl
-- Installing: /home/zhr/YOPO-ROS2/install/quadrotor_msgs/share/quadrotor_msgs/srv/SetTakeoffLand.idl
-- Installing: /home/zhr/YOPO-ROS2/install/quadrotor_msgs/share/quadrotor_msgs/msg/AuxCommand.msg
-- Installing: /home/zhr/YOPO-ROS2/install/quadrotor_msgs/share/quadrotor_msgs/msg/Corrections.msg
-- Installing: /home/zhr/YOPO-ROS2/install/quadrotor_msgs/share/quadrotor_msgs/msg/Gains.msg
-- Installing: /home/zhr/YOPO-ROS2/install/quadrotor_msgs/share/quadrotor_msgs/msg/OutputData.msg
-- Installing: /home/zhr/YOPO-ROS2/install/quadrotor_msgs/share/quadrotor_msgs/msg/PositionCommand.msg
-- Installing: /home/zhr/YOPO-ROS2/install/quadrotor_msgs/share/quadrotor_msgs/msg/PPROutputData.msg
-- Installing: /home/zhr/YOPO-ROS2/install/quadrotor_msgs/share/quadrotor_msgs/msg/Serial.msg
-- Installing: /home/zhr/YOPO-ROS2/install/quadrotor_msgs/share/quadrotor_msgs/msg/SO3Command.msg
-- Installing: /home/zhr/YOPO-ROS2/install/quadrotor_msgs/share/quadrotor_msgs/msg/StatusData.msg
-- Installing: /home/zhr/YOPO-ROS2/install/quadrotor_msgs/share/quadrotor_msgs/msg/TRPYCommand.msg
-- Installing: /home/zhr/YOPO-ROS2/install/quadrotor_msgs/share/quadrotor_msgs/msg/Odometry.msg
-- Installing: /home/zhr/YOPO-ROS2/install/quadrotor_msgs/share/quadrotor_msgs/msg/PolynomialTrajectory.msg
-- Installing: /home/zhr/YOPO-ROS2/install/quadrotor_msgs/share/quadrotor_msgs/msg/LQRTrajectory.msg
-- Installing: /home/zhr/YOPO-ROS2/install/quadrotor_msgs/share/quadrotor_msgs/srv/SetTakeoffLand.srv
-- Installing: /home/zhr/YOPO-ROS2/install/quadrotor_msgs/lib/libdecode_msgs.so
-- Set non-toolchain portion of runtime path of "/home/zhr/YOPO-ROS2/install/quadrotor_msgs/lib/libdecode_msgs.so" to ""
-- Installing: /home/zhr/YOPO-ROS2/install/quadrotor_msgs/lib/libencode_msgs.so
-- Set non-toolchain portion of runtime path of "/home/zhr/YOPO-ROS2/install/quadrotor_msgs/lib/libencode_msgs.so" to ""
-- Up-to-date: /home/zhr/YOPO-ROS2/install/quadrotor_msgs/include
-- Up-to-date: /home/zhr/YOPO-ROS2/install/quadrotor_msgs/include/quadrotor_msgs
-- Installing: /home/zhr/YOPO-ROS2/install/quadrotor_msgs/include/quadrotor_msgs/comm_types.h
-- Installing: /home/zhr/YOPO-ROS2/install/quadrotor_msgs/include/quadrotor_msgs/decode_msgs.h
-- Installing: /home/zhr/YOPO-ROS2/install/quadrotor_msgs/include/quadrotor_msgs/encode_msgs.h
-- Installing: /home/zhr/YOPO-ROS2/install/quadrotor_msgs/share/ament_index/resource_index/package_run_dependencies/quadrotor_msgs
-- Installing: /home/zhr/YOPO-ROS2/install/quadrotor_msgs/share/ament_index/resource_index/parent_prefix_path/quadrotor_msgs
-- Installing: /home/zhr/YOPO-ROS2/install/quadrotor_msgs/share/quadrotor_msgs/environment/ament_prefix_path.sh
-- Installing: /home/zhr/YOPO-ROS2/install/quadrotor_msgs/share/quadrotor_msgs/environment/ament_prefix_path.dsv
-- Installing: /home/zhr/YOPO-ROS2/install/quadrotor_msgs/share/quadrotor_msgs/environment/path.sh
-- Installing: /home/zhr/YOPO-ROS2/install/quadrotor_msgs/share/quadrotor_msgs/environment/path.dsv
-- Installing: /home/zhr/YOPO-ROS2/install/quadrotor_msgs/share/quadrotor_msgs/local_setup.bash
-- Installing: /home/zhr/YOPO-ROS2/install/quadrotor_msgs/share/quadrotor_msgs/local_setup.sh
-- Installing: /home/zhr/YOPO-ROS2/install/quadrotor_msgs/share/quadrotor_msgs/local_setup.zsh
-- Installing: /home/zhr/YOPO-ROS2/install/quadrotor_msgs/share/quadrotor_msgs/local_setup.dsv
-- Installing: /home/zhr/YOPO-ROS2/install/quadrotor_msgs/share/quadrotor_msgs/package.dsv
-- Installing: /home/zhr/YOPO-ROS2/install/quadrotor_msgs/share/ament_index/resource_index/packages/quadrotor_msgs
-- Installing: /home/zhr/YOPO-ROS2/install/quadrotor_msgs/share/quadrotor_msgs/cmake/export_quadrotor_msgs__rosidl_generator_cExport.cmake
-- Installing: /home/zhr/YOPO-ROS2/install/quadrotor_msgs/share/quadrotor_msgs/cmake/export_quadrotor_msgs__rosidl_generator_cExport-noconfig.cmake
-- Installing: /home/zhr/YOPO-ROS2/install/quadrotor_msgs/share/quadrotor_msgs/cmake/export_quadrotor_msgs__rosidl_typesupport_fastrtps_cExport.cmake
-- Installing: /home/zhr/YOPO-ROS2/install/quadrotor_msgs/share/quadrotor_msgs/cmake/export_quadrotor_msgs__rosidl_typesupport_fastrtps_cExport-noconfig.cmake
-- Installing: /home/zhr/YOPO-ROS2/install/quadrotor_msgs/share/quadrotor_msgs/cmake/export_quadrotor_msgs__rosidl_generator_cppExport.cmake
-- Installing: /home/zhr/YOPO-ROS2/install/quadrotor_msgs/share/quadrotor_msgs/cmake/export_quadrotor_msgs__rosidl_typesupport_fastrtps_cppExport.cmake
-- Installing: /home/zhr/YOPO-ROS2/install/quadrotor_msgs/share/quadrotor_msgs/cmake/export_quadrotor_msgs__rosidl_typesupport_fastrtps_cppExport-noconfig.cmake
-- Installing: /home/zhr/YOPO-ROS2/install/quadrotor_msgs/share/quadrotor_msgs/cmake/quadrotor_msgs__rosidl_typesupport_introspection_cExport.cmake
-- Installing: /home/zhr/YOPO-ROS2/install/quadrotor_msgs/share/quadrotor_msgs/cmake/quadrotor_msgs__rosidl_typesupport_introspection_cExport-noconfig.cmake
-- Installing: /home/zhr/YOPO-ROS2/install/quadrotor_msgs/share/quadrotor_msgs/cmake/quadrotor_msgs__rosidl_typesupport_cExport.cmake
-- Installing: /home/zhr/YOPO-ROS2/install/quadrotor_msgs/share/quadrotor_msgs/cmake/quadrotor_msgs__rosidl_typesupport_cExport-noconfig.cmake
-- Installing: /home/zhr/YOPO-ROS2/install/quadrotor_msgs/share/quadrotor_msgs/cmake/quadrotor_msgs__rosidl_typesupport_introspection_cppExport.cmake
-- Installing: /home/zhr/YOPO-ROS2/install/quadrotor_msgs/share/quadrotor_msgs/cmake/quadrotor_msgs__rosidl_typesupport_introspection_cppExport-noconfig.cmake
-- Installing: /home/zhr/YOPO-ROS2/install/quadrotor_msgs/share/quadrotor_msgs/cmake/quadrotor_msgs__rosidl_typesupport_cppExport.cmake
-- Installing: /home/zhr/YOPO-ROS2/install/quadrotor_msgs/share/quadrotor_msgs/cmake/quadrotor_msgs__rosidl_typesupport_cppExport-noconfig.cmake
-- Installing: /home/zhr/YOPO-ROS2/install/quadrotor_msgs/share/quadrotor_msgs/cmake/export_quadrotor_msgs__rosidl_generator_pyExport.cmake
-- Installing: /home/zhr/YOPO-ROS2/install/quadrotor_msgs/share/quadrotor_msgs/cmake/export_quadrotor_msgs__rosidl_generator_pyExport-noconfig.cmake
-- Installing: /home/zhr/YOPO-ROS2/install/quadrotor_msgs/share/quadrotor_msgs/cmake/rosidl_cmake-extras.cmake
-- Installing: /home/zhr/YOPO-ROS2/install/quadrotor_msgs/share/quadrotor_msgs/cmake/ament_cmake_export_dependencies-extras.cmake
-- Installing: /home/zhr/YOPO-ROS2/install/quadrotor_msgs/share/quadrotor_msgs/cmake/ament_cmake_export_include_directories-extras.cmake
-- Installing: /home/zhr/YOPO-ROS2/install/quadrotor_msgs/share/quadrotor_msgs/cmake/ament_cmake_export_libraries-extras.cmake
-- Installing: /home/zhr/YOPO-ROS2/install/quadrotor_msgs/share/quadrotor_msgs/cmake/ament_cmake_export_targets-extras.cmake
-- Installing: /home/zhr/YOPO-ROS2/install/quadrotor_msgs/share/quadrotor_msgs/cmake/rosidl_cmake_export_typesupport_targets-extras.cmake
-- Installing: /home/zhr/YOPO-ROS2/install/quadrotor_msgs/share/quadrotor_msgs/cmake/rosidl_cmake_export_typesupport_libraries-extras.cmake
-- Installing: /home/zhr/YOPO-ROS2/install/quadrotor_msgs/share/quadrotor_msgs/cmake/quadrotor_msgsConfig.cmake
-- Installing: /home/zhr/YOPO-ROS2/install/quadrotor_msgs/share/quadrotor_msgs/cmake/quadrotor_msgsConfig-version.cmake
-- Installing: /home/zhr/YOPO-ROS2/install/quadrotor_msgs/share/quadrotor_msgs/package.xml
