[ 50%] Built target quadrotor_dynamics
[100%] Built target quadrotor_simulator_so3
-- Install configuration: "Release"
-- Execute custom install script
-- Symlinking: /home/zhr/YOPO-ROS2/Controller/install/so3_quadrotor_simulator/lib/so3_quadrotor_simulator/quadrotor_simulator_so3
-- Symlinking: /home/zhr/YOPO-ROS2/Controller/install/so3_quadrotor_simulator/lib/so3_quadrotor_simulator/libquadrotor_dynamics.a
-- Symlinking: /home/zhr/YOPO-ROS2/Controller/install/so3_quadrotor_simulator/include/ode/CHANGELOG
-- Symlinking: /home/zhr/YOPO-ROS2/Controller/install/so3_quadrotor_simulator/include/ode/Jamroot
-- Symlinking: /home/zhr/YOPO-ROS2/Controller/install/so3_quadrotor_simulator/include/ode/README
-- Symlinking: /home/zhr/YOPO-ROS2/Controller/install/so3_quadrotor_simulator/include/ode/boost/numeric/odeint.hpp
-- Symlinking: /home/zhr/YOPO-ROS2/Controller/install/so3_quadrotor_simulator/include/ode/boost/numeric/odeint/algebra/array_algebra.hpp
-- Symlinking: /home/zhr/YOPO-ROS2/Controller/install/so3_quadrotor_simulator/include/ode/boost/numeric/odeint/algebra/default_operations.hpp
-- Symlinking: /home/zhr/YOPO-ROS2/Controller/install/so3_quadrotor_simulator/include/ode/boost/numeric/odeint/algebra/detail/for_each.hpp
-- Symlinking: /home/zhr/YOPO-ROS2/Controller/install/so3_quadrotor_simulator/include/ode/boost/numeric/odeint/algebra/detail/macros.hpp
-- Symlinking: /home/zhr/YOPO-ROS2/Controller/install/so3_quadrotor_simulator/include/ode/boost/numeric/odeint/algebra/detail/reduce.hpp
-- Symlinking: /home/zhr/YOPO-ROS2/Controller/install/so3_quadrotor_simulator/include/ode/boost/numeric/odeint/algebra/fusion_algebra.hpp
-- Symlinking: /home/zhr/YOPO-ROS2/Controller/install/so3_quadrotor_simulator/include/ode/boost/numeric/odeint/algebra/range_algebra.hpp
-- Symlinking: /home/zhr/YOPO-ROS2/Controller/install/so3_quadrotor_simulator/include/ode/boost/numeric/odeint/algebra/vector_space_algebra.hpp
-- Symlinking: /home/zhr/YOPO-ROS2/Controller/install/so3_quadrotor_simulator/include/ode/boost/numeric/odeint/config.hpp
-- Symlinking: /home/zhr/YOPO-ROS2/Controller/install/so3_quadrotor_simulator/include/ode/boost/numeric/odeint/external/gsl/gsl_wrapper.hpp
-- Symlinking: /home/zhr/YOPO-ROS2/Controller/install/so3_quadrotor_simulator/include/ode/boost/numeric/odeint/external/mkl/mkl_operations.hpp
-- Symlinking: /home/zhr/YOPO-ROS2/Controller/install/so3_quadrotor_simulator/include/ode/boost/numeric/odeint/external/mtl4/implicit_euler_mtl4.hpp
-- Symlinking: /home/zhr/YOPO-ROS2/Controller/install/so3_quadrotor_simulator/include/ode/boost/numeric/odeint/external/mtl4/mtl4_resize.hpp
-- Symlinking: /home/zhr/YOPO-ROS2/Controller/install/so3_quadrotor_simulator/include/ode/boost/numeric/odeint/external/thrust/thrust_algebra.hpp
-- Symlinking: /home/zhr/YOPO-ROS2/Controller/install/so3_quadrotor_simulator/include/ode/boost/numeric/odeint/external/thrust/thrust_operations.hpp
-- Symlinking: /home/zhr/YOPO-ROS2/Controller/install/so3_quadrotor_simulator/include/ode/boost/numeric/odeint/external/thrust/thrust_resize.hpp
-- Symlinking: /home/zhr/YOPO-ROS2/Controller/install/so3_quadrotor_simulator/include/ode/boost/numeric/odeint/external/vexcl/vexcl_resize.hpp
-- Symlinking: /home/zhr/YOPO-ROS2/Controller/install/so3_quadrotor_simulator/include/ode/boost/numeric/odeint/external/viennacl/viennacl_operations.hpp
-- Symlinking: /home/zhr/YOPO-ROS2/Controller/install/so3_quadrotor_simulator/include/ode/boost/numeric/odeint/external/viennacl/viennacl_resize.hpp
-- Symlinking: /home/zhr/YOPO-ROS2/Controller/install/so3_quadrotor_simulator/include/ode/boost/numeric/odeint/integrate/detail/integrate_adaptive.hpp
-- Symlinking: /home/zhr/YOPO-ROS2/Controller/install/so3_quadrotor_simulator/include/ode/boost/numeric/odeint/integrate/detail/integrate_const.hpp
-- Symlinking: /home/zhr/YOPO-ROS2/Controller/install/so3_quadrotor_simulator/include/ode/boost/numeric/odeint/integrate/detail/integrate_n_steps.hpp
-- Symlinking: /home/zhr/YOPO-ROS2/Controller/install/so3_quadrotor_simulator/include/ode/boost/numeric/odeint/integrate/detail/integrate_times.hpp
-- Symlinking: /home/zhr/YOPO-ROS2/Controller/install/so3_quadrotor_simulator/include/ode/boost/numeric/odeint/integrate/integrate.hpp
-- Symlinking: /home/zhr/YOPO-ROS2/Controller/install/so3_quadrotor_simulator/include/ode/boost/numeric/odeint/integrate/integrate_adaptive.hpp
-- Symlinking: /home/zhr/YOPO-ROS2/Controller/install/so3_quadrotor_simulator/include/ode/boost/numeric/odeint/integrate/integrate_const.hpp
-- Symlinking: /home/zhr/YOPO-ROS2/Controller/install/so3_quadrotor_simulator/include/ode/boost/numeric/odeint/integrate/integrate_n_steps.hpp
-- Symlinking: /home/zhr/YOPO-ROS2/Controller/install/so3_quadrotor_simulator/include/ode/boost/numeric/odeint/integrate/integrate_times.hpp
-- Symlinking: /home/zhr/YOPO-ROS2/Controller/install/so3_quadrotor_simulator/include/ode/boost/numeric/odeint/integrate/null_observer.hpp
-- Symlinking: /home/zhr/YOPO-ROS2/Controller/install/so3_quadrotor_simulator/include/ode/boost/numeric/odeint/integrate/observer_collection.hpp
-- Symlinking: /home/zhr/YOPO-ROS2/Controller/install/so3_quadrotor_simulator/include/ode/boost/numeric/odeint/stepper/adams_bashforth.hpp
-- Symlinking: /home/zhr/YOPO-ROS2/Controller/install/so3_quadrotor_simulator/include/ode/boost/numeric/odeint/stepper/adams_bashforth_moulton.hpp
-- Symlinking: /home/zhr/YOPO-ROS2/Controller/install/so3_quadrotor_simulator/include/ode/boost/numeric/odeint/stepper/adams_moulton.hpp
-- Symlinking: /home/zhr/YOPO-ROS2/Controller/install/so3_quadrotor_simulator/include/ode/boost/numeric/odeint/stepper/base/algebra_stepper_base.hpp
-- Symlinking: /home/zhr/YOPO-ROS2/Controller/install/so3_quadrotor_simulator/include/ode/boost/numeric/odeint/stepper/base/explicit_error_stepper_base.hpp
-- Symlinking: /home/zhr/YOPO-ROS2/Controller/install/so3_quadrotor_simulator/include/ode/boost/numeric/odeint/stepper/base/explicit_error_stepper_fsal_base.hpp
-- Symlinking: /home/zhr/YOPO-ROS2/Controller/install/so3_quadrotor_simulator/include/ode/boost/numeric/odeint/stepper/base/explicit_stepper_base.hpp
-- Symlinking: /home/zhr/YOPO-ROS2/Controller/install/so3_quadrotor_simulator/include/ode/boost/numeric/odeint/stepper/base/symplectic_rkn_stepper_base.hpp
-- Symlinking: /home/zhr/YOPO-ROS2/Controller/install/so3_quadrotor_simulator/include/ode/boost/numeric/odeint/stepper/bulirsch_stoer.hpp
-- Symlinking: /home/zhr/YOPO-ROS2/Controller/install/so3_quadrotor_simulator/include/ode/boost/numeric/odeint/stepper/bulirsch_stoer_dense_out.hpp
-- Symlinking: /home/zhr/YOPO-ROS2/Controller/install/so3_quadrotor_simulator/include/ode/boost/numeric/odeint/stepper/controlled_runge_kutta.hpp
-- Symlinking: /home/zhr/YOPO-ROS2/Controller/install/so3_quadrotor_simulator/include/ode/boost/numeric/odeint/stepper/controlled_step_result.hpp
-- Symlinking: /home/zhr/YOPO-ROS2/Controller/install/so3_quadrotor_simulator/include/ode/boost/numeric/odeint/stepper/dense_output_runge_kutta.hpp
-- Symlinking: /home/zhr/YOPO-ROS2/Controller/install/so3_quadrotor_simulator/include/ode/boost/numeric/odeint/stepper/detail/adams_bashforth_call_algebra.hpp
-- Symlinking: /home/zhr/YOPO-ROS2/Controller/install/so3_quadrotor_simulator/include/ode/boost/numeric/odeint/stepper/detail/adams_bashforth_coefficients.hpp
-- Symlinking: /home/zhr/YOPO-ROS2/Controller/install/so3_quadrotor_simulator/include/ode/boost/numeric/odeint/stepper/detail/adams_moulton_call_algebra.hpp
-- Symlinking: /home/zhr/YOPO-ROS2/Controller/install/so3_quadrotor_simulator/include/ode/boost/numeric/odeint/stepper/detail/adams_moulton_coefficients.hpp
-- Symlinking: /home/zhr/YOPO-ROS2/Controller/install/so3_quadrotor_simulator/include/ode/boost/numeric/odeint/stepper/detail/generic_rk_algorithm.hpp
-- Symlinking: /home/zhr/YOPO-ROS2/Controller/install/so3_quadrotor_simulator/include/ode/boost/numeric/odeint/stepper/detail/generic_rk_call_algebra.hpp
-- Symlinking: /home/zhr/YOPO-ROS2/Controller/install/so3_quadrotor_simulator/include/ode/boost/numeric/odeint/stepper/detail/generic_rk_operations.hpp
-- Symlinking: /home/zhr/YOPO-ROS2/Controller/install/so3_quadrotor_simulator/include/ode/boost/numeric/odeint/stepper/detail/rotating_buffer.hpp
-- Symlinking: /home/zhr/YOPO-ROS2/Controller/install/so3_quadrotor_simulator/include/ode/boost/numeric/odeint/stepper/euler.hpp
-- Symlinking: /home/zhr/YOPO-ROS2/Controller/install/so3_quadrotor_simulator/include/ode/boost/numeric/odeint/stepper/explicit_error_generic_rk.hpp
-- Symlinking: /home/zhr/YOPO-ROS2/Controller/install/so3_quadrotor_simulator/include/ode/boost/numeric/odeint/stepper/explicit_generic_rk.hpp
-- Symlinking: /home/zhr/YOPO-ROS2/Controller/install/so3_quadrotor_simulator/include/ode/boost/numeric/odeint/stepper/generation.hpp
-- Symlinking: /home/zhr/YOPO-ROS2/Controller/install/so3_quadrotor_simulator/include/ode/boost/numeric/odeint/stepper/generation/generation_controlled_runge_kutta.hpp
-- Symlinking: /home/zhr/YOPO-ROS2/Controller/install/so3_quadrotor_simulator/include/ode/boost/numeric/odeint/stepper/generation/generation_dense_output_runge_kutta.hpp
-- Symlinking: /home/zhr/YOPO-ROS2/Controller/install/so3_quadrotor_simulator/include/ode/boost/numeric/odeint/stepper/generation/generation_rosenbrock4.hpp
-- Symlinking: /home/zhr/YOPO-ROS2/Controller/install/so3_quadrotor_simulator/include/ode/boost/numeric/odeint/stepper/generation/generation_runge_kutta_cash_karp54.hpp
-- Symlinking: /home/zhr/YOPO-ROS2/Controller/install/so3_quadrotor_simulator/include/ode/boost/numeric/odeint/stepper/generation/generation_runge_kutta_cash_karp54_classic.hpp
-- Symlinking: /home/zhr/YOPO-ROS2/Controller/install/so3_quadrotor_simulator/include/ode/boost/numeric/odeint/stepper/generation/generation_runge_kutta_dopri5.hpp
-- Symlinking: /home/zhr/YOPO-ROS2/Controller/install/so3_quadrotor_simulator/include/ode/boost/numeric/odeint/stepper/generation/generation_runge_kutta_fehlberg78.hpp
-- Symlinking: /home/zhr/YOPO-ROS2/Controller/install/so3_quadrotor_simulator/include/ode/boost/numeric/odeint/stepper/generation/make_controlled.hpp
-- Symlinking: /home/zhr/YOPO-ROS2/Controller/install/so3_quadrotor_simulator/include/ode/boost/numeric/odeint/stepper/generation/make_dense_output.hpp
-- Symlinking: /home/zhr/YOPO-ROS2/Controller/install/so3_quadrotor_simulator/include/ode/boost/numeric/odeint/stepper/implicit_euler.hpp
-- Symlinking: /home/zhr/YOPO-ROS2/Controller/install/so3_quadrotor_simulator/include/ode/boost/numeric/odeint/stepper/modified_midpoint.hpp
-- Symlinking: /home/zhr/YOPO-ROS2/Controller/install/so3_quadrotor_simulator/include/ode/boost/numeric/odeint/stepper/rosenbrock4.hpp
-- Symlinking: /home/zhr/YOPO-ROS2/Controller/install/so3_quadrotor_simulator/include/ode/boost/numeric/odeint/stepper/rosenbrock4_controller.hpp
-- Symlinking: /home/zhr/YOPO-ROS2/Controller/install/so3_quadrotor_simulator/include/ode/boost/numeric/odeint/stepper/rosenbrock4_dense_output.hpp
-- Symlinking: /home/zhr/YOPO-ROS2/Controller/install/so3_quadrotor_simulator/include/ode/boost/numeric/odeint/stepper/runge_kutta4.hpp
-- Symlinking: /home/zhr/YOPO-ROS2/Controller/install/so3_quadrotor_simulator/include/ode/boost/numeric/odeint/stepper/runge_kutta4_classic.hpp
-- Symlinking: /home/zhr/YOPO-ROS2/Controller/install/so3_quadrotor_simulator/include/ode/boost/numeric/odeint/stepper/runge_kutta_cash_karp54.hpp
-- Symlinking: /home/zhr/YOPO-ROS2/Controller/install/so3_quadrotor_simulator/include/ode/boost/numeric/odeint/stepper/runge_kutta_cash_karp54_classic.hpp
-- Symlinking: /home/zhr/YOPO-ROS2/Controller/install/so3_quadrotor_simulator/include/ode/boost/numeric/odeint/stepper/runge_kutta_dopri5.hpp
-- Symlinking: /home/zhr/YOPO-ROS2/Controller/install/so3_quadrotor_simulator/include/ode/boost/numeric/odeint/stepper/runge_kutta_fehlberg78.hpp
-- Symlinking: /home/zhr/YOPO-ROS2/Controller/install/so3_quadrotor_simulator/include/ode/boost/numeric/odeint/stepper/stepper_categories.hpp
-- Symlinking: /home/zhr/YOPO-ROS2/Controller/install/so3_quadrotor_simulator/include/ode/boost/numeric/odeint/stepper/symplectic_euler.hpp
-- Symlinking: /home/zhr/YOPO-ROS2/Controller/install/so3_quadrotor_simulator/include/ode/boost/numeric/odeint/stepper/symplectic_rkn_sb3a_m4_mclachlan.hpp
-- Symlinking: /home/zhr/YOPO-ROS2/Controller/install/so3_quadrotor_simulator/include/ode/boost/numeric/odeint/stepper/symplectic_rkn_sb3a_mclachlan.hpp
-- Symlinking: /home/zhr/YOPO-ROS2/Controller/install/so3_quadrotor_simulator/include/ode/boost/numeric/odeint/util/bind.hpp
-- Symlinking: /home/zhr/YOPO-ROS2/Controller/install/so3_quadrotor_simulator/include/ode/boost/numeric/odeint/util/copy.hpp
-- Symlinking: /home/zhr/YOPO-ROS2/Controller/install/so3_quadrotor_simulator/include/ode/boost/numeric/odeint/util/detail/is_range.hpp
-- Symlinking: /home/zhr/YOPO-ROS2/Controller/install/so3_quadrotor_simulator/include/ode/boost/numeric/odeint/util/detail/less_with_sign.hpp
-- Symlinking: /home/zhr/YOPO-ROS2/Controller/install/so3_quadrotor_simulator/include/ode/boost/numeric/odeint/util/is_pair.hpp
-- Symlinking: /home/zhr/YOPO-ROS2/Controller/install/so3_quadrotor_simulator/include/ode/boost/numeric/odeint/util/is_resizeable.hpp
-- Symlinking: /home/zhr/YOPO-ROS2/Controller/install/so3_quadrotor_simulator/include/ode/boost/numeric/odeint/util/resize.hpp
-- Symlinking: /home/zhr/YOPO-ROS2/Controller/install/so3_quadrotor_simulator/include/ode/boost/numeric/odeint/util/resizer.hpp
-- Symlinking: /home/zhr/YOPO-ROS2/Controller/install/so3_quadrotor_simulator/include/ode/boost/numeric/odeint/util/same_instance.hpp
-- Symlinking: /home/zhr/YOPO-ROS2/Controller/install/so3_quadrotor_simulator/include/ode/boost/numeric/odeint/util/same_size.hpp
-- Symlinking: /home/zhr/YOPO-ROS2/Controller/install/so3_quadrotor_simulator/include/ode/boost/numeric/odeint/util/state_wrapper.hpp
-- Symlinking: /home/zhr/YOPO-ROS2/Controller/install/so3_quadrotor_simulator/include/ode/boost/numeric/odeint/util/ublas_wrapper.hpp
-- Symlinking: /home/zhr/YOPO-ROS2/Controller/install/so3_quadrotor_simulator/include/ode/boost/numeric/odeint/util/unit_helper.hpp
-- Symlinking: /home/zhr/YOPO-ROS2/Controller/install/so3_quadrotor_simulator/include/ode/boost/numeric/odeint/util/unwrap_reference.hpp
-- Symlinking: /home/zhr/YOPO-ROS2/Controller/install/so3_quadrotor_simulator/include/ode/boost/numeric/odeint/version.hpp
-- Symlinking: /home/zhr/YOPO-ROS2/Controller/install/so3_quadrotor_simulator/include/ode/libs/numeric/odeint/doc/Jamfile.v2
-- Symlinking: /home/zhr/YOPO-ROS2/Controller/install/so3_quadrotor_simulator/include/ode/libs/numeric/odeint/doc/acknowledgements.qbk
-- Symlinking: /home/zhr/YOPO-ROS2/Controller/install/so3_quadrotor_simulator/include/ode/libs/numeric/odeint/doc/concepts.qbk
-- Symlinking: /home/zhr/YOPO-ROS2/Controller/install/so3_quadrotor_simulator/include/ode/libs/numeric/odeint/doc/concepts/controlled_stepper.qbk
-- Symlinking: /home/zhr/YOPO-ROS2/Controller/install/so3_quadrotor_simulator/include/ode/libs/numeric/odeint/doc/concepts/dense_output_stepper.qbk
-- Symlinking: /home/zhr/YOPO-ROS2/Controller/install/so3_quadrotor_simulator/include/ode/libs/numeric/odeint/doc/concepts/error_stepper.qbk
-- Symlinking: /home/zhr/YOPO-ROS2/Controller/install/so3_quadrotor_simulator/include/ode/libs/numeric/odeint/doc/concepts/implicit_system.qbk
-- Symlinking: /home/zhr/YOPO-ROS2/Controller/install/so3_quadrotor_simulator/include/ode/libs/numeric/odeint/doc/concepts/state_algebra_operations.qbk
-- Symlinking: /home/zhr/YOPO-ROS2/Controller/install/so3_quadrotor_simulator/include/ode/libs/numeric/odeint/doc/concepts/state_wrapper.qbk
-- Symlinking: /home/zhr/YOPO-ROS2/Controller/install/so3_quadrotor_simulator/include/ode/libs/numeric/odeint/doc/concepts/stepper.qbk
-- Symlinking: /home/zhr/YOPO-ROS2/Controller/install/so3_quadrotor_simulator/include/ode/libs/numeric/odeint/doc/concepts/symplectic_system.qbk
-- Symlinking: /home/zhr/YOPO-ROS2/Controller/install/so3_quadrotor_simulator/include/ode/libs/numeric/odeint/doc/concepts/system.qbk
-- Symlinking: /home/zhr/YOPO-ROS2/Controller/install/so3_quadrotor_simulator/include/ode/libs/numeric/odeint/doc/controlled_stepper_table.qbk
-- Symlinking: /home/zhr/YOPO-ROS2/Controller/install/so3_quadrotor_simulator/include/ode/libs/numeric/odeint/doc/details.qbk
-- Symlinking: /home/zhr/YOPO-ROS2/Controller/install/so3_quadrotor_simulator/include/ode/libs/numeric/odeint/doc/details_bind_member_functions.qbk
-- Symlinking: /home/zhr/YOPO-ROS2/Controller/install/so3_quadrotor_simulator/include/ode/libs/numeric/odeint/doc/details_boost_range.qbk
-- Symlinking: /home/zhr/YOPO-ROS2/Controller/install/so3_quadrotor_simulator/include/ode/libs/numeric/odeint/doc/details_boost_ref.qbk
-- Symlinking: /home/zhr/YOPO-ROS2/Controller/install/so3_quadrotor_simulator/include/ode/libs/numeric/odeint/doc/details_generation_functions.qbk
-- Symlinking: /home/zhr/YOPO-ROS2/Controller/install/so3_quadrotor_simulator/include/ode/libs/numeric/odeint/doc/details_integrate_functions.qbk
-- Symlinking: /home/zhr/YOPO-ROS2/Controller/install/so3_quadrotor_simulator/include/ode/libs/numeric/odeint/doc/details_state_types_algebras_operations.qbk
-- Symlinking: /home/zhr/YOPO-ROS2/Controller/install/so3_quadrotor_simulator/include/ode/libs/numeric/odeint/doc/details_steppers.qbk
-- Symlinking: /home/zhr/YOPO-ROS2/Controller/install/so3_quadrotor_simulator/include/ode/libs/numeric/odeint/doc/examples_table.qbk
-- Symlinking: /home/zhr/YOPO-ROS2/Controller/install/so3_quadrotor_simulator/include/ode/libs/numeric/odeint/doc/getting_started.qbk
-- Symlinking: /home/zhr/YOPO-ROS2/Controller/install/so3_quadrotor_simulator/include/ode/libs/numeric/odeint/doc/html/boostbook.css
-- Symlinking: /home/zhr/YOPO-ROS2/Controller/install/so3_quadrotor_simulator/include/ode/libs/numeric/odeint/doc/html/images/alert.png
-- Symlinking: /home/zhr/YOPO-ROS2/Controller/install/so3_quadrotor_simulator/include/ode/libs/numeric/odeint/doc/html/images/blank.png
-- Symlinking: /home/zhr/YOPO-ROS2/Controller/install/so3_quadrotor_simulator/include/ode/libs/numeric/odeint/doc/html/images/callouts/1.png
-- Symlinking: /home/zhr/YOPO-ROS2/Controller/install/so3_quadrotor_simulator/include/ode/libs/numeric/odeint/doc/html/images/callouts/1.svg
-- Symlinking: /home/zhr/YOPO-ROS2/Controller/install/so3_quadrotor_simulator/include/ode/libs/numeric/odeint/doc/html/images/callouts/10.png
-- Symlinking: /home/zhr/YOPO-ROS2/Controller/install/so3_quadrotor_simulator/include/ode/libs/numeric/odeint/doc/html/images/callouts/10.svg
-- Symlinking: /home/zhr/YOPO-ROS2/Controller/install/so3_quadrotor_simulator/include/ode/libs/numeric/odeint/doc/html/images/callouts/11.png
-- Symlinking: /home/zhr/YOPO-ROS2/Controller/install/so3_quadrotor_simulator/include/ode/libs/numeric/odeint/doc/html/images/callouts/11.svg
-- Symlinking: /home/zhr/YOPO-ROS2/Controller/install/so3_quadrotor_simulator/include/ode/libs/numeric/odeint/doc/html/images/callouts/12.png
-- Symlinking: /home/zhr/YOPO-ROS2/Controller/install/so3_quadrotor_simulator/include/ode/libs/numeric/odeint/doc/html/images/callouts/12.svg
-- Symlinking: /home/zhr/YOPO-ROS2/Controller/install/so3_quadrotor_simulator/include/ode/libs/numeric/odeint/doc/html/images/callouts/13.png
-- Symlinking: /home/zhr/YOPO-ROS2/Controller/install/so3_quadrotor_simulator/include/ode/libs/numeric/odeint/doc/html/images/callouts/13.svg
-- Symlinking: /home/zhr/YOPO-ROS2/Controller/install/so3_quadrotor_simulator/include/ode/libs/numeric/odeint/doc/html/images/callouts/14.png
-- Symlinking: /home/zhr/YOPO-ROS2/Controller/install/so3_quadrotor_simulator/include/ode/libs/numeric/odeint/doc/html/images/callouts/14.svg
-- Symlinking: /home/zhr/YOPO-ROS2/Controller/install/so3_quadrotor_simulator/include/ode/libs/numeric/odeint/doc/html/images/callouts/15.png
-- Symlinking: /home/zhr/YOPO-ROS2/Controller/install/so3_quadrotor_simulator/include/ode/libs/numeric/odeint/doc/html/images/callouts/15.svg
-- Symlinking: /home/zhr/YOPO-ROS2/Controller/install/so3_quadrotor_simulator/include/ode/libs/numeric/odeint/doc/html/images/callouts/16.svg
-- Symlinking: /home/zhr/YOPO-ROS2/Controller/install/so3_quadrotor_simulator/include/ode/libs/numeric/odeint/doc/html/images/callouts/17.svg
-- Symlinking: /home/zhr/YOPO-ROS2/Controller/install/so3_quadrotor_simulator/include/ode/libs/numeric/odeint/doc/html/images/callouts/18.svg
-- Symlinking: /home/zhr/YOPO-ROS2/Controller/install/so3_quadrotor_simulator/include/ode/libs/numeric/odeint/doc/html/images/callouts/19.svg
-- Symlinking: /home/zhr/YOPO-ROS2/Controller/install/so3_quadrotor_simulator/include/ode/libs/numeric/odeint/doc/html/images/callouts/2.png
-- Symlinking: /home/zhr/YOPO-ROS2/Controller/install/so3_quadrotor_simulator/include/ode/libs/numeric/odeint/doc/html/images/callouts/2.svg
-- Symlinking: /home/zhr/YOPO-ROS2/Controller/install/so3_quadrotor_simulator/include/ode/libs/numeric/odeint/doc/html/images/callouts/20.svg
-- Symlinking: /home/zhr/YOPO-ROS2/Controller/install/so3_quadrotor_simulator/include/ode/libs/numeric/odeint/doc/html/images/callouts/21.svg
-- Symlinking: /home/zhr/YOPO-ROS2/Controller/install/so3_quadrotor_simulator/include/ode/libs/numeric/odeint/doc/html/images/callouts/22.svg
-- Symlinking: /home/zhr/YOPO-ROS2/Controller/install/so3_quadrotor_simulator/include/ode/libs/numeric/odeint/doc/html/images/callouts/23.svg
-- Symlinking: /home/zhr/YOPO-ROS2/Controller/install/so3_quadrotor_simulator/include/ode/libs/numeric/odeint/doc/html/images/callouts/24.svg
-- Symlinking: /home/zhr/YOPO-ROS2/Controller/install/so3_quadrotor_simulator/include/ode/libs/numeric/odeint/doc/html/images/callouts/25.svg
-- Symlinking: /home/zhr/YOPO-ROS2/Controller/install/so3_quadrotor_simulator/include/ode/libs/numeric/odeint/doc/html/images/callouts/26.svg
-- Symlinking: /home/zhr/YOPO-ROS2/Controller/install/so3_quadrotor_simulator/include/ode/libs/numeric/odeint/doc/html/images/callouts/27.svg
-- Symlinking: /home/zhr/YOPO-ROS2/Controller/install/so3_quadrotor_simulator/include/ode/libs/numeric/odeint/doc/html/images/callouts/28.svg
-- Symlinking: /home/zhr/YOPO-ROS2/Controller/install/so3_quadrotor_simulator/include/ode/libs/numeric/odeint/doc/html/images/callouts/29.svg
-- Symlinking: /home/zhr/YOPO-ROS2/Controller/install/so3_quadrotor_simulator/include/ode/libs/numeric/odeint/doc/html/images/callouts/3.png
-- Symlinking: /home/zhr/YOPO-ROS2/Controller/install/so3_quadrotor_simulator/include/ode/libs/numeric/odeint/doc/html/images/callouts/3.svg
-- Symlinking: /home/zhr/YOPO-ROS2/Controller/install/so3_quadrotor_simulator/include/ode/libs/numeric/odeint/doc/html/images/callouts/30.svg
-- Symlinking: /home/zhr/YOPO-ROS2/Controller/install/so3_quadrotor_simulator/include/ode/libs/numeric/odeint/doc/html/images/callouts/4.png
-- Symlinking: /home/zhr/YOPO-ROS2/Controller/install/so3_quadrotor_simulator/include/ode/libs/numeric/odeint/doc/html/images/callouts/4.svg
-- Symlinking: /home/zhr/YOPO-ROS2/Controller/install/so3_quadrotor_simulator/include/ode/libs/numeric/odeint/doc/html/images/callouts/5.png
-- Symlinking: /home/zhr/YOPO-ROS2/Controller/install/so3_quadrotor_simulator/include/ode/libs/numeric/odeint/doc/html/images/callouts/5.svg
-- Symlinking: /home/zhr/YOPO-ROS2/Controller/install/so3_quadrotor_simulator/include/ode/libs/numeric/odeint/doc/html/images/callouts/6.png
-- Symlinking: /home/zhr/YOPO-ROS2/Controller/install/so3_quadrotor_simulator/include/ode/libs/numeric/odeint/doc/html/images/callouts/6.svg
-- Symlinking: /home/zhr/YOPO-ROS2/Controller/install/so3_quadrotor_simulator/include/ode/libs/numeric/odeint/doc/html/images/callouts/7.png
-- Symlinking: /home/zhr/YOPO-ROS2/Controller/install/so3_quadrotor_simulator/include/ode/libs/numeric/odeint/doc/html/images/callouts/7.svg
-- Symlinking: /home/zhr/YOPO-ROS2/Controller/install/so3_quadrotor_simulator/include/ode/libs/numeric/odeint/doc/html/images/callouts/8.png
-- Symlinking: /home/zhr/YOPO-ROS2/Controller/install/so3_quadrotor_simulator/include/ode/libs/numeric/odeint/doc/html/images/callouts/8.svg
-- Symlinking: /home/zhr/YOPO-ROS2/Controller/install/so3_quadrotor_simulator/include/ode/libs/numeric/odeint/doc/html/images/callouts/9.png
-- Symlinking: /home/zhr/YOPO-ROS2/Controller/install/so3_quadrotor_simulator/include/ode/libs/numeric/odeint/doc/html/images/callouts/9.svg
-- Symlinking: /home/zhr/YOPO-ROS2/Controller/install/so3_quadrotor_simulator/include/ode/libs/numeric/odeint/doc/html/images/caution.png
-- Symlinking: /home/zhr/YOPO-ROS2/Controller/install/so3_quadrotor_simulator/include/ode/libs/numeric/odeint/doc/html/images/caution.svg
-- Symlinking: /home/zhr/YOPO-ROS2/Controller/install/so3_quadrotor_simulator/include/ode/libs/numeric/odeint/doc/html/images/draft.png
-- Symlinking: /home/zhr/YOPO-ROS2/Controller/install/so3_quadrotor_simulator/include/ode/libs/numeric/odeint/doc/html/images/home.png
-- Symlinking: /home/zhr/YOPO-ROS2/Controller/install/so3_quadrotor_simulator/include/ode/libs/numeric/odeint/doc/html/images/home.svg
-- Symlinking: /home/zhr/YOPO-ROS2/Controller/install/so3_quadrotor_simulator/include/ode/libs/numeric/odeint/doc/html/images/important.png
-- Symlinking: /home/zhr/YOPO-ROS2/Controller/install/so3_quadrotor_simulator/include/ode/libs/numeric/odeint/doc/html/images/important.svg
-- Symlinking: /home/zhr/YOPO-ROS2/Controller/install/so3_quadrotor_simulator/include/ode/libs/numeric/odeint/doc/html/images/next.png
-- Symlinking: /home/zhr/YOPO-ROS2/Controller/install/so3_quadrotor_simulator/include/ode/libs/numeric/odeint/doc/html/images/next.svg
-- Symlinking: /home/zhr/YOPO-ROS2/Controller/install/so3_quadrotor_simulator/include/ode/libs/numeric/odeint/doc/html/images/next_disabled.png
-- Symlinking: /home/zhr/YOPO-ROS2/Controller/install/so3_quadrotor_simulator/include/ode/libs/numeric/odeint/doc/html/images/note.png
-- Symlinking: /home/zhr/YOPO-ROS2/Controller/install/so3_quadrotor_simulator/include/ode/libs/numeric/odeint/doc/html/images/note.svg
-- Symlinking: /home/zhr/YOPO-ROS2/Controller/install/so3_quadrotor_simulator/include/ode/libs/numeric/odeint/doc/html/images/prev.png
-- Symlinking: /home/zhr/YOPO-ROS2/Controller/install/so3_quadrotor_simulator/include/ode/libs/numeric/odeint/doc/html/images/prev.svg
-- Symlinking: /home/zhr/YOPO-ROS2/Controller/install/so3_quadrotor_simulator/include/ode/libs/numeric/odeint/doc/html/images/prev_disabled.png
-- Symlinking: /home/zhr/YOPO-ROS2/Controller/install/so3_quadrotor_simulator/include/ode/libs/numeric/odeint/doc/html/images/smiley.png
-- Symlinking: /home/zhr/YOPO-ROS2/Controller/install/so3_quadrotor_simulator/include/ode/libs/numeric/odeint/doc/html/images/tip.png
-- Symlinking: /home/zhr/YOPO-ROS2/Controller/install/so3_quadrotor_simulator/include/ode/libs/numeric/odeint/doc/html/images/tip.svg
-- Symlinking: /home/zhr/YOPO-ROS2/Controller/install/so3_quadrotor_simulator/include/ode/libs/numeric/odeint/doc/html/images/toc-blank.png
-- Symlinking: /home/zhr/YOPO-ROS2/Controller/install/so3_quadrotor_simulator/include/ode/libs/numeric/odeint/doc/html/images/toc-minus.png
-- Symlinking: /home/zhr/YOPO-ROS2/Controller/install/so3_quadrotor_simulator/include/ode/libs/numeric/odeint/doc/html/images/toc-plus.png
-- Symlinking: /home/zhr/YOPO-ROS2/Controller/install/so3_quadrotor_simulator/include/ode/libs/numeric/odeint/doc/html/images/up.png
-- Symlinking: /home/zhr/YOPO-ROS2/Controller/install/so3_quadrotor_simulator/include/ode/libs/numeric/odeint/doc/html/images/up.svg
-- Symlinking: /home/zhr/YOPO-ROS2/Controller/install/so3_quadrotor_simulator/include/ode/libs/numeric/odeint/doc/html/images/up_disabled.png
-- Symlinking: /home/zhr/YOPO-ROS2/Controller/install/so3_quadrotor_simulator/include/ode/libs/numeric/odeint/doc/html/images/warning.png
-- Symlinking: /home/zhr/YOPO-ROS2/Controller/install/so3_quadrotor_simulator/include/ode/libs/numeric/odeint/doc/html/images/warning.svg
-- Symlinking: /home/zhr/YOPO-ROS2/Controller/install/so3_quadrotor_simulator/include/ode/libs/numeric/odeint/doc/html/logo.jpg
-- Symlinking: /home/zhr/YOPO-ROS2/Controller/install/so3_quadrotor_simulator/include/ode/libs/numeric/odeint/doc/html/phase_lattice_2d_0000.jpg
-- Symlinking: /home/zhr/YOPO-ROS2/Controller/install/so3_quadrotor_simulator/include/ode/libs/numeric/odeint/doc/html/phase_lattice_2d_0100.jpg
-- Symlinking: /home/zhr/YOPO-ROS2/Controller/install/so3_quadrotor_simulator/include/ode/libs/numeric/odeint/doc/html/phase_lattice_2d_1000.jpg
-- Symlinking: /home/zhr/YOPO-ROS2/Controller/install/so3_quadrotor_simulator/include/ode/libs/numeric/odeint/doc/html/solar_system.jpg
-- Symlinking: /home/zhr/YOPO-ROS2/Controller/install/so3_quadrotor_simulator/include/ode/libs/numeric/odeint/doc/literature.qbk
-- Symlinking: /home/zhr/YOPO-ROS2/Controller/install/so3_quadrotor_simulator/include/ode/libs/numeric/odeint/doc/make_controlled_table.qbk
-- Symlinking: /home/zhr/YOPO-ROS2/Controller/install/so3_quadrotor_simulator/include/ode/libs/numeric/odeint/doc/make_dense_output_table.qbk
-- Symlinking: /home/zhr/YOPO-ROS2/Controller/install/so3_quadrotor_simulator/include/ode/libs/numeric/odeint/doc/odeint.idx
-- Symlinking: /home/zhr/YOPO-ROS2/Controller/install/so3_quadrotor_simulator/include/ode/libs/numeric/odeint/doc/odeint.qbk
-- Symlinking: /home/zhr/YOPO-ROS2/Controller/install/so3_quadrotor_simulator/include/ode/libs/numeric/odeint/doc/range_table.qbk
-- Symlinking: /home/zhr/YOPO-ROS2/Controller/install/so3_quadrotor_simulator/include/ode/libs/numeric/odeint/doc/stepper_table.qbk
-- Symlinking: /home/zhr/YOPO-ROS2/Controller/install/so3_quadrotor_simulator/include/ode/libs/numeric/odeint/doc/tutorial.qbk
-- Symlinking: /home/zhr/YOPO-ROS2/Controller/install/so3_quadrotor_simulator/include/ode/libs/numeric/odeint/doc/tutorial_chaotic_system.qbk
-- Symlinking: /home/zhr/YOPO-ROS2/Controller/install/so3_quadrotor_simulator/include/ode/libs/numeric/odeint/doc/tutorial_harmonic_oscillator.qbk
-- Symlinking: /home/zhr/YOPO-ROS2/Controller/install/so3_quadrotor_simulator/include/ode/libs/numeric/odeint/doc/tutorial_solar_system.qbk
-- Symlinking: /home/zhr/YOPO-ROS2/Controller/install/so3_quadrotor_simulator/include/ode/libs/numeric/odeint/doc/tutorial_special_topics.qbk
-- Symlinking: /home/zhr/YOPO-ROS2/Controller/install/so3_quadrotor_simulator/include/ode/libs/numeric/odeint/doc/tutorial_stiff_systems.qbk
-- Symlinking: /home/zhr/YOPO-ROS2/Controller/install/so3_quadrotor_simulator/include/ode/libs/numeric/odeint/doc/tutorial_thrust_cuda.qbk
-- Symlinking: /home/zhr/YOPO-ROS2/Controller/install/so3_quadrotor_simulator/include/ode/libs/numeric/odeint/doc/tutorial_vexcl_opencl.qbk
-- Symlinking: /home/zhr/YOPO-ROS2/Controller/install/so3_quadrotor_simulator/include/ode/libs/numeric/odeint/examples/2d_lattice/Jamfile.v2
-- Symlinking: /home/zhr/YOPO-ROS2/Controller/install/so3_quadrotor_simulator/include/ode/libs/numeric/odeint/examples/2d_lattice/lattice2d.hpp
-- Symlinking: /home/zhr/YOPO-ROS2/Controller/install/so3_quadrotor_simulator/include/ode/libs/numeric/odeint/examples/2d_lattice/nested_range_algebra.hpp
-- Symlinking: /home/zhr/YOPO-ROS2/Controller/install/so3_quadrotor_simulator/include/ode/libs/numeric/odeint/examples/2d_lattice/spreading.cpp
-- Symlinking: /home/zhr/YOPO-ROS2/Controller/install/so3_quadrotor_simulator/include/ode/libs/numeric/odeint/examples/2d_lattice/vector_vector_resize.hpp
-- Symlinking: /home/zhr/YOPO-ROS2/Controller/install/so3_quadrotor_simulator/include/ode/libs/numeric/odeint/examples/Jamfile.v2
-- Symlinking: /home/zhr/YOPO-ROS2/Controller/install/so3_quadrotor_simulator/include/ode/libs/numeric/odeint/examples/bind_member_functions.cpp
-- Symlinking: /home/zhr/YOPO-ROS2/Controller/install/so3_quadrotor_simulator/include/ode/libs/numeric/odeint/examples/bind_member_functions_cpp11.cpp
-- Symlinking: /home/zhr/YOPO-ROS2/Controller/install/so3_quadrotor_simulator/include/ode/libs/numeric/odeint/examples/bulirsch_stoer.cpp
-- Symlinking: /home/zhr/YOPO-ROS2/Controller/install/so3_quadrotor_simulator/include/ode/libs/numeric/odeint/examples/chaotic_system.cpp
-- Symlinking: /home/zhr/YOPO-ROS2/Controller/install/so3_quadrotor_simulator/include/ode/libs/numeric/odeint/examples/elliptic.py
-- Symlinking: /home/zhr/YOPO-ROS2/Controller/install/so3_quadrotor_simulator/include/ode/libs/numeric/odeint/examples/elliptic_functions.cpp
-- Symlinking: /home/zhr/YOPO-ROS2/Controller/install/so3_quadrotor_simulator/include/ode/libs/numeric/odeint/examples/fpu.cpp
-- Symlinking: /home/zhr/YOPO-ROS2/Controller/install/so3_quadrotor_simulator/include/ode/libs/numeric/odeint/examples/generation_functions.cpp
-- Symlinking: /home/zhr/YOPO-ROS2/Controller/install/so3_quadrotor_simulator/include/ode/libs/numeric/odeint/examples/gmpxx/lorenz_gmpxx.cpp
-- Symlinking: /home/zhr/YOPO-ROS2/Controller/install/so3_quadrotor_simulator/include/ode/libs/numeric/odeint/examples/gram_schmidt.hpp
-- Symlinking: /home/zhr/YOPO-ROS2/Controller/install/so3_quadrotor_simulator/include/ode/libs/numeric/odeint/examples/harmonic_oscillator.cpp
-- Symlinking: /home/zhr/YOPO-ROS2/Controller/install/so3_quadrotor_simulator/include/ode/libs/numeric/odeint/examples/harmonic_oscillator_units.cpp
-- Symlinking: /home/zhr/YOPO-ROS2/Controller/install/so3_quadrotor_simulator/include/ode/libs/numeric/odeint/examples/heun.cpp
-- Symlinking: /home/zhr/YOPO-ROS2/Controller/install/so3_quadrotor_simulator/include/ode/libs/numeric/odeint/examples/list_lattice.cpp
-- Symlinking: /home/zhr/YOPO-ROS2/Controller/install/so3_quadrotor_simulator/include/ode/libs/numeric/odeint/examples/lorenz_point.cpp
-- Symlinking: /home/zhr/YOPO-ROS2/Controller/install/so3_quadrotor_simulator/include/ode/libs/numeric/odeint/examples/mtl/Jamfile.v2
-- Symlinking: /home/zhr/YOPO-ROS2/Controller/install/so3_quadrotor_simulator/include/ode/libs/numeric/odeint/examples/mtl/gauss_packet.cpp
-- Symlinking: /home/zhr/YOPO-ROS2/Controller/install/so3_quadrotor_simulator/include/ode/libs/numeric/odeint/examples/mtl/implicit_euler_mtl.cpp
-- Symlinking: /home/zhr/YOPO-ROS2/Controller/install/so3_quadrotor_simulator/include/ode/libs/numeric/odeint/examples/my_vector.cpp
-- Symlinking: /home/zhr/YOPO-ROS2/Controller/install/so3_quadrotor_simulator/include/ode/libs/numeric/odeint/examples/phase_oscillator_ensemble.cpp
-- Symlinking: /home/zhr/YOPO-ROS2/Controller/install/so3_quadrotor_simulator/include/ode/libs/numeric/odeint/examples/point_type.hpp
-- Symlinking: /home/zhr/YOPO-ROS2/Controller/install/so3_quadrotor_simulator/include/ode/libs/numeric/odeint/examples/quadmath/Jamfile.v2
-- Symlinking: /home/zhr/YOPO-ROS2/Controller/install/so3_quadrotor_simulator/include/ode/libs/numeric/odeint/examples/quadmath/black_hole.cpp
-- Symlinking: /home/zhr/YOPO-ROS2/Controller/install/so3_quadrotor_simulator/include/ode/libs/numeric/odeint/examples/resizing_lattice.cpp
-- Symlinking: /home/zhr/YOPO-ROS2/Controller/install/so3_quadrotor_simulator/include/ode/libs/numeric/odeint/examples/simple1d.cpp
-- Symlinking: /home/zhr/YOPO-ROS2/Controller/install/so3_quadrotor_simulator/include/ode/libs/numeric/odeint/examples/solar_system.agr
-- Symlinking: /home/zhr/YOPO-ROS2/Controller/install/so3_quadrotor_simulator/include/ode/libs/numeric/odeint/examples/solar_system.cpp
-- Symlinking: /home/zhr/YOPO-ROS2/Controller/install/so3_quadrotor_simulator/include/ode/libs/numeric/odeint/examples/stepper_details.cpp
-- Symlinking: /home/zhr/YOPO-ROS2/Controller/install/so3_quadrotor_simulator/include/ode/libs/numeric/odeint/examples/stiff_system.cpp
-- Symlinking: /home/zhr/YOPO-ROS2/Controller/install/so3_quadrotor_simulator/include/ode/libs/numeric/odeint/examples/stochastic_euler.cpp
-- Symlinking: /home/zhr/YOPO-ROS2/Controller/install/so3_quadrotor_simulator/include/ode/libs/numeric/odeint/examples/stuart_landau.cpp
-- Symlinking: /home/zhr/YOPO-ROS2/Controller/install/so3_quadrotor_simulator/include/ode/libs/numeric/odeint/examples/thrust/Makefile
-- Symlinking: /home/zhr/YOPO-ROS2/Controller/install/so3_quadrotor_simulator/include/ode/libs/numeric/odeint/examples/thrust/lorenz_parameters.cu
-- Symlinking: /home/zhr/YOPO-ROS2/Controller/install/so3_quadrotor_simulator/include/ode/libs/numeric/odeint/examples/thrust/phase_oscillator_chain.cu
-- Symlinking: /home/zhr/YOPO-ROS2/Controller/install/so3_quadrotor_simulator/include/ode/libs/numeric/odeint/examples/thrust/phase_oscillator_ensemble.cu
-- Symlinking: /home/zhr/YOPO-ROS2/Controller/install/so3_quadrotor_simulator/include/ode/libs/numeric/odeint/examples/thrust/relaxation.cu
-- Symlinking: /home/zhr/YOPO-ROS2/Controller/install/so3_quadrotor_simulator/include/ode/libs/numeric/odeint/examples/two_dimensional_phase_lattice.cpp
-- Symlinking: /home/zhr/YOPO-ROS2/Controller/install/so3_quadrotor_simulator/include/ode/libs/numeric/odeint/examples/ublas/Jamfile.v2
-- Symlinking: /home/zhr/YOPO-ROS2/Controller/install/so3_quadrotor_simulator/include/ode/libs/numeric/odeint/examples/ublas/lorenz_ublas.cpp
-- Symlinking: /home/zhr/YOPO-ROS2/Controller/install/so3_quadrotor_simulator/include/ode/libs/numeric/odeint/examples/van_der_pol_stiff.cpp
-- Symlinking: /home/zhr/YOPO-ROS2/Controller/install/so3_quadrotor_simulator/include/ode/libs/numeric/odeint/examples/vexcl/Jamfile.v2
-- Symlinking: /home/zhr/YOPO-ROS2/Controller/install/so3_quadrotor_simulator/include/ode/libs/numeric/odeint/examples/vexcl/lorenz_ensemble.cpp
-- Symlinking: /home/zhr/YOPO-ROS2/Controller/install/so3_quadrotor_simulator/include/ode/libs/numeric/odeint/index.html
-- Symlinking: /home/zhr/YOPO-ROS2/Controller/install/so3_quadrotor_simulator/include/ode/libs/numeric/odeint/performance/Jamfile.v2
-- Symlinking: /home/zhr/YOPO-ROS2/Controller/install/so3_quadrotor_simulator/include/ode/libs/numeric/odeint/performance/fusion_algebra.hpp
-- Symlinking: /home/zhr/YOPO-ROS2/Controller/install/so3_quadrotor_simulator/include/ode/libs/numeric/odeint/performance/fusion_explicit_error_rk.hpp
-- Symlinking: /home/zhr/YOPO-ROS2/Controller/install/so3_quadrotor_simulator/include/ode/libs/numeric/odeint/performance/fusion_explicit_rk_new.hpp
-- Symlinking: /home/zhr/YOPO-ROS2/Controller/install/so3_quadrotor_simulator/include/ode/libs/numeric/odeint/performance/generic_odeint_rk4_lorenz.cpp
-- Symlinking: /home/zhr/YOPO-ROS2/Controller/install/so3_quadrotor_simulator/include/ode/libs/numeric/odeint/performance/gsl_rk4_lorenz.cpp
-- Symlinking: /home/zhr/YOPO-ROS2/Controller/install/so3_quadrotor_simulator/include/ode/libs/numeric/odeint/performance/lorenz.hpp
-- Symlinking: /home/zhr/YOPO-ROS2/Controller/install/so3_quadrotor_simulator/include/ode/libs/numeric/odeint/performance/lorenz_gsl.hpp
-- Symlinking: /home/zhr/YOPO-ROS2/Controller/install/so3_quadrotor_simulator/include/ode/libs/numeric/odeint/performance/nr_rk4_lorenz.cpp
-- Symlinking: /home/zhr/YOPO-ROS2/Controller/install/so3_quadrotor_simulator/include/ode/libs/numeric/odeint/performance/nr_rk4_phase_lattice.cpp
-- Symlinking: /home/zhr/YOPO-ROS2/Controller/install/so3_quadrotor_simulator/include/ode/libs/numeric/odeint/performance/odeint_rk4_lorenz_array.cpp
-- Symlinking: /home/zhr/YOPO-ROS2/Controller/install/so3_quadrotor_simulator/include/ode/libs/numeric/odeint/performance/odeint_rk4_lorenz_range.cpp
-- Symlinking: /home/zhr/YOPO-ROS2/Controller/install/so3_quadrotor_simulator/include/ode/libs/numeric/odeint/performance/odeint_rk4_phase_lattice.cpp
-- Symlinking: /home/zhr/YOPO-ROS2/Controller/install/so3_quadrotor_simulator/include/ode/libs/numeric/odeint/performance/odeint_rk4_phase_lattice_mkl.cpp
-- Symlinking: /home/zhr/YOPO-ROS2/Controller/install/so3_quadrotor_simulator/include/ode/libs/numeric/odeint/performance/performance.py
-- Symlinking: /home/zhr/YOPO-ROS2/Controller/install/so3_quadrotor_simulator/include/ode/libs/numeric/odeint/performance/phase_lattice.hpp
-- Symlinking: /home/zhr/YOPO-ROS2/Controller/install/so3_quadrotor_simulator/include/ode/libs/numeric/odeint/performance/phase_lattice_mkl.hpp
-- Symlinking: /home/zhr/YOPO-ROS2/Controller/install/so3_quadrotor_simulator/include/ode/libs/numeric/odeint/performance/plot_result.py
-- Symlinking: /home/zhr/YOPO-ROS2/Controller/install/so3_quadrotor_simulator/include/ode/libs/numeric/odeint/performance/rk4_lorenz.f
-- Symlinking: /home/zhr/YOPO-ROS2/Controller/install/so3_quadrotor_simulator/include/ode/libs/numeric/odeint/performance/rk_performance_test_case.hpp
-- Symlinking: /home/zhr/YOPO-ROS2/Controller/install/so3_quadrotor_simulator/include/ode/libs/numeric/odeint/performance/rt_algebra.hpp
-- Symlinking: /home/zhr/YOPO-ROS2/Controller/install/so3_quadrotor_simulator/include/ode/libs/numeric/odeint/performance/rt_explicit_rk.hpp
-- Symlinking: /home/zhr/YOPO-ROS2/Controller/install/so3_quadrotor_simulator/include/ode/libs/numeric/odeint/performance/rt_generic_rk4_lorenz.cpp
-- Symlinking: /home/zhr/YOPO-ROS2/Controller/install/so3_quadrotor_simulator/include/ode/libs/numeric/odeint/performance/rt_generic_rk4_phase_lattice.cpp
-- Symlinking: /home/zhr/YOPO-ROS2/Controller/install/so3_quadrotor_simulator/include/ode/libs/numeric/odeint/test/Jamfile.v2
-- Symlinking: /home/zhr/YOPO-ROS2/Controller/install/so3_quadrotor_simulator/include/ode/libs/numeric/odeint/test/adams_bashforth.cpp
-- Symlinking: /home/zhr/YOPO-ROS2/Controller/install/so3_quadrotor_simulator/include/ode/libs/numeric/odeint/test/adams_bashforth_moulton.cpp
-- Symlinking: /home/zhr/YOPO-ROS2/Controller/install/so3_quadrotor_simulator/include/ode/libs/numeric/odeint/test/adams_moulton.cpp
-- Symlinking: /home/zhr/YOPO-ROS2/Controller/install/so3_quadrotor_simulator/include/ode/libs/numeric/odeint/test/boost_units_helpers.hpp
-- Symlinking: /home/zhr/YOPO-ROS2/Controller/install/so3_quadrotor_simulator/include/ode/libs/numeric/odeint/test/bulirsch_stoer.cpp
-- Symlinking: /home/zhr/YOPO-ROS2/Controller/install/so3_quadrotor_simulator/include/ode/libs/numeric/odeint/test/const_range.hpp
-- Symlinking: /home/zhr/YOPO-ROS2/Controller/install/so3_quadrotor_simulator/include/ode/libs/numeric/odeint/test/default_operations.cpp
-- Symlinking: /home/zhr/YOPO-ROS2/Controller/install/so3_quadrotor_simulator/include/ode/libs/numeric/odeint/test/diagnostic_state_type.hpp
-- Symlinking: /home/zhr/YOPO-ROS2/Controller/install/so3_quadrotor_simulator/include/ode/libs/numeric/odeint/test/dummy_odes.hpp
-- Symlinking: /home/zhr/YOPO-ROS2/Controller/install/so3_quadrotor_simulator/include/ode/libs/numeric/odeint/test/dummy_steppers.hpp
-- Symlinking: /home/zhr/YOPO-ROS2/Controller/install/so3_quadrotor_simulator/include/ode/libs/numeric/odeint/test/euler_stepper.cpp
-- Symlinking: /home/zhr/YOPO-ROS2/Controller/install/so3_quadrotor_simulator/include/ode/libs/numeric/odeint/test/fusion_algebra.cpp
-- Symlinking: /home/zhr/YOPO-ROS2/Controller/install/so3_quadrotor_simulator/include/ode/libs/numeric/odeint/test/generation.cpp
-- Symlinking: /home/zhr/YOPO-ROS2/Controller/install/so3_quadrotor_simulator/include/ode/libs/numeric/odeint/test/generic_error_stepper.cpp
-- Symlinking: /home/zhr/YOPO-ROS2/Controller/install/so3_quadrotor_simulator/include/ode/libs/numeric/odeint/test/generic_stepper.cpp
-- Symlinking: /home/zhr/YOPO-ROS2/Controller/install/so3_quadrotor_simulator/include/ode/libs/numeric/odeint/test/implicit_euler.cpp
-- Symlinking: /home/zhr/YOPO-ROS2/Controller/install/so3_quadrotor_simulator/include/ode/libs/numeric/odeint/test/integrate.cpp
-- Symlinking: /home/zhr/YOPO-ROS2/Controller/install/so3_quadrotor_simulator/include/ode/libs/numeric/odeint/test/integrate_implicit.cpp
-- Symlinking: /home/zhr/YOPO-ROS2/Controller/install/so3_quadrotor_simulator/include/ode/libs/numeric/odeint/test/integrate_times.cpp
-- Symlinking: /home/zhr/YOPO-ROS2/Controller/install/so3_quadrotor_simulator/include/ode/libs/numeric/odeint/test/is_pair.cpp
-- Symlinking: /home/zhr/YOPO-ROS2/Controller/install/so3_quadrotor_simulator/include/ode/libs/numeric/odeint/test/is_resizeable.cpp
-- Symlinking: /home/zhr/YOPO-ROS2/Controller/install/so3_quadrotor_simulator/include/ode/libs/numeric/odeint/test/numeric/Jamfile.v2
-- Symlinking: /home/zhr/YOPO-ROS2/Controller/install/so3_quadrotor_simulator/include/ode/libs/numeric/odeint/test/numeric/rosenbrock.cpp
-- Symlinking: /home/zhr/YOPO-ROS2/Controller/install/so3_quadrotor_simulator/include/ode/libs/numeric/odeint/test/numeric/runge_kutta.cpp
-- Symlinking: /home/zhr/YOPO-ROS2/Controller/install/so3_quadrotor_simulator/include/ode/libs/numeric/odeint/test/numeric/symplectic.cpp
-- Symlinking: /home/zhr/YOPO-ROS2/Controller/install/so3_quadrotor_simulator/include/ode/libs/numeric/odeint/test/prepare_stepper_testing.hpp
-- Symlinking: /home/zhr/YOPO-ROS2/Controller/install/so3_quadrotor_simulator/include/ode/libs/numeric/odeint/test/range_algebra.cpp
-- Symlinking: /home/zhr/YOPO-ROS2/Controller/install/so3_quadrotor_simulator/include/ode/libs/numeric/odeint/test/resize.cpp
-- Symlinking: /home/zhr/YOPO-ROS2/Controller/install/so3_quadrotor_simulator/include/ode/libs/numeric/odeint/test/resizing.cpp
-- Symlinking: /home/zhr/YOPO-ROS2/Controller/install/so3_quadrotor_simulator/include/ode/libs/numeric/odeint/test/rosenbrock4.cpp
-- Symlinking: /home/zhr/YOPO-ROS2/Controller/install/so3_quadrotor_simulator/include/ode/libs/numeric/odeint/test/runge_kutta_concepts.cpp
-- Symlinking: /home/zhr/YOPO-ROS2/Controller/install/so3_quadrotor_simulator/include/ode/libs/numeric/odeint/test/runge_kutta_controlled_concepts.cpp
-- Symlinking: /home/zhr/YOPO-ROS2/Controller/install/so3_quadrotor_simulator/include/ode/libs/numeric/odeint/test/runge_kutta_error_concepts.cpp
-- Symlinking: /home/zhr/YOPO-ROS2/Controller/install/so3_quadrotor_simulator/include/ode/libs/numeric/odeint/test/same_size.cpp
-- Symlinking: /home/zhr/YOPO-ROS2/Controller/install/so3_quadrotor_simulator/include/ode/libs/numeric/odeint/test/stepper_copying.cpp
-- Symlinking: /home/zhr/YOPO-ROS2/Controller/install/so3_quadrotor_simulator/include/ode/libs/numeric/odeint/test/stepper_with_ranges.cpp
-- Symlinking: /home/zhr/YOPO-ROS2/Controller/install/so3_quadrotor_simulator/include/ode/libs/numeric/odeint/test/stepper_with_units.cpp
-- Symlinking: /home/zhr/YOPO-ROS2/Controller/install/so3_quadrotor_simulator/include/ode/libs/numeric/odeint/test/symplectic_steppers.cpp
-- Symlinking: /home/zhr/YOPO-ROS2/Controller/install/so3_quadrotor_simulator/include/ode/libs/numeric/odeint/test/trivial_state.cpp
-- Symlinking: /home/zhr/YOPO-ROS2/Controller/install/so3_quadrotor_simulator/include/ode/libs/numeric/odeint/test/vector_space_1d.hpp
-- Symlinking: /home/zhr/YOPO-ROS2/Controller/install/so3_quadrotor_simulator/include/ode/libs/numeric/odeint/test_external/gmp/Jamfile.v2
-- Symlinking: /home/zhr/YOPO-ROS2/Controller/install/so3_quadrotor_simulator/include/ode/libs/numeric/odeint/test_external/gmp/check_gmp.cpp
-- Symlinking: /home/zhr/YOPO-ROS2/Controller/install/so3_quadrotor_simulator/include/ode/libs/numeric/odeint/test_external/gmp/gmp_integrate.cpp
-- Symlinking: /home/zhr/YOPO-ROS2/Controller/install/so3_quadrotor_simulator/include/ode/libs/numeric/odeint/test_external/gsl/Jamfile.v2
-- Symlinking: /home/zhr/YOPO-ROS2/Controller/install/so3_quadrotor_simulator/include/ode/libs/numeric/odeint/test_external/gsl/check_gsl.cpp
-- Symlinking: /home/zhr/YOPO-ROS2/Controller/install/so3_quadrotor_simulator/include/ode/libs/numeric/odeint/test_external/mkl/Jamfile.v2
-- Symlinking: /home/zhr/YOPO-ROS2/Controller/install/so3_quadrotor_simulator/include/ode/libs/numeric/odeint/test_external/mkl/check_mkl.cpp
-- Symlinking: /home/zhr/YOPO-ROS2/Controller/install/so3_quadrotor_simulator/include/ode/libs/numeric/odeint/test_external/mtl4/Jamfile.v2
-- Symlinking: /home/zhr/YOPO-ROS2/Controller/install/so3_quadrotor_simulator/include/ode/libs/numeric/odeint/test_external/mtl4/mtl4_resize.cpp
-- Symlinking: /home/zhr/YOPO-ROS2/Controller/install/so3_quadrotor_simulator/include/ode/libs/numeric/odeint/test_external/thrust/Makefile
-- Symlinking: /home/zhr/YOPO-ROS2/Controller/install/so3_quadrotor_simulator/include/ode/libs/numeric/odeint/test_external/thrust/check_thrust.cu
-- Symlinking: /home/zhr/YOPO-ROS2/Controller/install/so3_quadrotor_simulator/include/ode/libs/numeric/odeint/test_external/vexcl/Jamfile.v2
-- Symlinking: /home/zhr/YOPO-ROS2/Controller/install/so3_quadrotor_simulator/include/ode/libs/numeric/odeint/test_external/vexcl/lorenz.cpp
-- Symlinking: /home/zhr/YOPO-ROS2/Controller/install/so3_quadrotor_simulator/include/quadrotor_simulator/Quadrotor.h
-- Symlinking: /home/zhr/YOPO-ROS2/Controller/install/so3_quadrotor_simulator/share/so3_quadrotor_simulator/config/rviz.rviz
-- Symlinking: /home/zhr/YOPO-ROS2/Controller/install/so3_quadrotor_simulator/share/so3_quadrotor_simulator/config/uav.dae
-- Symlinking: /home/zhr/YOPO-ROS2/Controller/install/so3_quadrotor_simulator/share/so3_quadrotor_simulator/launch/simulator_attitude_control.launch
-- Symlinking: /home/zhr/YOPO-ROS2/Controller/install/so3_quadrotor_simulator/share/so3_quadrotor_simulator/launch/simulator_attitude_control.launch.py
-- Symlinking: /home/zhr/YOPO-ROS2/Controller/install/so3_quadrotor_simulator/share/so3_quadrotor_simulator/launch/simulator_position_control.launch
-- Symlinking: /home/zhr/YOPO-ROS2/Controller/install/so3_quadrotor_simulator/share/so3_quadrotor_simulator/launch/simulator_position_control.launch.py
-- Symlinking: /home/zhr/YOPO-ROS2/Controller/install/so3_quadrotor_simulator/share/so3_quadrotor_simulator/environment/library_path.sh
-- Symlinking: /home/zhr/YOPO-ROS2/Controller/install/so3_quadrotor_simulator/share/so3_quadrotor_simulator/environment/library_path.dsv
-- Symlinking: /home/zhr/YOPO-ROS2/Controller/install/so3_quadrotor_simulator/share/ament_index/resource_index/package_run_dependencies/so3_quadrotor_simulator
-- Symlinking: /home/zhr/YOPO-ROS2/Controller/install/so3_quadrotor_simulator/share/ament_index/resource_index/parent_prefix_path/so3_quadrotor_simulator
-- Symlinking: /home/zhr/YOPO-ROS2/Controller/install/so3_quadrotor_simulator/share/so3_quadrotor_simulator/environment/ament_prefix_path.sh
-- Symlinking: /home/zhr/YOPO-ROS2/Controller/install/so3_quadrotor_simulator/share/so3_quadrotor_simulator/environment/ament_prefix_path.dsv
-- Symlinking: /home/zhr/YOPO-ROS2/Controller/install/so3_quadrotor_simulator/share/so3_quadrotor_simulator/environment/path.sh
-- Symlinking: /home/zhr/YOPO-ROS2/Controller/install/so3_quadrotor_simulator/share/so3_quadrotor_simulator/environment/path.dsv
-- Symlinking: /home/zhr/YOPO-ROS2/Controller/install/so3_quadrotor_simulator/share/so3_quadrotor_simulator/local_setup.bash
-- Symlinking: /home/zhr/YOPO-ROS2/Controller/install/so3_quadrotor_simulator/share/so3_quadrotor_simulator/local_setup.sh
-- Symlinking: /home/zhr/YOPO-ROS2/Controller/install/so3_quadrotor_simulator/share/so3_quadrotor_simulator/local_setup.zsh
-- Symlinking: /home/zhr/YOPO-ROS2/Controller/install/so3_quadrotor_simulator/share/so3_quadrotor_simulator/local_setup.dsv
-- Symlinking: /home/zhr/YOPO-ROS2/Controller/install/so3_quadrotor_simulator/share/so3_quadrotor_simulator/package.dsv
-- Symlinking: /home/zhr/YOPO-ROS2/Controller/install/so3_quadrotor_simulator/share/ament_index/resource_index/packages/so3_quadrotor_simulator
-- Symlinking: /home/zhr/YOPO-ROS2/Controller/install/so3_quadrotor_simulator/share/so3_quadrotor_simulator/cmake/ament_cmake_export_dependencies-extras.cmake
-- Symlinking: /home/zhr/YOPO-ROS2/Controller/install/so3_quadrotor_simulator/share/so3_quadrotor_simulator/cmake/ament_cmake_export_include_directories-extras.cmake
-- Symlinking: /home/zhr/YOPO-ROS2/Controller/install/so3_quadrotor_simulator/share/so3_quadrotor_simulator/cmake/ament_cmake_export_libraries-extras.cmake
-- Symlinking: /home/zhr/YOPO-ROS2/Controller/install/so3_quadrotor_simulator/share/so3_quadrotor_simulator/cmake/so3_quadrotor_simulatorConfig.cmake
-- Symlinking: /home/zhr/YOPO-ROS2/Controller/install/so3_quadrotor_simulator/share/so3_quadrotor_simulator/cmake/so3_quadrotor_simulatorConfig-version.cmake
-- Symlinking: /home/zhr/YOPO-ROS2/Controller/install/so3_quadrotor_simulator/share/so3_quadrotor_simulator/package.xml
