[0.008s] Invoking command in '/home/zhr/YOPO-ROS2/Controller/build/so3_quadrotor_simulator': AMENT_PREFIX_PATH=/home/zhr/YOPO-ROS2/Controller/install/uav_utils:/home/zhr/YOPO-ROS2/Controller/install/quadrotor_msgs:/home/zhr/YOPO-ROS2/Controller/install/cmake_utils:${AMENT_PREFIX_PATH} CMAKE_PREFIX_PATH=/home/zhr/YOPO-ROS2/Controller/install/uav_utils:/home/zhr/YOPO-ROS2/Controller/install/quadrotor_msgs:/home/zhr/YOPO-ROS2/Controller/install/cmake_utils:/opt/ros/jazzy/opt/gz_math_vendor:/opt/ros/jazzy/opt/gz_utils_vendor:/opt/ros/jazzy/opt/gz_cmake_vendor:/opt/ros/jazzy CONDA_PROMPT_MODIFIER=(base) DEBUGINFOD_URLS=https://debuginfod.ubuntu.com LD_LIBRARY_PATH=/home/zhr/YOPO-ROS2/Controller/install/uav_utils/lib:/home/zhr/YOPO-ROS2/Controller/install/quadrotor_msgs/lib:${LD_LIBRARY_PATH} PYTHONPATH=/home/zhr/YOPO-ROS2/Controller/install/quadrotor_msgs/lib/python3.12/site-packages:${PYTHONPATH} /usr/bin/cmake --build /home/zhr/YOPO-ROS2/Controller/build/so3_quadrotor_simulator -- -j32 -l32
[0.039s] [ 50%] Built target quadrotor_dynamics
[0.054s] [100%] Built target quadrotor_simulator_so3
[0.059s] Invoked command in '/home/zhr/YOPO-ROS2/Controller/build/so3_quadrotor_simulator' returned '0': AMENT_PREFIX_PATH=/home/zhr/YOPO-ROS2/Controller/install/uav_utils:/home/zhr/YOPO-ROS2/Controller/install/quadrotor_msgs:/home/zhr/YOPO-ROS2/Controller/install/cmake_utils:${AMENT_PREFIX_PATH} CMAKE_PREFIX_PATH=/home/zhr/YOPO-ROS2/Controller/install/uav_utils:/home/zhr/YOPO-ROS2/Controller/install/quadrotor_msgs:/home/zhr/YOPO-ROS2/Controller/install/cmake_utils:/opt/ros/jazzy/opt/gz_math_vendor:/opt/ros/jazzy/opt/gz_utils_vendor:/opt/ros/jazzy/opt/gz_cmake_vendor:/opt/ros/jazzy CONDA_PROMPT_MODIFIER=(base) DEBUGINFOD_URLS=https://debuginfod.ubuntu.com LD_LIBRARY_PATH=/home/zhr/YOPO-ROS2/Controller/install/uav_utils/lib:/home/zhr/YOPO-ROS2/Controller/install/quadrotor_msgs/lib:${LD_LIBRARY_PATH} PYTHONPATH=/home/zhr/YOPO-ROS2/Controller/install/quadrotor_msgs/lib/python3.12/site-packages:${PYTHONPATH} /usr/bin/cmake --build /home/zhr/YOPO-ROS2/Controller/build/so3_quadrotor_simulator -- -j32 -l32
[0.064s] Invoking command in '/home/zhr/YOPO-ROS2/Controller/build/so3_quadrotor_simulator': AMENT_PREFIX_PATH=/home/zhr/YOPO-ROS2/Controller/install/uav_utils:/home/zhr/YOPO-ROS2/Controller/install/quadrotor_msgs:/home/zhr/YOPO-ROS2/Controller/install/cmake_utils:${AMENT_PREFIX_PATH} CMAKE_PREFIX_PATH=/home/zhr/YOPO-ROS2/Controller/install/uav_utils:/home/zhr/YOPO-ROS2/Controller/install/quadrotor_msgs:/home/zhr/YOPO-ROS2/Controller/install/cmake_utils:/opt/ros/jazzy/opt/gz_math_vendor:/opt/ros/jazzy/opt/gz_utils_vendor:/opt/ros/jazzy/opt/gz_cmake_vendor:/opt/ros/jazzy CONDA_PROMPT_MODIFIER=(base) DEBUGINFOD_URLS=https://debuginfod.ubuntu.com LD_LIBRARY_PATH=/home/zhr/YOPO-ROS2/Controller/install/uav_utils/lib:/home/zhr/YOPO-ROS2/Controller/install/quadrotor_msgs/lib:${LD_LIBRARY_PATH} PYTHONPATH=/home/zhr/YOPO-ROS2/Controller/install/quadrotor_msgs/lib/python3.12/site-packages:${PYTHONPATH} /usr/bin/cmake --install /home/zhr/YOPO-ROS2/Controller/build/so3_quadrotor_simulator
[0.067s] -- Install configuration: "Release"
[0.068s] -- Execute custom install script
[0.068s] -- Symlinking: /home/zhr/YOPO-ROS2/Controller/install/so3_quadrotor_simulator/lib/so3_quadrotor_simulator/quadrotor_simulator_so3
[0.071s] -- Symlinking: /home/zhr/YOPO-ROS2/Controller/install/so3_quadrotor_simulator/lib/so3_quadrotor_simulator/libquadrotor_dynamics.a
[0.077s] -- Symlinking: /home/zhr/YOPO-ROS2/Controller/install/so3_quadrotor_simulator/include/ode/CHANGELOG
[0.082s] -- Symlinking: /home/zhr/YOPO-ROS2/Controller/install/so3_quadrotor_simulator/include/ode/Jamroot
[0.085s] -- Symlinking: /home/zhr/YOPO-ROS2/Controller/install/so3_quadrotor_simulator/include/ode/README
[0.089s] -- Symlinking: /home/zhr/YOPO-ROS2/Controller/install/so3_quadrotor_simulator/include/ode/boost/numeric/odeint.hpp
[0.092s] -- Symlinking: /home/zhr/YOPO-ROS2/Controller/install/so3_quadrotor_simulator/include/ode/boost/numeric/odeint/algebra/array_algebra.hpp
[0.095s] -- Symlinking: /home/zhr/YOPO-ROS2/Controller/install/so3_quadrotor_simulator/include/ode/boost/numeric/odeint/algebra/default_operations.hpp
[0.098s] -- Symlinking: /home/zhr/YOPO-ROS2/Controller/install/so3_quadrotor_simulator/include/ode/boost/numeric/odeint/algebra/detail/for_each.hpp
[0.101s] -- Symlinking: /home/zhr/YOPO-ROS2/Controller/install/so3_quadrotor_simulator/include/ode/boost/numeric/odeint/algebra/detail/macros.hpp
[0.106s] -- Symlinking: /home/zhr/YOPO-ROS2/Controller/install/so3_quadrotor_simulator/include/ode/boost/numeric/odeint/algebra/detail/reduce.hpp
[0.110s] -- Symlinking: /home/zhr/YOPO-ROS2/Controller/install/so3_quadrotor_simulator/include/ode/boost/numeric/odeint/algebra/fusion_algebra.hpp
[0.114s] -- Symlinking: /home/zhr/YOPO-ROS2/Controller/install/so3_quadrotor_simulator/include/ode/boost/numeric/odeint/algebra/range_algebra.hpp
[0.117s] -- Symlinking: /home/zhr/YOPO-ROS2/Controller/install/so3_quadrotor_simulator/include/ode/boost/numeric/odeint/algebra/vector_space_algebra.hpp
[0.120s] -- Symlinking: /home/zhr/YOPO-ROS2/Controller/install/so3_quadrotor_simulator/include/ode/boost/numeric/odeint/config.hpp
[0.124s] -- Symlinking: /home/zhr/YOPO-ROS2/Controller/install/so3_quadrotor_simulator/include/ode/boost/numeric/odeint/external/gsl/gsl_wrapper.hpp
[0.128s] -- Symlinking: /home/zhr/YOPO-ROS2/Controller/install/so3_quadrotor_simulator/include/ode/boost/numeric/odeint/external/mkl/mkl_operations.hpp
[0.131s] -- Symlinking: /home/zhr/YOPO-ROS2/Controller/install/so3_quadrotor_simulator/include/ode/boost/numeric/odeint/external/mtl4/implicit_euler_mtl4.hpp
[0.134s] -- Symlinking: /home/zhr/YOPO-ROS2/Controller/install/so3_quadrotor_simulator/include/ode/boost/numeric/odeint/external/mtl4/mtl4_resize.hpp
[0.137s] -- Symlinking: /home/zhr/YOPO-ROS2/Controller/install/so3_quadrotor_simulator/include/ode/boost/numeric/odeint/external/thrust/thrust_algebra.hpp
[0.141s] -- Symlinking: /home/zhr/YOPO-ROS2/Controller/install/so3_quadrotor_simulator/include/ode/boost/numeric/odeint/external/thrust/thrust_operations.hpp
[0.146s] -- Symlinking: /home/zhr/YOPO-ROS2/Controller/install/so3_quadrotor_simulator/include/ode/boost/numeric/odeint/external/thrust/thrust_resize.hpp
[0.149s] -- Symlinking: /home/zhr/YOPO-ROS2/Controller/install/so3_quadrotor_simulator/include/ode/boost/numeric/odeint/external/vexcl/vexcl_resize.hpp
[0.153s] -- Symlinking: /home/zhr/YOPO-ROS2/Controller/install/so3_quadrotor_simulator/include/ode/boost/numeric/odeint/external/viennacl/viennacl_operations.hpp
[0.156s] -- Symlinking: /home/zhr/YOPO-ROS2/Controller/install/so3_quadrotor_simulator/include/ode/boost/numeric/odeint/external/viennacl/viennacl_resize.hpp
[0.159s] -- Symlinking: /home/zhr/YOPO-ROS2/Controller/install/so3_quadrotor_simulator/include/ode/boost/numeric/odeint/integrate/detail/integrate_adaptive.hpp
[0.162s] -- Symlinking: /home/zhr/YOPO-ROS2/Controller/install/so3_quadrotor_simulator/include/ode/boost/numeric/odeint/integrate/detail/integrate_const.hpp
[0.165s] -- Symlinking: /home/zhr/YOPO-ROS2/Controller/install/so3_quadrotor_simulator/include/ode/boost/numeric/odeint/integrate/detail/integrate_n_steps.hpp
[0.169s] -- Symlinking: /home/zhr/YOPO-ROS2/Controller/install/so3_quadrotor_simulator/include/ode/boost/numeric/odeint/integrate/detail/integrate_times.hpp
[0.172s] -- Symlinking: /home/zhr/YOPO-ROS2/Controller/install/so3_quadrotor_simulator/include/ode/boost/numeric/odeint/integrate/integrate.hpp
[0.177s] -- Symlinking: /home/zhr/YOPO-ROS2/Controller/install/so3_quadrotor_simulator/include/ode/boost/numeric/odeint/integrate/integrate_adaptive.hpp
[0.181s] -- Symlinking: /home/zhr/YOPO-ROS2/Controller/install/so3_quadrotor_simulator/include/ode/boost/numeric/odeint/integrate/integrate_const.hpp
[0.184s] -- Symlinking: /home/zhr/YOPO-ROS2/Controller/install/so3_quadrotor_simulator/include/ode/boost/numeric/odeint/integrate/integrate_n_steps.hpp
[0.186s] -- Symlinking: /home/zhr/YOPO-ROS2/Controller/install/so3_quadrotor_simulator/include/ode/boost/numeric/odeint/integrate/integrate_times.hpp
[0.189s] -- Symlinking: /home/zhr/YOPO-ROS2/Controller/install/so3_quadrotor_simulator/include/ode/boost/numeric/odeint/integrate/null_observer.hpp
[0.193s] -- Symlinking: /home/zhr/YOPO-ROS2/Controller/install/so3_quadrotor_simulator/include/ode/boost/numeric/odeint/integrate/observer_collection.hpp
[0.197s] -- Symlinking: /home/zhr/YOPO-ROS2/Controller/install/so3_quadrotor_simulator/include/ode/boost/numeric/odeint/stepper/adams_bashforth.hpp
[0.201s] -- Symlinking: /home/zhr/YOPO-ROS2/Controller/install/so3_quadrotor_simulator/include/ode/boost/numeric/odeint/stepper/adams_bashforth_moulton.hpp
[0.205s] -- Symlinking: /home/zhr/YOPO-ROS2/Controller/install/so3_quadrotor_simulator/include/ode/boost/numeric/odeint/stepper/adams_moulton.hpp
[0.211s] -- Symlinking: /home/zhr/YOPO-ROS2/Controller/install/so3_quadrotor_simulator/include/ode/boost/numeric/odeint/stepper/base/algebra_stepper_base.hpp
[0.215s] -- Symlinking: /home/zhr/YOPO-ROS2/Controller/install/so3_quadrotor_simulator/include/ode/boost/numeric/odeint/stepper/base/explicit_error_stepper_base.hpp
[0.220s] -- Symlinking: /home/zhr/YOPO-ROS2/Controller/install/so3_quadrotor_simulator/include/ode/boost/numeric/odeint/stepper/base/explicit_error_stepper_fsal_base.hpp
[0.225s] -- Symlinking: /home/zhr/YOPO-ROS2/Controller/install/so3_quadrotor_simulator/include/ode/boost/numeric/odeint/stepper/base/explicit_stepper_base.hpp
[0.230s] -- Symlinking: /home/zhr/YOPO-ROS2/Controller/install/so3_quadrotor_simulator/include/ode/boost/numeric/odeint/stepper/base/symplectic_rkn_stepper_base.hpp
[0.235s] -- Symlinking: /home/zhr/YOPO-ROS2/Controller/install/so3_quadrotor_simulator/include/ode/boost/numeric/odeint/stepper/bulirsch_stoer.hpp
[0.239s] -- Symlinking: /home/zhr/YOPO-ROS2/Controller/install/so3_quadrotor_simulator/include/ode/boost/numeric/odeint/stepper/bulirsch_stoer_dense_out.hpp
[0.243s] -- Symlinking: /home/zhr/YOPO-ROS2/Controller/install/so3_quadrotor_simulator/include/ode/boost/numeric/odeint/stepper/controlled_runge_kutta.hpp
[0.247s] -- Symlinking: /home/zhr/YOPO-ROS2/Controller/install/so3_quadrotor_simulator/include/ode/boost/numeric/odeint/stepper/controlled_step_result.hpp
[0.250s] -- Symlinking: /home/zhr/YOPO-ROS2/Controller/install/so3_quadrotor_simulator/include/ode/boost/numeric/odeint/stepper/dense_output_runge_kutta.hpp
[0.254s] -- Symlinking: /home/zhr/YOPO-ROS2/Controller/install/so3_quadrotor_simulator/include/ode/boost/numeric/odeint/stepper/detail/adams_bashforth_call_algebra.hpp
[0.257s] -- Symlinking: /home/zhr/YOPO-ROS2/Controller/install/so3_quadrotor_simulator/include/ode/boost/numeric/odeint/stepper/detail/adams_bashforth_coefficients.hpp
[0.260s] -- Symlinking: /home/zhr/YOPO-ROS2/Controller/install/so3_quadrotor_simulator/include/ode/boost/numeric/odeint/stepper/detail/adams_moulton_call_algebra.hpp
[0.263s] -- Symlinking: /home/zhr/YOPO-ROS2/Controller/install/so3_quadrotor_simulator/include/ode/boost/numeric/odeint/stepper/detail/adams_moulton_coefficients.hpp
[0.265s] -- Symlinking: /home/zhr/YOPO-ROS2/Controller/install/so3_quadrotor_simulator/include/ode/boost/numeric/odeint/stepper/detail/generic_rk_algorithm.hpp
[0.268s] -- Symlinking: /home/zhr/YOPO-ROS2/Controller/install/so3_quadrotor_simulator/include/ode/boost/numeric/odeint/stepper/detail/generic_rk_call_algebra.hpp
[0.271s] -- Symlinking: /home/zhr/YOPO-ROS2/Controller/install/so3_quadrotor_simulator/include/ode/boost/numeric/odeint/stepper/detail/generic_rk_operations.hpp
[0.274s] -- Symlinking: /home/zhr/YOPO-ROS2/Controller/install/so3_quadrotor_simulator/include/ode/boost/numeric/odeint/stepper/detail/rotating_buffer.hpp
[0.277s] -- Symlinking: /home/zhr/YOPO-ROS2/Controller/install/so3_quadrotor_simulator/include/ode/boost/numeric/odeint/stepper/euler.hpp
[0.281s] -- Symlinking: /home/zhr/YOPO-ROS2/Controller/install/so3_quadrotor_simulator/include/ode/boost/numeric/odeint/stepper/explicit_error_generic_rk.hpp
[0.285s] -- Symlinking: /home/zhr/YOPO-ROS2/Controller/install/so3_quadrotor_simulator/include/ode/boost/numeric/odeint/stepper/explicit_generic_rk.hpp
[0.287s] -- Symlinking: /home/zhr/YOPO-ROS2/Controller/install/so3_quadrotor_simulator/include/ode/boost/numeric/odeint/stepper/generation.hpp
[0.290s] -- Symlinking: /home/zhr/YOPO-ROS2/Controller/install/so3_quadrotor_simulator/include/ode/boost/numeric/odeint/stepper/generation/generation_controlled_runge_kutta.hpp
[0.293s] -- Symlinking: /home/zhr/YOPO-ROS2/Controller/install/so3_quadrotor_simulator/include/ode/boost/numeric/odeint/stepper/generation/generation_dense_output_runge_kutta.hpp
[0.296s] -- Symlinking: /home/zhr/YOPO-ROS2/Controller/install/so3_quadrotor_simulator/include/ode/boost/numeric/odeint/stepper/generation/generation_rosenbrock4.hpp
[0.298s] -- Symlinking: /home/zhr/YOPO-ROS2/Controller/install/so3_quadrotor_simulator/include/ode/boost/numeric/odeint/stepper/generation/generation_runge_kutta_cash_karp54.hpp
[0.302s] -- Symlinking: /home/zhr/YOPO-ROS2/Controller/install/so3_quadrotor_simulator/include/ode/boost/numeric/odeint/stepper/generation/generation_runge_kutta_cash_karp54_classic.hpp
[0.306s] -- Symlinking: /home/zhr/YOPO-ROS2/Controller/install/so3_quadrotor_simulator/include/ode/boost/numeric/odeint/stepper/generation/generation_runge_kutta_dopri5.hpp
[0.309s] -- Symlinking: /home/zhr/YOPO-ROS2/Controller/install/so3_quadrotor_simulator/include/ode/boost/numeric/odeint/stepper/generation/generation_runge_kutta_fehlberg78.hpp
[0.312s] -- Symlinking: /home/zhr/YOPO-ROS2/Controller/install/so3_quadrotor_simulator/include/ode/boost/numeric/odeint/stepper/generation/make_controlled.hpp
[0.316s] -- Symlinking: /home/zhr/YOPO-ROS2/Controller/install/so3_quadrotor_simulator/include/ode/boost/numeric/odeint/stepper/generation/make_dense_output.hpp
[0.319s] -- Symlinking: /home/zhr/YOPO-ROS2/Controller/install/so3_quadrotor_simulator/include/ode/boost/numeric/odeint/stepper/implicit_euler.hpp
[0.322s] -- Symlinking: /home/zhr/YOPO-ROS2/Controller/install/so3_quadrotor_simulator/include/ode/boost/numeric/odeint/stepper/modified_midpoint.hpp
[0.325s] -- Symlinking: /home/zhr/YOPO-ROS2/Controller/install/so3_quadrotor_simulator/include/ode/boost/numeric/odeint/stepper/rosenbrock4.hpp
[0.327s] -- Symlinking: /home/zhr/YOPO-ROS2/Controller/install/so3_quadrotor_simulator/include/ode/boost/numeric/odeint/stepper/rosenbrock4_controller.hpp
[0.330s] -- Symlinking: /home/zhr/YOPO-ROS2/Controller/install/so3_quadrotor_simulator/include/ode/boost/numeric/odeint/stepper/rosenbrock4_dense_output.hpp
[0.333s] -- Symlinking: /home/zhr/YOPO-ROS2/Controller/install/so3_quadrotor_simulator/include/ode/boost/numeric/odeint/stepper/runge_kutta4.hpp
[0.336s] -- Symlinking: /home/zhr/YOPO-ROS2/Controller/install/so3_quadrotor_simulator/include/ode/boost/numeric/odeint/stepper/runge_kutta4_classic.hpp
[0.339s] -- Symlinking: /home/zhr/YOPO-ROS2/Controller/install/so3_quadrotor_simulator/include/ode/boost/numeric/odeint/stepper/runge_kutta_cash_karp54.hpp
[0.342s] -- Symlinking: /home/zhr/YOPO-ROS2/Controller/install/so3_quadrotor_simulator/include/ode/boost/numeric/odeint/stepper/runge_kutta_cash_karp54_classic.hpp
[0.346s] -- Symlinking: /home/zhr/YOPO-ROS2/Controller/install/so3_quadrotor_simulator/include/ode/boost/numeric/odeint/stepper/runge_kutta_dopri5.hpp
[0.349s] -- Symlinking: /home/zhr/YOPO-ROS2/Controller/install/so3_quadrotor_simulator/include/ode/boost/numeric/odeint/stepper/runge_kutta_fehlberg78.hpp
[0.353s] -- Symlinking: /home/zhr/YOPO-ROS2/Controller/install/so3_quadrotor_simulator/include/ode/boost/numeric/odeint/stepper/stepper_categories.hpp
[0.356s] -- Symlinking: /home/zhr/YOPO-ROS2/Controller/install/so3_quadrotor_simulator/include/ode/boost/numeric/odeint/stepper/symplectic_euler.hpp
[0.358s] -- Symlinking: /home/zhr/YOPO-ROS2/Controller/install/so3_quadrotor_simulator/include/ode/boost/numeric/odeint/stepper/symplectic_rkn_sb3a_m4_mclachlan.hpp
[0.361s] -- Symlinking: /home/zhr/YOPO-ROS2/Controller/install/so3_quadrotor_simulator/include/ode/boost/numeric/odeint/stepper/symplectic_rkn_sb3a_mclachlan.hpp
[0.364s] -- Symlinking: /home/zhr/YOPO-ROS2/Controller/install/so3_quadrotor_simulator/include/ode/boost/numeric/odeint/util/bind.hpp
[0.367s] -- Symlinking: /home/zhr/YOPO-ROS2/Controller/install/so3_quadrotor_simulator/include/ode/boost/numeric/odeint/util/copy.hpp
[0.370s] -- Symlinking: /home/zhr/YOPO-ROS2/Controller/install/so3_quadrotor_simulator/include/ode/boost/numeric/odeint/util/detail/is_range.hpp
[0.373s] -- Symlinking: /home/zhr/YOPO-ROS2/Controller/install/so3_quadrotor_simulator/include/ode/boost/numeric/odeint/util/detail/less_with_sign.hpp
[0.375s] -- Symlinking: /home/zhr/YOPO-ROS2/Controller/install/so3_quadrotor_simulator/include/ode/boost/numeric/odeint/util/is_pair.hpp
[0.378s] -- Symlinking: /home/zhr/YOPO-ROS2/Controller/install/so3_quadrotor_simulator/include/ode/boost/numeric/odeint/util/is_resizeable.hpp
[0.383s] -- Symlinking: /home/zhr/YOPO-ROS2/Controller/install/so3_quadrotor_simulator/include/ode/boost/numeric/odeint/util/resize.hpp
[0.386s] -- Symlinking: /home/zhr/YOPO-ROS2/Controller/install/so3_quadrotor_simulator/include/ode/boost/numeric/odeint/util/resizer.hpp
[0.389s] -- Symlinking: /home/zhr/YOPO-ROS2/Controller/install/so3_quadrotor_simulator/include/ode/boost/numeric/odeint/util/same_instance.hpp
[0.392s] -- Symlinking: /home/zhr/YOPO-ROS2/Controller/install/so3_quadrotor_simulator/include/ode/boost/numeric/odeint/util/same_size.hpp
[0.395s] -- Symlinking: /home/zhr/YOPO-ROS2/Controller/install/so3_quadrotor_simulator/include/ode/boost/numeric/odeint/util/state_wrapper.hpp
[0.397s] -- Symlinking: /home/zhr/YOPO-ROS2/Controller/install/so3_quadrotor_simulator/include/ode/boost/numeric/odeint/util/ublas_wrapper.hpp
[0.400s] -- Symlinking: /home/zhr/YOPO-ROS2/Controller/install/so3_quadrotor_simulator/include/ode/boost/numeric/odeint/util/unit_helper.hpp
[0.403s] -- Symlinking: /home/zhr/YOPO-ROS2/Controller/install/so3_quadrotor_simulator/include/ode/boost/numeric/odeint/util/unwrap_reference.hpp
[0.406s] -- Symlinking: /home/zhr/YOPO-ROS2/Controller/install/so3_quadrotor_simulator/include/ode/boost/numeric/odeint/version.hpp
[0.409s] -- Symlinking: /home/zhr/YOPO-ROS2/Controller/install/so3_quadrotor_simulator/include/ode/libs/numeric/odeint/doc/Jamfile.v2
[0.412s] -- Symlinking: /home/zhr/YOPO-ROS2/Controller/install/so3_quadrotor_simulator/include/ode/libs/numeric/odeint/doc/acknowledgements.qbk
[0.415s] -- Symlinking: /home/zhr/YOPO-ROS2/Controller/install/so3_quadrotor_simulator/include/ode/libs/numeric/odeint/doc/concepts.qbk
[0.418s] -- Symlinking: /home/zhr/YOPO-ROS2/Controller/install/so3_quadrotor_simulator/include/ode/libs/numeric/odeint/doc/concepts/controlled_stepper.qbk
[0.421s] -- Symlinking: /home/zhr/YOPO-ROS2/Controller/install/so3_quadrotor_simulator/include/ode/libs/numeric/odeint/doc/concepts/dense_output_stepper.qbk
[0.424s] -- Symlinking: /home/zhr/YOPO-ROS2/Controller/install/so3_quadrotor_simulator/include/ode/libs/numeric/odeint/doc/concepts/error_stepper.qbk
[0.429s] -- Symlinking: /home/zhr/YOPO-ROS2/Controller/install/so3_quadrotor_simulator/include/ode/libs/numeric/odeint/doc/concepts/implicit_system.qbk
[0.433s] -- Symlinking: /home/zhr/YOPO-ROS2/Controller/install/so3_quadrotor_simulator/include/ode/libs/numeric/odeint/doc/concepts/state_algebra_operations.qbk
[0.436s] -- Symlinking: /home/zhr/YOPO-ROS2/Controller/install/so3_quadrotor_simulator/include/ode/libs/numeric/odeint/doc/concepts/state_wrapper.qbk
[0.440s] -- Symlinking: /home/zhr/YOPO-ROS2/Controller/install/so3_quadrotor_simulator/include/ode/libs/numeric/odeint/doc/concepts/stepper.qbk
[0.445s] -- Symlinking: /home/zhr/YOPO-ROS2/Controller/install/so3_quadrotor_simulator/include/ode/libs/numeric/odeint/doc/concepts/symplectic_system.qbk
[0.448s] -- Symlinking: /home/zhr/YOPO-ROS2/Controller/install/so3_quadrotor_simulator/include/ode/libs/numeric/odeint/doc/concepts/system.qbk
[0.451s] -- Symlinking: /home/zhr/YOPO-ROS2/Controller/install/so3_quadrotor_simulator/include/ode/libs/numeric/odeint/doc/controlled_stepper_table.qbk
[0.455s] -- Symlinking: /home/zhr/YOPO-ROS2/Controller/install/so3_quadrotor_simulator/include/ode/libs/numeric/odeint/doc/details.qbk
[0.458s] -- Symlinking: /home/zhr/YOPO-ROS2/Controller/install/so3_quadrotor_simulator/include/ode/libs/numeric/odeint/doc/details_bind_member_functions.qbk
[0.461s] -- Symlinking: /home/zhr/YOPO-ROS2/Controller/install/so3_quadrotor_simulator/include/ode/libs/numeric/odeint/doc/details_boost_range.qbk
[0.466s] -- Symlinking: /home/zhr/YOPO-ROS2/Controller/install/so3_quadrotor_simulator/include/ode/libs/numeric/odeint/doc/details_boost_ref.qbk
[0.470s] -- Symlinking: /home/zhr/YOPO-ROS2/Controller/install/so3_quadrotor_simulator/include/ode/libs/numeric/odeint/doc/details_generation_functions.qbk
[0.473s] -- Symlinking: /home/zhr/YOPO-ROS2/Controller/install/so3_quadrotor_simulator/include/ode/libs/numeric/odeint/doc/details_integrate_functions.qbk
[0.477s] -- Symlinking: /home/zhr/YOPO-ROS2/Controller/install/so3_quadrotor_simulator/include/ode/libs/numeric/odeint/doc/details_state_types_algebras_operations.qbk
[0.480s] -- Symlinking: /home/zhr/YOPO-ROS2/Controller/install/so3_quadrotor_simulator/include/ode/libs/numeric/odeint/doc/details_steppers.qbk
[0.483s] -- Symlinking: /home/zhr/YOPO-ROS2/Controller/install/so3_quadrotor_simulator/include/ode/libs/numeric/odeint/doc/examples_table.qbk
[0.488s] -- Symlinking: /home/zhr/YOPO-ROS2/Controller/install/so3_quadrotor_simulator/include/ode/libs/numeric/odeint/doc/getting_started.qbk
[0.493s] -- Symlinking: /home/zhr/YOPO-ROS2/Controller/install/so3_quadrotor_simulator/include/ode/libs/numeric/odeint/doc/html/boostbook.css
[0.498s] -- Symlinking: /home/zhr/YOPO-ROS2/Controller/install/so3_quadrotor_simulator/include/ode/libs/numeric/odeint/doc/html/images/alert.png
[0.504s] -- Symlinking: /home/zhr/YOPO-ROS2/Controller/install/so3_quadrotor_simulator/include/ode/libs/numeric/odeint/doc/html/images/blank.png
[0.510s] -- Symlinking: /home/zhr/YOPO-ROS2/Controller/install/so3_quadrotor_simulator/include/ode/libs/numeric/odeint/doc/html/images/callouts/1.png
[0.514s] -- Symlinking: /home/zhr/YOPO-ROS2/Controller/install/so3_quadrotor_simulator/include/ode/libs/numeric/odeint/doc/html/images/callouts/1.svg
[0.518s] -- Symlinking: /home/zhr/YOPO-ROS2/Controller/install/so3_quadrotor_simulator/include/ode/libs/numeric/odeint/doc/html/images/callouts/10.png
[0.524s] -- Symlinking: /home/zhr/YOPO-ROS2/Controller/install/so3_quadrotor_simulator/include/ode/libs/numeric/odeint/doc/html/images/callouts/10.svg
[0.529s] -- Symlinking: /home/zhr/YOPO-ROS2/Controller/install/so3_quadrotor_simulator/include/ode/libs/numeric/odeint/doc/html/images/callouts/11.png
[0.534s] -- Symlinking: /home/zhr/YOPO-ROS2/Controller/install/so3_quadrotor_simulator/include/ode/libs/numeric/odeint/doc/html/images/callouts/11.svg
[0.538s] -- Symlinking: /home/zhr/YOPO-ROS2/Controller/install/so3_quadrotor_simulator/include/ode/libs/numeric/odeint/doc/html/images/callouts/12.png
[0.543s] -- Symlinking: /home/zhr/YOPO-ROS2/Controller/install/so3_quadrotor_simulator/include/ode/libs/numeric/odeint/doc/html/images/callouts/12.svg
[0.546s] -- Symlinking: /home/zhr/YOPO-ROS2/Controller/install/so3_quadrotor_simulator/include/ode/libs/numeric/odeint/doc/html/images/callouts/13.png
[0.549s] -- Symlinking: /home/zhr/YOPO-ROS2/Controller/install/so3_quadrotor_simulator/include/ode/libs/numeric/odeint/doc/html/images/callouts/13.svg
[0.553s] -- Symlinking: /home/zhr/YOPO-ROS2/Controller/install/so3_quadrotor_simulator/include/ode/libs/numeric/odeint/doc/html/images/callouts/14.png
[0.556s] -- Symlinking: /home/zhr/YOPO-ROS2/Controller/install/so3_quadrotor_simulator/include/ode/libs/numeric/odeint/doc/html/images/callouts/14.svg
[0.559s] -- Symlinking: /home/zhr/YOPO-ROS2/Controller/install/so3_quadrotor_simulator/include/ode/libs/numeric/odeint/doc/html/images/callouts/15.png
[0.562s] -- Symlinking: /home/zhr/YOPO-ROS2/Controller/install/so3_quadrotor_simulator/include/ode/libs/numeric/odeint/doc/html/images/callouts/15.svg
[0.565s] -- Symlinking: /home/zhr/YOPO-ROS2/Controller/install/so3_quadrotor_simulator/include/ode/libs/numeric/odeint/doc/html/images/callouts/16.svg
[0.569s] -- Symlinking: /home/zhr/YOPO-ROS2/Controller/install/so3_quadrotor_simulator/include/ode/libs/numeric/odeint/doc/html/images/callouts/17.svg
[0.572s] -- Symlinking: /home/zhr/YOPO-ROS2/Controller/install/so3_quadrotor_simulator/include/ode/libs/numeric/odeint/doc/html/images/callouts/18.svg
[0.576s] -- Symlinking: /home/zhr/YOPO-ROS2/Controller/install/so3_quadrotor_simulator/include/ode/libs/numeric/odeint/doc/html/images/callouts/19.svg
[0.579s] -- Symlinking: /home/zhr/YOPO-ROS2/Controller/install/so3_quadrotor_simulator/include/ode/libs/numeric/odeint/doc/html/images/callouts/2.png
[0.582s] -- Symlinking: /home/zhr/YOPO-ROS2/Controller/install/so3_quadrotor_simulator/include/ode/libs/numeric/odeint/doc/html/images/callouts/2.svg
[0.585s] -- Symlinking: /home/zhr/YOPO-ROS2/Controller/install/so3_quadrotor_simulator/include/ode/libs/numeric/odeint/doc/html/images/callouts/20.svg
[0.589s] -- Symlinking: /home/zhr/YOPO-ROS2/Controller/install/so3_quadrotor_simulator/include/ode/libs/numeric/odeint/doc/html/images/callouts/21.svg
[0.593s] -- Symlinking: /home/zhr/YOPO-ROS2/Controller/install/so3_quadrotor_simulator/include/ode/libs/numeric/odeint/doc/html/images/callouts/22.svg
[0.596s] -- Symlinking: /home/zhr/YOPO-ROS2/Controller/install/so3_quadrotor_simulator/include/ode/libs/numeric/odeint/doc/html/images/callouts/23.svg
[0.599s] -- Symlinking: /home/zhr/YOPO-ROS2/Controller/install/so3_quadrotor_simulator/include/ode/libs/numeric/odeint/doc/html/images/callouts/24.svg
[0.603s] -- Symlinking: /home/zhr/YOPO-ROS2/Controller/install/so3_quadrotor_simulator/include/ode/libs/numeric/odeint/doc/html/images/callouts/25.svg
[0.607s] -- Symlinking: /home/zhr/YOPO-ROS2/Controller/install/so3_quadrotor_simulator/include/ode/libs/numeric/odeint/doc/html/images/callouts/26.svg
[0.610s] -- Symlinking: /home/zhr/YOPO-ROS2/Controller/install/so3_quadrotor_simulator/include/ode/libs/numeric/odeint/doc/html/images/callouts/27.svg
[0.614s] -- Symlinking: /home/zhr/YOPO-ROS2/Controller/install/so3_quadrotor_simulator/include/ode/libs/numeric/odeint/doc/html/images/callouts/28.svg
[0.619s] -- Symlinking: /home/zhr/YOPO-ROS2/Controller/install/so3_quadrotor_simulator/include/ode/libs/numeric/odeint/doc/html/images/callouts/29.svg
[0.623s] -- Symlinking: /home/zhr/YOPO-ROS2/Controller/install/so3_quadrotor_simulator/include/ode/libs/numeric/odeint/doc/html/images/callouts/3.png
[0.626s] -- Symlinking: /home/zhr/YOPO-ROS2/Controller/install/so3_quadrotor_simulator/include/ode/libs/numeric/odeint/doc/html/images/callouts/3.svg
[0.629s] -- Symlinking: /home/zhr/YOPO-ROS2/Controller/install/so3_quadrotor_simulator/include/ode/libs/numeric/odeint/doc/html/images/callouts/30.svg
[0.632s] -- Symlinking: /home/zhr/YOPO-ROS2/Controller/install/so3_quadrotor_simulator/include/ode/libs/numeric/odeint/doc/html/images/callouts/4.png
[0.636s] -- Symlinking: /home/zhr/YOPO-ROS2/Controller/install/so3_quadrotor_simulator/include/ode/libs/numeric/odeint/doc/html/images/callouts/4.svg
[0.639s] -- Symlinking: /home/zhr/YOPO-ROS2/Controller/install/so3_quadrotor_simulator/include/ode/libs/numeric/odeint/doc/html/images/callouts/5.png
[0.644s] -- Symlinking: /home/zhr/YOPO-ROS2/Controller/install/so3_quadrotor_simulator/include/ode/libs/numeric/odeint/doc/html/images/callouts/5.svg
[0.648s] -- Symlinking: /home/zhr/YOPO-ROS2/Controller/install/so3_quadrotor_simulator/include/ode/libs/numeric/odeint/doc/html/images/callouts/6.png
[0.651s] -- Symlinking: /home/zhr/YOPO-ROS2/Controller/install/so3_quadrotor_simulator/include/ode/libs/numeric/odeint/doc/html/images/callouts/6.svg
[0.656s] -- Symlinking: /home/zhr/YOPO-ROS2/Controller/install/so3_quadrotor_simulator/include/ode/libs/numeric/odeint/doc/html/images/callouts/7.png
[0.659s] -- Symlinking: /home/zhr/YOPO-ROS2/Controller/install/so3_quadrotor_simulator/include/ode/libs/numeric/odeint/doc/html/images/callouts/7.svg
[0.662s] -- Symlinking: /home/zhr/YOPO-ROS2/Controller/install/so3_quadrotor_simulator/include/ode/libs/numeric/odeint/doc/html/images/callouts/8.png
[0.665s] -- Symlinking: /home/zhr/YOPO-ROS2/Controller/install/so3_quadrotor_simulator/include/ode/libs/numeric/odeint/doc/html/images/callouts/8.svg
[0.668s] -- Symlinking: /home/zhr/YOPO-ROS2/Controller/install/so3_quadrotor_simulator/include/ode/libs/numeric/odeint/doc/html/images/callouts/9.png
[0.674s] -- Symlinking: /home/zhr/YOPO-ROS2/Controller/install/so3_quadrotor_simulator/include/ode/libs/numeric/odeint/doc/html/images/callouts/9.svg
[0.678s] -- Symlinking: /home/zhr/YOPO-ROS2/Controller/install/so3_quadrotor_simulator/include/ode/libs/numeric/odeint/doc/html/images/caution.png
[0.681s] -- Symlinking: /home/zhr/YOPO-ROS2/Controller/install/so3_quadrotor_simulator/include/ode/libs/numeric/odeint/doc/html/images/caution.svg
[0.685s] -- Symlinking: /home/zhr/YOPO-ROS2/Controller/install/so3_quadrotor_simulator/include/ode/libs/numeric/odeint/doc/html/images/draft.png
[0.689s] -- Symlinking: /home/zhr/YOPO-ROS2/Controller/install/so3_quadrotor_simulator/include/ode/libs/numeric/odeint/doc/html/images/home.png
[0.692s] -- Symlinking: /home/zhr/YOPO-ROS2/Controller/install/so3_quadrotor_simulator/include/ode/libs/numeric/odeint/doc/html/images/home.svg
[0.696s] -- Symlinking: /home/zhr/YOPO-ROS2/Controller/install/so3_quadrotor_simulator/include/ode/libs/numeric/odeint/doc/html/images/important.png
[0.699s] -- Symlinking: /home/zhr/YOPO-ROS2/Controller/install/so3_quadrotor_simulator/include/ode/libs/numeric/odeint/doc/html/images/important.svg
[0.704s] -- Symlinking: /home/zhr/YOPO-ROS2/Controller/install/so3_quadrotor_simulator/include/ode/libs/numeric/odeint/doc/html/images/next.png
[0.709s] -- Symlinking: /home/zhr/YOPO-ROS2/Controller/install/so3_quadrotor_simulator/include/ode/libs/numeric/odeint/doc/html/images/next.svg
[0.712s] -- Symlinking: /home/zhr/YOPO-ROS2/Controller/install/so3_quadrotor_simulator/include/ode/libs/numeric/odeint/doc/html/images/next_disabled.png
[0.715s] -- Symlinking: /home/zhr/YOPO-ROS2/Controller/install/so3_quadrotor_simulator/include/ode/libs/numeric/odeint/doc/html/images/note.png
[0.719s] -- Symlinking: /home/zhr/YOPO-ROS2/Controller/install/so3_quadrotor_simulator/include/ode/libs/numeric/odeint/doc/html/images/note.svg
[0.722s] -- Symlinking: /home/zhr/YOPO-ROS2/Controller/install/so3_quadrotor_simulator/include/ode/libs/numeric/odeint/doc/html/images/prev.png
[0.727s] -- Symlinking: /home/zhr/YOPO-ROS2/Controller/install/so3_quadrotor_simulator/include/ode/libs/numeric/odeint/doc/html/images/prev.svg
[0.731s] -- Symlinking: /home/zhr/YOPO-ROS2/Controller/install/so3_quadrotor_simulator/include/ode/libs/numeric/odeint/doc/html/images/prev_disabled.png
[0.734s] -- Symlinking: /home/zhr/YOPO-ROS2/Controller/install/so3_quadrotor_simulator/include/ode/libs/numeric/odeint/doc/html/images/smiley.png
[0.738s] -- Symlinking: /home/zhr/YOPO-ROS2/Controller/install/so3_quadrotor_simulator/include/ode/libs/numeric/odeint/doc/html/images/tip.png
[0.742s] -- Symlinking: /home/zhr/YOPO-ROS2/Controller/install/so3_quadrotor_simulator/include/ode/libs/numeric/odeint/doc/html/images/tip.svg
[0.745s] -- Symlinking: /home/zhr/YOPO-ROS2/Controller/install/so3_quadrotor_simulator/include/ode/libs/numeric/odeint/doc/html/images/toc-blank.png
[0.750s] -- Symlinking: /home/zhr/YOPO-ROS2/Controller/install/so3_quadrotor_simulator/include/ode/libs/numeric/odeint/doc/html/images/toc-minus.png
[0.753s] -- Symlinking: /home/zhr/YOPO-ROS2/Controller/install/so3_quadrotor_simulator/include/ode/libs/numeric/odeint/doc/html/images/toc-plus.png
[0.757s] -- Symlinking: /home/zhr/YOPO-ROS2/Controller/install/so3_quadrotor_simulator/include/ode/libs/numeric/odeint/doc/html/images/up.png
[0.761s] -- Symlinking: /home/zhr/YOPO-ROS2/Controller/install/so3_quadrotor_simulator/include/ode/libs/numeric/odeint/doc/html/images/up.svg
[0.764s] -- Symlinking: /home/zhr/YOPO-ROS2/Controller/install/so3_quadrotor_simulator/include/ode/libs/numeric/odeint/doc/html/images/up_disabled.png
[0.768s] -- Symlinking: /home/zhr/YOPO-ROS2/Controller/install/so3_quadrotor_simulator/include/ode/libs/numeric/odeint/doc/html/images/warning.png
[0.773s] -- Symlinking: /home/zhr/YOPO-ROS2/Controller/install/so3_quadrotor_simulator/include/ode/libs/numeric/odeint/doc/html/images/warning.svg
[0.777s] -- Symlinking: /home/zhr/YOPO-ROS2/Controller/install/so3_quadrotor_simulator/include/ode/libs/numeric/odeint/doc/html/logo.jpg
[0.780s] -- Symlinking: /home/zhr/YOPO-ROS2/Controller/install/so3_quadrotor_simulator/include/ode/libs/numeric/odeint/doc/html/phase_lattice_2d_0000.jpg
[0.783s] -- Symlinking: /home/zhr/YOPO-ROS2/Controller/install/so3_quadrotor_simulator/include/ode/libs/numeric/odeint/doc/html/phase_lattice_2d_0100.jpg
[0.787s] -- Symlinking: /home/zhr/YOPO-ROS2/Controller/install/so3_quadrotor_simulator/include/ode/libs/numeric/odeint/doc/html/phase_lattice_2d_1000.jpg
[0.792s] -- Symlinking: /home/zhr/YOPO-ROS2/Controller/install/so3_quadrotor_simulator/include/ode/libs/numeric/odeint/doc/html/solar_system.jpg
[0.796s] -- Symlinking: /home/zhr/YOPO-ROS2/Controller/install/so3_quadrotor_simulator/include/ode/libs/numeric/odeint/doc/literature.qbk
[0.801s] -- Symlinking: /home/zhr/YOPO-ROS2/Controller/install/so3_quadrotor_simulator/include/ode/libs/numeric/odeint/doc/make_controlled_table.qbk
[0.807s] -- Symlinking: /home/zhr/YOPO-ROS2/Controller/install/so3_quadrotor_simulator/include/ode/libs/numeric/odeint/doc/make_dense_output_table.qbk
[0.811s] -- Symlinking: /home/zhr/YOPO-ROS2/Controller/install/so3_quadrotor_simulator/include/ode/libs/numeric/odeint/doc/odeint.idx
[0.816s] -- Symlinking: /home/zhr/YOPO-ROS2/Controller/install/so3_quadrotor_simulator/include/ode/libs/numeric/odeint/doc/odeint.qbk
[0.821s] -- Symlinking: /home/zhr/YOPO-ROS2/Controller/install/so3_quadrotor_simulator/include/ode/libs/numeric/odeint/doc/range_table.qbk
[0.826s] -- Symlinking: /home/zhr/YOPO-ROS2/Controller/install/so3_quadrotor_simulator/include/ode/libs/numeric/odeint/doc/stepper_table.qbk
[0.830s] -- Symlinking: /home/zhr/YOPO-ROS2/Controller/install/so3_quadrotor_simulator/include/ode/libs/numeric/odeint/doc/tutorial.qbk
[0.836s] -- Symlinking: /home/zhr/YOPO-ROS2/Controller/install/so3_quadrotor_simulator/include/ode/libs/numeric/odeint/doc/tutorial_chaotic_system.qbk
[0.841s] -- Symlinking: /home/zhr/YOPO-ROS2/Controller/install/so3_quadrotor_simulator/include/ode/libs/numeric/odeint/doc/tutorial_harmonic_oscillator.qbk
[0.846s] -- Symlinking: /home/zhr/YOPO-ROS2/Controller/install/so3_quadrotor_simulator/include/ode/libs/numeric/odeint/doc/tutorial_solar_system.qbk
[0.850s] -- Symlinking: /home/zhr/YOPO-ROS2/Controller/install/so3_quadrotor_simulator/include/ode/libs/numeric/odeint/doc/tutorial_special_topics.qbk
[0.854s] -- Symlinking: /home/zhr/YOPO-ROS2/Controller/install/so3_quadrotor_simulator/include/ode/libs/numeric/odeint/doc/tutorial_stiff_systems.qbk
[0.858s] -- Symlinking: /home/zhr/YOPO-ROS2/Controller/install/so3_quadrotor_simulator/include/ode/libs/numeric/odeint/doc/tutorial_thrust_cuda.qbk
[0.862s] -- Symlinking: /home/zhr/YOPO-ROS2/Controller/install/so3_quadrotor_simulator/include/ode/libs/numeric/odeint/doc/tutorial_vexcl_opencl.qbk
[0.866s] -- Symlinking: /home/zhr/YOPO-ROS2/Controller/install/so3_quadrotor_simulator/include/ode/libs/numeric/odeint/examples/2d_lattice/Jamfile.v2
[0.871s] -- Symlinking: /home/zhr/YOPO-ROS2/Controller/install/so3_quadrotor_simulator/include/ode/libs/numeric/odeint/examples/2d_lattice/lattice2d.hpp
[0.875s] -- Symlinking: /home/zhr/YOPO-ROS2/Controller/install/so3_quadrotor_simulator/include/ode/libs/numeric/odeint/examples/2d_lattice/nested_range_algebra.hpp
[0.880s] -- Symlinking: /home/zhr/YOPO-ROS2/Controller/install/so3_quadrotor_simulator/include/ode/libs/numeric/odeint/examples/2d_lattice/spreading.cpp
[0.883s] -- Symlinking: /home/zhr/YOPO-ROS2/Controller/install/so3_quadrotor_simulator/include/ode/libs/numeric/odeint/examples/2d_lattice/vector_vector_resize.hpp
[0.887s] -- Symlinking: /home/zhr/YOPO-ROS2/Controller/install/so3_quadrotor_simulator/include/ode/libs/numeric/odeint/examples/Jamfile.v2
[0.891s] -- Symlinking: /home/zhr/YOPO-ROS2/Controller/install/so3_quadrotor_simulator/include/ode/libs/numeric/odeint/examples/bind_member_functions.cpp
[0.894s] -- Symlinking: /home/zhr/YOPO-ROS2/Controller/install/so3_quadrotor_simulator/include/ode/libs/numeric/odeint/examples/bind_member_functions_cpp11.cpp
[0.899s] -- Symlinking: /home/zhr/YOPO-ROS2/Controller/install/so3_quadrotor_simulator/include/ode/libs/numeric/odeint/examples/bulirsch_stoer.cpp
[0.903s] -- Symlinking: /home/zhr/YOPO-ROS2/Controller/install/so3_quadrotor_simulator/include/ode/libs/numeric/odeint/examples/chaotic_system.cpp
[0.906s] -- Symlinking: /home/zhr/YOPO-ROS2/Controller/install/so3_quadrotor_simulator/include/ode/libs/numeric/odeint/examples/elliptic.py
[0.909s] -- Symlinking: /home/zhr/YOPO-ROS2/Controller/install/so3_quadrotor_simulator/include/ode/libs/numeric/odeint/examples/elliptic_functions.cpp
[0.912s] -- Symlinking: /home/zhr/YOPO-ROS2/Controller/install/so3_quadrotor_simulator/include/ode/libs/numeric/odeint/examples/fpu.cpp
[0.915s] -- Symlinking: /home/zhr/YOPO-ROS2/Controller/install/so3_quadrotor_simulator/include/ode/libs/numeric/odeint/examples/generation_functions.cpp
[0.918s] -- Symlinking: /home/zhr/YOPO-ROS2/Controller/install/so3_quadrotor_simulator/include/ode/libs/numeric/odeint/examples/gmpxx/lorenz_gmpxx.cpp
[0.922s] -- Symlinking: /home/zhr/YOPO-ROS2/Controller/install/so3_quadrotor_simulator/include/ode/libs/numeric/odeint/examples/gram_schmidt.hpp
[0.925s] -- Symlinking: /home/zhr/YOPO-ROS2/Controller/install/so3_quadrotor_simulator/include/ode/libs/numeric/odeint/examples/harmonic_oscillator.cpp
[0.928s] -- Symlinking: /home/zhr/YOPO-ROS2/Controller/install/so3_quadrotor_simulator/include/ode/libs/numeric/odeint/examples/harmonic_oscillator_units.cpp
[0.933s] -- Symlinking: /home/zhr/YOPO-ROS2/Controller/install/so3_quadrotor_simulator/include/ode/libs/numeric/odeint/examples/heun.cpp
[0.936s] -- Symlinking: /home/zhr/YOPO-ROS2/Controller/install/so3_quadrotor_simulator/include/ode/libs/numeric/odeint/examples/list_lattice.cpp
[0.940s] -- Symlinking: /home/zhr/YOPO-ROS2/Controller/install/so3_quadrotor_simulator/include/ode/libs/numeric/odeint/examples/lorenz_point.cpp
[0.943s] -- Symlinking: /home/zhr/YOPO-ROS2/Controller/install/so3_quadrotor_simulator/include/ode/libs/numeric/odeint/examples/mtl/Jamfile.v2
[0.946s] -- Symlinking: /home/zhr/YOPO-ROS2/Controller/install/so3_quadrotor_simulator/include/ode/libs/numeric/odeint/examples/mtl/gauss_packet.cpp
[0.951s] -- Symlinking: /home/zhr/YOPO-ROS2/Controller/install/so3_quadrotor_simulator/include/ode/libs/numeric/odeint/examples/mtl/implicit_euler_mtl.cpp
[0.954s] -- Symlinking: /home/zhr/YOPO-ROS2/Controller/install/so3_quadrotor_simulator/include/ode/libs/numeric/odeint/examples/my_vector.cpp
[0.958s] -- Symlinking: /home/zhr/YOPO-ROS2/Controller/install/so3_quadrotor_simulator/include/ode/libs/numeric/odeint/examples/phase_oscillator_ensemble.cpp
[0.962s] -- Symlinking: /home/zhr/YOPO-ROS2/Controller/install/so3_quadrotor_simulator/include/ode/libs/numeric/odeint/examples/point_type.hpp
[0.966s] -- Symlinking: /home/zhr/YOPO-ROS2/Controller/install/so3_quadrotor_simulator/include/ode/libs/numeric/odeint/examples/quadmath/Jamfile.v2
[0.969s] -- Symlinking: /home/zhr/YOPO-ROS2/Controller/install/so3_quadrotor_simulator/include/ode/libs/numeric/odeint/examples/quadmath/black_hole.cpp
[0.972s] -- Symlinking: /home/zhr/YOPO-ROS2/Controller/install/so3_quadrotor_simulator/include/ode/libs/numeric/odeint/examples/resizing_lattice.cpp
[0.975s] -- Symlinking: /home/zhr/YOPO-ROS2/Controller/install/so3_quadrotor_simulator/include/ode/libs/numeric/odeint/examples/simple1d.cpp
[0.978s] -- Symlinking: /home/zhr/YOPO-ROS2/Controller/install/so3_quadrotor_simulator/include/ode/libs/numeric/odeint/examples/solar_system.agr
[0.981s] -- Symlinking: /home/zhr/YOPO-ROS2/Controller/install/so3_quadrotor_simulator/include/ode/libs/numeric/odeint/examples/solar_system.cpp
[0.986s] -- Symlinking: /home/zhr/YOPO-ROS2/Controller/install/so3_quadrotor_simulator/include/ode/libs/numeric/odeint/examples/stepper_details.cpp
[0.989s] -- Symlinking: /home/zhr/YOPO-ROS2/Controller/install/so3_quadrotor_simulator/include/ode/libs/numeric/odeint/examples/stiff_system.cpp
[0.992s] -- Symlinking: /home/zhr/YOPO-ROS2/Controller/install/so3_quadrotor_simulator/include/ode/libs/numeric/odeint/examples/stochastic_euler.cpp
[0.995s] -- Symlinking: /home/zhr/YOPO-ROS2/Controller/install/so3_quadrotor_simulator/include/ode/libs/numeric/odeint/examples/stuart_landau.cpp
[0.998s] -- Symlinking: /home/zhr/YOPO-ROS2/Controller/install/so3_quadrotor_simulator/include/ode/libs/numeric/odeint/examples/thrust/Makefile
[1.002s] -- Symlinking: /home/zhr/YOPO-ROS2/Controller/install/so3_quadrotor_simulator/include/ode/libs/numeric/odeint/examples/thrust/lorenz_parameters.cu
[1.006s] -- Symlinking: /home/zhr/YOPO-ROS2/Controller/install/so3_quadrotor_simulator/include/ode/libs/numeric/odeint/examples/thrust/phase_oscillator_chain.cu
[1.010s] -- Symlinking: /home/zhr/YOPO-ROS2/Controller/install/so3_quadrotor_simulator/include/ode/libs/numeric/odeint/examples/thrust/phase_oscillator_ensemble.cu
[1.013s] -- Symlinking: /home/zhr/YOPO-ROS2/Controller/install/so3_quadrotor_simulator/include/ode/libs/numeric/odeint/examples/thrust/relaxation.cu
[1.016s] -- Symlinking: /home/zhr/YOPO-ROS2/Controller/install/so3_quadrotor_simulator/include/ode/libs/numeric/odeint/examples/two_dimensional_phase_lattice.cpp
[1.019s] -- Symlinking: /home/zhr/YOPO-ROS2/Controller/install/so3_quadrotor_simulator/include/ode/libs/numeric/odeint/examples/ublas/Jamfile.v2
[1.023s] -- Symlinking: /home/zhr/YOPO-ROS2/Controller/install/so3_quadrotor_simulator/include/ode/libs/numeric/odeint/examples/ublas/lorenz_ublas.cpp
[1.027s] -- Symlinking: /home/zhr/YOPO-ROS2/Controller/install/so3_quadrotor_simulator/include/ode/libs/numeric/odeint/examples/van_der_pol_stiff.cpp
[1.031s] -- Symlinking: /home/zhr/YOPO-ROS2/Controller/install/so3_quadrotor_simulator/include/ode/libs/numeric/odeint/examples/vexcl/Jamfile.v2
[1.034s] -- Symlinking: /home/zhr/YOPO-ROS2/Controller/install/so3_quadrotor_simulator/include/ode/libs/numeric/odeint/examples/vexcl/lorenz_ensemble.cpp
[1.037s] -- Symlinking: /home/zhr/YOPO-ROS2/Controller/install/so3_quadrotor_simulator/include/ode/libs/numeric/odeint/index.html
[1.041s] -- Symlinking: /home/zhr/YOPO-ROS2/Controller/install/so3_quadrotor_simulator/include/ode/libs/numeric/odeint/performance/Jamfile.v2
[1.044s] -- Symlinking: /home/zhr/YOPO-ROS2/Controller/install/so3_quadrotor_simulator/include/ode/libs/numeric/odeint/performance/fusion_algebra.hpp
[1.048s] -- Symlinking: /home/zhr/YOPO-ROS2/Controller/install/so3_quadrotor_simulator/include/ode/libs/numeric/odeint/performance/fusion_explicit_error_rk.hpp
[1.051s] -- Symlinking: /home/zhr/YOPO-ROS2/Controller/install/so3_quadrotor_simulator/include/ode/libs/numeric/odeint/performance/fusion_explicit_rk_new.hpp
[1.054s] -- Symlinking: /home/zhr/YOPO-ROS2/Controller/install/so3_quadrotor_simulator/include/ode/libs/numeric/odeint/performance/generic_odeint_rk4_lorenz.cpp
[1.057s] -- Symlinking: /home/zhr/YOPO-ROS2/Controller/install/so3_quadrotor_simulator/include/ode/libs/numeric/odeint/performance/gsl_rk4_lorenz.cpp
[1.062s] -- Symlinking: /home/zhr/YOPO-ROS2/Controller/install/so3_quadrotor_simulator/include/ode/libs/numeric/odeint/performance/lorenz.hpp
[1.065s] -- Symlinking: /home/zhr/YOPO-ROS2/Controller/install/so3_quadrotor_simulator/include/ode/libs/numeric/odeint/performance/lorenz_gsl.hpp
[1.068s] -- Symlinking: /home/zhr/YOPO-ROS2/Controller/install/so3_quadrotor_simulator/include/ode/libs/numeric/odeint/performance/nr_rk4_lorenz.cpp
[1.072s] -- Symlinking: /home/zhr/YOPO-ROS2/Controller/install/so3_quadrotor_simulator/include/ode/libs/numeric/odeint/performance/nr_rk4_phase_lattice.cpp
[1.075s] -- Symlinking: /home/zhr/YOPO-ROS2/Controller/install/so3_quadrotor_simulator/include/ode/libs/numeric/odeint/performance/odeint_rk4_lorenz_array.cpp
[1.079s] -- Symlinking: /home/zhr/YOPO-ROS2/Controller/install/so3_quadrotor_simulator/include/ode/libs/numeric/odeint/performance/odeint_rk4_lorenz_range.cpp
[1.082s] -- Symlinking: /home/zhr/YOPO-ROS2/Controller/install/so3_quadrotor_simulator/include/ode/libs/numeric/odeint/performance/odeint_rk4_phase_lattice.cpp
[1.085s] -- Symlinking: /home/zhr/YOPO-ROS2/Controller/install/so3_quadrotor_simulator/include/ode/libs/numeric/odeint/performance/odeint_rk4_phase_lattice_mkl.cpp
[1.088s] -- Symlinking: /home/zhr/YOPO-ROS2/Controller/install/so3_quadrotor_simulator/include/ode/libs/numeric/odeint/performance/performance.py
[1.092s] -- Symlinking: /home/zhr/YOPO-ROS2/Controller/install/so3_quadrotor_simulator/include/ode/libs/numeric/odeint/performance/phase_lattice.hpp
[1.097s] -- Symlinking: /home/zhr/YOPO-ROS2/Controller/install/so3_quadrotor_simulator/include/ode/libs/numeric/odeint/performance/phase_lattice_mkl.hpp
[1.101s] -- Symlinking: /home/zhr/YOPO-ROS2/Controller/install/so3_quadrotor_simulator/include/ode/libs/numeric/odeint/performance/plot_result.py
[1.105s] -- Symlinking: /home/zhr/YOPO-ROS2/Controller/install/so3_quadrotor_simulator/include/ode/libs/numeric/odeint/performance/rk4_lorenz.f
[1.109s] -- Symlinking: /home/zhr/YOPO-ROS2/Controller/install/so3_quadrotor_simulator/include/ode/libs/numeric/odeint/performance/rk_performance_test_case.hpp
[1.112s] -- Symlinking: /home/zhr/YOPO-ROS2/Controller/install/so3_quadrotor_simulator/include/ode/libs/numeric/odeint/performance/rt_algebra.hpp
[1.116s] -- Symlinking: /home/zhr/YOPO-ROS2/Controller/install/so3_quadrotor_simulator/include/ode/libs/numeric/odeint/performance/rt_explicit_rk.hpp
[1.119s] -- Symlinking: /home/zhr/YOPO-ROS2/Controller/install/so3_quadrotor_simulator/include/ode/libs/numeric/odeint/performance/rt_generic_rk4_lorenz.cpp
[1.124s] -- Symlinking: /home/zhr/YOPO-ROS2/Controller/install/so3_quadrotor_simulator/include/ode/libs/numeric/odeint/performance/rt_generic_rk4_phase_lattice.cpp
[1.129s] -- Symlinking: /home/zhr/YOPO-ROS2/Controller/install/so3_quadrotor_simulator/include/ode/libs/numeric/odeint/test/Jamfile.v2
[1.132s] -- Symlinking: /home/zhr/YOPO-ROS2/Controller/install/so3_quadrotor_simulator/include/ode/libs/numeric/odeint/test/adams_bashforth.cpp
[1.136s] -- Symlinking: /home/zhr/YOPO-ROS2/Controller/install/so3_quadrotor_simulator/include/ode/libs/numeric/odeint/test/adams_bashforth_moulton.cpp
[1.139s] -- Symlinking: /home/zhr/YOPO-ROS2/Controller/install/so3_quadrotor_simulator/include/ode/libs/numeric/odeint/test/adams_moulton.cpp
[1.144s] -- Symlinking: /home/zhr/YOPO-ROS2/Controller/install/so3_quadrotor_simulator/include/ode/libs/numeric/odeint/test/boost_units_helpers.hpp
[1.149s] -- Symlinking: /home/zhr/YOPO-ROS2/Controller/install/so3_quadrotor_simulator/include/ode/libs/numeric/odeint/test/bulirsch_stoer.cpp
[1.155s] -- Symlinking: /home/zhr/YOPO-ROS2/Controller/install/so3_quadrotor_simulator/include/ode/libs/numeric/odeint/test/const_range.hpp
[1.159s] -- Symlinking: /home/zhr/YOPO-ROS2/Controller/install/so3_quadrotor_simulator/include/ode/libs/numeric/odeint/test/default_operations.cpp
[1.163s] -- Symlinking: /home/zhr/YOPO-ROS2/Controller/install/so3_quadrotor_simulator/include/ode/libs/numeric/odeint/test/diagnostic_state_type.hpp
[1.168s] -- Symlinking: /home/zhr/YOPO-ROS2/Controller/install/so3_quadrotor_simulator/include/ode/libs/numeric/odeint/test/dummy_odes.hpp
[1.173s] -- Symlinking: /home/zhr/YOPO-ROS2/Controller/install/so3_quadrotor_simulator/include/ode/libs/numeric/odeint/test/dummy_steppers.hpp
[1.180s] -- Symlinking: /home/zhr/YOPO-ROS2/Controller/install/so3_quadrotor_simulator/include/ode/libs/numeric/odeint/test/euler_stepper.cpp
[1.184s] -- Symlinking: /home/zhr/YOPO-ROS2/Controller/install/so3_quadrotor_simulator/include/ode/libs/numeric/odeint/test/fusion_algebra.cpp
[1.188s] -- Symlinking: /home/zhr/YOPO-ROS2/Controller/install/so3_quadrotor_simulator/include/ode/libs/numeric/odeint/test/generation.cpp
[1.193s] -- Symlinking: /home/zhr/YOPO-ROS2/Controller/install/so3_quadrotor_simulator/include/ode/libs/numeric/odeint/test/generic_error_stepper.cpp
[1.196s] -- Symlinking: /home/zhr/YOPO-ROS2/Controller/install/so3_quadrotor_simulator/include/ode/libs/numeric/odeint/test/generic_stepper.cpp
[1.201s] -- Symlinking: /home/zhr/YOPO-ROS2/Controller/install/so3_quadrotor_simulator/include/ode/libs/numeric/odeint/test/implicit_euler.cpp
[1.205s] -- Symlinking: /home/zhr/YOPO-ROS2/Controller/install/so3_quadrotor_simulator/include/ode/libs/numeric/odeint/test/integrate.cpp
[1.210s] -- Symlinking: /home/zhr/YOPO-ROS2/Controller/install/so3_quadrotor_simulator/include/ode/libs/numeric/odeint/test/integrate_implicit.cpp
[1.213s] -- Symlinking: /home/zhr/YOPO-ROS2/Controller/install/so3_quadrotor_simulator/include/ode/libs/numeric/odeint/test/integrate_times.cpp
[1.218s] -- Symlinking: /home/zhr/YOPO-ROS2/Controller/install/so3_quadrotor_simulator/include/ode/libs/numeric/odeint/test/is_pair.cpp
[1.222s] -- Symlinking: /home/zhr/YOPO-ROS2/Controller/install/so3_quadrotor_simulator/include/ode/libs/numeric/odeint/test/is_resizeable.cpp
[1.226s] -- Symlinking: /home/zhr/YOPO-ROS2/Controller/install/so3_quadrotor_simulator/include/ode/libs/numeric/odeint/test/numeric/Jamfile.v2
[1.230s] -- Symlinking: /home/zhr/YOPO-ROS2/Controller/install/so3_quadrotor_simulator/include/ode/libs/numeric/odeint/test/numeric/rosenbrock.cpp
[1.234s] -- Symlinking: /home/zhr/YOPO-ROS2/Controller/install/so3_quadrotor_simulator/include/ode/libs/numeric/odeint/test/numeric/runge_kutta.cpp
[1.238s] -- Symlinking: /home/zhr/YOPO-ROS2/Controller/install/so3_quadrotor_simulator/include/ode/libs/numeric/odeint/test/numeric/symplectic.cpp
[1.243s] -- Symlinking: /home/zhr/YOPO-ROS2/Controller/install/so3_quadrotor_simulator/include/ode/libs/numeric/odeint/test/prepare_stepper_testing.hpp
[1.247s] -- Symlinking: /home/zhr/YOPO-ROS2/Controller/install/so3_quadrotor_simulator/include/ode/libs/numeric/odeint/test/range_algebra.cpp
[1.251s] -- Symlinking: /home/zhr/YOPO-ROS2/Controller/install/so3_quadrotor_simulator/include/ode/libs/numeric/odeint/test/resize.cpp
[1.254s] -- Symlinking: /home/zhr/YOPO-ROS2/Controller/install/so3_quadrotor_simulator/include/ode/libs/numeric/odeint/test/resizing.cpp
[1.257s] -- Symlinking: /home/zhr/YOPO-ROS2/Controller/install/so3_quadrotor_simulator/include/ode/libs/numeric/odeint/test/rosenbrock4.cpp
[1.261s] -- Symlinking: /home/zhr/YOPO-ROS2/Controller/install/so3_quadrotor_simulator/include/ode/libs/numeric/odeint/test/runge_kutta_concepts.cpp
[1.266s] -- Symlinking: /home/zhr/YOPO-ROS2/Controller/install/so3_quadrotor_simulator/include/ode/libs/numeric/odeint/test/runge_kutta_controlled_concepts.cpp
[1.270s] -- Symlinking: /home/zhr/YOPO-ROS2/Controller/install/so3_quadrotor_simulator/include/ode/libs/numeric/odeint/test/runge_kutta_error_concepts.cpp
[1.274s] -- Symlinking: /home/zhr/YOPO-ROS2/Controller/install/so3_quadrotor_simulator/include/ode/libs/numeric/odeint/test/same_size.cpp
[1.278s] -- Symlinking: /home/zhr/YOPO-ROS2/Controller/install/so3_quadrotor_simulator/include/ode/libs/numeric/odeint/test/stepper_copying.cpp
[1.282s] -- Symlinking: /home/zhr/YOPO-ROS2/Controller/install/so3_quadrotor_simulator/include/ode/libs/numeric/odeint/test/stepper_with_ranges.cpp
[1.286s] -- Symlinking: /home/zhr/YOPO-ROS2/Controller/install/so3_quadrotor_simulator/include/ode/libs/numeric/odeint/test/stepper_with_units.cpp
[1.290s] -- Symlinking: /home/zhr/YOPO-ROS2/Controller/install/so3_quadrotor_simulator/include/ode/libs/numeric/odeint/test/symplectic_steppers.cpp
[1.293s] -- Symlinking: /home/zhr/YOPO-ROS2/Controller/install/so3_quadrotor_simulator/include/ode/libs/numeric/odeint/test/trivial_state.cpp
[1.296s] -- Symlinking: /home/zhr/YOPO-ROS2/Controller/install/so3_quadrotor_simulator/include/ode/libs/numeric/odeint/test/vector_space_1d.hpp
[1.299s] -- Symlinking: /home/zhr/YOPO-ROS2/Controller/install/so3_quadrotor_simulator/include/ode/libs/numeric/odeint/test_external/gmp/Jamfile.v2
[1.302s] -- Symlinking: /home/zhr/YOPO-ROS2/Controller/install/so3_quadrotor_simulator/include/ode/libs/numeric/odeint/test_external/gmp/check_gmp.cpp
[1.308s] -- Symlinking: /home/zhr/YOPO-ROS2/Controller/install/so3_quadrotor_simulator/include/ode/libs/numeric/odeint/test_external/gmp/gmp_integrate.cpp
[1.312s] -- Symlinking: /home/zhr/YOPO-ROS2/Controller/install/so3_quadrotor_simulator/include/ode/libs/numeric/odeint/test_external/gsl/Jamfile.v2
[1.315s] -- Symlinking: /home/zhr/YOPO-ROS2/Controller/install/so3_quadrotor_simulator/include/ode/libs/numeric/odeint/test_external/gsl/check_gsl.cpp
[1.318s] -- Symlinking: /home/zhr/YOPO-ROS2/Controller/install/so3_quadrotor_simulator/include/ode/libs/numeric/odeint/test_external/mkl/Jamfile.v2
[1.321s] -- Symlinking: /home/zhr/YOPO-ROS2/Controller/install/so3_quadrotor_simulator/include/ode/libs/numeric/odeint/test_external/mkl/check_mkl.cpp
[1.325s] -- Symlinking: /home/zhr/YOPO-ROS2/Controller/install/so3_quadrotor_simulator/include/ode/libs/numeric/odeint/test_external/mtl4/Jamfile.v2
[1.328s] -- Symlinking: /home/zhr/YOPO-ROS2/Controller/install/so3_quadrotor_simulator/include/ode/libs/numeric/odeint/test_external/mtl4/mtl4_resize.cpp
[1.333s] -- Symlinking: /home/zhr/YOPO-ROS2/Controller/install/so3_quadrotor_simulator/include/ode/libs/numeric/odeint/test_external/thrust/Makefile
[1.336s] -- Symlinking: /home/zhr/YOPO-ROS2/Controller/install/so3_quadrotor_simulator/include/ode/libs/numeric/odeint/test_external/thrust/check_thrust.cu
[1.341s] -- Symlinking: /home/zhr/YOPO-ROS2/Controller/install/so3_quadrotor_simulator/include/ode/libs/numeric/odeint/test_external/vexcl/Jamfile.v2
[1.346s] -- Symlinking: /home/zhr/YOPO-ROS2/Controller/install/so3_quadrotor_simulator/include/ode/libs/numeric/odeint/test_external/vexcl/lorenz.cpp
[1.349s] -- Symlinking: /home/zhr/YOPO-ROS2/Controller/install/so3_quadrotor_simulator/include/quadrotor_simulator/Quadrotor.h
[1.353s] -- Symlinking: /home/zhr/YOPO-ROS2/Controller/install/so3_quadrotor_simulator/share/so3_quadrotor_simulator/config/rviz.rviz
[1.356s] -- Symlinking: /home/zhr/YOPO-ROS2/Controller/install/so3_quadrotor_simulator/share/so3_quadrotor_simulator/config/uav.dae
[1.359s] -- Symlinking: /home/zhr/YOPO-ROS2/Controller/install/so3_quadrotor_simulator/share/so3_quadrotor_simulator/launch/simulator_attitude_control.launch
[1.362s] -- Symlinking: /home/zhr/YOPO-ROS2/Controller/install/so3_quadrotor_simulator/share/so3_quadrotor_simulator/launch/simulator_attitude_control.launch.py
[1.366s] -- Symlinking: /home/zhr/YOPO-ROS2/Controller/install/so3_quadrotor_simulator/share/so3_quadrotor_simulator/launch/simulator_position_control.launch
[1.371s] -- Symlinking: /home/zhr/YOPO-ROS2/Controller/install/so3_quadrotor_simulator/share/so3_quadrotor_simulator/launch/simulator_position_control.launch.py
[1.374s] -- Symlinking: /home/zhr/YOPO-ROS2/Controller/install/so3_quadrotor_simulator/share/so3_quadrotor_simulator/environment/library_path.sh
[1.379s] -- Symlinking: /home/zhr/YOPO-ROS2/Controller/install/so3_quadrotor_simulator/share/so3_quadrotor_simulator/environment/library_path.dsv
[1.383s] -- Symlinking: /home/zhr/YOPO-ROS2/Controller/install/so3_quadrotor_simulator/share/ament_index/resource_index/package_run_dependencies/so3_quadrotor_simulator
[1.387s] -- Symlinking: /home/zhr/YOPO-ROS2/Controller/install/so3_quadrotor_simulator/share/ament_index/resource_index/parent_prefix_path/so3_quadrotor_simulator
[1.390s] -- Symlinking: /home/zhr/YOPO-ROS2/Controller/install/so3_quadrotor_simulator/share/so3_quadrotor_simulator/environment/ament_prefix_path.sh
[1.393s] -- Symlinking: /home/zhr/YOPO-ROS2/Controller/install/so3_quadrotor_simulator/share/so3_quadrotor_simulator/environment/ament_prefix_path.dsv
[1.397s] -- Symlinking: /home/zhr/YOPO-ROS2/Controller/install/so3_quadrotor_simulator/share/so3_quadrotor_simulator/environment/path.sh
[1.400s] -- Symlinking: /home/zhr/YOPO-ROS2/Controller/install/so3_quadrotor_simulator/share/so3_quadrotor_simulator/environment/path.dsv
[1.405s] -- Symlinking: /home/zhr/YOPO-ROS2/Controller/install/so3_quadrotor_simulator/share/so3_quadrotor_simulator/local_setup.bash
[1.409s] -- Symlinking: /home/zhr/YOPO-ROS2/Controller/install/so3_quadrotor_simulator/share/so3_quadrotor_simulator/local_setup.sh
[1.412s] -- Symlinking: /home/zhr/YOPO-ROS2/Controller/install/so3_quadrotor_simulator/share/so3_quadrotor_simulator/local_setup.zsh
[1.416s] -- Symlinking: /home/zhr/YOPO-ROS2/Controller/install/so3_quadrotor_simulator/share/so3_quadrotor_simulator/local_setup.dsv
[1.419s] -- Symlinking: /home/zhr/YOPO-ROS2/Controller/install/so3_quadrotor_simulator/share/so3_quadrotor_simulator/package.dsv
[1.422s] -- Symlinking: /home/zhr/YOPO-ROS2/Controller/install/so3_quadrotor_simulator/share/ament_index/resource_index/packages/so3_quadrotor_simulator
[1.425s] -- Symlinking: /home/zhr/YOPO-ROS2/Controller/install/so3_quadrotor_simulator/share/so3_quadrotor_simulator/cmake/ament_cmake_export_dependencies-extras.cmake
[1.428s] -- Symlinking: /home/zhr/YOPO-ROS2/Controller/install/so3_quadrotor_simulator/share/so3_quadrotor_simulator/cmake/ament_cmake_export_include_directories-extras.cmake
[1.432s] -- Symlinking: /home/zhr/YOPO-ROS2/Controller/install/so3_quadrotor_simulator/share/so3_quadrotor_simulator/cmake/ament_cmake_export_libraries-extras.cmake
[1.435s] -- Symlinking: /home/zhr/YOPO-ROS2/Controller/install/so3_quadrotor_simulator/share/so3_quadrotor_simulator/cmake/so3_quadrotor_simulatorConfig.cmake
[1.438s] -- Symlinking: /home/zhr/YOPO-ROS2/Controller/install/so3_quadrotor_simulator/share/so3_quadrotor_simulator/cmake/so3_quadrotor_simulatorConfig-version.cmake
[1.442s] -- Symlinking: /home/zhr/YOPO-ROS2/Controller/install/so3_quadrotor_simulator/share/so3_quadrotor_simulator/package.xml
[1.451s] Invoked command in '/home/zhr/YOPO-ROS2/Controller/build/so3_quadrotor_simulator' returned '0': AMENT_PREFIX_PATH=/home/zhr/YOPO-ROS2/Controller/install/uav_utils:/home/zhr/YOPO-ROS2/Controller/install/quadrotor_msgs:/home/zhr/YOPO-ROS2/Controller/install/cmake_utils:${AMENT_PREFIX_PATH} CMAKE_PREFIX_PATH=/home/zhr/YOPO-ROS2/Controller/install/uav_utils:/home/zhr/YOPO-ROS2/Controller/install/quadrotor_msgs:/home/zhr/YOPO-ROS2/Controller/install/cmake_utils:/opt/ros/jazzy/opt/gz_math_vendor:/opt/ros/jazzy/opt/gz_utils_vendor:/opt/ros/jazzy/opt/gz_cmake_vendor:/opt/ros/jazzy CONDA_PROMPT_MODIFIER=(base) DEBUGINFOD_URLS=https://debuginfod.ubuntu.com LD_LIBRARY_PATH=/home/zhr/YOPO-ROS2/Controller/install/uav_utils/lib:/home/zhr/YOPO-ROS2/Controller/install/quadrotor_msgs/lib:${LD_LIBRARY_PATH} PYTHONPATH=/home/zhr/YOPO-ROS2/Controller/install/quadrotor_msgs/lib/python3.12/site-packages:${PYTHONPATH} /usr/bin/cmake --install /home/zhr/YOPO-ROS2/Controller/build/so3_quadrotor_simulator
