[  1%] Built target quadrotor_msgs__rosidl_generator_type_description
[  1%] Built target ament_cmake_python_copy_quadrotor_msgs
[  1%] Built target quadrotor_msgs__cpp
[ 27%] Built target quadrotor_msgs__rosidl_generator_c
[ 36%] Built target quadrotor_msgs__rosidl_typesupport_introspection_c
[ 55%] Built target quadrotor_msgs__rosidl_typesupport_cpp
[ 56%] Built target quadrotor_msgs__rosidl_typesupport_fastrtps_cpp
[ 65%] Built target quadrotor_msgs__rosidl_typesupport_c
[ 75%] Built target quadrotor_msgs__rosidl_typesupport_introspection_cpp
[ 84%] Built target quadrotor_msgs__rosidl_typesupport_fastrtps_c
[ 84%] Built target quadrotor_msgs
[ 85%] Built target encode_msgs
[ 86%] Built target quadrotor_msgs__py
[ 87%] Built target decode_msgs
[ 96%] Built target quadrotor_msgs__rosidl_generator_py
[ 98%] Built target quadrotor_msgs_s__rosidl_typesupport_introspection_c
[100%] Built target quadrotor_msgs_s__rosidl_typesupport_fastrtps_c
[100%] Built target quadrotor_msgs_s__rosidl_typesupport_c
running egg_info
writing quadrotor_msgs.egg-info/PKG-INFO
writing dependency_links to quadrotor_msgs.egg-info/dependency_links.txt
writing top-level names to quadrotor_msgs.egg-info/top_level.txt
reading manifest file 'quadrotor_msgs.egg-info/SOURCES.txt'
writing manifest file 'quadrotor_msgs.egg-info/SOURCES.txt'
[100%] Built target ament_cmake_python_build_quadrotor_msgs_egg
-- Install configuration: ""
-- Up-to-date: /home/zhr/YOPO-ROS2/Controller/install/quadrotor_msgs/share/ament_index/resource_index/rosidl_interfaces/quadrotor_msgs
-- Up-to-date: /home/zhr/YOPO-ROS2/Controller/install/quadrotor_msgs/share/quadrotor_msgs/msg/AuxCommand.json
-- Up-to-date: /home/zhr/YOPO-ROS2/Controller/install/quadrotor_msgs/share/quadrotor_msgs/msg/Corrections.json
-- Up-to-date: /home/zhr/YOPO-ROS2/Controller/install/quadrotor_msgs/share/quadrotor_msgs/msg/Gains.json
-- Up-to-date: /home/zhr/YOPO-ROS2/Controller/install/quadrotor_msgs/share/quadrotor_msgs/msg/OutputData.json
-- Up-to-date: /home/zhr/YOPO-ROS2/Controller/install/quadrotor_msgs/share/quadrotor_msgs/msg/PositionCommand.json
-- Up-to-date: /home/zhr/YOPO-ROS2/Controller/install/quadrotor_msgs/share/quadrotor_msgs/msg/PPROutputData.json
-- Up-to-date: /home/zhr/YOPO-ROS2/Controller/install/quadrotor_msgs/share/quadrotor_msgs/msg/Serial.json
-- Up-to-date: /home/zhr/YOPO-ROS2/Controller/install/quadrotor_msgs/share/quadrotor_msgs/msg/SO3Command.json
-- Up-to-date: /home/zhr/YOPO-ROS2/Controller/install/quadrotor_msgs/share/quadrotor_msgs/msg/StatusData.json
-- Up-to-date: /home/zhr/YOPO-ROS2/Controller/install/quadrotor_msgs/share/quadrotor_msgs/msg/TRPYCommand.json
-- Up-to-date: /home/zhr/YOPO-ROS2/Controller/install/quadrotor_msgs/share/quadrotor_msgs/msg/Odometry.json
-- Up-to-date: /home/zhr/YOPO-ROS2/Controller/install/quadrotor_msgs/share/quadrotor_msgs/msg/PolynomialTrajectory.json
-- Up-to-date: /home/zhr/YOPO-ROS2/Controller/install/quadrotor_msgs/share/quadrotor_msgs/msg/LQRTrajectory.json
-- Up-to-date: /home/zhr/YOPO-ROS2/Controller/install/quadrotor_msgs/share/quadrotor_msgs/srv/SetTakeoffLand.json
-- Up-to-date: /home/zhr/YOPO-ROS2/Controller/install/quadrotor_msgs/include/quadrotor_msgs/quadrotor_msgs
-- Up-to-date: /home/zhr/YOPO-ROS2/Controller/install/quadrotor_msgs/include/quadrotor_msgs/quadrotor_msgs/msg
-- Up-to-date: /home/zhr/YOPO-ROS2/Controller/install/quadrotor_msgs/include/quadrotor_msgs/quadrotor_msgs/msg/so3_command.h
-- Up-to-date: /home/zhr/YOPO-ROS2/Controller/install/quadrotor_msgs/include/quadrotor_msgs/quadrotor_msgs/msg/output_data.h
-- Up-to-date: /home/zhr/YOPO-ROS2/Controller/install/quadrotor_msgs/include/quadrotor_msgs/quadrotor_msgs/msg/trpy_command.h
-- Up-to-date: /home/zhr/YOPO-ROS2/Controller/install/quadrotor_msgs/include/quadrotor_msgs/quadrotor_msgs/msg/lqr_trajectory.h
-- Up-to-date: /home/zhr/YOPO-ROS2/Controller/install/quadrotor_msgs/include/quadrotor_msgs/quadrotor_msgs/msg/gains.h
-- Up-to-date: /home/zhr/YOPO-ROS2/Controller/install/quadrotor_msgs/include/quadrotor_msgs/quadrotor_msgs/msg/polynomial_trajectory.h
-- Up-to-date: /home/zhr/YOPO-ROS2/Controller/install/quadrotor_msgs/include/quadrotor_msgs/quadrotor_msgs/msg/detail
-- Up-to-date: /home/zhr/YOPO-ROS2/Controller/install/quadrotor_msgs/include/quadrotor_msgs/quadrotor_msgs/msg/detail/polynomial_trajectory__description.c
-- Up-to-date: /home/zhr/YOPO-ROS2/Controller/install/quadrotor_msgs/include/quadrotor_msgs/quadrotor_msgs/msg/detail/serial__functions.c
-- Up-to-date: /home/zhr/YOPO-ROS2/Controller/install/quadrotor_msgs/include/quadrotor_msgs/quadrotor_msgs/msg/detail/corrections__description.c
-- Up-to-date: /home/zhr/YOPO-ROS2/Controller/install/quadrotor_msgs/include/quadrotor_msgs/quadrotor_msgs/msg/detail/serial__description.c
-- Up-to-date: /home/zhr/YOPO-ROS2/Controller/install/quadrotor_msgs/include/quadrotor_msgs/quadrotor_msgs/msg/detail/position_command__type_support.c
-- Up-to-date: /home/zhr/YOPO-ROS2/Controller/install/quadrotor_msgs/include/quadrotor_msgs/quadrotor_msgs/msg/detail/lqr_trajectory__type_support.h
-- Up-to-date: /home/zhr/YOPO-ROS2/Controller/install/quadrotor_msgs/include/quadrotor_msgs/quadrotor_msgs/msg/detail/position_command__functions.h
-- Up-to-date: /home/zhr/YOPO-ROS2/Controller/install/quadrotor_msgs/include/quadrotor_msgs/quadrotor_msgs/msg/detail/trpy_command__functions.c
-- Up-to-date: /home/zhr/YOPO-ROS2/Controller/install/quadrotor_msgs/include/quadrotor_msgs/quadrotor_msgs/msg/detail/output_data__type_support.c
-- Up-to-date: /home/zhr/YOPO-ROS2/Controller/install/quadrotor_msgs/include/quadrotor_msgs/quadrotor_msgs/msg/detail/odometry__functions.c
-- Up-to-date: /home/zhr/YOPO-ROS2/Controller/install/quadrotor_msgs/include/quadrotor_msgs/quadrotor_msgs/msg/detail/so3_command__type_support.h
-- Up-to-date: /home/zhr/YOPO-ROS2/Controller/install/quadrotor_msgs/include/quadrotor_msgs/quadrotor_msgs/msg/detail/aux_command__functions.h
-- Up-to-date: /home/zhr/YOPO-ROS2/Controller/install/quadrotor_msgs/include/quadrotor_msgs/quadrotor_msgs/msg/detail/lqr_trajectory__type_support.c
-- Up-to-date: /home/zhr/YOPO-ROS2/Controller/install/quadrotor_msgs/include/quadrotor_msgs/quadrotor_msgs/msg/detail/polynomial_trajectory__functions.h
-- Up-to-date: /home/zhr/YOPO-ROS2/Controller/install/quadrotor_msgs/include/quadrotor_msgs/quadrotor_msgs/msg/detail/ppr_output_data__struct.h
-- Up-to-date: /home/zhr/YOPO-ROS2/Controller/install/quadrotor_msgs/include/quadrotor_msgs/quadrotor_msgs/msg/detail/corrections__functions.h
-- Up-to-date: /home/zhr/YOPO-ROS2/Controller/install/quadrotor_msgs/include/quadrotor_msgs/quadrotor_msgs/msg/detail/lqr_trajectory__functions.h
-- Up-to-date: /home/zhr/YOPO-ROS2/Controller/install/quadrotor_msgs/include/quadrotor_msgs/quadrotor_msgs/msg/detail/position_command__functions.c
-- Up-to-date: /home/zhr/YOPO-ROS2/Controller/install/quadrotor_msgs/include/quadrotor_msgs/quadrotor_msgs/msg/detail/lqr_trajectory__functions.c
-- Up-to-date: /home/zhr/YOPO-ROS2/Controller/install/quadrotor_msgs/include/quadrotor_msgs/quadrotor_msgs/msg/detail/trpy_command__type_support.h
-- Up-to-date: /home/zhr/YOPO-ROS2/Controller/install/quadrotor_msgs/include/quadrotor_msgs/quadrotor_msgs/msg/detail/serial__type_support.h
-- Up-to-date: /home/zhr/YOPO-ROS2/Controller/install/quadrotor_msgs/include/quadrotor_msgs/quadrotor_msgs/msg/detail/polynomial_trajectory__functions.c
-- Up-to-date: /home/zhr/YOPO-ROS2/Controller/install/quadrotor_msgs/include/quadrotor_msgs/quadrotor_msgs/msg/detail/status_data__struct.h
-- Up-to-date: /home/zhr/YOPO-ROS2/Controller/install/quadrotor_msgs/include/quadrotor_msgs/quadrotor_msgs/msg/detail/trpy_command__type_support.c
-- Up-to-date: /home/zhr/YOPO-ROS2/Controller/install/quadrotor_msgs/include/quadrotor_msgs/quadrotor_msgs/msg/detail/lqr_trajectory__description.c
-- Up-to-date: /home/zhr/YOPO-ROS2/Controller/install/quadrotor_msgs/include/quadrotor_msgs/quadrotor_msgs/msg/detail/ppr_output_data__functions.h
-- Up-to-date: /home/zhr/YOPO-ROS2/Controller/install/quadrotor_msgs/include/quadrotor_msgs/quadrotor_msgs/msg/detail/position_command__struct.h
-- Up-to-date: /home/zhr/YOPO-ROS2/Controller/install/quadrotor_msgs/include/quadrotor_msgs/quadrotor_msgs/msg/detail/ppr_output_data__type_support.h
-- Up-to-date: /home/zhr/YOPO-ROS2/Controller/install/quadrotor_msgs/include/quadrotor_msgs/quadrotor_msgs/msg/detail/polynomial_trajectory__struct.h
-- Up-to-date: /home/zhr/YOPO-ROS2/Controller/install/quadrotor_msgs/include/quadrotor_msgs/quadrotor_msgs/msg/detail/serial__type_support.c
-- Up-to-date: /home/zhr/YOPO-ROS2/Controller/install/quadrotor_msgs/include/quadrotor_msgs/quadrotor_msgs/msg/detail/output_data__struct.h
-- Up-to-date: /home/zhr/YOPO-ROS2/Controller/install/quadrotor_msgs/include/quadrotor_msgs/quadrotor_msgs/msg/detail/gains__functions.c
-- Up-to-date: /home/zhr/YOPO-ROS2/Controller/install/quadrotor_msgs/include/quadrotor_msgs/quadrotor_msgs/msg/detail/aux_command__struct.h
-- Up-to-date: /home/zhr/YOPO-ROS2/Controller/install/quadrotor_msgs/include/quadrotor_msgs/quadrotor_msgs/msg/detail/position_command__type_support.h
-- Up-to-date: /home/zhr/YOPO-ROS2/Controller/install/quadrotor_msgs/include/quadrotor_msgs/quadrotor_msgs/msg/detail/trpy_command__functions.h
-- Up-to-date: /home/zhr/YOPO-ROS2/Controller/install/quadrotor_msgs/include/quadrotor_msgs/quadrotor_msgs/msg/detail/status_data__type_support.h
-- Up-to-date: /home/zhr/YOPO-ROS2/Controller/install/quadrotor_msgs/include/quadrotor_msgs/quadrotor_msgs/msg/detail/serial__struct.h
-- Up-to-date: /home/zhr/YOPO-ROS2/Controller/install/quadrotor_msgs/include/quadrotor_msgs/quadrotor_msgs/msg/detail/aux_command__description.c
-- Up-to-date: /home/zhr/YOPO-ROS2/Controller/install/quadrotor_msgs/include/quadrotor_msgs/quadrotor_msgs/msg/detail/gains__type_support.h
-- Up-to-date: /home/zhr/YOPO-ROS2/Controller/install/quadrotor_msgs/include/quadrotor_msgs/quadrotor_msgs/msg/detail/odometry__type_support.h
-- Up-to-date: /home/zhr/YOPO-ROS2/Controller/install/quadrotor_msgs/include/quadrotor_msgs/quadrotor_msgs/msg/detail/output_data__description.c
-- Up-to-date: /home/zhr/YOPO-ROS2/Controller/install/quadrotor_msgs/include/quadrotor_msgs/quadrotor_msgs/msg/detail/corrections__struct.h
-- Up-to-date: /home/zhr/YOPO-ROS2/Controller/install/quadrotor_msgs/include/quadrotor_msgs/quadrotor_msgs/msg/detail/status_data__type_support.c
-- Up-to-date: /home/zhr/YOPO-ROS2/Controller/install/quadrotor_msgs/include/quadrotor_msgs/quadrotor_msgs/msg/detail/ppr_output_data__type_support.c
-- Up-to-date: /home/zhr/YOPO-ROS2/Controller/install/quadrotor_msgs/include/quadrotor_msgs/quadrotor_msgs/msg/detail/corrections__type_support.h
-- Up-to-date: /home/zhr/YOPO-ROS2/Controller/install/quadrotor_msgs/include/quadrotor_msgs/quadrotor_msgs/msg/detail/position_command__description.c
-- Up-to-date: /home/zhr/YOPO-ROS2/Controller/install/quadrotor_msgs/include/quadrotor_msgs/quadrotor_msgs/msg/detail/status_data__description.c
-- Up-to-date: /home/zhr/YOPO-ROS2/Controller/install/quadrotor_msgs/include/quadrotor_msgs/quadrotor_msgs/msg/detail/polynomial_trajectory__type_support.c
-- Up-to-date: /home/zhr/YOPO-ROS2/Controller/install/quadrotor_msgs/include/quadrotor_msgs/quadrotor_msgs/msg/detail/odometry__description.c
-- Up-to-date: /home/zhr/YOPO-ROS2/Controller/install/quadrotor_msgs/include/quadrotor_msgs/quadrotor_msgs/msg/detail/odometry__functions.h
-- Up-to-date: /home/zhr/YOPO-ROS2/Controller/install/quadrotor_msgs/include/quadrotor_msgs/quadrotor_msgs/msg/detail/corrections__type_support.c
-- Up-to-date: /home/zhr/YOPO-ROS2/Controller/install/quadrotor_msgs/include/quadrotor_msgs/quadrotor_msgs/msg/detail/output_data__functions.h
-- Up-to-date: /home/zhr/YOPO-ROS2/Controller/install/quadrotor_msgs/include/quadrotor_msgs/quadrotor_msgs/msg/detail/aux_command__functions.c
-- Up-to-date: /home/zhr/YOPO-ROS2/Controller/install/quadrotor_msgs/include/quadrotor_msgs/quadrotor_msgs/msg/detail/aux_command__type_support.c
-- Up-to-date: /home/zhr/YOPO-ROS2/Controller/install/quadrotor_msgs/include/quadrotor_msgs/quadrotor_msgs/msg/detail/aux_command__type_support.h
-- Up-to-date: /home/zhr/YOPO-ROS2/Controller/install/quadrotor_msgs/include/quadrotor_msgs/quadrotor_msgs/msg/detail/status_data__functions.c
-- Up-to-date: /home/zhr/YOPO-ROS2/Controller/install/quadrotor_msgs/include/quadrotor_msgs/quadrotor_msgs/msg/detail/output_data__functions.c
-- Up-to-date: /home/zhr/YOPO-ROS2/Controller/install/quadrotor_msgs/include/quadrotor_msgs/quadrotor_msgs/msg/detail/ppr_output_data__description.c
-- Up-to-date: /home/zhr/YOPO-ROS2/Controller/install/quadrotor_msgs/include/quadrotor_msgs/quadrotor_msgs/msg/detail/output_data__type_support.h
-- Up-to-date: /home/zhr/YOPO-ROS2/Controller/install/quadrotor_msgs/include/quadrotor_msgs/quadrotor_msgs/msg/detail/odometry__type_support.c
-- Up-to-date: /home/zhr/YOPO-ROS2/Controller/install/quadrotor_msgs/include/quadrotor_msgs/quadrotor_msgs/msg/detail/so3_command__struct.h
-- Up-to-date: /home/zhr/YOPO-ROS2/Controller/install/quadrotor_msgs/include/quadrotor_msgs/quadrotor_msgs/msg/detail/lqr_trajectory__struct.h
-- Up-to-date: /home/zhr/YOPO-ROS2/Controller/install/quadrotor_msgs/include/quadrotor_msgs/quadrotor_msgs/msg/detail/status_data__functions.h
-- Up-to-date: /home/zhr/YOPO-ROS2/Controller/install/quadrotor_msgs/include/quadrotor_msgs/quadrotor_msgs/msg/detail/polynomial_trajectory__type_support.h
-- Up-to-date: /home/zhr/YOPO-ROS2/Controller/install/quadrotor_msgs/include/quadrotor_msgs/quadrotor_msgs/msg/detail/gains__description.c
-- Up-to-date: /home/zhr/YOPO-ROS2/Controller/install/quadrotor_msgs/include/quadrotor_msgs/quadrotor_msgs/msg/detail/gains__type_support.c
-- Up-to-date: /home/zhr/YOPO-ROS2/Controller/install/quadrotor_msgs/include/quadrotor_msgs/quadrotor_msgs/msg/detail/so3_command__type_support.c
-- Up-to-date: /home/zhr/YOPO-ROS2/Controller/install/quadrotor_msgs/include/quadrotor_msgs/quadrotor_msgs/msg/detail/ppr_output_data__functions.c
-- Up-to-date: /home/zhr/YOPO-ROS2/Controller/install/quadrotor_msgs/include/quadrotor_msgs/quadrotor_msgs/msg/detail/odometry__struct.h
-- Up-to-date: /home/zhr/YOPO-ROS2/Controller/install/quadrotor_msgs/include/quadrotor_msgs/quadrotor_msgs/msg/detail/gains__struct.h
-- Up-to-date: /home/zhr/YOPO-ROS2/Controller/install/quadrotor_msgs/include/quadrotor_msgs/quadrotor_msgs/msg/detail/trpy_command__description.c
-- Up-to-date: /home/zhr/YOPO-ROS2/Controller/install/quadrotor_msgs/include/quadrotor_msgs/quadrotor_msgs/msg/detail/trpy_command__struct.h
-- Up-to-date: /home/zhr/YOPO-ROS2/Controller/install/quadrotor_msgs/include/quadrotor_msgs/quadrotor_msgs/msg/detail/corrections__functions.c
-- Up-to-date: /home/zhr/YOPO-ROS2/Controller/install/quadrotor_msgs/include/quadrotor_msgs/quadrotor_msgs/msg/detail/so3_command__functions.c
-- Up-to-date: /home/zhr/YOPO-ROS2/Controller/install/quadrotor_msgs/include/quadrotor_msgs/quadrotor_msgs/msg/detail/gains__functions.h
-- Up-to-date: /home/zhr/YOPO-ROS2/Controller/install/quadrotor_msgs/include/quadrotor_msgs/quadrotor_msgs/msg/detail/so3_command__functions.h
-- Up-to-date: /home/zhr/YOPO-ROS2/Controller/install/quadrotor_msgs/include/quadrotor_msgs/quadrotor_msgs/msg/detail/so3_command__description.c
-- Up-to-date: /home/zhr/YOPO-ROS2/Controller/install/quadrotor_msgs/include/quadrotor_msgs/quadrotor_msgs/msg/detail/serial__functions.h
-- Up-to-date: /home/zhr/YOPO-ROS2/Controller/install/quadrotor_msgs/include/quadrotor_msgs/quadrotor_msgs/msg/status_data.h
-- Up-to-date: /home/zhr/YOPO-ROS2/Controller/install/quadrotor_msgs/include/quadrotor_msgs/quadrotor_msgs/msg/aux_command.h
-- Up-to-date: /home/zhr/YOPO-ROS2/Controller/install/quadrotor_msgs/include/quadrotor_msgs/quadrotor_msgs/msg/corrections.h
-- Up-to-date: /home/zhr/YOPO-ROS2/Controller/install/quadrotor_msgs/include/quadrotor_msgs/quadrotor_msgs/msg/odometry.h
-- Up-to-date: /home/zhr/YOPO-ROS2/Controller/install/quadrotor_msgs/include/quadrotor_msgs/quadrotor_msgs/msg/rosidl_generator_c__visibility_control.h
-- Up-to-date: /home/zhr/YOPO-ROS2/Controller/install/quadrotor_msgs/include/quadrotor_msgs/quadrotor_msgs/msg/position_command.h
-- Up-to-date: /home/zhr/YOPO-ROS2/Controller/install/quadrotor_msgs/include/quadrotor_msgs/quadrotor_msgs/msg/ppr_output_data.h
-- Up-to-date: /home/zhr/YOPO-ROS2/Controller/install/quadrotor_msgs/include/quadrotor_msgs/quadrotor_msgs/msg/serial.h
-- Up-to-date: /home/zhr/YOPO-ROS2/Controller/install/quadrotor_msgs/include/quadrotor_msgs/quadrotor_msgs/srv
-- Up-to-date: /home/zhr/YOPO-ROS2/Controller/install/quadrotor_msgs/include/quadrotor_msgs/quadrotor_msgs/srv/detail
-- Up-to-date: /home/zhr/YOPO-ROS2/Controller/install/quadrotor_msgs/include/quadrotor_msgs/quadrotor_msgs/srv/detail/set_takeoff_land__type_support.h
-- Up-to-date: /home/zhr/YOPO-ROS2/Controller/install/quadrotor_msgs/include/quadrotor_msgs/quadrotor_msgs/srv/detail/set_takeoff_land__type_support.c
-- Up-to-date: /home/zhr/YOPO-ROS2/Controller/install/quadrotor_msgs/include/quadrotor_msgs/quadrotor_msgs/srv/detail/set_takeoff_land__functions.c
-- Up-to-date: /home/zhr/YOPO-ROS2/Controller/install/quadrotor_msgs/include/quadrotor_msgs/quadrotor_msgs/srv/detail/set_takeoff_land__struct.h
-- Up-to-date: /home/zhr/YOPO-ROS2/Controller/install/quadrotor_msgs/include/quadrotor_msgs/quadrotor_msgs/srv/detail/set_takeoff_land__functions.h
-- Up-to-date: /home/zhr/YOPO-ROS2/Controller/install/quadrotor_msgs/include/quadrotor_msgs/quadrotor_msgs/srv/detail/set_takeoff_land__description.c
-- Up-to-date: /home/zhr/YOPO-ROS2/Controller/install/quadrotor_msgs/include/quadrotor_msgs/quadrotor_msgs/srv/set_takeoff_land.h
-- Up-to-date: /home/zhr/YOPO-ROS2/Controller/install/quadrotor_msgs/share/quadrotor_msgs/environment/library_path.sh
-- Up-to-date: /home/zhr/YOPO-ROS2/Controller/install/quadrotor_msgs/share/quadrotor_msgs/environment/library_path.dsv
-- Up-to-date: /home/zhr/YOPO-ROS2/Controller/install/quadrotor_msgs/lib/libquadrotor_msgs__rosidl_generator_c.so
-- Up-to-date: /home/zhr/YOPO-ROS2/Controller/install/quadrotor_msgs/include/quadrotor_msgs/quadrotor_msgs
-- Up-to-date: /home/zhr/YOPO-ROS2/Controller/install/quadrotor_msgs/include/quadrotor_msgs/quadrotor_msgs/msg
-- Up-to-date: /home/zhr/YOPO-ROS2/Controller/install/quadrotor_msgs/include/quadrotor_msgs/quadrotor_msgs/msg/rosidl_typesupport_fastrtps_c__visibility_control.h
-- Up-to-date: /home/zhr/YOPO-ROS2/Controller/install/quadrotor_msgs/include/quadrotor_msgs/quadrotor_msgs/msg/detail
-- Up-to-date: /home/zhr/YOPO-ROS2/Controller/install/quadrotor_msgs/include/quadrotor_msgs/quadrotor_msgs/msg/detail/so3_command__rosidl_typesupport_fastrtps_c.h
-- Up-to-date: /home/zhr/YOPO-ROS2/Controller/install/quadrotor_msgs/include/quadrotor_msgs/quadrotor_msgs/msg/detail/output_data__rosidl_typesupport_fastrtps_c.h
-- Up-to-date: /home/zhr/YOPO-ROS2/Controller/install/quadrotor_msgs/include/quadrotor_msgs/quadrotor_msgs/msg/detail/status_data__rosidl_typesupport_fastrtps_c.h
-- Up-to-date: /home/zhr/YOPO-ROS2/Controller/install/quadrotor_msgs/include/quadrotor_msgs/quadrotor_msgs/msg/detail/position_command__rosidl_typesupport_fastrtps_c.h
-- Up-to-date: /home/zhr/YOPO-ROS2/Controller/install/quadrotor_msgs/include/quadrotor_msgs/quadrotor_msgs/msg/detail/gains__rosidl_typesupport_fastrtps_c.h
-- Up-to-date: /home/zhr/YOPO-ROS2/Controller/install/quadrotor_msgs/include/quadrotor_msgs/quadrotor_msgs/msg/detail/aux_command__rosidl_typesupport_fastrtps_c.h
-- Up-to-date: /home/zhr/YOPO-ROS2/Controller/install/quadrotor_msgs/include/quadrotor_msgs/quadrotor_msgs/msg/detail/trpy_command__rosidl_typesupport_fastrtps_c.h
-- Up-to-date: /home/zhr/YOPO-ROS2/Controller/install/quadrotor_msgs/include/quadrotor_msgs/quadrotor_msgs/msg/detail/corrections__rosidl_typesupport_fastrtps_c.h
-- Up-to-date: /home/zhr/YOPO-ROS2/Controller/install/quadrotor_msgs/include/quadrotor_msgs/quadrotor_msgs/msg/detail/serial__rosidl_typesupport_fastrtps_c.h
-- Up-to-date: /home/zhr/YOPO-ROS2/Controller/install/quadrotor_msgs/include/quadrotor_msgs/quadrotor_msgs/msg/detail/lqr_trajectory__rosidl_typesupport_fastrtps_c.h
-- Up-to-date: /home/zhr/YOPO-ROS2/Controller/install/quadrotor_msgs/include/quadrotor_msgs/quadrotor_msgs/msg/detail/polynomial_trajectory__rosidl_typesupport_fastrtps_c.h
-- Up-to-date: /home/zhr/YOPO-ROS2/Controller/install/quadrotor_msgs/include/quadrotor_msgs/quadrotor_msgs/msg/detail/odometry__rosidl_typesupport_fastrtps_c.h
-- Up-to-date: /home/zhr/YOPO-ROS2/Controller/install/quadrotor_msgs/include/quadrotor_msgs/quadrotor_msgs/msg/detail/ppr_output_data__rosidl_typesupport_fastrtps_c.h
-- Up-to-date: /home/zhr/YOPO-ROS2/Controller/install/quadrotor_msgs/include/quadrotor_msgs/quadrotor_msgs/srv
-- Up-to-date: /home/zhr/YOPO-ROS2/Controller/install/quadrotor_msgs/include/quadrotor_msgs/quadrotor_msgs/srv/detail
-- Up-to-date: /home/zhr/YOPO-ROS2/Controller/install/quadrotor_msgs/include/quadrotor_msgs/quadrotor_msgs/srv/detail/set_takeoff_land__rosidl_typesupport_fastrtps_c.h
-- Up-to-date: /home/zhr/YOPO-ROS2/Controller/install/quadrotor_msgs/lib/libquadrotor_msgs__rosidl_typesupport_fastrtps_c.so
-- Up-to-date: /home/zhr/YOPO-ROS2/Controller/install/quadrotor_msgs/include/quadrotor_msgs/quadrotor_msgs
-- Up-to-date: /home/zhr/YOPO-ROS2/Controller/install/quadrotor_msgs/include/quadrotor_msgs/quadrotor_msgs/msg
-- Up-to-date: /home/zhr/YOPO-ROS2/Controller/install/quadrotor_msgs/include/quadrotor_msgs/quadrotor_msgs/msg/polynomial_trajectory.hpp
-- Up-to-date: /home/zhr/YOPO-ROS2/Controller/install/quadrotor_msgs/include/quadrotor_msgs/quadrotor_msgs/msg/aux_command.hpp
-- Up-to-date: /home/zhr/YOPO-ROS2/Controller/install/quadrotor_msgs/include/quadrotor_msgs/quadrotor_msgs/msg/corrections.hpp
-- Up-to-date: /home/zhr/YOPO-ROS2/Controller/install/quadrotor_msgs/include/quadrotor_msgs/quadrotor_msgs/msg/trpy_command.hpp
-- Up-to-date: /home/zhr/YOPO-ROS2/Controller/install/quadrotor_msgs/include/quadrotor_msgs/quadrotor_msgs/msg/so3_command.hpp
-- Up-to-date: /home/zhr/YOPO-ROS2/Controller/install/quadrotor_msgs/include/quadrotor_msgs/quadrotor_msgs/msg/gains.hpp
-- Up-to-date: /home/zhr/YOPO-ROS2/Controller/install/quadrotor_msgs/include/quadrotor_msgs/quadrotor_msgs/msg/status_data.hpp
-- Up-to-date: /home/zhr/YOPO-ROS2/Controller/install/quadrotor_msgs/include/quadrotor_msgs/quadrotor_msgs/msg/detail
-- Up-to-date: /home/zhr/YOPO-ROS2/Controller/install/quadrotor_msgs/include/quadrotor_msgs/quadrotor_msgs/msg/detail/serial__traits.hpp
-- Up-to-date: /home/zhr/YOPO-ROS2/Controller/install/quadrotor_msgs/include/quadrotor_msgs/quadrotor_msgs/msg/detail/so3_command__builder.hpp
-- Up-to-date: /home/zhr/YOPO-ROS2/Controller/install/quadrotor_msgs/include/quadrotor_msgs/quadrotor_msgs/msg/detail/trpy_command__type_support.hpp
-- Up-to-date: /home/zhr/YOPO-ROS2/Controller/install/quadrotor_msgs/include/quadrotor_msgs/quadrotor_msgs/msg/detail/polynomial_trajectory__type_support.hpp
-- Up-to-date: /home/zhr/YOPO-ROS2/Controller/install/quadrotor_msgs/include/quadrotor_msgs/quadrotor_msgs/msg/detail/lqr_trajectory__struct.hpp
-- Up-to-date: /home/zhr/YOPO-ROS2/Controller/install/quadrotor_msgs/include/quadrotor_msgs/quadrotor_msgs/msg/detail/lqr_trajectory__traits.hpp
-- Up-to-date: /home/zhr/YOPO-ROS2/Controller/install/quadrotor_msgs/include/quadrotor_msgs/quadrotor_msgs/msg/detail/trpy_command__builder.hpp
-- Up-to-date: /home/zhr/YOPO-ROS2/Controller/install/quadrotor_msgs/include/quadrotor_msgs/quadrotor_msgs/msg/detail/position_command__builder.hpp
-- Up-to-date: /home/zhr/YOPO-ROS2/Controller/install/quadrotor_msgs/include/quadrotor_msgs/quadrotor_msgs/msg/detail/status_data__builder.hpp
-- Up-to-date: /home/zhr/YOPO-ROS2/Controller/install/quadrotor_msgs/include/quadrotor_msgs/quadrotor_msgs/msg/detail/corrections__type_support.hpp
-- Up-to-date: /home/zhr/YOPO-ROS2/Controller/install/quadrotor_msgs/include/quadrotor_msgs/quadrotor_msgs/msg/detail/corrections__traits.hpp
-- Up-to-date: /home/zhr/YOPO-ROS2/Controller/install/quadrotor_msgs/include/quadrotor_msgs/quadrotor_msgs/msg/detail/polynomial_trajectory__builder.hpp
-- Up-to-date: /home/zhr/YOPO-ROS2/Controller/install/quadrotor_msgs/include/quadrotor_msgs/quadrotor_msgs/msg/detail/ppr_output_data__traits.hpp
-- Up-to-date: /home/zhr/YOPO-ROS2/Controller/install/quadrotor_msgs/include/quadrotor_msgs/quadrotor_msgs/msg/detail/status_data__traits.hpp
-- Up-to-date: /home/zhr/YOPO-ROS2/Controller/install/quadrotor_msgs/include/quadrotor_msgs/quadrotor_msgs/msg/detail/aux_command__traits.hpp
-- Up-to-date: /home/zhr/YOPO-ROS2/Controller/install/quadrotor_msgs/include/quadrotor_msgs/quadrotor_msgs/msg/detail/status_data__struct.hpp
-- Up-to-date: /home/zhr/YOPO-ROS2/Controller/install/quadrotor_msgs/include/quadrotor_msgs/quadrotor_msgs/msg/detail/serial__builder.hpp
-- Up-to-date: /home/zhr/YOPO-ROS2/Controller/install/quadrotor_msgs/include/quadrotor_msgs/quadrotor_msgs/msg/detail/so3_command__traits.hpp
-- Up-to-date: /home/zhr/YOPO-ROS2/Controller/install/quadrotor_msgs/include/quadrotor_msgs/quadrotor_msgs/msg/detail/serial__struct.hpp
-- Up-to-date: /home/zhr/YOPO-ROS2/Controller/install/quadrotor_msgs/include/quadrotor_msgs/quadrotor_msgs/msg/detail/gains__traits.hpp
-- Up-to-date: /home/zhr/YOPO-ROS2/Controller/install/quadrotor_msgs/include/quadrotor_msgs/quadrotor_msgs/msg/detail/status_data__type_support.hpp
-- Up-to-date: /home/zhr/YOPO-ROS2/Controller/install/quadrotor_msgs/include/quadrotor_msgs/quadrotor_msgs/msg/detail/aux_command__struct.hpp
-- Up-to-date: /home/zhr/YOPO-ROS2/Controller/install/quadrotor_msgs/include/quadrotor_msgs/quadrotor_msgs/msg/detail/lqr_trajectory__builder.hpp
-- Up-to-date: /home/zhr/YOPO-ROS2/Controller/install/quadrotor_msgs/include/quadrotor_msgs/quadrotor_msgs/msg/detail/corrections__struct.hpp
-- Up-to-date: /home/zhr/YOPO-ROS2/Controller/install/quadrotor_msgs/include/quadrotor_msgs/quadrotor_msgs/msg/detail/ppr_output_data__type_support.hpp
-- Up-to-date: /home/zhr/YOPO-ROS2/Controller/install/quadrotor_msgs/include/quadrotor_msgs/quadrotor_msgs/msg/detail/polynomial_trajectory__traits.hpp
-- Up-to-date: /home/zhr/YOPO-ROS2/Controller/install/quadrotor_msgs/include/quadrotor_msgs/quadrotor_msgs/msg/detail/output_data__traits.hpp
-- Up-to-date: /home/zhr/YOPO-ROS2/Controller/install/quadrotor_msgs/include/quadrotor_msgs/quadrotor_msgs/msg/detail/gains__struct.hpp
-- Up-to-date: /home/zhr/YOPO-ROS2/Controller/install/quadrotor_msgs/include/quadrotor_msgs/quadrotor_msgs/msg/detail/corrections__builder.hpp
-- Up-to-date: /home/zhr/YOPO-ROS2/Controller/install/quadrotor_msgs/include/quadrotor_msgs/quadrotor_msgs/msg/detail/polynomial_trajectory__struct.hpp
-- Up-to-date: /home/zhr/YOPO-ROS2/Controller/install/quadrotor_msgs/include/quadrotor_msgs/quadrotor_msgs/msg/detail/serial__type_support.hpp
-- Up-to-date: /home/zhr/YOPO-ROS2/Controller/install/quadrotor_msgs/include/quadrotor_msgs/quadrotor_msgs/msg/detail/trpy_command__traits.hpp
-- Up-to-date: /home/zhr/YOPO-ROS2/Controller/install/quadrotor_msgs/include/quadrotor_msgs/quadrotor_msgs/msg/detail/position_command__traits.hpp
-- Up-to-date: /home/zhr/YOPO-ROS2/Controller/install/quadrotor_msgs/include/quadrotor_msgs/quadrotor_msgs/msg/detail/so3_command__struct.hpp
-- Up-to-date: /home/zhr/YOPO-ROS2/Controller/install/quadrotor_msgs/include/quadrotor_msgs/quadrotor_msgs/msg/detail/output_data__struct.hpp
-- Up-to-date: /home/zhr/YOPO-ROS2/Controller/install/quadrotor_msgs/include/quadrotor_msgs/quadrotor_msgs/msg/detail/odometry__type_support.hpp
-- Up-to-date: /home/zhr/YOPO-ROS2/Controller/install/quadrotor_msgs/include/quadrotor_msgs/quadrotor_msgs/msg/detail/lqr_trajectory__type_support.hpp
-- Up-to-date: /home/zhr/YOPO-ROS2/Controller/install/quadrotor_msgs/include/quadrotor_msgs/quadrotor_msgs/msg/detail/output_data__builder.hpp
-- Up-to-date: /home/zhr/YOPO-ROS2/Controller/install/quadrotor_msgs/include/quadrotor_msgs/quadrotor_msgs/msg/detail/odometry__traits.hpp
-- Up-to-date: /home/zhr/YOPO-ROS2/Controller/install/quadrotor_msgs/include/quadrotor_msgs/quadrotor_msgs/msg/detail/ppr_output_data__builder.hpp
-- Up-to-date: /home/zhr/YOPO-ROS2/Controller/install/quadrotor_msgs/include/quadrotor_msgs/quadrotor_msgs/msg/detail/output_data__type_support.hpp
-- Up-to-date: /home/zhr/YOPO-ROS2/Controller/install/quadrotor_msgs/include/quadrotor_msgs/quadrotor_msgs/msg/detail/odometry__builder.hpp
-- Up-to-date: /home/zhr/YOPO-ROS2/Controller/install/quadrotor_msgs/include/quadrotor_msgs/quadrotor_msgs/msg/detail/ppr_output_data__struct.hpp
-- Up-to-date: /home/zhr/YOPO-ROS2/Controller/install/quadrotor_msgs/include/quadrotor_msgs/quadrotor_msgs/msg/detail/aux_command__builder.hpp
-- Up-to-date: /home/zhr/YOPO-ROS2/Controller/install/quadrotor_msgs/include/quadrotor_msgs/quadrotor_msgs/msg/detail/trpy_command__struct.hpp
-- Up-to-date: /home/zhr/YOPO-ROS2/Controller/install/quadrotor_msgs/include/quadrotor_msgs/quadrotor_msgs/msg/detail/gains__builder.hpp
-- Up-to-date: /home/zhr/YOPO-ROS2/Controller/install/quadrotor_msgs/include/quadrotor_msgs/quadrotor_msgs/msg/detail/aux_command__type_support.hpp
-- Up-to-date: /home/zhr/YOPO-ROS2/Controller/install/quadrotor_msgs/include/quadrotor_msgs/quadrotor_msgs/msg/detail/position_command__type_support.hpp
-- Up-to-date: /home/zhr/YOPO-ROS2/Controller/install/quadrotor_msgs/include/quadrotor_msgs/quadrotor_msgs/msg/detail/odometry__struct.hpp
-- Up-to-date: /home/zhr/YOPO-ROS2/Controller/install/quadrotor_msgs/include/quadrotor_msgs/quadrotor_msgs/msg/detail/position_command__struct.hpp
-- Up-to-date: /home/zhr/YOPO-ROS2/Controller/install/quadrotor_msgs/include/quadrotor_msgs/quadrotor_msgs/msg/detail/so3_command__type_support.hpp
-- Up-to-date: /home/zhr/YOPO-ROS2/Controller/install/quadrotor_msgs/include/quadrotor_msgs/quadrotor_msgs/msg/detail/gains__type_support.hpp
-- Up-to-date: /home/zhr/YOPO-ROS2/Controller/install/quadrotor_msgs/include/quadrotor_msgs/quadrotor_msgs/msg/rosidl_generator_cpp__visibility_control.hpp
-- Up-to-date: /home/zhr/YOPO-ROS2/Controller/install/quadrotor_msgs/include/quadrotor_msgs/quadrotor_msgs/msg/odometry.hpp
-- Up-to-date: /home/zhr/YOPO-ROS2/Controller/install/quadrotor_msgs/include/quadrotor_msgs/quadrotor_msgs/msg/output_data.hpp
-- Up-to-date: /home/zhr/YOPO-ROS2/Controller/install/quadrotor_msgs/include/quadrotor_msgs/quadrotor_msgs/msg/position_command.hpp
-- Up-to-date: /home/zhr/YOPO-ROS2/Controller/install/quadrotor_msgs/include/quadrotor_msgs/quadrotor_msgs/msg/ppr_output_data.hpp
-- Up-to-date: /home/zhr/YOPO-ROS2/Controller/install/quadrotor_msgs/include/quadrotor_msgs/quadrotor_msgs/msg/serial.hpp
-- Up-to-date: /home/zhr/YOPO-ROS2/Controller/install/quadrotor_msgs/include/quadrotor_msgs/quadrotor_msgs/msg/lqr_trajectory.hpp
-- Up-to-date: /home/zhr/YOPO-ROS2/Controller/install/quadrotor_msgs/include/quadrotor_msgs/quadrotor_msgs/srv
-- Up-to-date: /home/zhr/YOPO-ROS2/Controller/install/quadrotor_msgs/include/quadrotor_msgs/quadrotor_msgs/srv/detail
-- Up-to-date: /home/zhr/YOPO-ROS2/Controller/install/quadrotor_msgs/include/quadrotor_msgs/quadrotor_msgs/srv/detail/set_takeoff_land__traits.hpp
-- Up-to-date: /home/zhr/YOPO-ROS2/Controller/install/quadrotor_msgs/include/quadrotor_msgs/quadrotor_msgs/srv/detail/set_takeoff_land__builder.hpp
-- Up-to-date: /home/zhr/YOPO-ROS2/Controller/install/quadrotor_msgs/include/quadrotor_msgs/quadrotor_msgs/srv/detail/set_takeoff_land__struct.hpp
-- Up-to-date: /home/zhr/YOPO-ROS2/Controller/install/quadrotor_msgs/include/quadrotor_msgs/quadrotor_msgs/srv/detail/set_takeoff_land__type_support.hpp
-- Up-to-date: /home/zhr/YOPO-ROS2/Controller/install/quadrotor_msgs/include/quadrotor_msgs/quadrotor_msgs/srv/set_takeoff_land.hpp
-- Up-to-date: /home/zhr/YOPO-ROS2/Controller/install/quadrotor_msgs/include/quadrotor_msgs/quadrotor_msgs
-- Up-to-date: /home/zhr/YOPO-ROS2/Controller/install/quadrotor_msgs/include/quadrotor_msgs/quadrotor_msgs/msg
-- Up-to-date: /home/zhr/YOPO-ROS2/Controller/install/quadrotor_msgs/include/quadrotor_msgs/quadrotor_msgs/msg/detail
-- Up-to-date: /home/zhr/YOPO-ROS2/Controller/install/quadrotor_msgs/include/quadrotor_msgs/quadrotor_msgs/msg/detail/aux_command__rosidl_typesupport_fastrtps_cpp.hpp
-- Up-to-date: /home/zhr/YOPO-ROS2/Controller/install/quadrotor_msgs/include/quadrotor_msgs/quadrotor_msgs/msg/detail/status_data__rosidl_typesupport_fastrtps_cpp.hpp
-- Up-to-date: /home/zhr/YOPO-ROS2/Controller/install/quadrotor_msgs/include/quadrotor_msgs/quadrotor_msgs/msg/detail/serial__rosidl_typesupport_fastrtps_cpp.hpp
-- Up-to-date: /home/zhr/YOPO-ROS2/Controller/install/quadrotor_msgs/include/quadrotor_msgs/quadrotor_msgs/msg/detail/dds_fastrtps
-- Up-to-date: /home/zhr/YOPO-ROS2/Controller/install/quadrotor_msgs/include/quadrotor_msgs/quadrotor_msgs/msg/detail/odometry__rosidl_typesupport_fastrtps_cpp.hpp
-- Up-to-date: /home/zhr/YOPO-ROS2/Controller/install/quadrotor_msgs/include/quadrotor_msgs/quadrotor_msgs/msg/detail/trpy_command__rosidl_typesupport_fastrtps_cpp.hpp
-- Up-to-date: /home/zhr/YOPO-ROS2/Controller/install/quadrotor_msgs/include/quadrotor_msgs/quadrotor_msgs/msg/detail/so3_command__rosidl_typesupport_fastrtps_cpp.hpp
-- Up-to-date: /home/zhr/YOPO-ROS2/Controller/install/quadrotor_msgs/include/quadrotor_msgs/quadrotor_msgs/msg/detail/polynomial_trajectory__rosidl_typesupport_fastrtps_cpp.hpp
-- Up-to-date: /home/zhr/YOPO-ROS2/Controller/install/quadrotor_msgs/include/quadrotor_msgs/quadrotor_msgs/msg/detail/ppr_output_data__rosidl_typesupport_fastrtps_cpp.hpp
-- Up-to-date: /home/zhr/YOPO-ROS2/Controller/install/quadrotor_msgs/include/quadrotor_msgs/quadrotor_msgs/msg/detail/position_command__rosidl_typesupport_fastrtps_cpp.hpp
-- Up-to-date: /home/zhr/YOPO-ROS2/Controller/install/quadrotor_msgs/include/quadrotor_msgs/quadrotor_msgs/msg/detail/corrections__rosidl_typesupport_fastrtps_cpp.hpp
-- Up-to-date: /home/zhr/YOPO-ROS2/Controller/install/quadrotor_msgs/include/quadrotor_msgs/quadrotor_msgs/msg/detail/output_data__rosidl_typesupport_fastrtps_cpp.hpp
-- Up-to-date: /home/zhr/YOPO-ROS2/Controller/install/quadrotor_msgs/include/quadrotor_msgs/quadrotor_msgs/msg/detail/lqr_trajectory__rosidl_typesupport_fastrtps_cpp.hpp
-- Up-to-date: /home/zhr/YOPO-ROS2/Controller/install/quadrotor_msgs/include/quadrotor_msgs/quadrotor_msgs/msg/detail/gains__rosidl_typesupport_fastrtps_cpp.hpp
-- Up-to-date: /home/zhr/YOPO-ROS2/Controller/install/quadrotor_msgs/include/quadrotor_msgs/quadrotor_msgs/msg/rosidl_typesupport_fastrtps_cpp__visibility_control.h
-- Up-to-date: /home/zhr/YOPO-ROS2/Controller/install/quadrotor_msgs/include/quadrotor_msgs/quadrotor_msgs/srv
-- Up-to-date: /home/zhr/YOPO-ROS2/Controller/install/quadrotor_msgs/include/quadrotor_msgs/quadrotor_msgs/srv/detail
-- Up-to-date: /home/zhr/YOPO-ROS2/Controller/install/quadrotor_msgs/include/quadrotor_msgs/quadrotor_msgs/srv/detail/dds_fastrtps
-- Up-to-date: /home/zhr/YOPO-ROS2/Controller/install/quadrotor_msgs/include/quadrotor_msgs/quadrotor_msgs/srv/detail/set_takeoff_land__rosidl_typesupport_fastrtps_cpp.hpp
-- Up-to-date: /home/zhr/YOPO-ROS2/Controller/install/quadrotor_msgs/lib/libquadrotor_msgs__rosidl_typesupport_fastrtps_cpp.so
-- Up-to-date: /home/zhr/YOPO-ROS2/Controller/install/quadrotor_msgs/include/quadrotor_msgs/quadrotor_msgs
-- Up-to-date: /home/zhr/YOPO-ROS2/Controller/install/quadrotor_msgs/include/quadrotor_msgs/quadrotor_msgs/msg
-- Up-to-date: /home/zhr/YOPO-ROS2/Controller/install/quadrotor_msgs/include/quadrotor_msgs/quadrotor_msgs/msg/detail
-- Up-to-date: /home/zhr/YOPO-ROS2/Controller/install/quadrotor_msgs/include/quadrotor_msgs/quadrotor_msgs/msg/detail/output_data__rosidl_typesupport_introspection_c.h
-- Up-to-date: /home/zhr/YOPO-ROS2/Controller/install/quadrotor_msgs/include/quadrotor_msgs/quadrotor_msgs/msg/detail/aux_command__rosidl_typesupport_introspection_c.h
-- Up-to-date: /home/zhr/YOPO-ROS2/Controller/install/quadrotor_msgs/include/quadrotor_msgs/quadrotor_msgs/msg/detail/position_command__type_support.c
-- Up-to-date: /home/zhr/YOPO-ROS2/Controller/install/quadrotor_msgs/include/quadrotor_msgs/quadrotor_msgs/msg/detail/output_data__type_support.c
-- Up-to-date: /home/zhr/YOPO-ROS2/Controller/install/quadrotor_msgs/include/quadrotor_msgs/quadrotor_msgs/msg/detail/ppr_output_data__rosidl_typesupport_introspection_c.h
-- Up-to-date: /home/zhr/YOPO-ROS2/Controller/install/quadrotor_msgs/include/quadrotor_msgs/quadrotor_msgs/msg/detail/lqr_trajectory__type_support.c
-- Up-to-date: /home/zhr/YOPO-ROS2/Controller/install/quadrotor_msgs/include/quadrotor_msgs/quadrotor_msgs/msg/detail/polynomial_trajectory__rosidl_typesupport_introspection_c.h
-- Up-to-date: /home/zhr/YOPO-ROS2/Controller/install/quadrotor_msgs/include/quadrotor_msgs/quadrotor_msgs/msg/detail/trpy_command__type_support.c
-- Up-to-date: /home/zhr/YOPO-ROS2/Controller/install/quadrotor_msgs/include/quadrotor_msgs/quadrotor_msgs/msg/detail/serial__type_support.c
-- Up-to-date: /home/zhr/YOPO-ROS2/Controller/install/quadrotor_msgs/include/quadrotor_msgs/quadrotor_msgs/msg/detail/status_data__type_support.c
-- Up-to-date: /home/zhr/YOPO-ROS2/Controller/install/quadrotor_msgs/include/quadrotor_msgs/quadrotor_msgs/msg/detail/ppr_output_data__type_support.c
-- Up-to-date: /home/zhr/YOPO-ROS2/Controller/install/quadrotor_msgs/include/quadrotor_msgs/quadrotor_msgs/msg/detail/status_data__rosidl_typesupport_introspection_c.h
-- Up-to-date: /home/zhr/YOPO-ROS2/Controller/install/quadrotor_msgs/include/quadrotor_msgs/quadrotor_msgs/msg/detail/odometry__rosidl_typesupport_introspection_c.h
-- Up-to-date: /home/zhr/YOPO-ROS2/Controller/install/quadrotor_msgs/include/quadrotor_msgs/quadrotor_msgs/msg/detail/polynomial_trajectory__type_support.c
-- Up-to-date: /home/zhr/YOPO-ROS2/Controller/install/quadrotor_msgs/include/quadrotor_msgs/quadrotor_msgs/msg/detail/corrections__type_support.c
-- Up-to-date: /home/zhr/YOPO-ROS2/Controller/install/quadrotor_msgs/include/quadrotor_msgs/quadrotor_msgs/msg/detail/aux_command__type_support.c
-- Up-to-date: /home/zhr/YOPO-ROS2/Controller/install/quadrotor_msgs/include/quadrotor_msgs/quadrotor_msgs/msg/detail/odometry__type_support.c
-- Up-to-date: /home/zhr/YOPO-ROS2/Controller/install/quadrotor_msgs/include/quadrotor_msgs/quadrotor_msgs/msg/detail/position_command__rosidl_typesupport_introspection_c.h
-- Up-to-date: /home/zhr/YOPO-ROS2/Controller/install/quadrotor_msgs/include/quadrotor_msgs/quadrotor_msgs/msg/detail/gains__type_support.c
-- Up-to-date: /home/zhr/YOPO-ROS2/Controller/install/quadrotor_msgs/include/quadrotor_msgs/quadrotor_msgs/msg/detail/so3_command__type_support.c
-- Up-to-date: /home/zhr/YOPO-ROS2/Controller/install/quadrotor_msgs/include/quadrotor_msgs/quadrotor_msgs/msg/detail/gains__rosidl_typesupport_introspection_c.h
-- Up-to-date: /home/zhr/YOPO-ROS2/Controller/install/quadrotor_msgs/include/quadrotor_msgs/quadrotor_msgs/msg/detail/lqr_trajectory__rosidl_typesupport_introspection_c.h
-- Up-to-date: /home/zhr/YOPO-ROS2/Controller/install/quadrotor_msgs/include/quadrotor_msgs/quadrotor_msgs/msg/detail/serial__rosidl_typesupport_introspection_c.h
-- Up-to-date: /home/zhr/YOPO-ROS2/Controller/install/quadrotor_msgs/include/quadrotor_msgs/quadrotor_msgs/msg/detail/so3_command__rosidl_typesupport_introspection_c.h
-- Up-to-date: /home/zhr/YOPO-ROS2/Controller/install/quadrotor_msgs/include/quadrotor_msgs/quadrotor_msgs/msg/detail/trpy_command__rosidl_typesupport_introspection_c.h
-- Up-to-date: /home/zhr/YOPO-ROS2/Controller/install/quadrotor_msgs/include/quadrotor_msgs/quadrotor_msgs/msg/detail/corrections__rosidl_typesupport_introspection_c.h
-- Up-to-date: /home/zhr/YOPO-ROS2/Controller/install/quadrotor_msgs/include/quadrotor_msgs/quadrotor_msgs/msg/rosidl_typesupport_introspection_c__visibility_control.h
-- Up-to-date: /home/zhr/YOPO-ROS2/Controller/install/quadrotor_msgs/include/quadrotor_msgs/quadrotor_msgs/srv
-- Up-to-date: /home/zhr/YOPO-ROS2/Controller/install/quadrotor_msgs/include/quadrotor_msgs/quadrotor_msgs/srv/detail
-- Up-to-date: /home/zhr/YOPO-ROS2/Controller/install/quadrotor_msgs/include/quadrotor_msgs/quadrotor_msgs/srv/detail/set_takeoff_land__rosidl_typesupport_introspection_c.h
-- Up-to-date: /home/zhr/YOPO-ROS2/Controller/install/quadrotor_msgs/include/quadrotor_msgs/quadrotor_msgs/srv/detail/set_takeoff_land__type_support.c
-- Up-to-date: /home/zhr/YOPO-ROS2/Controller/install/quadrotor_msgs/lib/libquadrotor_msgs__rosidl_typesupport_introspection_c.so
-- Up-to-date: /home/zhr/YOPO-ROS2/Controller/install/quadrotor_msgs/lib/libquadrotor_msgs__rosidl_typesupport_c.so
-- Up-to-date: /home/zhr/YOPO-ROS2/Controller/install/quadrotor_msgs/include/quadrotor_msgs/quadrotor_msgs
-- Up-to-date: /home/zhr/YOPO-ROS2/Controller/install/quadrotor_msgs/include/quadrotor_msgs/quadrotor_msgs/msg
-- Up-to-date: /home/zhr/YOPO-ROS2/Controller/install/quadrotor_msgs/include/quadrotor_msgs/quadrotor_msgs/msg/detail
-- Up-to-date: /home/zhr/YOPO-ROS2/Controller/install/quadrotor_msgs/include/quadrotor_msgs/quadrotor_msgs/msg/detail/odometry__rosidl_typesupport_introspection_cpp.hpp
-- Up-to-date: /home/zhr/YOPO-ROS2/Controller/install/quadrotor_msgs/include/quadrotor_msgs/quadrotor_msgs/msg/detail/so3_command__type_support.cpp
-- Up-to-date: /home/zhr/YOPO-ROS2/Controller/install/quadrotor_msgs/include/quadrotor_msgs/quadrotor_msgs/msg/detail/trpy_command__type_support.cpp
-- Up-to-date: /home/zhr/YOPO-ROS2/Controller/install/quadrotor_msgs/include/quadrotor_msgs/quadrotor_msgs/msg/detail/gains__type_support.cpp
-- Up-to-date: /home/zhr/YOPO-ROS2/Controller/install/quadrotor_msgs/include/quadrotor_msgs/quadrotor_msgs/msg/detail/ppr_output_data__type_support.cpp
-- Up-to-date: /home/zhr/YOPO-ROS2/Controller/install/quadrotor_msgs/include/quadrotor_msgs/quadrotor_msgs/msg/detail/odometry__type_support.cpp
-- Up-to-date: /home/zhr/YOPO-ROS2/Controller/install/quadrotor_msgs/include/quadrotor_msgs/quadrotor_msgs/msg/detail/corrections__type_support.cpp
-- Up-to-date: /home/zhr/YOPO-ROS2/Controller/install/quadrotor_msgs/include/quadrotor_msgs/quadrotor_msgs/msg/detail/polynomial_trajectory__rosidl_typesupport_introspection_cpp.hpp
-- Up-to-date: /home/zhr/YOPO-ROS2/Controller/install/quadrotor_msgs/include/quadrotor_msgs/quadrotor_msgs/msg/detail/corrections__rosidl_typesupport_introspection_cpp.hpp
-- Up-to-date: /home/zhr/YOPO-ROS2/Controller/install/quadrotor_msgs/include/quadrotor_msgs/quadrotor_msgs/msg/detail/output_data__rosidl_typesupport_introspection_cpp.hpp
-- Up-to-date: /home/zhr/YOPO-ROS2/Controller/install/quadrotor_msgs/include/quadrotor_msgs/quadrotor_msgs/msg/detail/polynomial_trajectory__type_support.cpp
-- Up-to-date: /home/zhr/YOPO-ROS2/Controller/install/quadrotor_msgs/include/quadrotor_msgs/quadrotor_msgs/msg/detail/aux_command__type_support.cpp
-- Up-to-date: /home/zhr/YOPO-ROS2/Controller/install/quadrotor_msgs/include/quadrotor_msgs/quadrotor_msgs/msg/detail/status_data__rosidl_typesupport_introspection_cpp.hpp
-- Up-to-date: /home/zhr/YOPO-ROS2/Controller/install/quadrotor_msgs/include/quadrotor_msgs/quadrotor_msgs/msg/detail/trpy_command__rosidl_typesupport_introspection_cpp.hpp
-- Up-to-date: /home/zhr/YOPO-ROS2/Controller/install/quadrotor_msgs/include/quadrotor_msgs/quadrotor_msgs/msg/detail/position_command__type_support.cpp
-- Up-to-date: /home/zhr/YOPO-ROS2/Controller/install/quadrotor_msgs/include/quadrotor_msgs/quadrotor_msgs/msg/detail/status_data__type_support.cpp
-- Up-to-date: /home/zhr/YOPO-ROS2/Controller/install/quadrotor_msgs/include/quadrotor_msgs/quadrotor_msgs/msg/detail/serial__type_support.cpp
-- Up-to-date: /home/zhr/YOPO-ROS2/Controller/install/quadrotor_msgs/include/quadrotor_msgs/quadrotor_msgs/msg/detail/lqr_trajectory__rosidl_typesupport_introspection_cpp.hpp
-- Up-to-date: /home/zhr/YOPO-ROS2/Controller/install/quadrotor_msgs/include/quadrotor_msgs/quadrotor_msgs/msg/detail/aux_command__rosidl_typesupport_introspection_cpp.hpp
-- Up-to-date: /home/zhr/YOPO-ROS2/Controller/install/quadrotor_msgs/include/quadrotor_msgs/quadrotor_msgs/msg/detail/ppr_output_data__rosidl_typesupport_introspection_cpp.hpp
-- Up-to-date: /home/zhr/YOPO-ROS2/Controller/install/quadrotor_msgs/include/quadrotor_msgs/quadrotor_msgs/msg/detail/gains__rosidl_typesupport_introspection_cpp.hpp
-- Up-to-date: /home/zhr/YOPO-ROS2/Controller/install/quadrotor_msgs/include/quadrotor_msgs/quadrotor_msgs/msg/detail/serial__rosidl_typesupport_introspection_cpp.hpp
-- Up-to-date: /home/zhr/YOPO-ROS2/Controller/install/quadrotor_msgs/include/quadrotor_msgs/quadrotor_msgs/msg/detail/output_data__type_support.cpp
-- Up-to-date: /home/zhr/YOPO-ROS2/Controller/install/quadrotor_msgs/include/quadrotor_msgs/quadrotor_msgs/msg/detail/so3_command__rosidl_typesupport_introspection_cpp.hpp
-- Up-to-date: /home/zhr/YOPO-ROS2/Controller/install/quadrotor_msgs/include/quadrotor_msgs/quadrotor_msgs/msg/detail/position_command__rosidl_typesupport_introspection_cpp.hpp
-- Up-to-date: /home/zhr/YOPO-ROS2/Controller/install/quadrotor_msgs/include/quadrotor_msgs/quadrotor_msgs/msg/detail/lqr_trajectory__type_support.cpp
-- Up-to-date: /home/zhr/YOPO-ROS2/Controller/install/quadrotor_msgs/include/quadrotor_msgs/quadrotor_msgs/srv
-- Up-to-date: /home/zhr/YOPO-ROS2/Controller/install/quadrotor_msgs/include/quadrotor_msgs/quadrotor_msgs/srv/detail
-- Up-to-date: /home/zhr/YOPO-ROS2/Controller/install/quadrotor_msgs/include/quadrotor_msgs/quadrotor_msgs/srv/detail/set_takeoff_land__type_support.cpp
-- Up-to-date: /home/zhr/YOPO-ROS2/Controller/install/quadrotor_msgs/include/quadrotor_msgs/quadrotor_msgs/srv/detail/set_takeoff_land__rosidl_typesupport_introspection_cpp.hpp
-- Up-to-date: /home/zhr/YOPO-ROS2/Controller/install/quadrotor_msgs/lib/libquadrotor_msgs__rosidl_typesupport_introspection_cpp.so
-- Up-to-date: /home/zhr/YOPO-ROS2/Controller/install/quadrotor_msgs/lib/libquadrotor_msgs__rosidl_typesupport_cpp.so
-- Up-to-date: /home/zhr/YOPO-ROS2/Controller/install/quadrotor_msgs/share/quadrotor_msgs/environment/pythonpath.sh
-- Up-to-date: /home/zhr/YOPO-ROS2/Controller/install/quadrotor_msgs/share/quadrotor_msgs/environment/pythonpath.dsv
-- Up-to-date: /home/zhr/YOPO-ROS2/Controller/install/quadrotor_msgs/lib/python3.12/site-packages/quadrotor_msgs-0.0.0-py3.12.egg-info
-- Installing: /home/zhr/YOPO-ROS2/Controller/install/quadrotor_msgs/lib/python3.12/site-packages/quadrotor_msgs-0.0.0-py3.12.egg-info/PKG-INFO
-- Installing: /home/zhr/YOPO-ROS2/Controller/install/quadrotor_msgs/lib/python3.12/site-packages/quadrotor_msgs-0.0.0-py3.12.egg-info/top_level.txt
-- Installing: /home/zhr/YOPO-ROS2/Controller/install/quadrotor_msgs/lib/python3.12/site-packages/quadrotor_msgs-0.0.0-py3.12.egg-info/SOURCES.txt
-- Installing: /home/zhr/YOPO-ROS2/Controller/install/quadrotor_msgs/lib/python3.12/site-packages/quadrotor_msgs-0.0.0-py3.12.egg-info/dependency_links.txt
-- Up-to-date: /home/zhr/YOPO-ROS2/Controller/install/quadrotor_msgs/lib/python3.12/site-packages/quadrotor_msgs
-- Up-to-date: /home/zhr/YOPO-ROS2/Controller/install/quadrotor_msgs/lib/python3.12/site-packages/quadrotor_msgs/msg
-- Up-to-date: /home/zhr/YOPO-ROS2/Controller/install/quadrotor_msgs/lib/python3.12/site-packages/quadrotor_msgs/msg/_corrections_s.c
-- Up-to-date: /home/zhr/YOPO-ROS2/Controller/install/quadrotor_msgs/lib/python3.12/site-packages/quadrotor_msgs/msg/_aux_command_s.c
-- Up-to-date: /home/zhr/YOPO-ROS2/Controller/install/quadrotor_msgs/lib/python3.12/site-packages/quadrotor_msgs/msg/_ppr_output_data.py
-- Up-to-date: /home/zhr/YOPO-ROS2/Controller/install/quadrotor_msgs/lib/python3.12/site-packages/quadrotor_msgs/msg/_lqr_trajectory.py
-- Up-to-date: /home/zhr/YOPO-ROS2/Controller/install/quadrotor_msgs/lib/python3.12/site-packages/quadrotor_msgs/msg/_position_command_s.c
-- Up-to-date: /home/zhr/YOPO-ROS2/Controller/install/quadrotor_msgs/lib/python3.12/site-packages/quadrotor_msgs/msg/_odometry_s.c
-- Up-to-date: /home/zhr/YOPO-ROS2/Controller/install/quadrotor_msgs/lib/python3.12/site-packages/quadrotor_msgs/msg/_lqr_trajectory_s.c
-- Up-to-date: /home/zhr/YOPO-ROS2/Controller/install/quadrotor_msgs/lib/python3.12/site-packages/quadrotor_msgs/msg/_polynomial_trajectory.py
-- Up-to-date: /home/zhr/YOPO-ROS2/Controller/install/quadrotor_msgs/lib/python3.12/site-packages/quadrotor_msgs/msg/__init__.py
-- Up-to-date: /home/zhr/YOPO-ROS2/Controller/install/quadrotor_msgs/lib/python3.12/site-packages/quadrotor_msgs/msg/_serial_s.c
-- Up-to-date: /home/zhr/YOPO-ROS2/Controller/install/quadrotor_msgs/lib/python3.12/site-packages/quadrotor_msgs/msg/_trpy_command.py
-- Up-to-date: /home/zhr/YOPO-ROS2/Controller/install/quadrotor_msgs/lib/python3.12/site-packages/quadrotor_msgs/msg/_gains_s.c
-- Up-to-date: /home/zhr/YOPO-ROS2/Controller/install/quadrotor_msgs/lib/python3.12/site-packages/quadrotor_msgs/msg/_ppr_output_data_s.c
-- Up-to-date: /home/zhr/YOPO-ROS2/Controller/install/quadrotor_msgs/lib/python3.12/site-packages/quadrotor_msgs/msg/_so3_command_s.c
-- Up-to-date: /home/zhr/YOPO-ROS2/Controller/install/quadrotor_msgs/lib/python3.12/site-packages/quadrotor_msgs/msg/_position_command.py
-- Up-to-date: /home/zhr/YOPO-ROS2/Controller/install/quadrotor_msgs/lib/python3.12/site-packages/quadrotor_msgs/msg/_gains.py
-- Up-to-date: /home/zhr/YOPO-ROS2/Controller/install/quadrotor_msgs/lib/python3.12/site-packages/quadrotor_msgs/msg/_output_data.py
-- Up-to-date: /home/zhr/YOPO-ROS2/Controller/install/quadrotor_msgs/lib/python3.12/site-packages/quadrotor_msgs/msg/_output_data_s.c
-- Up-to-date: /home/zhr/YOPO-ROS2/Controller/install/quadrotor_msgs/lib/python3.12/site-packages/quadrotor_msgs/msg/_aux_command.py
-- Up-to-date: /home/zhr/YOPO-ROS2/Controller/install/quadrotor_msgs/lib/python3.12/site-packages/quadrotor_msgs/msg/_corrections.py
-- Up-to-date: /home/zhr/YOPO-ROS2/Controller/install/quadrotor_msgs/lib/python3.12/site-packages/quadrotor_msgs/msg/_so3_command.py
-- Up-to-date: /home/zhr/YOPO-ROS2/Controller/install/quadrotor_msgs/lib/python3.12/site-packages/quadrotor_msgs/msg/_trpy_command_s.c
-- Up-to-date: /home/zhr/YOPO-ROS2/Controller/install/quadrotor_msgs/lib/python3.12/site-packages/quadrotor_msgs/msg/_status_data.py
-- Up-to-date: /home/zhr/YOPO-ROS2/Controller/install/quadrotor_msgs/lib/python3.12/site-packages/quadrotor_msgs/msg/_polynomial_trajectory_s.c
-- Up-to-date: /home/zhr/YOPO-ROS2/Controller/install/quadrotor_msgs/lib/python3.12/site-packages/quadrotor_msgs/msg/_serial.py
-- Up-to-date: /home/zhr/YOPO-ROS2/Controller/install/quadrotor_msgs/lib/python3.12/site-packages/quadrotor_msgs/msg/_odometry.py
-- Up-to-date: /home/zhr/YOPO-ROS2/Controller/install/quadrotor_msgs/lib/python3.12/site-packages/quadrotor_msgs/msg/_status_data_s.c
-- Up-to-date: /home/zhr/YOPO-ROS2/Controller/install/quadrotor_msgs/lib/python3.12/site-packages/quadrotor_msgs/quadrotor_msgs_s__rosidl_typesupport_fastrtps_c.so
-- Up-to-date: /home/zhr/YOPO-ROS2/Controller/install/quadrotor_msgs/lib/python3.12/site-packages/quadrotor_msgs/__init__.py
-- Up-to-date: /home/zhr/YOPO-ROS2/Controller/install/quadrotor_msgs/lib/python3.12/site-packages/quadrotor_msgs/_quadrotor_msgs_s.ep.rosidl_typesupport_introspection_c.c
-- Up-to-date: /home/zhr/YOPO-ROS2/Controller/install/quadrotor_msgs/lib/python3.12/site-packages/quadrotor_msgs/srv
-- Up-to-date: /home/zhr/YOPO-ROS2/Controller/install/quadrotor_msgs/lib/python3.12/site-packages/quadrotor_msgs/srv/__init__.py
-- Up-to-date: /home/zhr/YOPO-ROS2/Controller/install/quadrotor_msgs/lib/python3.12/site-packages/quadrotor_msgs/srv/_set_takeoff_land_s.c
-- Up-to-date: /home/zhr/YOPO-ROS2/Controller/install/quadrotor_msgs/lib/python3.12/site-packages/quadrotor_msgs/srv/_set_takeoff_land.py
-- Up-to-date: /home/zhr/YOPO-ROS2/Controller/install/quadrotor_msgs/lib/python3.12/site-packages/quadrotor_msgs/_quadrotor_msgs_s.ep.rosidl_typesupport_c.c
-- Up-to-date: /home/zhr/YOPO-ROS2/Controller/install/quadrotor_msgs/lib/python3.12/site-packages/quadrotor_msgs/_quadrotor_msgs_s.ep.rosidl_typesupport_fastrtps_c.c
-- Up-to-date: /home/zhr/YOPO-ROS2/Controller/install/quadrotor_msgs/lib/python3.12/site-packages/quadrotor_msgs/quadrotor_msgs_s__rosidl_typesupport_introspection_c.so
-- Up-to-date: /home/zhr/YOPO-ROS2/Controller/install/quadrotor_msgs/lib/python3.12/site-packages/quadrotor_msgs/quadrotor_msgs_s__rosidl_typesupport_c.so
Listing '/home/zhr/YOPO-ROS2/Controller/install/quadrotor_msgs/lib/python3.12/site-packages/quadrotor_msgs'...
Listing '/home/zhr/YOPO-ROS2/Controller/install/quadrotor_msgs/lib/python3.12/site-packages/quadrotor_msgs/msg'...
Listing '/home/zhr/YOPO-ROS2/Controller/install/quadrotor_msgs/lib/python3.12/site-packages/quadrotor_msgs/srv'...
-- Up-to-date: /home/zhr/YOPO-ROS2/Controller/install/quadrotor_msgs/lib/python3.12/site-packages/quadrotor_msgs/quadrotor_msgs_s__rosidl_typesupport_fastrtps_c.so
-- Up-to-date: /home/zhr/YOPO-ROS2/Controller/install/quadrotor_msgs/lib/python3.12/site-packages/quadrotor_msgs/quadrotor_msgs_s__rosidl_typesupport_introspection_c.so
-- Up-to-date: /home/zhr/YOPO-ROS2/Controller/install/quadrotor_msgs/lib/python3.12/site-packages/quadrotor_msgs/quadrotor_msgs_s__rosidl_typesupport_c.so
-- Up-to-date: /home/zhr/YOPO-ROS2/Controller/install/quadrotor_msgs/lib/libquadrotor_msgs__rosidl_generator_py.so
-- Up-to-date: /home/zhr/YOPO-ROS2/Controller/install/quadrotor_msgs/share/quadrotor_msgs/msg/AuxCommand.idl
-- Up-to-date: /home/zhr/YOPO-ROS2/Controller/install/quadrotor_msgs/share/quadrotor_msgs/msg/Corrections.idl
-- Up-to-date: /home/zhr/YOPO-ROS2/Controller/install/quadrotor_msgs/share/quadrotor_msgs/msg/Gains.idl
-- Up-to-date: /home/zhr/YOPO-ROS2/Controller/install/quadrotor_msgs/share/quadrotor_msgs/msg/OutputData.idl
-- Up-to-date: /home/zhr/YOPO-ROS2/Controller/install/quadrotor_msgs/share/quadrotor_msgs/msg/PositionCommand.idl
-- Up-to-date: /home/zhr/YOPO-ROS2/Controller/install/quadrotor_msgs/share/quadrotor_msgs/msg/PPROutputData.idl
-- Up-to-date: /home/zhr/YOPO-ROS2/Controller/install/quadrotor_msgs/share/quadrotor_msgs/msg/Serial.idl
-- Up-to-date: /home/zhr/YOPO-ROS2/Controller/install/quadrotor_msgs/share/quadrotor_msgs/msg/SO3Command.idl
-- Up-to-date: /home/zhr/YOPO-ROS2/Controller/install/quadrotor_msgs/share/quadrotor_msgs/msg/StatusData.idl
-- Up-to-date: /home/zhr/YOPO-ROS2/Controller/install/quadrotor_msgs/share/quadrotor_msgs/msg/TRPYCommand.idl
-- Up-to-date: /home/zhr/YOPO-ROS2/Controller/install/quadrotor_msgs/share/quadrotor_msgs/msg/Odometry.idl
-- Up-to-date: /home/zhr/YOPO-ROS2/Controller/install/quadrotor_msgs/share/quadrotor_msgs/msg/PolynomialTrajectory.idl
-- Up-to-date: /home/zhr/YOPO-ROS2/Controller/install/quadrotor_msgs/share/quadrotor_msgs/msg/LQRTrajectory.idl
-- Up-to-date: /home/zhr/YOPO-ROS2/Controller/install/quadrotor_msgs/share/quadrotor_msgs/srv/SetTakeoffLand.idl
-- Up-to-date: /home/zhr/YOPO-ROS2/Controller/install/quadrotor_msgs/share/quadrotor_msgs/msg/AuxCommand.msg
-- Up-to-date: /home/zhr/YOPO-ROS2/Controller/install/quadrotor_msgs/share/quadrotor_msgs/msg/Corrections.msg
-- Up-to-date: /home/zhr/YOPO-ROS2/Controller/install/quadrotor_msgs/share/quadrotor_msgs/msg/Gains.msg
-- Up-to-date: /home/zhr/YOPO-ROS2/Controller/install/quadrotor_msgs/share/quadrotor_msgs/msg/OutputData.msg
-- Up-to-date: /home/zhr/YOPO-ROS2/Controller/install/quadrotor_msgs/share/quadrotor_msgs/msg/PositionCommand.msg
-- Up-to-date: /home/zhr/YOPO-ROS2/Controller/install/quadrotor_msgs/share/quadrotor_msgs/msg/PPROutputData.msg
-- Up-to-date: /home/zhr/YOPO-ROS2/Controller/install/quadrotor_msgs/share/quadrotor_msgs/msg/Serial.msg
-- Up-to-date: /home/zhr/YOPO-ROS2/Controller/install/quadrotor_msgs/share/quadrotor_msgs/msg/SO3Command.msg
-- Up-to-date: /home/zhr/YOPO-ROS2/Controller/install/quadrotor_msgs/share/quadrotor_msgs/msg/StatusData.msg
-- Up-to-date: /home/zhr/YOPO-ROS2/Controller/install/quadrotor_msgs/share/quadrotor_msgs/msg/TRPYCommand.msg
-- Up-to-date: /home/zhr/YOPO-ROS2/Controller/install/quadrotor_msgs/share/quadrotor_msgs/msg/Odometry.msg
-- Up-to-date: /home/zhr/YOPO-ROS2/Controller/install/quadrotor_msgs/share/quadrotor_msgs/msg/PolynomialTrajectory.msg
-- Up-to-date: /home/zhr/YOPO-ROS2/Controller/install/quadrotor_msgs/share/quadrotor_msgs/msg/LQRTrajectory.msg
-- Up-to-date: /home/zhr/YOPO-ROS2/Controller/install/quadrotor_msgs/share/quadrotor_msgs/srv/SetTakeoffLand.srv
-- Up-to-date: /home/zhr/YOPO-ROS2/Controller/install/quadrotor_msgs/lib/libdecode_msgs.so
-- Up-to-date: /home/zhr/YOPO-ROS2/Controller/install/quadrotor_msgs/lib/libencode_msgs.so
-- Up-to-date: /home/zhr/YOPO-ROS2/Controller/install/quadrotor_msgs/include
-- Up-to-date: /home/zhr/YOPO-ROS2/Controller/install/quadrotor_msgs/include/quadrotor_msgs
-- Up-to-date: /home/zhr/YOPO-ROS2/Controller/install/quadrotor_msgs/include/quadrotor_msgs/comm_types.h
-- Up-to-date: /home/zhr/YOPO-ROS2/Controller/install/quadrotor_msgs/include/quadrotor_msgs/decode_msgs.h
-- Up-to-date: /home/zhr/YOPO-ROS2/Controller/install/quadrotor_msgs/include/quadrotor_msgs/encode_msgs.h
-- Up-to-date: /home/zhr/YOPO-ROS2/Controller/install/quadrotor_msgs/share/ament_index/resource_index/package_run_dependencies/quadrotor_msgs
-- Up-to-date: /home/zhr/YOPO-ROS2/Controller/install/quadrotor_msgs/share/ament_index/resource_index/parent_prefix_path/quadrotor_msgs
-- Up-to-date: /home/zhr/YOPO-ROS2/Controller/install/quadrotor_msgs/share/quadrotor_msgs/environment/ament_prefix_path.sh
-- Up-to-date: /home/zhr/YOPO-ROS2/Controller/install/quadrotor_msgs/share/quadrotor_msgs/environment/ament_prefix_path.dsv
-- Up-to-date: /home/zhr/YOPO-ROS2/Controller/install/quadrotor_msgs/share/quadrotor_msgs/environment/path.sh
-- Up-to-date: /home/zhr/YOPO-ROS2/Controller/install/quadrotor_msgs/share/quadrotor_msgs/environment/path.dsv
-- Up-to-date: /home/zhr/YOPO-ROS2/Controller/install/quadrotor_msgs/share/quadrotor_msgs/local_setup.bash
-- Up-to-date: /home/zhr/YOPO-ROS2/Controller/install/quadrotor_msgs/share/quadrotor_msgs/local_setup.sh
-- Up-to-date: /home/zhr/YOPO-ROS2/Controller/install/quadrotor_msgs/share/quadrotor_msgs/local_setup.zsh
-- Up-to-date: /home/zhr/YOPO-ROS2/Controller/install/quadrotor_msgs/share/quadrotor_msgs/local_setup.dsv
-- Installing: /home/zhr/YOPO-ROS2/Controller/install/quadrotor_msgs/share/quadrotor_msgs/package.dsv
-- Up-to-date: /home/zhr/YOPO-ROS2/Controller/install/quadrotor_msgs/share/ament_index/resource_index/packages/quadrotor_msgs
-- Up-to-date: /home/zhr/YOPO-ROS2/Controller/install/quadrotor_msgs/share/quadrotor_msgs/cmake/export_quadrotor_msgs__rosidl_generator_cExport.cmake
-- Up-to-date: /home/zhr/YOPO-ROS2/Controller/install/quadrotor_msgs/share/quadrotor_msgs/cmake/export_quadrotor_msgs__rosidl_generator_cExport-noconfig.cmake
-- Up-to-date: /home/zhr/YOPO-ROS2/Controller/install/quadrotor_msgs/share/quadrotor_msgs/cmake/export_quadrotor_msgs__rosidl_typesupport_fastrtps_cExport.cmake
-- Up-to-date: /home/zhr/YOPO-ROS2/Controller/install/quadrotor_msgs/share/quadrotor_msgs/cmake/export_quadrotor_msgs__rosidl_typesupport_fastrtps_cExport-noconfig.cmake
-- Up-to-date: /home/zhr/YOPO-ROS2/Controller/install/quadrotor_msgs/share/quadrotor_msgs/cmake/export_quadrotor_msgs__rosidl_generator_cppExport.cmake
-- Up-to-date: /home/zhr/YOPO-ROS2/Controller/install/quadrotor_msgs/share/quadrotor_msgs/cmake/export_quadrotor_msgs__rosidl_typesupport_fastrtps_cppExport.cmake
-- Up-to-date: /home/zhr/YOPO-ROS2/Controller/install/quadrotor_msgs/share/quadrotor_msgs/cmake/export_quadrotor_msgs__rosidl_typesupport_fastrtps_cppExport-noconfig.cmake
-- Up-to-date: /home/zhr/YOPO-ROS2/Controller/install/quadrotor_msgs/share/quadrotor_msgs/cmake/quadrotor_msgs__rosidl_typesupport_introspection_cExport.cmake
-- Up-to-date: /home/zhr/YOPO-ROS2/Controller/install/quadrotor_msgs/share/quadrotor_msgs/cmake/quadrotor_msgs__rosidl_typesupport_introspection_cExport-noconfig.cmake
-- Up-to-date: /home/zhr/YOPO-ROS2/Controller/install/quadrotor_msgs/share/quadrotor_msgs/cmake/quadrotor_msgs__rosidl_typesupport_cExport.cmake
-- Up-to-date: /home/zhr/YOPO-ROS2/Controller/install/quadrotor_msgs/share/quadrotor_msgs/cmake/quadrotor_msgs__rosidl_typesupport_cExport-noconfig.cmake
-- Up-to-date: /home/zhr/YOPO-ROS2/Controller/install/quadrotor_msgs/share/quadrotor_msgs/cmake/quadrotor_msgs__rosidl_typesupport_introspection_cppExport.cmake
-- Up-to-date: /home/zhr/YOPO-ROS2/Controller/install/quadrotor_msgs/share/quadrotor_msgs/cmake/quadrotor_msgs__rosidl_typesupport_introspection_cppExport-noconfig.cmake
-- Up-to-date: /home/zhr/YOPO-ROS2/Controller/install/quadrotor_msgs/share/quadrotor_msgs/cmake/quadrotor_msgs__rosidl_typesupport_cppExport.cmake
-- Up-to-date: /home/zhr/YOPO-ROS2/Controller/install/quadrotor_msgs/share/quadrotor_msgs/cmake/quadrotor_msgs__rosidl_typesupport_cppExport-noconfig.cmake
-- Up-to-date: /home/zhr/YOPO-ROS2/Controller/install/quadrotor_msgs/share/quadrotor_msgs/cmake/export_quadrotor_msgs__rosidl_generator_pyExport.cmake
-- Up-to-date: /home/zhr/YOPO-ROS2/Controller/install/quadrotor_msgs/share/quadrotor_msgs/cmake/export_quadrotor_msgs__rosidl_generator_pyExport-noconfig.cmake
-- Up-to-date: /home/zhr/YOPO-ROS2/Controller/install/quadrotor_msgs/share/quadrotor_msgs/cmake/rosidl_cmake-extras.cmake
-- Up-to-date: /home/zhr/YOPO-ROS2/Controller/install/quadrotor_msgs/share/quadrotor_msgs/cmake/ament_cmake_export_dependencies-extras.cmake
-- Up-to-date: /home/zhr/YOPO-ROS2/Controller/install/quadrotor_msgs/share/quadrotor_msgs/cmake/ament_cmake_export_include_directories-extras.cmake
-- Up-to-date: /home/zhr/YOPO-ROS2/Controller/install/quadrotor_msgs/share/quadrotor_msgs/cmake/ament_cmake_export_libraries-extras.cmake
-- Up-to-date: /home/zhr/YOPO-ROS2/Controller/install/quadrotor_msgs/share/quadrotor_msgs/cmake/ament_cmake_export_targets-extras.cmake
-- Up-to-date: /home/zhr/YOPO-ROS2/Controller/install/quadrotor_msgs/share/quadrotor_msgs/cmake/rosidl_cmake_export_typesupport_targets-extras.cmake
-- Up-to-date: /home/zhr/YOPO-ROS2/Controller/install/quadrotor_msgs/share/quadrotor_msgs/cmake/rosidl_cmake_export_typesupport_libraries-extras.cmake
-- Up-to-date: /home/zhr/YOPO-ROS2/Controller/install/quadrotor_msgs/share/quadrotor_msgs/cmake/quadrotor_msgsConfig.cmake
-- Up-to-date: /home/zhr/YOPO-ROS2/Controller/install/quadrotor_msgs/share/quadrotor_msgs/cmake/quadrotor_msgsConfig-version.cmake
-- Up-to-date: /home/zhr/YOPO-ROS2/Controller/install/quadrotor_msgs/share/quadrotor_msgs/package.xml
