[0.006s] Invoking command in '/home/zhr/YOPO-ROS2/build/mavros_msgs': CMAKE_PREFIX_PATH=${CMAKE_PREFIX_PATH}:/opt/ros/jazzy DEBUGINFOD_URLS=https://debuginfod.ubuntu.com /usr/bin/cmake /home/zhr/YOPO-ROS2/Controller/src/utils/mavros_msgs -DCMAKE_INSTALL_PREFIX=/home/zhr/YOPO-ROS2/install/mavros_msgs
[0.031s] -- The C compiler identification is GNU 13.3.0
[0.055s] -- The CXX compiler identification is GNU 13.3.0
[0.062s] -- Detecting C compiler ABI info
[0.099s] -- Detecting C compiler ABI info - done
[0.103s] -- Check for working C compiler: /usr/bin/cc - skipped
[0.103s] -- Detecting C compile features
[0.103s] -- Detecting C compile features - done
[0.107s] -- Detecting CXX compiler ABI info
[0.149s] -- Detecting CXX compiler ABI info - done
[0.153s] -- Check for working CXX compiler: /usr/bin/c++ - skipped
[0.153s] -- Detecting CXX compile features
[0.153s] -- Detecting CXX compile features - done
[0.154s] -- Found ament_cmake: 2.5.5 (/opt/ros/jazzy/share/ament_cmake/cmake)
[0.222s] -- Found Python3: /usr/bin/python3 (found version "3.12.3") found components: Interpreter 
[0.273s] -- Found builtin_interfaces: 2.0.3 (/opt/ros/jazzy/share/builtin_interfaces/cmake)
[0.289s] -- Found rosidl_generator_c: 4.6.7 (/opt/ros/jazzy/share/rosidl_generator_c/cmake)
[0.295s] -- Found rosidl_generator_cpp: 4.6.7 (/opt/ros/jazzy/share/rosidl_generator_cpp/cmake)
[0.301s] -- Using all available rosidl_typesupport_c: rosidl_typesupport_fastrtps_c;rosidl_typesupport_introspection_c
[0.309s] -- Using all available rosidl_typesupport_cpp: rosidl_typesupport_fastrtps_cpp;rosidl_typesupport_introspection_cpp
[0.317s] -- Found geometry_msgs: 5.3.6 (/opt/ros/jazzy/share/geometry_msgs/cmake)
[0.332s] -- Found rosidl_default_generators: 1.6.0 (/opt/ros/jazzy/share/rosidl_default_generators/cmake)
[0.339s] -- Found rosidl_adapter: 4.6.7 (/opt/ros/jazzy/share/rosidl_adapter/cmake)
[0.657s] -- Found ament_cmake_ros: 0.12.0 (/opt/ros/jazzy/share/ament_cmake_ros/cmake)
[1.061s] -- Using all available rosidl_typesupport_c: rosidl_typesupport_fastrtps_c;rosidl_typesupport_introspection_c
[1.219s] -- Using all available rosidl_typesupport_cpp: rosidl_typesupport_fastrtps_cpp;rosidl_typesupport_introspection_cpp
[1.221s] -- Found python_cmake_module: 0.11.1 (/opt/ros/jazzy/share/python_cmake_module/cmake)
[1.288s] -- Found PythonExtra: /usr/bin/python3  
[1.536s] -- Found Python3: /usr/bin/python3 (found version "3.12.3") found components: Interpreter Development NumPy Development.Module Development.Embed 
[1.581s] -- Configuring done (1.6s)
[1.611s] -- Generating done (0.0s)
[1.616s] -- Build files have been written to: /home/zhr/YOPO-ROS2/build/mavros_msgs
[1.623s] Invoked command in '/home/zhr/YOPO-ROS2/build/mavros_msgs' returned '0': CMAKE_PREFIX_PATH=${CMAKE_PREFIX_PATH}:/opt/ros/jazzy DEBUGINFOD_URLS=https://debuginfod.ubuntu.com /usr/bin/cmake /home/zhr/YOPO-ROS2/Controller/src/utils/mavros_msgs -DCMAKE_INSTALL_PREFIX=/home/zhr/YOPO-ROS2/install/mavros_msgs
[1.623s] Invoking command in '/home/zhr/YOPO-ROS2/build/mavros_msgs': CMAKE_PREFIX_PATH=${CMAKE_PREFIX_PATH}:/opt/ros/jazzy DEBUGINFOD_URLS=https://debuginfod.ubuntu.com /usr/bin/cmake --build /home/zhr/YOPO-ROS2/build/mavros_msgs -- -j32 -l32
[1.645s] [  1%] [34m[1mGenerating type hashes for ROS interfaces[0m
[1.649s] [  1%] Built target ament_cmake_python_copy_mavros_msgs
[1.735s] running egg_info
[1.735s] creating mavros_msgs.egg-info
[1.741s] writing mavros_msgs.egg-info/PKG-INFO
[1.741s] writing dependency_links to mavros_msgs.egg-info/dependency_links.txt
[1.741s] writing top-level names to mavros_msgs.egg-info/top_level.txt
[1.741s] writing manifest file 'mavros_msgs.egg-info/SOURCES.txt'
[1.760s] reading manifest file 'mavros_msgs.egg-info/SOURCES.txt'
[1.760s] writing manifest file 'mavros_msgs.egg-info/SOURCES.txt'
[1.775s] [  1%] Built target ament_cmake_python_build_mavros_msgs_egg
[1.902s] [  1%] Built target mavros_msgs__rosidl_generator_type_description
[1.907s] [  3%] [34m[1mGenerating C code for ROS interfaces[0m
[1.911s] [  4%] [34m[1mGenerating C++ code for ROS interfaces[0m
[2.255s] [  4%] Built target mavros_msgs__cpp
[2.287s] [  6%] [32mBuilding C object CMakeFiles/mavros_msgs__rosidl_generator_c.dir/rosidl_generator_c/mavros_msgs/msg/detail/attitude_target__description.c.o[0m
[2.287s] [  7%] [32mBuilding C object CMakeFiles/mavros_msgs__rosidl_generator_c.dir/rosidl_generator_c/mavros_msgs/msg/detail/attitude_target__type_support.c.o[0m
[2.288s] [  9%] [32mBuilding C object CMakeFiles/mavros_msgs__rosidl_generator_c.dir/rosidl_generator_c/mavros_msgs/srv/detail/command_bool__type_support.c.o[0m
[2.288s] [ 12%] [32mBuilding C object CMakeFiles/mavros_msgs__rosidl_generator_c.dir/rosidl_generator_c/mavros_msgs/srv/detail/command_bool__functions.c.o[0m
[2.288s] [ 12%] [32mBuilding C object CMakeFiles/mavros_msgs__rosidl_generator_c.dir/rosidl_generator_c/mavros_msgs/srv/detail/set_mode__description.c.o[0m
[2.288s] [ 20%] [32mBuilding C object CMakeFiles/mavros_msgs__rosidl_generator_c.dir/rosidl_generator_c/mavros_msgs/msg/detail/state__description.c.o[0m
[2.288s] [ 20%] [32mBuilding C object CMakeFiles/mavros_msgs__rosidl_generator_c.dir/rosidl_generator_c/mavros_msgs/msg/detail/attitude_target__functions.c.o[0m
[2.288s] [ 20%] [32mBuilding C object CMakeFiles/mavros_msgs__rosidl_generator_c.dir/rosidl_generator_c/mavros_msgs/msg/detail/state__type_support.c.o[0m
[2.288s] [ 20%] [32mBuilding C object CMakeFiles/mavros_msgs__rosidl_generator_c.dir/rosidl_generator_c/mavros_msgs/srv/detail/command_bool__description.c.o[0m
[2.288s] [ 21%] [32mBuilding C object CMakeFiles/mavros_msgs__rosidl_generator_c.dir/rosidl_generator_c/mavros_msgs/msg/detail/state__functions.c.o[0m
[2.288s] [ 21%] [32mBuilding C object CMakeFiles/mavros_msgs__rosidl_generator_c.dir/rosidl_generator_c/mavros_msgs/srv/detail/set_mode__functions.c.o[0m
[2.289s] [ 23%] [32mBuilding C object CMakeFiles/mavros_msgs__rosidl_generator_c.dir/rosidl_generator_c/mavros_msgs/srv/detail/set_mode__type_support.c.o[0m
[2.323s] [ 25%] [32m[1mLinking C shared library libmavros_msgs__rosidl_generator_c.so[0m
[2.340s] [ 25%] Built target mavros_msgs__rosidl_generator_c
[2.344s] [ 26%] [34m[1mGenerating C++ type support dispatch for ROS interfaces[0m
[2.345s] [ 28%] [34m[1mGenerating C++ type support for eProsima Fast-RTPS[0m
[2.345s] [ 34%] [34m[1mGenerating C type support dispatch for ROS interfaces[0m
[2.345s] [ 34%] [34m[1mGenerating C type support for eProsima Fast-RTPS[0m
[2.345s] [ 34%] [34m[1mGenerating C introspection for ROS interfaces[0m
[2.345s] [ 34%] [34m[1mGenerating C++ introspection for ROS interfaces[0m
[2.698s] [ 35%] [32mBuilding CXX object CMakeFiles/mavros_msgs__rosidl_typesupport_cpp.dir/rosidl_typesupport_cpp/mavros_msgs/msg/state__type_support.cpp.o[0m
[2.698s] [ 37%] [32mBuilding CXX object CMakeFiles/mavros_msgs__rosidl_typesupport_cpp.dir/rosidl_typesupport_cpp/mavros_msgs/srv/command_bool__type_support.cpp.o[0m
[2.699s] [ 39%] [32mBuilding CXX object CMakeFiles/mavros_msgs__rosidl_typesupport_cpp.dir/rosidl_typesupport_cpp/mavros_msgs/msg/attitude_target__type_support.cpp.o[0m
[2.699s] [ 40%] [32mBuilding CXX object CMakeFiles/mavros_msgs__rosidl_typesupport_cpp.dir/rosidl_typesupport_cpp/mavros_msgs/srv/set_mode__type_support.cpp.o[0m
[2.708s] [ 42%] [32mBuilding CXX object CMakeFiles/mavros_msgs__rosidl_typesupport_c.dir/rosidl_typesupport_c/mavros_msgs/msg/attitude_target__type_support.cpp.o[0m
[2.708s] [ 45%] [32mBuilding CXX object CMakeFiles/mavros_msgs__rosidl_typesupport_c.dir/rosidl_typesupport_c/mavros_msgs/msg/state__type_support.cpp.o[0m
[2.708s] [ 45%] [32mBuilding CXX object CMakeFiles/mavros_msgs__rosidl_typesupport_c.dir/rosidl_typesupport_c/mavros_msgs/srv/set_mode__type_support.cpp.o[0m
[2.708s] [ 46%] [32mBuilding CXX object CMakeFiles/mavros_msgs__rosidl_typesupport_c.dir/rosidl_typesupport_c/mavros_msgs/srv/command_bool__type_support.cpp.o[0m
[2.721s] [ 48%] [32mBuilding CXX object CMakeFiles/mavros_msgs__rosidl_typesupport_introspection_cpp.dir/rosidl_typesupport_introspection_cpp/mavros_msgs/msg/detail/attitude_target__type_support.cpp.o[0m
[2.721s] [ 50%] [32mBuilding CXX object CMakeFiles/mavros_msgs__rosidl_typesupport_introspection_cpp.dir/rosidl_typesupport_introspection_cpp/mavros_msgs/srv/detail/set_mode__type_support.cpp.o[0m
[2.721s] [ 51%] [32mBuilding CXX object CMakeFiles/mavros_msgs__rosidl_typesupport_introspection_cpp.dir/rosidl_typesupport_introspection_cpp/mavros_msgs/msg/detail/state__type_support.cpp.o[0m
[2.721s] [ 53%] [32mBuilding CXX object CMakeFiles/mavros_msgs__rosidl_typesupport_introspection_cpp.dir/rosidl_typesupport_introspection_cpp/mavros_msgs/srv/detail/command_bool__type_support.cpp.o[0m
[2.734s] [ 57%] [32mBuilding C object CMakeFiles/mavros_msgs__rosidl_typesupport_introspection_c.dir/rosidl_typesupport_introspection_c/mavros_msgs/msg/detail/state__type_support.c.o[0m
[2.734s] [ 57%] [32mBuilding C object CMakeFiles/mavros_msgs__rosidl_typesupport_introspection_c.dir/rosidl_typesupport_introspection_c/mavros_msgs/msg/detail/attitude_target__type_support.c.o[0m
[2.734s] [ 57%] [32mBuilding C object CMakeFiles/mavros_msgs__rosidl_typesupport_introspection_c.dir/rosidl_typesupport_introspection_c/mavros_msgs/srv/detail/set_mode__type_support.c.o[0m
[2.734s] [ 59%] [32mBuilding C object CMakeFiles/mavros_msgs__rosidl_typesupport_introspection_c.dir/rosidl_typesupport_introspection_c/mavros_msgs/srv/detail/command_bool__type_support.c.o[0m
[2.737s] [ 60%] [32m[1mLinking CXX shared library libmavros_msgs__rosidl_typesupport_c.so[0m
[2.768s] [ 62%] [32m[1mLinking C shared library libmavros_msgs__rosidl_typesupport_introspection_c.so[0m
[2.771s] [ 62%] Built target mavros_msgs__rosidl_typesupport_c
[2.788s] [ 62%] Built target mavros_msgs__rosidl_typesupport_introspection_c
[2.793s] [ 65%] [32mBuilding CXX object CMakeFiles/mavros_msgs__rosidl_typesupport_fastrtps_cpp.dir/rosidl_typesupport_fastrtps_cpp/mavros_msgs/srv/detail/dds_fastrtps/set_mode__type_support.cpp.o[0m
[2.793s] [ 65%] [32mBuilding CXX object CMakeFiles/mavros_msgs__rosidl_typesupport_fastrtps_cpp.dir/rosidl_typesupport_fastrtps_cpp/mavros_msgs/srv/detail/dds_fastrtps/command_bool__type_support.cpp.o[0m
[2.793s] [ 68%] [32mBuilding CXX object CMakeFiles/mavros_msgs__rosidl_typesupport_fastrtps_cpp.dir/rosidl_typesupport_fastrtps_cpp/mavros_msgs/msg/detail/dds_fastrtps/state__type_support.cpp.o[0m
[2.793s] [ 68%] [32mBuilding CXX object CMakeFiles/mavros_msgs__rosidl_typesupport_fastrtps_cpp.dir/rosidl_typesupport_fastrtps_cpp/mavros_msgs/msg/detail/dds_fastrtps/attitude_target__type_support.cpp.o[0m
[2.804s] [ 71%] [32mBuilding CXX object CMakeFiles/mavros_msgs__rosidl_typesupport_fastrtps_c.dir/rosidl_typesupport_fastrtps_c/mavros_msgs/msg/detail/state__type_support_c.cpp.o[0m
[2.805s] [ 71%] [32mBuilding CXX object CMakeFiles/mavros_msgs__rosidl_typesupport_fastrtps_c.dir/rosidl_typesupport_fastrtps_c/mavros_msgs/srv/detail/set_mode__type_support_c.cpp.o[0m
[2.805s] [ 75%] [32mBuilding CXX object CMakeFiles/mavros_msgs__rosidl_typesupport_fastrtps_c.dir/rosidl_typesupport_fastrtps_c/mavros_msgs/msg/detail/attitude_target__type_support_c.cpp.o[0m
[2.805s] [ 75%] [32mBuilding CXX object CMakeFiles/mavros_msgs__rosidl_typesupport_fastrtps_c.dir/rosidl_typesupport_fastrtps_c/mavros_msgs/srv/detail/command_bool__type_support_c.cpp.o[0m
[2.939s] [ 76%] [32m[1mLinking CXX shared library libmavros_msgs__rosidl_typesupport_cpp.so[0m
[2.982s] [ 76%] Built target mavros_msgs__rosidl_typesupport_cpp
[3.002s] [ 78%] [32m[1mLinking CXX shared library libmavros_msgs__rosidl_typesupport_introspection_cpp.so[0m
[3.058s] [ 78%] Built target mavros_msgs__rosidl_typesupport_introspection_cpp
[3.105s] [ 79%] [32m[1mLinking CXX shared library libmavros_msgs__rosidl_typesupport_fastrtps_c.so[0m
[3.143s] [ 79%] Built target mavros_msgs__rosidl_typesupport_fastrtps_c
[3.158s] [ 81%] [32m[1mLinking CXX shared library libmavros_msgs__rosidl_typesupport_fastrtps_cpp.so[0m
[3.256s] [ 81%] Built target mavros_msgs__rosidl_typesupport_fastrtps_cpp
[3.270s] [ 81%] Built target mavros_msgs
[3.289s] [ 82%] [34m[1mGenerating Python code for ROS interfaces[0m
[4.246s] [ 82%] Built target mavros_msgs__py
[4.254s] [ 84%] [32mBuilding C object CMakeFiles/mavros_msgs__rosidl_generator_py.dir/rosidl_generator_py/mavros_msgs/msg/_attitude_target_s.c.o[0m
[4.254s] [ 85%] [32mBuilding C object CMakeFiles/mavros_msgs__rosidl_generator_py.dir/rosidl_generator_py/mavros_msgs/srv/_command_bool_s.c.o[0m
[4.254s] [ 87%] [32mBuilding C object CMakeFiles/mavros_msgs__rosidl_generator_py.dir/rosidl_generator_py/mavros_msgs/srv/_set_mode_s.c.o[0m
[4.255s] [ 89%] [32mBuilding C object CMakeFiles/mavros_msgs__rosidl_generator_py.dir/rosidl_generator_py/mavros_msgs/msg/_state_s.c.o[0m
[4.318s] [ 90%] [32m[1mLinking C shared library libmavros_msgs__rosidl_generator_py.so[0m
[4.341s] [ 90%] Built target mavros_msgs__rosidl_generator_py
[4.350s] [ 93%] [32mBuilding C object CMakeFiles/mavros_msgs_s__rosidl_typesupport_fastrtps_c.dir/rosidl_generator_py/mavros_msgs/_mavros_msgs_s.ep.rosidl_typesupport_fastrtps_c.c.o[0m
[4.350s] [ 93%] [32mBuilding C object CMakeFiles/mavros_msgs_s__rosidl_typesupport_introspection_c.dir/rosidl_generator_py/mavros_msgs/_mavros_msgs_s.ep.rosidl_typesupport_introspection_c.c.o[0m
[4.350s] [ 95%] [32mBuilding C object CMakeFiles/mavros_msgs_s__rosidl_typesupport_c.dir/rosidl_generator_py/mavros_msgs/_mavros_msgs_s.ep.rosidl_typesupport_c.c.o[0m
[4.404s] [ 96%] [32m[1mLinking C shared module rosidl_generator_py/mavros_msgs/mavros_msgs_s__rosidl_typesupport_introspection_c.so[0m
[4.404s] [ 98%] [32m[1mLinking C shared module rosidl_generator_py/mavros_msgs/mavros_msgs_s__rosidl_typesupport_fastrtps_c.so[0m
[4.405s] [100%] [32m[1mLinking C shared module rosidl_generator_py/mavros_msgs/mavros_msgs_s__rosidl_typesupport_c.so[0m
[4.417s] [100%] Built target mavros_msgs_s__rosidl_typesupport_fastrtps_c
[4.417s] [100%] Built target mavros_msgs_s__rosidl_typesupport_introspection_c
[4.418s] [100%] Built target mavros_msgs_s__rosidl_typesupport_c
[4.423s] Invoked command in '/home/zhr/YOPO-ROS2/build/mavros_msgs' returned '0': CMAKE_PREFIX_PATH=${CMAKE_PREFIX_PATH}:/opt/ros/jazzy DEBUGINFOD_URLS=https://debuginfod.ubuntu.com /usr/bin/cmake --build /home/zhr/YOPO-ROS2/build/mavros_msgs -- -j32 -l32
[4.424s] Invoking command in '/home/zhr/YOPO-ROS2/build/mavros_msgs': CMAKE_PREFIX_PATH=${CMAKE_PREFIX_PATH}:/opt/ros/jazzy DEBUGINFOD_URLS=https://debuginfod.ubuntu.com /usr/bin/cmake --install /home/zhr/YOPO-ROS2/build/mavros_msgs
[4.427s] -- Install configuration: ""
[4.427s] -- Installing: /home/zhr/YOPO-ROS2/install/mavros_msgs/share/ament_index/resource_index/rosidl_interfaces/mavros_msgs
[4.427s] -- Installing: /home/zhr/YOPO-ROS2/install/mavros_msgs/share/mavros_msgs/msg/AttitudeTarget.json
[4.427s] -- Installing: /home/zhr/YOPO-ROS2/install/mavros_msgs/share/mavros_msgs/msg/State.json
[4.427s] -- Installing: /home/zhr/YOPO-ROS2/install/mavros_msgs/share/mavros_msgs/srv/CommandBool.json
[4.427s] -- Installing: /home/zhr/YOPO-ROS2/install/mavros_msgs/share/mavros_msgs/srv/SetMode.json
[4.427s] -- Installing: /home/zhr/YOPO-ROS2/install/mavros_msgs/include/mavros_msgs/mavros_msgs
[4.427s] -- Installing: /home/zhr/YOPO-ROS2/install/mavros_msgs/include/mavros_msgs/mavros_msgs/msg
[4.427s] -- Installing: /home/zhr/YOPO-ROS2/install/mavros_msgs/include/mavros_msgs/mavros_msgs/msg/detail
[4.427s] -- Installing: /home/zhr/YOPO-ROS2/install/mavros_msgs/include/mavros_msgs/mavros_msgs/msg/detail/attitude_target__type_support.c
[4.427s] -- Installing: /home/zhr/YOPO-ROS2/install/mavros_msgs/include/mavros_msgs/mavros_msgs/msg/detail/state__functions.h
[4.427s] -- Installing: /home/zhr/YOPO-ROS2/install/mavros_msgs/include/mavros_msgs/mavros_msgs/msg/detail/state__functions.c
[4.427s] -- Installing: /home/zhr/YOPO-ROS2/install/mavros_msgs/include/mavros_msgs/mavros_msgs/msg/detail/attitude_target__description.c
[4.427s] -- Installing: /home/zhr/YOPO-ROS2/install/mavros_msgs/include/mavros_msgs/mavros_msgs/msg/detail/state__description.c
[4.427s] -- Installing: /home/zhr/YOPO-ROS2/install/mavros_msgs/include/mavros_msgs/mavros_msgs/msg/detail/attitude_target__struct.h
[4.428s] -- Installing: /home/zhr/YOPO-ROS2/install/mavros_msgs/include/mavros_msgs/mavros_msgs/msg/detail/state__type_support.c
[4.428s] -- Installing: /home/zhr/YOPO-ROS2/install/mavros_msgs/include/mavros_msgs/mavros_msgs/msg/detail/state__struct.h
[4.428s] -- Installing: /home/zhr/YOPO-ROS2/install/mavros_msgs/include/mavros_msgs/mavros_msgs/msg/detail/state__type_support.h
[4.428s] -- Installing: /home/zhr/YOPO-ROS2/install/mavros_msgs/include/mavros_msgs/mavros_msgs/msg/detail/attitude_target__functions.h
[4.428s] -- Installing: /home/zhr/YOPO-ROS2/install/mavros_msgs/include/mavros_msgs/mavros_msgs/msg/detail/attitude_target__type_support.h
[4.428s] -- Installing: /home/zhr/YOPO-ROS2/install/mavros_msgs/include/mavros_msgs/mavros_msgs/msg/detail/attitude_target__functions.c
[4.428s] -- Installing: /home/zhr/YOPO-ROS2/install/mavros_msgs/include/mavros_msgs/mavros_msgs/msg/attitude_target.h
[4.428s] -- Installing: /home/zhr/YOPO-ROS2/install/mavros_msgs/include/mavros_msgs/mavros_msgs/msg/state.h
[4.428s] -- Installing: /home/zhr/YOPO-ROS2/install/mavros_msgs/include/mavros_msgs/mavros_msgs/msg/rosidl_generator_c__visibility_control.h
[4.428s] -- Installing: /home/zhr/YOPO-ROS2/install/mavros_msgs/include/mavros_msgs/mavros_msgs/srv
[4.428s] -- Installing: /home/zhr/YOPO-ROS2/install/mavros_msgs/include/mavros_msgs/mavros_msgs/srv/detail
[4.428s] -- Installing: /home/zhr/YOPO-ROS2/install/mavros_msgs/include/mavros_msgs/mavros_msgs/srv/detail/set_mode__description.c
[4.428s] -- Installing: /home/zhr/YOPO-ROS2/install/mavros_msgs/include/mavros_msgs/mavros_msgs/srv/detail/set_mode__struct.h
[4.428s] -- Installing: /home/zhr/YOPO-ROS2/install/mavros_msgs/include/mavros_msgs/mavros_msgs/srv/detail/command_bool__functions.c
[4.428s] -- Installing: /home/zhr/YOPO-ROS2/install/mavros_msgs/include/mavros_msgs/mavros_msgs/srv/detail/set_mode__functions.h
[4.428s] -- Installing: /home/zhr/YOPO-ROS2/install/mavros_msgs/include/mavros_msgs/mavros_msgs/srv/detail/command_bool__type_support.c
[4.428s] -- Installing: /home/zhr/YOPO-ROS2/install/mavros_msgs/include/mavros_msgs/mavros_msgs/srv/detail/command_bool__type_support.h
[4.428s] -- Installing: /home/zhr/YOPO-ROS2/install/mavros_msgs/include/mavros_msgs/mavros_msgs/srv/detail/command_bool__struct.h
[4.428s] -- Installing: /home/zhr/YOPO-ROS2/install/mavros_msgs/include/mavros_msgs/mavros_msgs/srv/detail/set_mode__functions.c
[4.428s] -- Installing: /home/zhr/YOPO-ROS2/install/mavros_msgs/include/mavros_msgs/mavros_msgs/srv/detail/command_bool__description.c
[4.428s] -- Installing: /home/zhr/YOPO-ROS2/install/mavros_msgs/include/mavros_msgs/mavros_msgs/srv/detail/set_mode__type_support.h
[4.428s] -- Installing: /home/zhr/YOPO-ROS2/install/mavros_msgs/include/mavros_msgs/mavros_msgs/srv/detail/set_mode__type_support.c
[4.428s] -- Installing: /home/zhr/YOPO-ROS2/install/mavros_msgs/include/mavros_msgs/mavros_msgs/srv/detail/command_bool__functions.h
[4.428s] -- Installing: /home/zhr/YOPO-ROS2/install/mavros_msgs/include/mavros_msgs/mavros_msgs/srv/command_bool.h
[4.428s] -- Installing: /home/zhr/YOPO-ROS2/install/mavros_msgs/include/mavros_msgs/mavros_msgs/srv/set_mode.h
[4.428s] -- Installing: /home/zhr/YOPO-ROS2/install/mavros_msgs/share/mavros_msgs/environment/library_path.sh
[4.428s] -- Installing: /home/zhr/YOPO-ROS2/install/mavros_msgs/share/mavros_msgs/environment/library_path.dsv
[4.428s] -- Installing: /home/zhr/YOPO-ROS2/install/mavros_msgs/lib/libmavros_msgs__rosidl_generator_c.so
[4.429s] -- Set non-toolchain portion of runtime path of "/home/zhr/YOPO-ROS2/install/mavros_msgs/lib/libmavros_msgs__rosidl_generator_c.so" to ""
[4.429s] -- Up-to-date: /home/zhr/YOPO-ROS2/install/mavros_msgs/include/mavros_msgs/mavros_msgs
[4.429s] -- Up-to-date: /home/zhr/YOPO-ROS2/install/mavros_msgs/include/mavros_msgs/mavros_msgs/msg
[4.429s] -- Installing: /home/zhr/YOPO-ROS2/install/mavros_msgs/include/mavros_msgs/mavros_msgs/msg/rosidl_typesupport_fastrtps_c__visibility_control.h
[4.429s] -- Up-to-date: /home/zhr/YOPO-ROS2/install/mavros_msgs/include/mavros_msgs/mavros_msgs/msg/detail
[4.429s] -- Installing: /home/zhr/YOPO-ROS2/install/mavros_msgs/include/mavros_msgs/mavros_msgs/msg/detail/state__rosidl_typesupport_fastrtps_c.h
[4.429s] -- Installing: /home/zhr/YOPO-ROS2/install/mavros_msgs/include/mavros_msgs/mavros_msgs/msg/detail/attitude_target__rosidl_typesupport_fastrtps_c.h
[4.429s] -- Up-to-date: /home/zhr/YOPO-ROS2/install/mavros_msgs/include/mavros_msgs/mavros_msgs/srv
[4.429s] -- Up-to-date: /home/zhr/YOPO-ROS2/install/mavros_msgs/include/mavros_msgs/mavros_msgs/srv/detail
[4.429s] -- Installing: /home/zhr/YOPO-ROS2/install/mavros_msgs/include/mavros_msgs/mavros_msgs/srv/detail/command_bool__rosidl_typesupport_fastrtps_c.h
[4.429s] -- Installing: /home/zhr/YOPO-ROS2/install/mavros_msgs/include/mavros_msgs/mavros_msgs/srv/detail/set_mode__rosidl_typesupport_fastrtps_c.h
[4.429s] -- Installing: /home/zhr/YOPO-ROS2/install/mavros_msgs/lib/libmavros_msgs__rosidl_typesupport_fastrtps_c.so
[4.429s] -- Set non-toolchain portion of runtime path of "/home/zhr/YOPO-ROS2/install/mavros_msgs/lib/libmavros_msgs__rosidl_typesupport_fastrtps_c.so" to ""
[4.429s] -- Up-to-date: /home/zhr/YOPO-ROS2/install/mavros_msgs/include/mavros_msgs/mavros_msgs
[4.429s] -- Up-to-date: /home/zhr/YOPO-ROS2/install/mavros_msgs/include/mavros_msgs/mavros_msgs/msg
[4.429s] -- Installing: /home/zhr/YOPO-ROS2/install/mavros_msgs/include/mavros_msgs/mavros_msgs/msg/state.hpp
[4.429s] -- Up-to-date: /home/zhr/YOPO-ROS2/install/mavros_msgs/include/mavros_msgs/mavros_msgs/msg/detail
[4.429s] -- Installing: /home/zhr/YOPO-ROS2/install/mavros_msgs/include/mavros_msgs/mavros_msgs/msg/detail/attitude_target__builder.hpp
[4.429s] -- Installing: /home/zhr/YOPO-ROS2/install/mavros_msgs/include/mavros_msgs/mavros_msgs/msg/detail/state__struct.hpp
[4.429s] -- Installing: /home/zhr/YOPO-ROS2/install/mavros_msgs/include/mavros_msgs/mavros_msgs/msg/detail/state__traits.hpp
[4.429s] -- Installing: /home/zhr/YOPO-ROS2/install/mavros_msgs/include/mavros_msgs/mavros_msgs/msg/detail/state__type_support.hpp
[4.429s] -- Installing: /home/zhr/YOPO-ROS2/install/mavros_msgs/include/mavros_msgs/mavros_msgs/msg/detail/attitude_target__type_support.hpp
[4.429s] -- Installing: /home/zhr/YOPO-ROS2/install/mavros_msgs/include/mavros_msgs/mavros_msgs/msg/detail/state__builder.hpp
[4.429s] -- Installing: /home/zhr/YOPO-ROS2/install/mavros_msgs/include/mavros_msgs/mavros_msgs/msg/detail/attitude_target__struct.hpp
[4.429s] -- Installing: /home/zhr/YOPO-ROS2/install/mavros_msgs/include/mavros_msgs/mavros_msgs/msg/detail/attitude_target__traits.hpp
[4.430s] -- Installing: /home/zhr/YOPO-ROS2/install/mavros_msgs/include/mavros_msgs/mavros_msgs/msg/attitude_target.hpp
[4.430s] -- Installing: /home/zhr/YOPO-ROS2/install/mavros_msgs/include/mavros_msgs/mavros_msgs/msg/rosidl_generator_cpp__visibility_control.hpp
[4.430s] -- Up-to-date: /home/zhr/YOPO-ROS2/install/mavros_msgs/include/mavros_msgs/mavros_msgs/srv
[4.430s] -- Installing: /home/zhr/YOPO-ROS2/install/mavros_msgs/include/mavros_msgs/mavros_msgs/srv/set_mode.hpp
[4.430s] -- Installing: /home/zhr/YOPO-ROS2/install/mavros_msgs/include/mavros_msgs/mavros_msgs/srv/command_bool.hpp
[4.430s] -- Up-to-date: /home/zhr/YOPO-ROS2/install/mavros_msgs/include/mavros_msgs/mavros_msgs/srv/detail
[4.430s] -- Installing: /home/zhr/YOPO-ROS2/install/mavros_msgs/include/mavros_msgs/mavros_msgs/srv/detail/command_bool__struct.hpp
[4.430s] -- Installing: /home/zhr/YOPO-ROS2/install/mavros_msgs/include/mavros_msgs/mavros_msgs/srv/detail/set_mode__type_support.hpp
[4.430s] -- Installing: /home/zhr/YOPO-ROS2/install/mavros_msgs/include/mavros_msgs/mavros_msgs/srv/detail/set_mode__builder.hpp
[4.430s] -- Installing: /home/zhr/YOPO-ROS2/install/mavros_msgs/include/mavros_msgs/mavros_msgs/srv/detail/set_mode__struct.hpp
[4.430s] -- Installing: /home/zhr/YOPO-ROS2/install/mavros_msgs/include/mavros_msgs/mavros_msgs/srv/detail/set_mode__traits.hpp
[4.430s] -- Installing: /home/zhr/YOPO-ROS2/install/mavros_msgs/include/mavros_msgs/mavros_msgs/srv/detail/command_bool__builder.hpp
[4.430s] -- Installing: /home/zhr/YOPO-ROS2/install/mavros_msgs/include/mavros_msgs/mavros_msgs/srv/detail/command_bool__traits.hpp
[4.430s] -- Installing: /home/zhr/YOPO-ROS2/install/mavros_msgs/include/mavros_msgs/mavros_msgs/srv/detail/command_bool__type_support.hpp
[4.430s] -- Up-to-date: /home/zhr/YOPO-ROS2/install/mavros_msgs/include/mavros_msgs/mavros_msgs
[4.430s] -- Up-to-date: /home/zhr/YOPO-ROS2/install/mavros_msgs/include/mavros_msgs/mavros_msgs/msg
[4.430s] -- Up-to-date: /home/zhr/YOPO-ROS2/install/mavros_msgs/include/mavros_msgs/mavros_msgs/msg/detail
[4.430s] -- Installing: /home/zhr/YOPO-ROS2/install/mavros_msgs/include/mavros_msgs/mavros_msgs/msg/detail/dds_fastrtps
[4.430s] -- Installing: /home/zhr/YOPO-ROS2/install/mavros_msgs/include/mavros_msgs/mavros_msgs/msg/detail/state__rosidl_typesupport_fastrtps_cpp.hpp
[4.430s] -- Installing: /home/zhr/YOPO-ROS2/install/mavros_msgs/include/mavros_msgs/mavros_msgs/msg/detail/attitude_target__rosidl_typesupport_fastrtps_cpp.hpp
[4.430s] -- Installing: /home/zhr/YOPO-ROS2/install/mavros_msgs/include/mavros_msgs/mavros_msgs/msg/rosidl_typesupport_fastrtps_cpp__visibility_control.h
[4.430s] -- Up-to-date: /home/zhr/YOPO-ROS2/install/mavros_msgs/include/mavros_msgs/mavros_msgs/srv
[4.430s] -- Up-to-date: /home/zhr/YOPO-ROS2/install/mavros_msgs/include/mavros_msgs/mavros_msgs/srv/detail
[4.430s] -- Installing: /home/zhr/YOPO-ROS2/install/mavros_msgs/include/mavros_msgs/mavros_msgs/srv/detail/command_bool__rosidl_typesupport_fastrtps_cpp.hpp
[4.430s] -- Installing: /home/zhr/YOPO-ROS2/install/mavros_msgs/include/mavros_msgs/mavros_msgs/srv/detail/dds_fastrtps
[4.430s] -- Installing: /home/zhr/YOPO-ROS2/install/mavros_msgs/include/mavros_msgs/mavros_msgs/srv/detail/set_mode__rosidl_typesupport_fastrtps_cpp.hpp
[4.430s] -- Installing: /home/zhr/YOPO-ROS2/install/mavros_msgs/lib/libmavros_msgs__rosidl_typesupport_fastrtps_cpp.so
[4.430s] -- Set non-toolchain portion of runtime path of "/home/zhr/YOPO-ROS2/install/mavros_msgs/lib/libmavros_msgs__rosidl_typesupport_fastrtps_cpp.so" to ""
[4.431s] -- Up-to-date: /home/zhr/YOPO-ROS2/install/mavros_msgs/include/mavros_msgs/mavros_msgs
[4.431s] -- Up-to-date: /home/zhr/YOPO-ROS2/install/mavros_msgs/include/mavros_msgs/mavros_msgs/msg
[4.431s] -- Up-to-date: /home/zhr/YOPO-ROS2/install/mavros_msgs/include/mavros_msgs/mavros_msgs/msg/detail
[4.431s] -- Installing: /home/zhr/YOPO-ROS2/install/mavros_msgs/include/mavros_msgs/mavros_msgs/msg/detail/attitude_target__type_support.c
[4.431s] -- Installing: /home/zhr/YOPO-ROS2/install/mavros_msgs/include/mavros_msgs/mavros_msgs/msg/detail/state__rosidl_typesupport_introspection_c.h
[4.431s] -- Installing: /home/zhr/YOPO-ROS2/install/mavros_msgs/include/mavros_msgs/mavros_msgs/msg/detail/attitude_target__rosidl_typesupport_introspection_c.h
[4.431s] -- Installing: /home/zhr/YOPO-ROS2/install/mavros_msgs/include/mavros_msgs/mavros_msgs/msg/detail/state__type_support.c
[4.431s] -- Installing: /home/zhr/YOPO-ROS2/install/mavros_msgs/include/mavros_msgs/mavros_msgs/msg/rosidl_typesupport_introspection_c__visibility_control.h
[4.431s] -- Up-to-date: /home/zhr/YOPO-ROS2/install/mavros_msgs/include/mavros_msgs/mavros_msgs/srv
[4.431s] -- Up-to-date: /home/zhr/YOPO-ROS2/install/mavros_msgs/include/mavros_msgs/mavros_msgs/srv/detail
[4.431s] -- Installing: /home/zhr/YOPO-ROS2/install/mavros_msgs/include/mavros_msgs/mavros_msgs/srv/detail/command_bool__rosidl_typesupport_introspection_c.h
[4.431s] -- Installing: /home/zhr/YOPO-ROS2/install/mavros_msgs/include/mavros_msgs/mavros_msgs/srv/detail/command_bool__type_support.c
[4.431s] -- Installing: /home/zhr/YOPO-ROS2/install/mavros_msgs/include/mavros_msgs/mavros_msgs/srv/detail/set_mode__rosidl_typesupport_introspection_c.h
[4.431s] -- Installing: /home/zhr/YOPO-ROS2/install/mavros_msgs/include/mavros_msgs/mavros_msgs/srv/detail/set_mode__type_support.c
[4.431s] -- Installing: /home/zhr/YOPO-ROS2/install/mavros_msgs/lib/libmavros_msgs__rosidl_typesupport_introspection_c.so
[4.431s] -- Set non-toolchain portion of runtime path of "/home/zhr/YOPO-ROS2/install/mavros_msgs/lib/libmavros_msgs__rosidl_typesupport_introspection_c.so" to ""
[4.431s] -- Installing: /home/zhr/YOPO-ROS2/install/mavros_msgs/lib/libmavros_msgs__rosidl_typesupport_c.so
[4.431s] -- Set non-toolchain portion of runtime path of "/home/zhr/YOPO-ROS2/install/mavros_msgs/lib/libmavros_msgs__rosidl_typesupport_c.so" to ""
[4.431s] -- Up-to-date: /home/zhr/YOPO-ROS2/install/mavros_msgs/include/mavros_msgs/mavros_msgs
[4.431s] -- Up-to-date: /home/zhr/YOPO-ROS2/install/mavros_msgs/include/mavros_msgs/mavros_msgs/msg
[4.431s] -- Up-to-date: /home/zhr/YOPO-ROS2/install/mavros_msgs/include/mavros_msgs/mavros_msgs/msg/detail
[4.431s] -- Installing: /home/zhr/YOPO-ROS2/install/mavros_msgs/include/mavros_msgs/mavros_msgs/msg/detail/state__rosidl_typesupport_introspection_cpp.hpp
[4.431s] -- Installing: /home/zhr/YOPO-ROS2/install/mavros_msgs/include/mavros_msgs/mavros_msgs/msg/detail/state__type_support.cpp
[4.431s] -- Installing: /home/zhr/YOPO-ROS2/install/mavros_msgs/include/mavros_msgs/mavros_msgs/msg/detail/attitude_target__rosidl_typesupport_introspection_cpp.hpp
[4.431s] -- Installing: /home/zhr/YOPO-ROS2/install/mavros_msgs/include/mavros_msgs/mavros_msgs/msg/detail/attitude_target__type_support.cpp
[4.431s] -- Up-to-date: /home/zhr/YOPO-ROS2/install/mavros_msgs/include/mavros_msgs/mavros_msgs/srv
[4.431s] -- Up-to-date: /home/zhr/YOPO-ROS2/install/mavros_msgs/include/mavros_msgs/mavros_msgs/srv/detail
[4.431s] -- Installing: /home/zhr/YOPO-ROS2/install/mavros_msgs/include/mavros_msgs/mavros_msgs/srv/detail/command_bool__rosidl_typesupport_introspection_cpp.hpp
[4.431s] -- Installing: /home/zhr/YOPO-ROS2/install/mavros_msgs/include/mavros_msgs/mavros_msgs/srv/detail/set_mode__rosidl_typesupport_introspection_cpp.hpp
[4.431s] -- Installing: /home/zhr/YOPO-ROS2/install/mavros_msgs/include/mavros_msgs/mavros_msgs/srv/detail/set_mode__type_support.cpp
[4.432s] -- Installing: /home/zhr/YOPO-ROS2/install/mavros_msgs/include/mavros_msgs/mavros_msgs/srv/detail/command_bool__type_support.cpp
[4.432s] -- Installing: /home/zhr/YOPO-ROS2/install/mavros_msgs/lib/libmavros_msgs__rosidl_typesupport_introspection_cpp.so
[4.432s] -- Set non-toolchain portion of runtime path of "/home/zhr/YOPO-ROS2/install/mavros_msgs/lib/libmavros_msgs__rosidl_typesupport_introspection_cpp.so" to ""
[4.432s] -- Installing: /home/zhr/YOPO-ROS2/install/mavros_msgs/lib/libmavros_msgs__rosidl_typesupport_cpp.so
[4.432s] -- Set non-toolchain portion of runtime path of "/home/zhr/YOPO-ROS2/install/mavros_msgs/lib/libmavros_msgs__rosidl_typesupport_cpp.so" to ""
[4.432s] -- Installing: /home/zhr/YOPO-ROS2/install/mavros_msgs/share/mavros_msgs/environment/pythonpath.sh
[4.432s] -- Installing: /home/zhr/YOPO-ROS2/install/mavros_msgs/share/mavros_msgs/environment/pythonpath.dsv
[4.432s] -- Installing: /home/zhr/YOPO-ROS2/install/mavros_msgs/lib/python3.12/site-packages/mavros_msgs-1.16.0-py3.12.egg-info
[4.432s] -- Installing: /home/zhr/YOPO-ROS2/install/mavros_msgs/lib/python3.12/site-packages/mavros_msgs-1.16.0-py3.12.egg-info/PKG-INFO
[4.432s] -- Installing: /home/zhr/YOPO-ROS2/install/mavros_msgs/lib/python3.12/site-packages/mavros_msgs-1.16.0-py3.12.egg-info/top_level.txt
[4.432s] -- Installing: /home/zhr/YOPO-ROS2/install/mavros_msgs/lib/python3.12/site-packages/mavros_msgs-1.16.0-py3.12.egg-info/SOURCES.txt
[4.432s] -- Installing: /home/zhr/YOPO-ROS2/install/mavros_msgs/lib/python3.12/site-packages/mavros_msgs-1.16.0-py3.12.egg-info/dependency_links.txt
[4.432s] -- Installing: /home/zhr/YOPO-ROS2/install/mavros_msgs/lib/python3.12/site-packages/mavros_msgs
[4.432s] -- Installing: /home/zhr/YOPO-ROS2/install/mavros_msgs/lib/python3.12/site-packages/mavros_msgs/mavros_msgs_s__rosidl_typesupport_c.so
[4.432s] -- Installing: /home/zhr/YOPO-ROS2/install/mavros_msgs/lib/python3.12/site-packages/mavros_msgs/msg
[4.432s] -- Installing: /home/zhr/YOPO-ROS2/install/mavros_msgs/lib/python3.12/site-packages/mavros_msgs/msg/_attitude_target.py
[4.432s] -- Installing: /home/zhr/YOPO-ROS2/install/mavros_msgs/lib/python3.12/site-packages/mavros_msgs/msg/__init__.py
[4.432s] -- Installing: /home/zhr/YOPO-ROS2/install/mavros_msgs/lib/python3.12/site-packages/mavros_msgs/msg/_state.py
[4.432s] -- Installing: /home/zhr/YOPO-ROS2/install/mavros_msgs/lib/python3.12/site-packages/mavros_msgs/msg/_attitude_target_s.c
[4.432s] -- Installing: /home/zhr/YOPO-ROS2/install/mavros_msgs/lib/python3.12/site-packages/mavros_msgs/msg/_state_s.c
[4.432s] -- Installing: /home/zhr/YOPO-ROS2/install/mavros_msgs/lib/python3.12/site-packages/mavros_msgs/__init__.py
[4.432s] -- Installing: /home/zhr/YOPO-ROS2/install/mavros_msgs/lib/python3.12/site-packages/mavros_msgs/srv
[4.433s] -- Installing: /home/zhr/YOPO-ROS2/install/mavros_msgs/lib/python3.12/site-packages/mavros_msgs/srv/_command_bool.py
[4.433s] -- Installing: /home/zhr/YOPO-ROS2/install/mavros_msgs/lib/python3.12/site-packages/mavros_msgs/srv/__init__.py
[4.433s] -- Installing: /home/zhr/YOPO-ROS2/install/mavros_msgs/lib/python3.12/site-packages/mavros_msgs/srv/_command_bool_s.c
[4.433s] -- Installing: /home/zhr/YOPO-ROS2/install/mavros_msgs/lib/python3.12/site-packages/mavros_msgs/srv/_set_mode.py
[4.433s] -- Installing: /home/zhr/YOPO-ROS2/install/mavros_msgs/lib/python3.12/site-packages/mavros_msgs/srv/_set_mode_s.c
[4.433s] -- Installing: /home/zhr/YOPO-ROS2/install/mavros_msgs/lib/python3.12/site-packages/mavros_msgs/_mavros_msgs_s.ep.rosidl_typesupport_introspection_c.c
[4.433s] -- Installing: /home/zhr/YOPO-ROS2/install/mavros_msgs/lib/python3.12/site-packages/mavros_msgs/mavros_msgs_s__rosidl_typesupport_fastrtps_c.so
[4.433s] -- Installing: /home/zhr/YOPO-ROS2/install/mavros_msgs/lib/python3.12/site-packages/mavros_msgs/_mavros_msgs_s.ep.rosidl_typesupport_fastrtps_c.c
[4.433s] -- Installing: /home/zhr/YOPO-ROS2/install/mavros_msgs/lib/python3.12/site-packages/mavros_msgs/mavros_msgs_s__rosidl_typesupport_introspection_c.so
[4.433s] -- Installing: /home/zhr/YOPO-ROS2/install/mavros_msgs/lib/python3.12/site-packages/mavros_msgs/_mavros_msgs_s.ep.rosidl_typesupport_c.c
[4.458s] Listing '/home/zhr/YOPO-ROS2/install/mavros_msgs/lib/python3.12/site-packages/mavros_msgs'...
[4.458s] Compiling '/home/zhr/YOPO-ROS2/install/mavros_msgs/lib/python3.12/site-packages/mavros_msgs/__init__.py'...
[4.458s] Listing '/home/zhr/YOPO-ROS2/install/mavros_msgs/lib/python3.12/site-packages/mavros_msgs/msg'...
[4.458s] Compiling '/home/zhr/YOPO-ROS2/install/mavros_msgs/lib/python3.12/site-packages/mavros_msgs/msg/__init__.py'...
[4.458s] Compiling '/home/zhr/YOPO-ROS2/install/mavros_msgs/lib/python3.12/site-packages/mavros_msgs/msg/_attitude_target.py'...
[4.458s] Compiling '/home/zhr/YOPO-ROS2/install/mavros_msgs/lib/python3.12/site-packages/mavros_msgs/msg/_state.py'...
[4.458s] Listing '/home/zhr/YOPO-ROS2/install/mavros_msgs/lib/python3.12/site-packages/mavros_msgs/srv'...
[4.458s] Compiling '/home/zhr/YOPO-ROS2/install/mavros_msgs/lib/python3.12/site-packages/mavros_msgs/srv/__init__.py'...
[4.458s] Compiling '/home/zhr/YOPO-ROS2/install/mavros_msgs/lib/python3.12/site-packages/mavros_msgs/srv/_command_bool.py'...
[4.458s] Compiling '/home/zhr/YOPO-ROS2/install/mavros_msgs/lib/python3.12/site-packages/mavros_msgs/srv/_set_mode.py'...
[4.462s] -- Installing: /home/zhr/YOPO-ROS2/install/mavros_msgs/lib/python3.12/site-packages/mavros_msgs/mavros_msgs_s__rosidl_typesupport_fastrtps_c.so
[4.462s] -- Set non-toolchain portion of runtime path of "/home/zhr/YOPO-ROS2/install/mavros_msgs/lib/python3.12/site-packages/mavros_msgs/mavros_msgs_s__rosidl_typesupport_fastrtps_c.so" to ""
[4.462s] -- Installing: /home/zhr/YOPO-ROS2/install/mavros_msgs/lib/python3.12/site-packages/mavros_msgs/mavros_msgs_s__rosidl_typesupport_introspection_c.so
[4.462s] -- Set non-toolchain portion of runtime path of "/home/zhr/YOPO-ROS2/install/mavros_msgs/lib/python3.12/site-packages/mavros_msgs/mavros_msgs_s__rosidl_typesupport_introspection_c.so" to ""
[4.462s] -- Installing: /home/zhr/YOPO-ROS2/install/mavros_msgs/lib/python3.12/site-packages/mavros_msgs/mavros_msgs_s__rosidl_typesupport_c.so
[4.462s] -- Set non-toolchain portion of runtime path of "/home/zhr/YOPO-ROS2/install/mavros_msgs/lib/python3.12/site-packages/mavros_msgs/mavros_msgs_s__rosidl_typesupport_c.so" to ""
[4.462s] -- Installing: /home/zhr/YOPO-ROS2/install/mavros_msgs/lib/libmavros_msgs__rosidl_generator_py.so
[4.462s] -- Set non-toolchain portion of runtime path of "/home/zhr/YOPO-ROS2/install/mavros_msgs/lib/libmavros_msgs__rosidl_generator_py.so" to ""
[4.462s] -- Installing: /home/zhr/YOPO-ROS2/install/mavros_msgs/share/mavros_msgs/msg/AttitudeTarget.idl
[4.462s] -- Installing: /home/zhr/YOPO-ROS2/install/mavros_msgs/share/mavros_msgs/msg/State.idl
[4.463s] -- Installing: /home/zhr/YOPO-ROS2/install/mavros_msgs/share/mavros_msgs/srv/CommandBool.idl
[4.463s] -- Installing: /home/zhr/YOPO-ROS2/install/mavros_msgs/share/mavros_msgs/srv/SetMode.idl
[4.463s] -- Installing: /home/zhr/YOPO-ROS2/install/mavros_msgs/share/mavros_msgs/msg/AttitudeTarget.msg
[4.463s] -- Installing: /home/zhr/YOPO-ROS2/install/mavros_msgs/share/mavros_msgs/msg/State.msg
[4.463s] -- Installing: /home/zhr/YOPO-ROS2/install/mavros_msgs/share/mavros_msgs/srv/CommandBool.srv
[4.463s] -- Installing: /home/zhr/YOPO-ROS2/install/mavros_msgs/share/mavros_msgs/srv/SetMode.srv
[4.463s] -- Installing: /home/zhr/YOPO-ROS2/install/mavros_msgs/share/ament_index/resource_index/package_run_dependencies/mavros_msgs
[4.463s] -- Installing: /home/zhr/YOPO-ROS2/install/mavros_msgs/share/ament_index/resource_index/parent_prefix_path/mavros_msgs
[4.463s] -- Installing: /home/zhr/YOPO-ROS2/install/mavros_msgs/share/mavros_msgs/environment/ament_prefix_path.sh
[4.463s] -- Installing: /home/zhr/YOPO-ROS2/install/mavros_msgs/share/mavros_msgs/environment/ament_prefix_path.dsv
[4.463s] -- Installing: /home/zhr/YOPO-ROS2/install/mavros_msgs/share/mavros_msgs/environment/path.sh
[4.463s] -- Installing: /home/zhr/YOPO-ROS2/install/mavros_msgs/share/mavros_msgs/environment/path.dsv
[4.463s] -- Installing: /home/zhr/YOPO-ROS2/install/mavros_msgs/share/mavros_msgs/local_setup.bash
[4.463s] -- Installing: /home/zhr/YOPO-ROS2/install/mavros_msgs/share/mavros_msgs/local_setup.sh
[4.463s] -- Installing: /home/zhr/YOPO-ROS2/install/mavros_msgs/share/mavros_msgs/local_setup.zsh
[4.463s] -- Installing: /home/zhr/YOPO-ROS2/install/mavros_msgs/share/mavros_msgs/local_setup.dsv
[4.463s] -- Installing: /home/zhr/YOPO-ROS2/install/mavros_msgs/share/mavros_msgs/package.dsv
[4.463s] -- Installing: /home/zhr/YOPO-ROS2/install/mavros_msgs/share/ament_index/resource_index/packages/mavros_msgs
[4.463s] -- Installing: /home/zhr/YOPO-ROS2/install/mavros_msgs/share/mavros_msgs/cmake/export_mavros_msgs__rosidl_generator_cExport.cmake
[4.463s] -- Installing: /home/zhr/YOPO-ROS2/install/mavros_msgs/share/mavros_msgs/cmake/export_mavros_msgs__rosidl_generator_cExport-noconfig.cmake
[4.463s] -- Installing: /home/zhr/YOPO-ROS2/install/mavros_msgs/share/mavros_msgs/cmake/export_mavros_msgs__rosidl_typesupport_fastrtps_cExport.cmake
[4.464s] -- Installing: /home/zhr/YOPO-ROS2/install/mavros_msgs/share/mavros_msgs/cmake/export_mavros_msgs__rosidl_typesupport_fastrtps_cExport-noconfig.cmake
[4.464s] -- Installing: /home/zhr/YOPO-ROS2/install/mavros_msgs/share/mavros_msgs/cmake/export_mavros_msgs__rosidl_generator_cppExport.cmake
[4.464s] -- Installing: /home/zhr/YOPO-ROS2/install/mavros_msgs/share/mavros_msgs/cmake/export_mavros_msgs__rosidl_typesupport_fastrtps_cppExport.cmake
[4.464s] -- Installing: /home/zhr/YOPO-ROS2/install/mavros_msgs/share/mavros_msgs/cmake/export_mavros_msgs__rosidl_typesupport_fastrtps_cppExport-noconfig.cmake
[4.464s] -- Installing: /home/zhr/YOPO-ROS2/install/mavros_msgs/share/mavros_msgs/cmake/mavros_msgs__rosidl_typesupport_introspection_cExport.cmake
[4.464s] -- Installing: /home/zhr/YOPO-ROS2/install/mavros_msgs/share/mavros_msgs/cmake/mavros_msgs__rosidl_typesupport_introspection_cExport-noconfig.cmake
[4.464s] -- Installing: /home/zhr/YOPO-ROS2/install/mavros_msgs/share/mavros_msgs/cmake/mavros_msgs__rosidl_typesupport_cExport.cmake
[4.464s] -- Installing: /home/zhr/YOPO-ROS2/install/mavros_msgs/share/mavros_msgs/cmake/mavros_msgs__rosidl_typesupport_cExport-noconfig.cmake
[4.464s] -- Installing: /home/zhr/YOPO-ROS2/install/mavros_msgs/share/mavros_msgs/cmake/mavros_msgs__rosidl_typesupport_introspection_cppExport.cmake
[4.464s] -- Installing: /home/zhr/YOPO-ROS2/install/mavros_msgs/share/mavros_msgs/cmake/mavros_msgs__rosidl_typesupport_introspection_cppExport-noconfig.cmake
[4.464s] -- Installing: /home/zhr/YOPO-ROS2/install/mavros_msgs/share/mavros_msgs/cmake/mavros_msgs__rosidl_typesupport_cppExport.cmake
[4.464s] -- Installing: /home/zhr/YOPO-ROS2/install/mavros_msgs/share/mavros_msgs/cmake/mavros_msgs__rosidl_typesupport_cppExport-noconfig.cmake
[4.464s] -- Installing: /home/zhr/YOPO-ROS2/install/mavros_msgs/share/mavros_msgs/cmake/export_mavros_msgs__rosidl_generator_pyExport.cmake
[4.464s] -- Installing: /home/zhr/YOPO-ROS2/install/mavros_msgs/share/mavros_msgs/cmake/export_mavros_msgs__rosidl_generator_pyExport-noconfig.cmake
[4.464s] -- Installing: /home/zhr/YOPO-ROS2/install/mavros_msgs/share/mavros_msgs/cmake/rosidl_cmake-extras.cmake
[4.464s] -- Installing: /home/zhr/YOPO-ROS2/install/mavros_msgs/share/mavros_msgs/cmake/ament_cmake_export_dependencies-extras.cmake
[4.464s] -- Installing: /home/zhr/YOPO-ROS2/install/mavros_msgs/share/mavros_msgs/cmake/ament_cmake_export_include_directories-extras.cmake
[4.464s] -- Installing: /home/zhr/YOPO-ROS2/install/mavros_msgs/share/mavros_msgs/cmake/ament_cmake_export_libraries-extras.cmake
[4.465s] -- Installing: /home/zhr/YOPO-ROS2/install/mavros_msgs/share/mavros_msgs/cmake/ament_cmake_export_targets-extras.cmake
[4.465s] -- Installing: /home/zhr/YOPO-ROS2/install/mavros_msgs/share/mavros_msgs/cmake/rosidl_cmake_export_typesupport_targets-extras.cmake
[4.465s] -- Installing: /home/zhr/YOPO-ROS2/install/mavros_msgs/share/mavros_msgs/cmake/rosidl_cmake_export_typesupport_libraries-extras.cmake
[4.465s] -- Installing: /home/zhr/YOPO-ROS2/install/mavros_msgs/share/mavros_msgs/cmake/mavros_msgsConfig.cmake
[4.465s] -- Installing: /home/zhr/YOPO-ROS2/install/mavros_msgs/share/mavros_msgs/cmake/mavros_msgsConfig-version.cmake
[4.465s] -- Installing: /home/zhr/YOPO-ROS2/install/mavros_msgs/share/mavros_msgs/package.xml
[4.466s] Invoked command in '/home/zhr/YOPO-ROS2/build/mavros_msgs' returned '0': CMAKE_PREFIX_PATH=${CMAKE_PREFIX_PATH}:/opt/ros/jazzy DEBUGINFOD_URLS=https://debuginfod.ubuntu.com /usr/bin/cmake --install /home/zhr/YOPO-ROS2/build/mavros_msgs
