[0.007s] Invoking command in '/home/zhr/YOPO-ROS2/Controller/build/cmake_utils': CMAKE_PREFIX_PATH=${CMAKE_PREFIX_PATH}:/opt/ros/jazzy DEBUGINFOD_URLS=https://debuginfod.ubuntu.com /usr/bin/cmake /home/zhr/YOPO-ROS2/Controller/src/utils/cmake_utils -DCMAKE_INSTALL_PREFIX=/home/zhr/YOPO-ROS2/Controller/install/cmake_utils
[0.014s] -- Found ament_cmake: 2.5.5 (/opt/ros/jazzy/share/ament_cmake/cmake)
[0.122s] -- Override CMake install command with custom implementation using symlinks instead of copying resources
[0.173s] -- Configuring done (0.2s)
[0.174s] -- Generating done (0.0s)
[0.175s] -- Build files have been written to: /home/zhr/YOPO-ROS2/Controller/build/cmake_utils
[0.177s] Invoked command in '/home/zhr/YOPO-ROS2/Controller/build/cmake_utils' returned '0': CMAKE_PREFIX_PATH=${CMAKE_PREFIX_PATH}:/opt/ros/jazzy DEBUGINFOD_URLS=https://debuginfod.ubuntu.com /usr/bin/cmake /home/zhr/YOPO-ROS2/Controller/src/utils/cmake_utils -DCMAKE_INSTALL_PREFIX=/home/zhr/YOPO-ROS2/Controller/install/cmake_utils
[0.178s] Invoking command in '/home/zhr/YOPO-ROS2/Controller/build/cmake_utils': CMAKE_PREFIX_PATH=${CMAKE_PREFIX_PATH}:/opt/ros/jazzy DEBUGINFOD_URLS=https://debuginfod.ubuntu.com /usr/bin/cmake --build /home/zhr/YOPO-ROS2/Controller/build/cmake_utils -- -j32 -l32
[0.195s] Invoked command in '/home/zhr/YOPO-ROS2/Controller/build/cmake_utils' returned '0': CMAKE_PREFIX_PATH=${CMAKE_PREFIX_PATH}:/opt/ros/jazzy DEBUGINFOD_URLS=https://debuginfod.ubuntu.com /usr/bin/cmake --build /home/zhr/YOPO-ROS2/Controller/build/cmake_utils -- -j32 -l32
[0.200s] Invoking command in '/home/zhr/YOPO-ROS2/Controller/build/cmake_utils': CMAKE_PREFIX_PATH=${CMAKE_PREFIX_PATH}:/opt/ros/jazzy DEBUGINFOD_URLS=https://debuginfod.ubuntu.com /usr/bin/cmake --install /home/zhr/YOPO-ROS2/Controller/build/cmake_utils
[0.204s] -- Install configuration: ""
[0.204s] -- Execute custom install script
[0.204s] -- Up-to-date symlink: /home/zhr/YOPO-ROS2/Controller/install/cmake_utils/share/ament_index/resource_index/package_run_dependencies/cmake_utils
[0.204s] -- Up-to-date symlink: /home/zhr/YOPO-ROS2/Controller/install/cmake_utils/share/ament_index/resource_index/parent_prefix_path/cmake_utils
[0.204s] -- Up-to-date symlink: /home/zhr/YOPO-ROS2/Controller/install/cmake_utils/share/cmake_utils/environment/ament_prefix_path.sh
[0.204s] -- Up-to-date symlink: /home/zhr/YOPO-ROS2/Controller/install/cmake_utils/share/cmake_utils/environment/ament_prefix_path.dsv
[0.205s] -- Up-to-date symlink: /home/zhr/YOPO-ROS2/Controller/install/cmake_utils/share/cmake_utils/environment/path.sh
[0.205s] -- Up-to-date symlink: /home/zhr/YOPO-ROS2/Controller/install/cmake_utils/share/cmake_utils/environment/path.dsv
[0.205s] -- Up-to-date symlink: /home/zhr/YOPO-ROS2/Controller/install/cmake_utils/share/cmake_utils/local_setup.bash
[0.205s] -- Up-to-date symlink: /home/zhr/YOPO-ROS2/Controller/install/cmake_utils/share/cmake_utils/local_setup.sh
[0.205s] -- Up-to-date symlink: /home/zhr/YOPO-ROS2/Controller/install/cmake_utils/share/cmake_utils/local_setup.zsh
[0.205s] -- Up-to-date symlink: /home/zhr/YOPO-ROS2/Controller/install/cmake_utils/share/cmake_utils/local_setup.dsv
[0.205s] -- Symlinking: /home/zhr/YOPO-ROS2/Controller/install/cmake_utils/share/cmake_utils/package.dsv
[0.211s] -- Up-to-date symlink: /home/zhr/YOPO-ROS2/Controller/install/cmake_utils/share/ament_index/resource_index/packages/cmake_utils
[0.211s] -- Up-to-date symlink: /home/zhr/YOPO-ROS2/Controller/install/cmake_utils/share/cmake_utils/cmake/arch.cmake
[0.211s] -- Up-to-date symlink: /home/zhr/YOPO-ROS2/Controller/install/cmake_utils/share/cmake_utils/cmake/cmake_modules.cmake
[0.211s] -- Up-to-date symlink: /home/zhr/YOPO-ROS2/Controller/install/cmake_utils/share/cmake_utils/cmake/color.cmake
[0.211s] -- Up-to-date symlink: /home/zhr/YOPO-ROS2/Controller/install/cmake_utils/share/cmake_utils/cmake/cmake_utilsConfig.cmake
[0.211s] -- Up-to-date symlink: /home/zhr/YOPO-ROS2/Controller/install/cmake_utils/share/cmake_utils/cmake/cmake_utilsConfig-version.cmake
[0.211s] -- Up-to-date symlink: /home/zhr/YOPO-ROS2/Controller/install/cmake_utils/share/cmake_utils/package.xml
[0.211s] -- Up-to-date symlink: /home/zhr/YOPO-ROS2/Controller/install/cmake_utils/share/cmake_utils/cmake/arch.cmake
[0.211s] -- Up-to-date symlink: /home/zhr/YOPO-ROS2/Controller/install/cmake_utils/share/cmake_utils/cmake/cmake_modules.cmake
[0.211s] -- Up-to-date symlink: /home/zhr/YOPO-ROS2/Controller/install/cmake_utils/share/cmake_utils/cmake/color.cmake
[0.213s] Invoked command in '/home/zhr/YOPO-ROS2/Controller/build/cmake_utils' returned '0': CMAKE_PREFIX_PATH=${CMAKE_PREFIX_PATH}:/opt/ros/jazzy DEBUGINFOD_URLS=https://debuginfod.ubuntu.com /usr/bin/cmake --install /home/zhr/YOPO-ROS2/Controller/build/cmake_utils
