[0.007s] Invoking command in '/home/zhr/YOPO-ROS2/Controller/build/cmake_utils': CMAKE_PREFIX_PATH=${CMAKE_PREFIX_PATH}:/opt/ros/jazzy DEBUGINFOD_URLS=https://debuginfod.ubuntu.com /usr/bin/cmake --build /home/zhr/YOPO-ROS2/Controller/build/cmake_utils -- -j32 -l32
[0.028s] Invoked command in '/home/zhr/YOPO-ROS2/Controller/build/cmake_utils' returned '0': CMAKE_PREFIX_PATH=${CMAKE_PREFIX_PATH}:/opt/ros/jazzy DEBUGINFOD_URLS=https://debuginfod.ubuntu.com /usr/bin/cmake --build /home/zhr/YOPO-ROS2/Controller/build/cmake_utils -- -j32 -l32
[0.033s] Invoking command in '/home/zhr/YOPO-ROS2/Controller/build/cmake_utils': CMAKE_PREFIX_PATH=${CMAKE_PREFIX_PATH}:/opt/ros/jazzy DEBUGINFOD_URLS=https://debuginfod.ubuntu.com /usr/bin/cmake --install /home/zhr/YOPO-ROS2/Controller/build/cmake_utils
[0.036s] -- Install configuration: ""
[0.036s] -- Execute custom install script
[0.036s] -- Up-to-date symlink: /home/zhr/YOPO-ROS2/Controller/install/cmake_utils/share/ament_index/resource_index/package_run_dependencies/cmake_utils
[0.036s] -- Up-to-date symlink: /home/zhr/YOPO-ROS2/Controller/install/cmake_utils/share/ament_index/resource_index/parent_prefix_path/cmake_utils
[0.036s] -- Up-to-date symlink: /home/zhr/YOPO-ROS2/Controller/install/cmake_utils/share/cmake_utils/environment/ament_prefix_path.sh
[0.036s] -- Up-to-date symlink: /home/zhr/YOPO-ROS2/Controller/install/cmake_utils/share/cmake_utils/environment/ament_prefix_path.dsv
[0.036s] -- Up-to-date symlink: /home/zhr/YOPO-ROS2/Controller/install/cmake_utils/share/cmake_utils/environment/path.sh
[0.036s] -- Up-to-date symlink: /home/zhr/YOPO-ROS2/Controller/install/cmake_utils/share/cmake_utils/environment/path.dsv
[0.036s] -- Up-to-date symlink: /home/zhr/YOPO-ROS2/Controller/install/cmake_utils/share/cmake_utils/local_setup.bash
[0.036s] -- Up-to-date symlink: /home/zhr/YOPO-ROS2/Controller/install/cmake_utils/share/cmake_utils/local_setup.sh
[0.037s] -- Up-to-date symlink: /home/zhr/YOPO-ROS2/Controller/install/cmake_utils/share/cmake_utils/local_setup.zsh
[0.037s] -- Up-to-date symlink: /home/zhr/YOPO-ROS2/Controller/install/cmake_utils/share/cmake_utils/local_setup.dsv
[0.037s] -- Symlinking: /home/zhr/YOPO-ROS2/Controller/install/cmake_utils/share/cmake_utils/package.dsv
[0.040s] -- Up-to-date symlink: /home/zhr/YOPO-ROS2/Controller/install/cmake_utils/share/ament_index/resource_index/packages/cmake_utils
[0.041s] -- Up-to-date symlink: /home/zhr/YOPO-ROS2/Controller/install/cmake_utils/share/cmake_utils/cmake/arch.cmake
[0.041s] -- Up-to-date symlink: /home/zhr/YOPO-ROS2/Controller/install/cmake_utils/share/cmake_utils/cmake/cmake_modules.cmake
[0.041s] -- Up-to-date symlink: /home/zhr/YOPO-ROS2/Controller/install/cmake_utils/share/cmake_utils/cmake/color.cmake
[0.041s] -- Up-to-date symlink: /home/zhr/YOPO-ROS2/Controller/install/cmake_utils/share/cmake_utils/cmake/cmake_utilsConfig.cmake
[0.041s] -- Up-to-date symlink: /home/zhr/YOPO-ROS2/Controller/install/cmake_utils/share/cmake_utils/cmake/cmake_utilsConfig-version.cmake
[0.041s] -- Up-to-date symlink: /home/zhr/YOPO-ROS2/Controller/install/cmake_utils/share/cmake_utils/package.xml
[0.041s] -- Up-to-date symlink: /home/zhr/YOPO-ROS2/Controller/install/cmake_utils/share/cmake_utils/cmake/arch.cmake
[0.041s] -- Up-to-date symlink: /home/zhr/YOPO-ROS2/Controller/install/cmake_utils/share/cmake_utils/cmake/cmake_modules.cmake
[0.041s] -- Up-to-date symlink: /home/zhr/YOPO-ROS2/Controller/install/cmake_utils/share/cmake_utils/cmake/color.cmake
[0.043s] Invoked command in '/home/zhr/YOPO-ROS2/Controller/build/cmake_utils' returned '0': CMAKE_PREFIX_PATH=${CMAKE_PREFIX_PATH}:/opt/ros/jazzy DEBUGINFOD_URLS=https://debuginfod.ubuntu.com /usr/bin/cmake --install /home/zhr/YOPO-ROS2/Controller/build/cmake_utils
